(2026-08-21T16:01:23.581060960) (2026-08-21T16:01:23.581424085) [Msg] Gazebo Sim Server v8.10.0
(2026-08-21T16:01:23.586053002) (2026-08-21T16:01:23.587129543) [Msg] Setting seed value: 7319
(2026-08-21T16:01:23.758559585) (2026-08-21T16:01:23.758838877) [Msg] Loading SDF world file[/opt/vrx_ws/install/share/vrx_gz/worlds/sydney_regatta.sdf].
(2026-08-21T16:01:24.660348002) (2026-08-21T16:01:24.660513210) [Msg] Serving entity system service on [/entity/system/add]
(2026-08-21T16:01:25.345478669) (2026-08-21T16:01:25.345633419) [Dbg] [Physics.cc:899] Loaded [gz::physics::dartsim::Plugin] from library [/opt/ros/jazzy/opt/gz_physics_vendor/lib/gz-physics-7/engine-plugins/libgz-physics-dartsim-plugin.so]
(2026-08-21T16:01:25.346516419) (2026-08-21T16:01:25.346625252) [Dbg] [SystemManager.cc:80] Loaded system [gz::sim::systems::Physics] for entity [1]
(2026-08-21T16:01:25.359173586) (2026-08-21T16:01:25.359333586) [Msg] Create service on [/world/sydney_regatta/create_multiple] (async)
(2026-08-21T16:01:25.359630544) (2026-08-21T16:01:25.359701502) [Msg] Create service on [/world/sydney_regatta/create_multiple/blocking] (blocking)
(2026-08-21T16:01:25.360572252) (2026-08-21T16:01:25.360773377) [Msg] Remove service on [/world/sydney_regatta/remove] (async)
(2026-08-21T16:01:25.361195461) (2026-08-21T16:01:25.361321544) [Msg] Remove service on [/world/sydney_regatta/remove/blocking] (blocking)
(2026-08-21T16:01:25.362365669) (2026-08-21T16:01:25.362495919) [Msg] Pose service on [/world/sydney_regatta/set_pose] (async)
(2026-08-21T16:01:25.363174127) (2026-08-21T16:01:25.363289752) [Msg] Pose service on [/world/sydney_regatta/set_pose/blocking] (blocking)
(2026-08-21T16:01:25.364203836) (2026-08-21T16:01:25.364333211) [Msg] Pose service on [/world/sydney_regatta/set_pose_vector] (async)
(2026-08-21T16:01:25.364705502) (2026-08-21T16:01:25.364821961) [Msg] Pose service on [/world/sydney_regatta/set_pose_vector/blocking] (blocking)
(2026-08-21T16:01:25.365939419) (2026-08-21T16:01:25.366062252) [Msg] Light configuration service on [/world/sydney_regatta/light_config] (async)
(2026-08-21T16:01:25.366382711) (2026-08-21T16:01:25.366483294) [Msg] Light configuration service on [/world/sydney_regatta/light_config/blocking] (blocking)
(2026-08-21T16:01:25.369446669) (2026-08-21T16:01:25.369574336) [Msg] Physics service on [/world/sydney_regatta/set_physics] (async)
(2026-08-21T16:01:25.369915752) (2026-08-21T16:01:25.370013752) [Msg] Physics service on [/world/sydney_regatta/set_physics/blocking] (blocking)
(2026-08-21T16:01:25.370933086) (2026-08-21T16:01:25.371178544) [Msg] SphericalCoordinates service on [/world/sydney_regatta/set_spherical_coordinates] (async)
(2026-08-21T16:01:25.371600419) (2026-08-21T16:01:25.371709877) [Msg] SphericalCoordinates service on [/world/sydney_regatta/set_spherical_coordinates/blocking] (blocking)
(2026-08-21T16:01:25.372274877) (2026-08-21T16:01:25.372382752) [Msg] Enable collision service on [/world/sydney_regatta/enable_collision] (async)
(2026-08-21T16:01:25.372739211) (2026-08-21T16:01:25.372863586) [Msg] Enable collision service on [/world/sydney_regatta/enable_collision/blocking] (blocking)
(2026-08-21T16:01:25.373346252) (2026-08-21T16:01:25.373456544) [Msg] Disable collision service on [/world/sydney_regatta/disable_collision] (async)
(2026-08-21T16:01:25.374085461) (2026-08-21T16:01:25.374187211) [Msg] Disable collision service on [/world/sydney_regatta/disable_collision/blocking] (blocking)
(2026-08-21T16:01:25.375326127) (2026-08-21T16:01:25.375526127) [Msg] Material service on [/world/sydney_regatta/visual_config] (async)
(2026-08-21T16:01:25.375925044) (2026-08-21T16:01:25.376063669) [Msg] Material service on [/world/sydney_regatta/visual_config/blocking] (blocking)
(2026-08-21T16:01:25.376952752) (2026-08-21T16:01:25.377101377) [Msg] Material service on [/world/sydney_regatta/wheel_slip] (async)
(2026-08-21T16:01:25.377451586) (2026-08-21T16:01:25.377547627) [Msg] Material service on [/world/sydney_regatta/wheel_slip/blocking] (blocking)
(2026-08-21T16:01:25.377958294) (2026-08-21T16:01:25.378061502) [Dbg] [SystemManager.cc:80] Loaded system [gz::sim::systems::UserCommands] for entity [1]
(2026-08-21T16:01:25.447807711) (2026-08-21T16:01:25.447946919) [Dbg] [Sensors.cc:697] Configuring Sensors system
(2026-08-21T16:01:25.449780002) (2026-08-21T16:01:25.449894627) [Dbg] [Sensors.cc:557] SensorsPrivate::Run
(2026-08-21T16:01:25.450249669) (2026-08-21T16:01:25.450361044) [Dbg] [SystemManager.cc:80] Loaded system [gz::sim::systems::Sensors] for entity [1]
(2026-08-21T16:01:25.451079127) (2026-08-21T16:01:25.451267002) [Dbg] [Sensors.cc:532] SensorsPrivate::RenderThread started
(2026-08-21T16:01:25.451839419) (2026-08-21T16:01:25.451961586) [Dbg] [Sensors.cc:337] Waiting for init
(2026-08-21T16:01:25.458445044) (2026-08-21T16:01:25.458586794) [Dbg] [SystemManager.cc:80] Loaded system [gz::sim::systems::Imu] for entity [1]
(2026-08-21T16:01:25.467253211) (2026-08-21T16:01:25.467383294) [Dbg] [Magnetometer.cc:261] Magnetometer: using param [use_units_gauss: 1].
(2026-08-21T16:01:25.467908753) (2026-08-21T16:01:25.468037669) [Dbg] [Magnetometer.cc:269] Magnetometer: using param [use_earth_frame_ned: 1].
(2026-08-21T16:01:25.468412919) (2026-08-21T16:01:25.468517128) [Dbg] [SystemManager.cc:80] Loaded system [gz::sim::systems::Magnetometer] for entity [1]
(2026-08-21T16:01:25.475608003) (2026-08-21T16:01:25.475690961) [Dbg] [SystemManager.cc:80] Loaded system [gz::sim::systems::ForceTorque] for entity [1]
(2026-08-21T16:01:25.482019919) (2026-08-21T16:01:25.482105628) [Msg] Serving particle emitter information on [/world/sydney_regatta/particle_emitters]
(2026-08-21T16:01:25.482349253) (2026-08-21T16:01:25.482418544) [Dbg] [SystemManager.cc:80] Loaded system [gz::sim::systems::ParticleEmitter] for entity [1]
(2026-08-21T16:01:25.492923919) (2026-08-21T16:01:25.493058711) [Dbg] [SystemManager.cc:80] Loaded system [gz::sim::systems::SceneBroadcaster] for entity [1]
(2026-08-21T16:01:25.498572086) (2026-08-21T16:01:25.498651503) [Dbg] [SystemManager.cc:80] Loaded system [gz::sim::systems::Contact] for entity [1]
(2026-08-21T16:01:25.504364086) (2026-08-21T16:01:25.504451128) [Dbg] [SystemManager.cc:80] Loaded system [gz::sim::systems::NavSat] for entity [1]
(2026-08-21T16:01:25.526700919) (2026-08-21T16:01:25.526847128) [Dbg] [USVWind.cc:160] wamv loaded
(2026-08-21T16:01:25.528478253) (2026-08-21T16:01:25.528610128) [Msg] Wind direction unit vector = -0.5 -0.866025 0
(2026-08-21T16:01:25.529499961) (2026-08-21T16:01:25.529613503) [Msg] Wind mean velocity = 0
(2026-08-21T16:01:25.529942003) (2026-08-21T16:01:25.530068044) [Msg] var wind gain constants = 0
(2026-08-21T16:01:25.530382003) (2026-08-21T16:01:25.530488961) [Msg] var wind time constants = 2
(2026-08-21T16:01:25.530724336) (2026-08-21T16:01:25.530811044) [Msg] update rate  = 10
(2026-08-21T16:01:25.531041586) (2026-08-21T16:01:25.531128378) [Msg] topic wind speed  = /vrx/debug/wind/speed
(2026-08-21T16:01:25.531345461) (2026-08-21T16:01:25.531431378) [Msg] topic wind direction = /vrx/debug/wind/direction
(2026-08-21T16:01:25.532329628) (2026-08-21T16:01:25.532418419) [Msg] Random seed value = 10
(2026-08-21T16:01:25.533140919) (2026-08-21T16:01:25.533273419) [Msg] Var wind filter gain = 0
(2026-08-21T16:01:25.536218378) (2026-08-21T16:01:25.536428628) [Dbg] [SystemManager.cc:80] Loaded system [vrx::USVWind] for entity [1]
(2026-08-21T16:01:25.560529044) (2026-08-21T16:01:25.560676253) [Dbg] [SystemManager.cc:80] Loaded system [vrx::PublisherPlugin] for entity [1]
(2026-08-21T16:01:25.594408961) (2026-08-21T16:01:25.594552878) [Msg] Input Parameters:
(2026-08-21T16:01:25.594818128) (2026-08-21T16:01:25.594927919) [Msg] model:     PMS
(2026-08-21T16:01:25.595282169) (2026-08-21T16:01:25.595408919) [Msg] number:     3
(2026-08-21T16:01:25.595726169) (2026-08-21T16:01:25.595849294) [Msg] scale:      1.1
(2026-08-21T16:01:25.596178628) (2026-08-21T16:01:25.596305294) [Msg] angle:      0.4
(2026-08-21T16:01:25.596627669) (2026-08-21T16:01:25.596756044) [Msg] steepness:  0
(2026-08-21T16:01:25.597055544) (2026-08-21T16:01:25.597147419) [Msg] amplitude:  0
(2026-08-21T16:01:25.597447711) (2026-08-21T16:01:25.597615628) [Msg] period:     5
(2026-08-21T16:01:25.597914086) (2026-08-21T16:01:25.598033044) [Msg] direction:  0
(2026-08-21T16:01:25.598256294) (2026-08-21T16:01:25.598343044) [Msg] tau:  2
(2026-08-21T16:01:25.598555961) (2026-08-21T16:01:25.598643586) [Msg] gain:  1
(2026-08-21T16:01:25.598857128) (2026-08-21T16:01:25.598943586) [Msg] Derived Parameters:
(2026-08-21T16:01:25.599333294) (2026-08-21T16:01:25.599505336) [Msg] amplitudes:  0.121167, 0.130759, 0.128568, 
(2026-08-21T16:01:25.600394336) (2026-08-21T16:01:25.600780461) [Msg] wavenumbers: 0.133171, 0.161136, 0.194975, 
(2026-08-21T16:01:25.602100086) (2026-08-21T16:01:25.602288919) [Msg] omegas:      1.1424, 1.25664, 1.3823, 
(2026-08-21T16:01:25.602848794) (2026-08-21T16:01:25.602959586) [Msg] periods:     (2026-08-21T16:01:25.603375253) (2026-08-21T16:01:25.603477961) [Msg] 5.5, (2026-08-21T16:01:25.603823086) (2026-08-21T16:01:25.603933044) [Msg] 5, (2026-08-21T16:01:25.604176044) (2026-08-21T16:01:25.604306378) [Msg] 4.54545, (2026-08-21T16:01:25.604574794) (2026-08-21T16:01:25.604712169) [Msg] 
(2026-08-21T16:01:25.604972169) (2026-08-21T16:01:25.605072628) [Msg] phases:      0, 0, 0, 
(2026-08-21T16:01:25.605478044) (2026-08-21T16:01:25.605692294) [Msg] steepnesses: 0, 0, 0, 
(2026-08-21T16:01:25.606291544) (2026-08-21T16:01:25.606405211) [Msg] directions:  (2026-08-21T16:01:25.606685044) (2026-08-21T16:01:25.606789544) [Msg] 0.921061 -0.389418; (2026-08-21T16:01:25.607406503) (2026-08-21T16:01:25.607526628) [Msg] 1 0; (2026-08-21T16:01:25.607886919) (2026-08-21T16:01:25.608013128) [Msg] 0.921061 0.389418; (2026-08-21T16:01:25.608281003) (2026-08-21T16:01:25.608368503) [Msg] 
(2026-08-21T16:01:25.625379378) (2026-08-21T16:01:25.625514919) [Dbg] [SystemManager.cc:80] Loaded system [vrx::WaveVisual] for entity [17]
(2026-08-21T16:01:25.642277544) (2026-08-21T16:01:25.642409669) [Msg] Input Parameters:
(2026-08-21T16:01:25.642681753) (2026-08-21T16:01:25.642777253) [Msg] model:     PMS
(2026-08-21T16:01:25.643020503) (2026-08-21T16:01:25.643138461) [Msg] number:     3
(2026-08-21T16:01:25.643381836) (2026-08-21T16:01:25.643466086) [Msg] scale:      1.1
(2026-08-21T16:01:25.643686628) (2026-08-21T16:01:25.643784628) [Msg] angle:      0.4
(2026-08-21T16:01:25.644092419) (2026-08-21T16:01:25.644201003) [Msg] steepness:  0
(2026-08-21T16:01:25.644453336) (2026-08-21T16:01:25.644575544) [Msg] amplitude:  0
(2026-08-21T16:01:25.644882711) (2026-08-21T16:01:25.645023961) [Msg] period:     5
(2026-08-21T16:01:25.645350378) (2026-08-21T16:01:25.645483878) [Msg] direction:  0
(2026-08-21T16:01:25.645785461) (2026-08-21T16:01:25.645889044) [Msg] tau:  2
(2026-08-21T16:01:25.646171461) (2026-08-21T16:01:25.646294753) [Msg] gain:  1
(2026-08-21T16:01:25.646589669) (2026-08-21T16:01:25.646702294) [Msg] Derived Parameters:
(2026-08-21T16:01:25.646949794) (2026-08-21T16:01:25.647084378) [Msg] amplitudes:  0.121167, 0.130759, 0.128568, 
(2026-08-21T16:01:25.647558586) (2026-08-21T16:01:25.647678128) [Msg] wavenumbers: 0.133171, 0.161136, 0.194975, 
(2026-08-21T16:01:25.648191919) (2026-08-21T16:01:25.648314711) [Msg] omegas:      1.1424, 1.25664, 1.3823, 
(2026-08-21T16:01:25.648839878) (2026-08-21T16:01:25.648952961) [Msg] periods:     (2026-08-21T16:01:25.649157961) (2026-08-21T16:01:25.649277836) [Msg] 5.5, (2026-08-21T16:01:25.649539419) (2026-08-21T16:01:25.649664253) [Msg] 5, (2026-08-21T16:01:25.649921878) (2026-08-21T16:01:25.650045753) [Msg] 4.54545, (2026-08-21T16:01:25.650293711) (2026-08-21T16:01:25.650414544) [Msg] 
(2026-08-21T16:01:25.650624878) (2026-08-21T16:01:25.650746919) [Msg] phases:      0, 0, 0, 
(2026-08-21T16:01:25.651206711) (2026-08-21T16:01:25.651327961) [Msg] steepnesses: 0, 0, 0, 
(2026-08-21T16:01:25.651734919) (2026-08-21T16:01:25.651838503) [Msg] directions:  (2026-08-21T16:01:25.652013419) (2026-08-21T16:01:25.652112336) [Msg] 0.921061 -0.389418; (2026-08-21T16:01:25.652395253) (2026-08-21T16:01:25.652499378) [Msg] 1 0; (2026-08-21T16:01:25.652745669) (2026-08-21T16:01:25.652832003) [Msg] 0.921061 0.389418; (2026-08-21T16:01:25.653111836) (2026-08-21T16:01:25.653223711) [Msg] 
(2026-08-21T16:01:25.656852336) (2026-08-21T16:01:25.656971711) [Dbg] [PolyhedraBuoyancyDrag.cc:236] Found buoyancy element(s), looking at each element...
(2026-08-21T16:01:25.664568544) (2026-08-21T16:01:25.664703628) [Dbg] [PolyhedraBuoyancyDrag.cc:248] Buoyancy object:
	Link: link[19]
	Pose: 0 0 -0.3 0 0 0
	Geometry: Cylinder:0.325,0.1
	Mass: 20
	Water height: 0
	Water velocity: 0

(2026-08-21T16:01:25.673590878) (2026-08-21T16:01:25.673731461) [Dbg] [SystemManager.cc:80] Loaded system [vrx::PolyhedraBuoyancyDrag] for entity [18]
(2026-08-21T16:01:25.677373628) (2026-08-21T16:01:25.677513419) [Msg] Input Parameters:
(2026-08-21T16:01:25.677781961) (2026-08-21T16:01:25.677894169) [Msg] model:     PMS
(2026-08-21T16:01:25.678193419) (2026-08-21T16:01:25.678303419) [Msg] number:     3
(2026-08-21T16:01:25.678530836) (2026-08-21T16:01:25.678617836) [Msg] scale:      1.1
(2026-08-21T16:01:25.678840003) (2026-08-21T16:01:25.678925794) [Msg] angle:      0.4
(2026-08-21T16:01:25.679138294) (2026-08-21T16:01:25.679230086) [Msg] steepness:  0
(2026-08-21T16:01:25.679446711) (2026-08-21T16:01:25.679538003) [Msg] amplitude:  0
(2026-08-21T16:01:25.679858294) (2026-08-21T16:01:25.679992836) [Msg] period:     5
(2026-08-21T16:01:25.680261003) (2026-08-21T16:01:25.680370086) [Msg] direction:  0
(2026-08-21T16:01:25.680588961) (2026-08-21T16:01:25.680674878) [Msg] tau:  2
(2026-08-21T16:01:25.680882586) (2026-08-21T16:01:25.680967919) [Msg] gain:  1
(2026-08-21T16:01:25.681210003) (2026-08-21T16:01:25.681335878) [Msg] Derived Parameters:
(2026-08-21T16:01:25.681547169) (2026-08-21T16:01:25.681633336) [Msg] amplitudes:  0.121167, 0.130759, 0.128568, 
(2026-08-21T16:01:25.682003878) (2026-08-21T16:01:25.682091753) [Msg] wavenumbers: 0.133171, 0.161136, 0.194975, 
(2026-08-21T16:01:25.682449628) (2026-08-21T16:01:25.682535003) [Msg] omegas:      1.1424, 1.25664, 1.3823, 
(2026-08-21T16:01:25.683006628) (2026-08-21T16:01:25.683098086) [Msg] periods:     (2026-08-21T16:01:25.683246169) (2026-08-21T16:01:25.683330961) [Msg] 5.5, (2026-08-21T16:01:25.683553003) (2026-08-21T16:01:25.683644003) [Msg] 5, (2026-08-21T16:01:25.683852169) (2026-08-21T16:01:25.683980836) [Msg] 4.54545, (2026-08-21T16:01:25.684250836) (2026-08-21T16:01:25.684381503) [Msg] 
(2026-08-21T16:01:25.684593711) (2026-08-21T16:01:25.684713836) [Msg] phases:      0, 0, 0, 
(2026-08-21T16:01:25.685182503) (2026-08-21T16:01:25.685305378) [Msg] steepnesses: 0, 0, 0, 
(2026-08-21T16:01:25.685818836) (2026-08-21T16:01:25.685930961) [Msg] directions:  (2026-08-21T16:01:25.686114919) (2026-08-21T16:01:25.686199753) [Msg] 0.921061 -0.389418; (2026-08-21T16:01:25.686498419) (2026-08-21T16:01:25.686619086) [Msg] 1 0; (2026-08-21T16:01:25.686955544) (2026-08-21T16:01:25.687068253) [Msg] 0.921061 0.389418; (2026-08-21T16:01:25.687340919) (2026-08-21T16:01:25.687550544) [Msg] 
(2026-08-21T16:01:25.687783461) (2026-08-21T16:01:25.687879586) [Dbg] [PolyhedraBuoyancyDrag.cc:236] Found buoyancy element(s), looking at each element...
(2026-08-21T16:01:25.688224086) (2026-08-21T16:01:25.688319169) [Dbg] [PolyhedraBuoyancyDrag.cc:248] Buoyancy object:
	Link: link[24]
	Pose: 0 0 -0.3 0 0 0
	Geometry: Cylinder:0.325,0.1
	Mass: 20
	Water height: 0
	Water velocity: 0

(2026-08-21T16:01:25.690688919) (2026-08-21T16:01:25.690797169) [Dbg] [SystemManager.cc:80] Loaded system [vrx::PolyhedraBuoyancyDrag] for entity [23]
(2026-08-21T16:01:25.692049836) (2026-08-21T16:01:25.692150544) [Msg] Input Parameters:
(2026-08-21T16:01:25.692347669) (2026-08-21T16:01:25.692443628) [Msg] model:     PMS
(2026-08-21T16:01:25.692665419) (2026-08-21T16:01:25.692756044) [Msg] number:     3
(2026-08-21T16:01:25.692976669) (2026-08-21T16:01:25.693066544) [Msg] scale:      1.1
(2026-08-21T16:01:25.693290211) (2026-08-21T16:01:25.693380419) [Msg] angle:      0.4
(2026-08-21T16:01:25.693594378) (2026-08-21T16:01:25.693681419) [Msg] steepness:  0
(2026-08-21T16:01:25.693892961) (2026-08-21T16:01:25.693992628) [Msg] amplitude:  0
(2026-08-21T16:01:25.694399003) (2026-08-21T16:01:25.694563086) [Msg] period:     5
(2026-08-21T16:01:25.694843253) (2026-08-21T16:01:25.694970253) [Msg] direction:  0
(2026-08-21T16:01:25.695187961) (2026-08-21T16:01:25.695277211) [Msg] tau:  2
(2026-08-21T16:01:25.695559919) (2026-08-21T16:01:25.695679711) [Msg] gain:  1
(2026-08-21T16:01:25.695917211) (2026-08-21T16:01:25.696002628) [Msg] Derived Parameters:
(2026-08-21T16:01:25.696177669) (2026-08-21T16:01:25.696262753) [Msg] amplitudes:  0.121167, 0.130759, 0.128568, 
(2026-08-21T16:01:25.696662169) (2026-08-21T16:01:25.696750253) [Msg] wavenumbers: 0.133171, 0.161136, 0.194975, 
(2026-08-21T16:01:25.697208253) (2026-08-21T16:01:25.697299378) [Msg] omegas:      1.1424, 1.25664, 1.3823, 
(2026-08-21T16:01:25.697681169) (2026-08-21T16:01:25.697769419) [Msg] periods:     (2026-08-21T16:01:25.697917128) (2026-08-21T16:01:25.698060044) [Msg] 5.5, (2026-08-21T16:01:25.698317794) (2026-08-21T16:01:25.698403294) [Msg] 5, (2026-08-21T16:01:25.698615544) (2026-08-21T16:01:25.698708044) [Msg] 4.54545, (2026-08-21T16:01:25.698896086) (2026-08-21T16:01:25.698987211) [Msg] 
(2026-08-21T16:01:25.699146753) (2026-08-21T16:01:25.699321711) [Msg] phases:      0, 0, 0, 
(2026-08-21T16:01:25.700572544) (2026-08-21T16:01:25.700825586) [Msg] steepnesses: 0, 0, 0, 
(2026-08-21T16:01:25.701326044) (2026-08-21T16:01:25.701417336) [Msg] directions:  (2026-08-21T16:01:25.701575878) (2026-08-21T16:01:25.701665211) [Msg] 0.921061 -0.389418; (2026-08-21T16:01:25.701915378) (2026-08-21T16:01:25.702004169) [Msg] 1 0; (2026-08-21T16:01:25.702247044) (2026-08-21T16:01:25.702334253) [Msg] 0.921061 0.389418; (2026-08-21T16:01:25.702576878) (2026-08-21T16:01:25.702661086) [Msg] 
(2026-08-21T16:01:25.702877003) (2026-08-21T16:01:25.702961711) [Dbg] [PolyhedraBuoyancyDrag.cc:236] Found buoyancy element(s), looking at each element...
(2026-08-21T16:01:25.703360253) (2026-08-21T16:01:25.703453044) [Dbg] [PolyhedraBuoyancyDrag.cc:248] Buoyancy object:
	Link: link[29]
	Pose: 0 0 -0.3 0 0 0
	Geometry: Cylinder:0.325,0.1
	Mass: 20
	Water height: 0
	Water velocity: 0

(2026-08-21T16:01:25.704862378) (2026-08-21T16:01:25.704970044) [Dbg] [SystemManager.cc:80] Loaded system [vrx::PolyhedraBuoyancyDrag] for entity [28]
(2026-08-21T16:01:25.706436669) (2026-08-21T16:01:25.706528294) [Msg] Input Parameters:
(2026-08-21T16:01:25.706707253) (2026-08-21T16:01:25.706791878) [Msg] model:     PMS
(2026-08-21T16:01:25.707011919) (2026-08-21T16:01:25.707095211) [Msg] number:     3
(2026-08-21T16:01:25.707301128) (2026-08-21T16:01:25.707386169) [Msg] scale:      1.1
(2026-08-21T16:01:25.707617669) (2026-08-21T16:01:25.707703544) [Msg] angle:      0.4
(2026-08-21T16:01:25.707914503) (2026-08-21T16:01:25.708021169) [Msg] steepness:  0
(2026-08-21T16:01:25.708235294) (2026-08-21T16:01:25.708324128) [Msg] amplitude:  0
(2026-08-21T16:01:25.708537669) (2026-08-21T16:01:25.708623586) [Msg] period:     5
(2026-08-21T16:01:25.708923419) (2026-08-21T16:01:25.709108044) [Msg] direction:  0
(2026-08-21T16:01:25.709372669) (2026-08-21T16:01:25.709471753) [Msg] tau:  2
(2026-08-21T16:01:25.709688044) (2026-08-21T16:01:25.709777503) [Msg] gain:  1
(2026-08-21T16:01:25.710092753) (2026-08-21T16:01:25.710184378) [Msg] Derived Parameters:
(2026-08-21T16:01:25.710408003) (2026-08-21T16:01:25.710535378) [Msg] amplitudes:  0.121167, 0.130759, 0.128568, 
(2026-08-21T16:01:25.711060544) (2026-08-21T16:01:25.711147711) [Msg] wavenumbers: 0.133171, 0.161136, 0.194975, 
(2026-08-21T16:01:25.711501461) (2026-08-21T16:01:25.711583419) [Msg] omegas:      1.1424, 1.25664, 1.3823, 
(2026-08-21T16:01:25.711930503) (2026-08-21T16:01:25.712060628) [Msg] periods:     (2026-08-21T16:01:25.712268836) (2026-08-21T16:01:25.712390003) [Msg] 5.5, (2026-08-21T16:01:25.712647961) (2026-08-21T16:01:25.712738419) [Msg] 5, (2026-08-21T16:01:25.712916836) (2026-08-21T16:01:25.713032336) [Msg] 4.54545, (2026-08-21T16:01:25.713271711) (2026-08-21T16:01:25.713357211) [Msg] 
(2026-08-21T16:01:25.713539919) (2026-08-21T16:01:25.713664086) [Msg] phases:      0, 0, 0, 
(2026-08-21T16:01:25.714137669) (2026-08-21T16:01:25.714282003) [Msg] steepnesses: 0, 0, 0, 
(2026-08-21T16:01:25.714661586) (2026-08-21T16:01:25.714746878) [Msg] directions:  (2026-08-21T16:01:25.714894003) (2026-08-21T16:01:25.714978169) [Msg] 0.921061 -0.389418; (2026-08-21T16:01:25.715218378) (2026-08-21T16:01:25.715305294) [Msg] 1 0; (2026-08-21T16:01:25.715546294) (2026-08-21T16:01:25.715635336) [Msg] 0.921061 0.389418; (2026-08-21T16:01:25.716005044) (2026-08-21T16:01:25.716136586) [Msg] 
(2026-08-21T16:01:25.716377044) (2026-08-21T16:01:25.716498794) [Dbg] [PolyhedraBuoyancyDrag.cc:236] Found buoyancy element(s), looking at each element...
(2026-08-21T16:01:25.716944544) (2026-08-21T16:01:25.717067711) [Dbg] [PolyhedraBuoyancyDrag.cc:248] Buoyancy object:
	Link: link[34]
	Pose: 0 0 -0.3 0 0 0
	Geometry: Cylinder:0.325,0.1
	Mass: 20
	Water height: 0
	Water velocity: 0

(2026-08-21T16:01:25.719072711) (2026-08-21T16:01:25.719190628) [Dbg] [SystemManager.cc:80] Loaded system [vrx::PolyhedraBuoyancyDrag] for entity [33]
(2026-08-21T16:01:25.721819294) (2026-08-21T16:01:25.721973628) [Msg] Input Parameters:
(2026-08-21T16:01:25.722220503) (2026-08-21T16:01:25.722349503) [Msg] model:     PMS
(2026-08-21T16:01:25.722619336) (2026-08-21T16:01:25.722740169) [Msg] number:     3
(2026-08-21T16:01:25.723027294) (2026-08-21T16:01:25.723136461) [Msg] scale:      1.1
(2026-08-21T16:01:25.723373669) (2026-08-21T16:01:25.723458836) [Msg] angle:      0.4
(2026-08-21T16:01:25.723667003) (2026-08-21T16:01:25.723751794) [Msg] steepness:  0
(2026-08-21T16:01:25.723959544) (2026-08-21T16:01:25.724056003) [Msg] amplitude:  0
(2026-08-21T16:01:25.724260503) (2026-08-21T16:01:25.724349169) [Msg] period:     5
(2026-08-21T16:01:25.724624544) (2026-08-21T16:01:25.724745628) [Msg] direction:  0
(2026-08-21T16:01:25.725031753) (2026-08-21T16:01:25.725155378) [Msg] tau:  2
(2026-08-21T16:01:25.725460794) (2026-08-21T16:01:25.725586503) [Msg] gain:  1
(2026-08-21T16:01:25.725881086) (2026-08-21T16:01:25.726023503) [Msg] Derived Parameters:
(2026-08-21T16:01:25.726233878) (2026-08-21T16:01:25.726355003) [Msg] amplitudes:  0.121167, 0.130759, 0.128568, 
(2026-08-21T16:01:25.726859044) (2026-08-21T16:01:25.726956711) [Msg] wavenumbers: 0.133171, 0.161136, 0.194975, 
(2026-08-21T16:01:25.727350003) (2026-08-21T16:01:25.727434544) [Msg] omegas:      1.1424, 1.25664, 1.3823, 
(2026-08-21T16:01:25.727788419) (2026-08-21T16:01:25.727872586) [Msg] periods:     (2026-08-21T16:01:25.728080378) (2026-08-21T16:01:25.728181753) [Msg] 5.5, (2026-08-21T16:01:25.728421169) (2026-08-21T16:01:25.728541753) [Msg] 5, (2026-08-21T16:01:25.728795836) (2026-08-21T16:01:25.728915961) [Msg] 4.54545, (2026-08-21T16:01:25.729169919) (2026-08-21T16:01:25.729290878) [Msg] 
(2026-08-21T16:01:25.729485878) (2026-08-21T16:01:25.729571711) [Msg] phases:      0, 0, 0, 
(2026-08-21T16:01:25.729956086) (2026-08-21T16:01:25.730058878) [Msg] steepnesses: 0, 0, 0, 
(2026-08-21T16:01:25.730542836) (2026-08-21T16:01:25.730632294) [Msg] directions:  (2026-08-21T16:01:25.730780753) (2026-08-21T16:01:25.730864753) [Msg] 0.921061 -0.389418; (2026-08-21T16:01:25.731122586) (2026-08-21T16:01:25.731208628) [Msg] 1 0; (2026-08-21T16:01:25.731446044) (2026-08-21T16:01:25.731530878) [Msg] 0.921061 0.389418; (2026-08-21T16:01:25.731766419) (2026-08-21T16:01:25.731851003) [Msg] 
(2026-08-21T16:01:25.732076961) (2026-08-21T16:01:25.732164503) [Dbg] [PolyhedraBuoyancyDrag.cc:236] Found buoyancy element(s), looking at each element...
(2026-08-21T16:01:25.732607128) (2026-08-21T16:01:25.732706086) [Dbg] [PolyhedraBuoyancyDrag.cc:248] Buoyancy object:
	Link: link[39]
	Pose: 0 0 0 0 0 0
	Geometry: Sphere:0.21
	Mass: 3.5
	Water height: 0
	Water velocity: 0

(2026-08-21T16:01:25.734430419) (2026-08-21T16:01:25.734622628) [Dbg] [SystemManager.cc:80] Loaded system [vrx::PolyhedraBuoyancyDrag] for entity [38]
(2026-08-21T16:01:25.736606794) (2026-08-21T16:01:25.736737378) [Msg] Input Parameters:
(2026-08-21T16:01:25.737017461) (2026-08-21T16:01:25.737106128) [Msg] model:     PMS
(2026-08-21T16:01:25.737309253) (2026-08-21T16:01:25.737391336) [Msg] number:     3
(2026-08-21T16:01:25.737654211) (2026-08-21T16:01:25.737736919) [Msg] scale:      1.1
(2026-08-21T16:01:25.737950753) (2026-08-21T16:01:25.738089294) [Msg] angle:      0.4
(2026-08-21T16:01:25.738378836) (2026-08-21T16:01:25.738509086) [Msg] steepness:  0
(2026-08-21T16:01:25.738827128) (2026-08-21T16:01:25.738922836) [Msg] amplitude:  0
(2026-08-21T16:01:25.739150461) (2026-08-21T16:01:25.739236961) [Msg] period:     5
(2026-08-21T16:01:25.739444294) (2026-08-21T16:01:25.739528253) [Msg] direction:  0
(2026-08-21T16:01:25.739733419) (2026-08-21T16:01:25.739817669) [Msg] tau:  2
(2026-08-21T16:01:25.740062794) (2026-08-21T16:01:25.740148378) [Msg] gain:  1
(2026-08-21T16:01:25.740369961) (2026-08-21T16:01:25.740454211) [Msg] Derived Parameters:
(2026-08-21T16:01:25.740628461) (2026-08-21T16:01:25.740713169) [Msg] amplitudes:  0.121167, 0.130759, 0.128568, 
(2026-08-21T16:01:25.741115461) (2026-08-21T16:01:25.741203461) [Msg] wavenumbers: 0.133171, 0.161136, 0.194975, 
(2026-08-21T16:01:25.741561003) (2026-08-21T16:01:25.741646794) [Msg] omegas:      1.1424, 1.25664, 1.3823, 
(2026-08-21T16:01:25.742081628) (2026-08-21T16:01:25.742182003) [Msg] periods:     (2026-08-21T16:01:25.742387753) (2026-08-21T16:01:25.742470461) [Msg] 5.5, (2026-08-21T16:01:25.742644794) (2026-08-21T16:01:25.742726669) [Msg] 5, (2026-08-21T16:01:25.743321544) (2026-08-21T16:01:25.743712753) [Msg] 4.54545, (2026-08-21T16:01:25.744282669) (2026-08-21T16:01:25.744392919) [Msg] 
(2026-08-21T16:01:25.744561711) (2026-08-21T16:01:25.744652128) [Msg] phases:      0, 0, 0, 
(2026-08-21T16:01:25.745027003) (2026-08-21T16:01:25.745111878) [Msg] steepnesses: 0, 0, 0, 
(2026-08-21T16:01:25.745478919) (2026-08-21T16:01:25.745569794) [Msg] directions:  (2026-08-21T16:01:25.745718628) (2026-08-21T16:01:25.745802794) [Msg] 0.921061 -0.389418; (2026-08-21T16:01:25.746046253) (2026-08-21T16:01:25.746129878) [Msg] 1 0; (2026-08-21T16:01:25.746365878) (2026-08-21T16:01:25.746449669) [Msg] 0.921061 0.389418; (2026-08-21T16:01:25.746682128) (2026-08-21T16:01:25.746766336) [Msg] 
(2026-08-21T16:01:25.747002128) (2026-08-21T16:01:25.747096419) [Dbg] [PolyhedraBuoyancyDrag.cc:236] Found buoyancy element(s), looking at each element...
(2026-08-21T16:01:25.747415794) (2026-08-21T16:01:25.747501794) [Dbg] [PolyhedraBuoyancyDrag.cc:248] Buoyancy object:
	Link: link[43]
	Pose: 0 0 0 0 0 0
	Geometry: Sphere:0.21
	Mass: 3.5
	Water height: 0
	Water velocity: 0

(2026-08-21T16:01:25.748806794) (2026-08-21T16:01:25.748904961) [Dbg] [SystemManager.cc:80] Loaded system [vrx::PolyhedraBuoyancyDrag] for entity [42]
(2026-08-21T16:01:25.751748836) (2026-08-21T16:01:25.751834836) [Msg] Input Parameters:
(2026-08-21T16:01:25.752032586) (2026-08-21T16:01:25.752117711) [Msg] model:     PMS
(2026-08-21T16:01:25.752321836) (2026-08-21T16:01:25.752405544) [Msg] number:     3
(2026-08-21T16:01:25.752608086) (2026-08-21T16:01:25.752691378) [Msg] scale:      1.1
(2026-08-21T16:01:25.752910711) (2026-08-21T16:01:25.752994669) [Msg] angle:      0.4
(2026-08-21T16:01:25.753204128) (2026-08-21T16:01:25.753288544) [Msg] steepness:  0
(2026-08-21T16:01:25.753538503) (2026-08-21T16:01:25.753622336) [Msg] amplitude:  0
(2026-08-21T16:01:25.753825794) (2026-08-21T16:01:25.753913336) [Msg] period:     5
(2026-08-21T16:01:25.754122003) (2026-08-21T16:01:25.754212628) [Msg] direction:  0
(2026-08-21T16:01:25.754424961) (2026-08-21T16:01:25.754508878) [Msg] tau:  2
(2026-08-21T16:01:25.754714378) (2026-08-21T16:01:25.754798211) [Msg] gain:  1
(2026-08-21T16:01:25.755004628) (2026-08-21T16:01:25.755086086) [Msg] Derived Parameters:
(2026-08-21T16:01:25.755256378) (2026-08-21T16:01:25.755337753) [Msg] amplitudes:  0.121167, 0.130759, 0.128568, 
(2026-08-21T16:01:25.755854794) (2026-08-21T16:01:25.755942086) [Msg] wavenumbers: 0.133171, 0.161136, 0.194975, 
(2026-08-21T16:01:25.756382294) (2026-08-21T16:01:25.756466794) [Msg] omegas:      1.1424, 1.25664, 1.3823, 
(2026-08-21T16:01:25.757033711) (2026-08-21T16:01:25.757145919) [Msg] periods:     (2026-08-21T16:01:25.757297336) (2026-08-21T16:01:25.757444919) [Msg] 5.5, (2026-08-21T16:01:25.757639628) (2026-08-21T16:01:25.757729128) [Msg] 5, (2026-08-21T16:01:25.757920919) (2026-08-21T16:01:25.758047044) [Msg] 4.54545, (2026-08-21T16:01:25.758275253) (2026-08-21T16:01:25.758364211) [Msg] 
(2026-08-21T16:01:25.758510669) (2026-08-21T16:01:25.758594003) [Msg] phases:      0, 0, 0, 
(2026-08-21T16:01:25.759019044) (2026-08-21T16:01:25.759118461) [Msg] steepnesses: 0, 0, 0, 
(2026-08-21T16:01:25.759471711) (2026-08-21T16:01:25.759555044) [Msg] directions:  (2026-08-21T16:01:25.759699836) (2026-08-21T16:01:25.759783461) [Msg] 0.921061 -0.389418; (2026-08-21T16:01:25.760137336) (2026-08-21T16:01:25.760253711) [Msg] 1 0; (2026-08-21T16:01:25.760494044) (2026-08-21T16:01:25.760578253) [Msg] 0.921061 0.389418; (2026-08-21T16:01:25.760815044) (2026-08-21T16:01:25.760898919) [Msg] 
(2026-08-21T16:01:25.761104086) (2026-08-21T16:01:25.761188669) [Dbg] [PolyhedraBuoyancyDrag.cc:236] Found buoyancy element(s), looking at each element...
(2026-08-21T16:01:25.761645294) (2026-08-21T16:01:25.761738169) [Dbg] [PolyhedraBuoyancyDrag.cc:248] Buoyancy object:
	Link: link[138]
	Pose: 0 0 -0.02 0 0 0
	Geometry: Sphere:0.0285
	Mass: 0.04
	Water height: 0
	Water velocity: 0

(2026-08-21T16:01:25.763310586) (2026-08-21T16:01:25.763519253) [Dbg] [SystemManager.cc:80] Loaded system [vrx::PolyhedraBuoyancyDrag] for entity [137]
(2026-08-21T16:01:25.769555378) (2026-08-21T16:01:25.769663003) [Msg] Loaded level [default]
(2026-08-21T16:01:25.770741836) (2026-08-21T16:01:25.770836044) [Dbg] [ServerConfig.cc:657] Generating LogRecord SDF:
(2026-08-21T16:01:25.771641044) (2026-08-21T16:01:25.771734836) [Dbg] [ServerConfig.cc:713] <plugin name='gz::sim::systems::LogRecord' filename='gz-sim-log-system'>
  <record_path>/evidence/seed-7319-a</record_path>
  <record_resources>false</record_resources>
  <record_topic>/world/sydney_regatta/dynamic_pose/info</record_topic>
</plugin>

(2026-08-21T16:01:25.793521503) (2026-08-21T16:01:25.793679253) [Msg] Recording to log file [/evidence/seed-7319-a/state.tlog]
(2026-08-21T16:01:25.794305419) (2026-08-21T16:01:25.794419836) [Dbg] [LogRecord.cc:333] Recording default topic[/seed-7319-a/sdf].
(2026-08-21T16:01:25.794719336) (2026-08-21T16:01:25.794809878) [Dbg] [LogRecord.cc:334] Recording default topic[/world/sydney_regatta/changed_state].
(2026-08-21T16:01:25.799000003) (2026-08-21T16:01:25.799119628) [Dbg] [LogRecord.cc:356] Recording topic[/world/sydney_regatta/dynamic_pose/info] as plain topic.
(2026-08-21T16:01:25.855051128) (2026-08-21T16:01:25.855251211) [Dbg] [SystemManager.cc:80] Loaded system [gz::sim::systems::LogRecord] for entity [1]
(2026-08-21T16:01:25.863332253) (2026-08-21T16:01:25.863420419) [Msg] Serving world controls on [/world/sydney_regatta/control], [/world/sydney_regatta/control/state] and [/world/sydney_regatta/playback/control]
(2026-08-21T16:01:25.864235753) (2026-08-21T16:01:25.864376294) [Msg] Serving GUI information on [/world/sydney_regatta/gui/info]
(2026-08-21T16:01:25.864979336) (2026-08-21T16:01:25.865054086) [Msg] World [sydney_regatta] initialized with [4ms] physics profile.
(2026-08-21T16:01:25.865884753) (2026-08-21T16:01:25.865967086) [Msg] Serving world SDF generation service on [/world/sydney_regatta/generate_world_sdf]
(2026-08-21T16:01:25.866865169) (2026-08-21T16:01:25.866947086) [Msg] Serving world names on [/gazebo/worlds]
(2026-08-21T16:01:25.867380628) (2026-08-21T16:01:25.867466211) [Msg] Resource path add service on [/gazebo/resource_paths/add].
(2026-08-21T16:01:25.867798211) (2026-08-21T16:01:25.867943544) [Msg] Resource path get service on [/gazebo/resource_paths/get].
(2026-08-21T16:01:25.868832878) (2026-08-21T16:01:25.868955169) [Msg] Resource path resolve service on [/gazebo/resource_paths/resolve].
(2026-08-21T16:01:25.870803044) (2026-08-21T16:01:25.870933836) [Msg] Resource paths published on [/gazebo/resource_paths].
(2026-08-21T16:01:25.973072419) (2026-08-21T16:01:25.973221211) [Msg] Server control service on [/server_control].
(2026-08-21T16:01:25.974864003) (2026-08-21T16:01:25.975061086) [Msg] Found no publishers on /stats, adding root stats topic
(2026-08-21T16:01:25.975672044) (2026-08-21T16:01:25.975774211) [Msg] Found no publishers on /clock, adding root clock topic
(2026-08-21T16:01:25.978468294) (2026-08-21T16:01:25.978599128) [Dbg] [SimulationRunner.cc:533] Creating PostUpdate worker threads: 9
(2026-08-21T16:01:25.979241378) (2026-08-21T16:01:25.979344961) [Dbg] [SimulationRunner.cc:544] Creating postupdate worker thread (0)
(2026-08-21T16:01:25.979957628) (2026-08-21T16:01:25.980170544) [Dbg] [SimulationRunner.cc:544] Creating postupdate worker thread (1)
(2026-08-21T16:01:25.980544461) (2026-08-21T16:01:25.980693503) [Dbg] [SimulationRunner.cc:544] Creating postupdate worker thread (2)
(2026-08-21T16:01:25.981115128) (2026-08-21T16:01:25.981334086) [Dbg] [SimulationRunner.cc:544] Creating postupdate worker thread (3)
(2026-08-21T16:01:25.981973336) (2026-08-21T16:01:25.982168794) [Dbg] [SimulationRunner.cc:544] Creating postupdate worker thread (4)
(2026-08-21T16:01:25.982771836) (2026-08-21T16:01:25.982925503) [Dbg] [SimulationRunner.cc:544] Creating postupdate worker thread (5)
(2026-08-21T16:01:25.983531503) (2026-08-21T16:01:25.983645586) [Dbg] [SimulationRunner.cc:544] Creating postupdate worker thread (6)
(2026-08-21T16:01:25.984074711) (2026-08-21T16:01:25.984250336) [Dbg] [SimulationRunner.cc:544] Creating postupdate worker thread (7)
(2026-08-21T16:01:26.112575003) (2026-08-21T16:01:26.112662003) [Msg] Thruster listening to commands on [wamv/thrusters/left/thrust]
(2026-08-21T16:01:26.113371836) (2026-08-21T16:01:26.113610711) [Msg] Thruster listening to enable_deadband on [wamv/thrusters/left/thrust/enable_deadband]
(2026-08-21T16:01:26.115487586) (2026-08-21T16:01:26.115581378) [Dbg] [Thruster.cc:496] Using velocity control for propeller joint.
(2026-08-21T16:01:26.115796211) (2026-08-21T16:01:26.115907794) [Dbg] [SystemManager.cc:80] Loaded system [gz::sim::systems::Thruster] for entity [143]
(2026-08-21T16:01:26.123939503) (2026-08-21T16:01:26.124035878) [Msg] JointPositionController subscribing to Double messages on [wamv/thrusters/left/pos]
(2026-08-21T16:01:26.124380003) (2026-08-21T16:01:26.124456794) [Dbg] [JointPositionController.cc:302] [JointPositionController] system parameters:
(2026-08-21T16:01:26.124768128) (2026-08-21T16:01:26.124899586) [Dbg] [JointPositionController.cc:303] p_gain: [1]
(2026-08-21T16:01:26.125313044) (2026-08-21T16:01:26.125461919) [Dbg] [JointPositionController.cc:304] i_gain: [0.1]
(2026-08-21T16:01:26.125867378) (2026-08-21T16:01:26.126003586) [Dbg] [JointPositionController.cc:305] d_gain: [0.01]
(2026-08-21T16:01:26.126497128) (2026-08-21T16:01:26.126696628) [Dbg] [JointPositionController.cc:306] i_max: [1]
(2026-08-21T16:01:26.126958336) (2026-08-21T16:01:26.127040169) [Dbg] [JointPositionController.cc:307] i_min: [-1]
(2026-08-21T16:01:26.127263003) (2026-08-21T16:01:26.127348794) [Dbg] [JointPositionController.cc:308] cmd_max: [1000]
(2026-08-21T16:01:26.127619503) (2026-08-21T16:01:26.127697961) [Dbg] [JointPositionController.cc:309] cmd_min: [-1000]
(2026-08-21T16:01:26.127972044) (2026-08-21T16:01:26.128154211) [Dbg] [JointPositionController.cc:310] cmd_offset: [0]
(2026-08-21T16:01:26.128388794) (2026-08-21T16:01:26.128463336) [Dbg] [JointPositionController.cc:311] Topic: [wamv/thrusters/left/pos]
(2026-08-21T16:01:26.128671378) (2026-08-21T16:01:26.128740544) [Dbg] [JointPositionController.cc:312] initial_position: [0]
(2026-08-21T16:01:26.129066794) (2026-08-21T16:01:26.129136628) [Dbg] [SystemManager.cc:80] Loaded system [gz::sim::systems::JointPositionController] for entity [143]
(2026-08-21T16:01:26.130292086) (2026-08-21T16:01:26.130393878) [Msg] Thruster listening to commands on [wamv/thrusters/right/thrust]
(2026-08-21T16:01:26.130744711) (2026-08-21T16:01:26.130866669) [Msg] Thruster listening to enable_deadband on [wamv/thrusters/right/thrust/enable_deadband]
(2026-08-21T16:01:26.131311211) (2026-08-21T16:01:26.131404169) [Dbg] [Thruster.cc:496] Using velocity control for propeller joint.
(2026-08-21T16:01:26.131601336) (2026-08-21T16:01:26.131741919) [Dbg] [SystemManager.cc:80] Loaded system [gz::sim::systems::Thruster] for entity [143]
(2026-08-21T16:01:26.132767169) (2026-08-21T16:01:26.132864253) [Msg] JointPositionController subscribing to Double messages on [wamv/thrusters/right/pos]
(2026-08-21T16:01:26.133133336) (2026-08-21T16:01:26.133223503) [Dbg] [JointPositionController.cc:302] [JointPositionController] system parameters:
(2026-08-21T16:01:26.133416669) (2026-08-21T16:01:26.133518294) [Dbg] [JointPositionController.cc:303] p_gain: [1]
(2026-08-21T16:01:26.133768294) (2026-08-21T16:01:26.133858586) [Dbg] [JointPositionController.cc:304] i_gain: [0.1]
(2026-08-21T16:01:26.134101878) (2026-08-21T16:01:26.134186669) [Dbg] [JointPositionController.cc:305] d_gain: [0.01]
(2026-08-21T16:01:26.134425419) (2026-08-21T16:01:26.134509378) [Dbg] [JointPositionController.cc:306] i_max: [1]
(2026-08-21T16:01:26.134756794) (2026-08-21T16:01:26.134840794) [Dbg] [JointPositionController.cc:307] i_min: [-1]
(2026-08-21T16:01:26.135095919) (2026-08-21T16:01:26.135182544) [Dbg] [JointPositionController.cc:308] cmd_max: [1000]
(2026-08-21T16:01:26.135442503) (2026-08-21T16:01:26.135527586) [Dbg] [JointPositionController.cc:309] cmd_min: [-1000]
(2026-08-21T16:01:26.135771336) (2026-08-21T16:01:26.135855669) [Dbg] [JointPositionController.cc:310] cmd_offset: [0]
(2026-08-21T16:01:26.136169586) (2026-08-21T16:01:26.136313169) [Dbg] [JointPositionController.cc:311] Topic: [wamv/thrusters/right/pos]
(2026-08-21T16:01:26.136583836) (2026-08-21T16:01:26.136670753) [Dbg] [JointPositionController.cc:312] initial_position: [0]
(2026-08-21T16:01:26.136936336) (2026-08-21T16:01:26.137025336) [Dbg] [SystemManager.cc:80] Loaded system [gz::sim::systems::JointPositionController] for entity [143]
(2026-08-21T16:01:26.155247586) (2026-08-21T16:01:26.155365128) [Msg] Input Parameters:
(2026-08-21T16:01:26.155572419) (2026-08-21T16:01:26.155664086) [Msg] model:     PMS
(2026-08-21T16:01:26.155871919) (2026-08-21T16:01:26.155957086) [Msg] number:     3
(2026-08-21T16:01:26.156260044) (2026-08-21T16:01:26.156371294) [Msg] scale:      1.1
(2026-08-21T16:01:26.156612919) (2026-08-21T16:01:26.156701128) [Msg] angle:      0.4
(2026-08-21T16:01:26.156913169) (2026-08-21T16:01:26.157048711) [Msg] steepness:  0
(2026-08-21T16:01:26.157330753) (2026-08-21T16:01:26.157448669) [Msg] amplitude:  0
(2026-08-21T16:01:26.157676711) (2026-08-21T16:01:26.157765586) [Msg] period:     5
(2026-08-21T16:01:26.157991128) (2026-08-21T16:01:26.158078919) [Msg] direction:  0
(2026-08-21T16:01:26.158300711) (2026-08-21T16:01:26.158385336) [Msg] tau:  2
(2026-08-21T16:01:26.158591419) (2026-08-21T16:01:26.158678794) [Msg] gain:  1
(2026-08-21T16:01:26.158900503) (2026-08-21T16:01:26.159015211) [Msg] Derived Parameters:
(2026-08-21T16:01:26.159270836) (2026-08-21T16:01:26.159384003) [Msg] amplitudes:  0.121167, 0.130759, 0.128568, 
(2026-08-21T16:01:26.159773461) (2026-08-21T16:01:26.159863461) [Msg] wavenumbers: 0.133171, 0.161136, 0.194975, 
(2026-08-21T16:01:26.160256419) (2026-08-21T16:01:26.160345378) [Msg] omegas:      1.1424, 1.25664, 1.3823, 
(2026-08-21T16:01:26.160707461) (2026-08-21T16:01:26.160791294) [Msg] periods:     (2026-08-21T16:01:26.160991336) (2026-08-21T16:01:26.161132711) [Msg] 5.5, (2026-08-21T16:01:26.161318794) (2026-08-21T16:01:26.161403086) [Msg] 5, (2026-08-21T16:01:26.161624169) (2026-08-21T16:01:26.161710503) [Msg] 4.54545, (2026-08-21T16:01:26.161925211) (2026-08-21T16:01:26.162019211) [Msg] 
(2026-08-21T16:01:26.162164003) (2026-08-21T16:01:26.162247461) [Msg] phases:      0, 0, 0, 
(2026-08-21T16:01:26.162612878) (2026-08-21T16:01:26.162696836) [Msg] steepnesses: 0, 0, 0, 
(2026-08-21T16:01:26.163167461) (2026-08-21T16:01:26.163266003) [Msg] directions:  (2026-08-21T16:01:26.163422586) (2026-08-21T16:01:26.163512586) [Msg] 0.921061 -0.389418; (2026-08-21T16:01:26.163777669) (2026-08-21T16:01:26.163862961) [Msg] 1 0; (2026-08-21T16:01:26.164106878) (2026-08-21T16:01:26.164191586) [Msg] 0.921061 0.389418; (2026-08-21T16:01:26.164428669) (2026-08-21T16:01:26.164512169) [Msg] 
(2026-08-21T16:01:26.164808169) (2026-08-21T16:01:26.164895503) [Dbg] [Surface.cc:188] Surface plugin successfully configured with the following parameters:
(2026-08-21T16:01:26.165216628) (2026-08-21T16:01:26.165303419) [Dbg] [Surface.cc:190]   <link_name>: wamv/base_link
(2026-08-21T16:01:26.165578961) (2026-08-21T16:01:26.165668045) [Dbg] [Surface.cc:191]   <vehicle_length>: 4.9
(2026-08-21T16:01:26.165988878) (2026-08-21T16:01:26.166078586) [Dbg] [Surface.cc:192]   <hull_radius>: 0.213
(2026-08-21T16:01:26.166294795) (2026-08-21T16:01:26.166384961) [Dbg] [Surface.cc:193]   <fluid_level>: 0
(2026-08-21T16:01:26.166594628) (2026-08-21T16:01:26.166678503) [Dbg] [Surface.cc:194]   <fluid_density>: 997.774
(2026-08-21T16:01:26.166899753) (2026-08-21T16:01:26.167004961) [Dbg] [Surface.cc:195]   <points>:
(2026-08-21T16:01:26.167314295) (2026-08-21T16:01:26.167398211) [Dbg] [Surface.cc:197]     [0.6 1.03 0]
(2026-08-21T16:01:26.168055170) (2026-08-21T16:01:26.168147545) [Dbg] [Surface.cc:197]     [-1.4 1.03 0]
(2026-08-21T16:01:26.174454378) (2026-08-21T16:01:26.174541711) [Dbg] [SystemManager.cc:80] Loaded system [vrx::Surface] for entity [143]
(2026-08-21T16:01:26.175861670) (2026-08-21T16:01:26.175937878) [Msg] Input Parameters:
(2026-08-21T16:01:26.176144128) (2026-08-21T16:01:26.176220378) [Msg] model:     PMS
(2026-08-21T16:01:26.176396670) (2026-08-21T16:01:26.176465545) [Msg] number:     3
(2026-08-21T16:01:26.176632878) (2026-08-21T16:01:26.176701045) [Msg] scale:      1.1
(2026-08-21T16:01:26.176879836) (2026-08-21T16:01:26.176947420) [Msg] angle:      0.4
(2026-08-21T16:01:26.177162336) (2026-08-21T16:01:26.177230920) [Msg] steepness:  0
(2026-08-21T16:01:26.177400836) (2026-08-21T16:01:26.177467795) [Msg] amplitude:  0
(2026-08-21T16:01:26.177631378) (2026-08-21T16:01:26.177698045) [Msg] period:     5
(2026-08-21T16:01:26.177863003) (2026-08-21T16:01:26.177933461) [Msg] direction:  0
(2026-08-21T16:01:26.178099878) (2026-08-21T16:01:26.178169503) [Msg] tau:  2
(2026-08-21T16:01:26.178333336) (2026-08-21T16:01:26.178400420) [Msg] gain:  1
(2026-08-21T16:01:26.178692336) (2026-08-21T16:01:26.178765711) [Msg] Derived Parameters:
(2026-08-21T16:01:26.178913003) (2026-08-21T16:01:26.178984878) [Msg] amplitudes:  0.121167, 0.130759, 0.128568, 
(2026-08-21T16:01:26.179293753) (2026-08-21T16:01:26.179364295) [Msg] wavenumbers: 0.133171, 0.161136, 0.194975, 
(2026-08-21T16:01:26.179696461) (2026-08-21T16:01:26.179763336) [Msg] omegas:      1.1424, 1.25664, 1.3823, 
(2026-08-21T16:01:26.180109003) (2026-08-21T16:01:26.180188378) [Msg] periods:     (2026-08-21T16:01:26.180332045) (2026-08-21T16:01:26.180406211) [Msg] 5.5, (2026-08-21T16:01:26.180561420) (2026-08-21T16:01:26.180630128) [Msg] 5, (2026-08-21T16:01:26.180773878) (2026-08-21T16:01:26.180844753) [Msg] 4.54545, (2026-08-21T16:01:26.181011545) (2026-08-21T16:01:26.181123628) [Msg] 
(2026-08-21T16:01:26.181244128) (2026-08-21T16:01:26.181311586) [Msg] phases:      0, 0, 0, 
(2026-08-21T16:01:26.181602003) (2026-08-21T16:01:26.181685545) [Msg] steepnesses: 0, 0, 0, 
(2026-08-21T16:01:26.182130461) (2026-08-21T16:01:26.182234920) [Msg] directions:  (2026-08-21T16:01:26.182411295) (2026-08-21T16:01:26.182512211) [Msg] 0.921061 -0.389418; (2026-08-21T16:01:26.182764878) (2026-08-21T16:01:26.182870795) [Msg] 1 0; (2026-08-21T16:01:26.183084295) (2026-08-21T16:01:26.183152170) [Msg] 0.921061 0.389418; (2026-08-21T16:01:26.183347295) (2026-08-21T16:01:26.183421628) [Msg] 
(2026-08-21T16:01:26.183556170) (2026-08-21T16:01:26.183623336) [Dbg] [Surface.cc:188] Surface plugin successfully configured with the following parameters:
(2026-08-21T16:01:26.183795461) (2026-08-21T16:01:26.183865711) [Dbg] [Surface.cc:190]   <link_name>: wamv/base_link
(2026-08-21T16:01:26.184094253) (2026-08-21T16:01:26.184163086) [Dbg] [Surface.cc:191]   <vehicle_length>: 4.9
(2026-08-21T16:01:26.184344295) (2026-08-21T16:01:26.184413920) [Dbg] [Surface.cc:192]   <hull_radius>: 0.213
(2026-08-21T16:01:26.184583211) (2026-08-21T16:01:26.184653003) [Dbg] [Surface.cc:193]   <fluid_level>: 0
(2026-08-21T16:01:26.184870170) (2026-08-21T16:01:26.184939003) [Dbg] [Surface.cc:194]   <fluid_density>: 997.774
(2026-08-21T16:01:26.185190836) (2026-08-21T16:01:26.185257753) [Dbg] [Surface.cc:195]   <points>:
(2026-08-21T16:01:26.185416378) (2026-08-21T16:01:26.185485461) [Dbg] [Surface.cc:197]     [0.6 -1.03 0]
(2026-08-21T16:01:26.185781461) (2026-08-21T16:01:26.185847878) [Dbg] [Surface.cc:197]     [-1.4 -1.03 0]
(2026-08-21T16:01:26.186578795) (2026-08-21T16:01:26.186647336) [Dbg] [SystemManager.cc:80] Loaded system [vrx::Surface] for entity [143]
(2026-08-21T16:01:26.203016836) (2026-08-21T16:01:26.203153253) [Dbg] [SimpleHydrodynamics.cc:164] SimpleHydrodynamics plugin successfully configured with the following parameters:
(2026-08-21T16:01:26.203491086) (2026-08-21T16:01:26.203580211) [Dbg] [SimpleHydrodynamics.cc:166]   <link_name>: wamv/base_link
(2026-08-21T16:01:26.203835711) (2026-08-21T16:01:26.203923003) [Dbg] [SimpleHydrodynamics.cc:167]   <xDotU>: 0
(2026-08-21T16:01:26.204167586) (2026-08-21T16:01:26.204255170) [Dbg] [SimpleHydrodynamics.cc:168]   <yDotV>: 0
(2026-08-21T16:01:26.204473670) (2026-08-21T16:01:26.204560545) [Dbg] [SimpleHydrodynamics.cc:169]   <zDotW>: 0.1
(2026-08-21T16:01:26.204772420) (2026-08-21T16:01:26.204856545) [Dbg] [SimpleHydrodynamics.cc:170]   <kDotP>: 0.1
(2026-08-21T16:01:26.205189295) (2026-08-21T16:01:26.205325461) [Dbg] [SimpleHydrodynamics.cc:171]   <mDotQ>: 0.1
(2026-08-21T16:01:26.205565920) (2026-08-21T16:01:26.205651711) [Dbg] [SimpleHydrodynamics.cc:172]   <nDotR>: 0
(2026-08-21T16:01:26.205884920) (2026-08-21T16:01:26.205980253) [Dbg] [SimpleHydrodynamics.cc:173]   <xU>: 100
(2026-08-21T16:01:26.206207420) (2026-08-21T16:01:26.206294503) [Dbg] [SimpleHydrodynamics.cc:174]   <xUU>: 150
(2026-08-21T16:01:26.206543628) (2026-08-21T16:01:26.206634628) [Dbg] [SimpleHydrodynamics.cc:175]   <yV>: 100
(2026-08-21T16:01:26.206875211) (2026-08-21T16:01:26.206960045) [Dbg] [SimpleHydrodynamics.cc:176]   <yVV>: 100
(2026-08-21T16:01:26.207253711) (2026-08-21T16:01:26.207340586) [Dbg] [SimpleHydrodynamics.cc:177]   <zW>: 500
(2026-08-21T16:01:26.207551420) (2026-08-21T16:01:26.207636211) [Dbg] [SimpleHydrodynamics.cc:178]   <zWW>: 0
(2026-08-21T16:01:26.207846086) (2026-08-21T16:01:26.207933711) [Dbg] [SimpleHydrodynamics.cc:179]   <kP>: 300
(2026-08-21T16:01:26.208152253) (2026-08-21T16:01:26.208238086) [Dbg] [SimpleHydrodynamics.cc:180]   <kPP>: 600
(2026-08-21T16:01:26.208464461) (2026-08-21T16:01:26.208554503) [Dbg] [SimpleHydrodynamics.cc:181]   <mQ>: 900
(2026-08-21T16:01:26.208776795) (2026-08-21T16:01:26.208866211) [Dbg] [SimpleHydrodynamics.cc:182]   <mQQ>: 900
(2026-08-21T16:01:26.209160711) (2026-08-21T16:01:26.209257711) [Dbg] [SimpleHydrodynamics.cc:183]   <nR>: 800
(2026-08-21T16:01:26.209563170) (2026-08-21T16:01:26.209673295) [Dbg] [SimpleHydrodynamics.cc:184]   <nRR>: 800
(2026-08-21T16:01:26.209996170) (2026-08-21T16:01:26.210103503) [Dbg] [SystemManager.cc:80] Loaded system [vrx::SimpleHydrodynamics] for entity [143]
(2026-08-21T16:01:26.217160253) (2026-08-21T16:01:26.217256711) [Dbg] [DetachableJoint.cc:137] Detach topic is: /vrx/release
(2026-08-21T16:01:26.219483461) (2026-08-21T16:01:26.219720961) [Dbg] [DetachableJoint.cc:143] DetachableJoint subscribing to messages on [/vrx/release]
(2026-08-21T16:01:26.220095586) (2026-08-21T16:01:26.220224295) [Dbg] [DetachableJoint.cc:160] Attach topic is: /model/wamv/detachable_joint/attach
(2026-08-21T16:01:26.220914961) (2026-08-21T16:01:26.221008045) [Dbg] [DetachableJoint.cc:195] Output topic is: /model/platform/detachable_joint/state
(2026-08-21T16:01:26.222525795) (2026-08-21T16:01:26.222620170) [Dbg] [SystemManager.cc:80] Loaded system [gz::sim::systems::DetachableJoint] for entity [143]
(2026-08-21T16:01:26.232447670) (2026-08-21T16:01:26.234029836) [Dbg] [SystemManager.cc:80] Loaded system [gz::sim::systems::PosePublisher] for entity [143]
(2026-08-21T16:01:26.254010128) (2026-08-21T16:01:26.254205836) [Dbg] [SystemManager.cc:80] Loaded system [gz::sim::systems::JointStatePublisher] for entity [143]
(2026-08-21T16:01:26.281980753) (2026-08-21T16:01:26.282139003) [Dbg] [SystemManager.cc:80] Loaded system [vrx::AcousticPingerPlugin] for entity [143]
(2026-08-21T16:01:26.329061795) (2026-08-21T16:01:26.331158961) [Dbg] [BallShooterPlugin.cc:212] <projectile><model_name>: blue_projectile
(2026-08-21T16:01:26.331637836) (2026-08-21T16:01:26.331766628) [Dbg] [BallShooterPlugin.cc:213] <projectile><link_name>: link
(2026-08-21T16:01:26.332062711) (2026-08-21T16:01:26.332178211) [Dbg] [BallShooterPlugin.cc:214] <frame>: wamv/ball_shooter_launcher_link
(2026-08-21T16:01:26.332470628) (2026-08-21T16:01:26.332584795) [Dbg] [BallShooterPlugin.cc:215] <num_shots>: 4
(2026-08-21T16:01:26.332929586) (2026-08-21T16:01:26.333068211) [Dbg] [BallShooterPlugin.cc:216] <pose>: 0.14 0 0 0 0 0
(2026-08-21T16:01:26.336179503) (2026-08-21T16:01:26.336339836) [Dbg] [BallShooterPlugin.cc:218] <shot_force>: 65
(2026-08-21T16:01:26.336775961) (2026-08-21T16:01:26.336904670) [Dbg] [BallShooterPlugin.cc:219] <topic>: wamv/shooters/ball_shooter/fire
(2026-08-21T16:01:26.337401586) (2026-08-21T16:01:26.337552461) [Dbg] [SystemManager.cc:80] Loaded system [vrx::BallShooterPlugin] for entity [143]
(2026-08-21T16:01:26.339430795) (2026-08-21T16:01:26.339621211) [Dbg] [UserCommands.cc:1094] Created entity [143] named [wamv]
(2026-08-21T16:01:26.348806920) (2026-08-21T16:01:26.349106545) [Msg] Contact system publishing on /vrx/contacts
(2026-08-21T16:01:26.351495086) (2026-08-21T16:01:26.351644545) [Dbg] [USVWind.cc:282] wamv initialized
(2026-08-21T16:01:26.457854253) (2026-08-21T16:01:26.458063253) [Dbg] [SDFFeatures.cc:332] Mesh construction from an SDF has not been implemented yet for dartsim. Use AttachMeshShapeFeature to use mesh shapes.
(2026-08-21T16:01:26.458467378) (2026-08-21T16:01:26.458636753) [Dbg] [SDFFeatures.cc:864] The geometry element of collision [collision] couldn't be created
(2026-08-21T16:01:26.667373003) (2026-08-21T16:01:26.667528961) [Dbg] [SimulationFeatures.cc:90] Simulation timestep set to: 0.004
(2026-08-21T16:01:26.710031378) (2026-08-21T16:01:26.710243378) [Dbg] [Sensors.cc:953] Initialization needed
(2026-08-21T16:01:26.712022920) (2026-08-21T16:01:26.712224878) [Dbg] [Sensors.cc:349] Initializing render context
(2026-08-21T16:01:26.732409170) (2026-08-21T16:01:26.732608878) [Msg] Loading plugin [gz-rendering-ogre2]
(2026-08-21T16:01:26.761621795) (2026-08-21T16:01:26.761863461) [Dbg] [ImuSensor.cc:150] IMU data for [wamv::wamv/imu_wamv_link::imu_wamv_sensor] advertised on [world/sydney_regatta/model/wamv/link/wamv/imu_wamv_link/sensor/imu_wamv_sensor/imu]
(2026-08-21T16:01:26.787532086) (2026-08-21T16:01:26.787753670) [Msg] Serving scene information on [/world/sydney_regatta/scene/info](2026-08-21T16:01:26.788315836) (2026-08-21T16:01:26.788543753) [Wrn] [Component.hh:127] 
Trying to serialize component with data type [St10shared_ptrIN3sdf3v147ElementEE], which doesn't have `operator<<`. Component will not be serialized.
(2026-08-21T16:01:26.789303253) (2026-08-21T16:01:26.789490586) [Msg] Serving graph information on [/world/sydney_regatta/scene/graph]
(2026-08-21T16:01:26.791434128) (2026-08-21T16:01:26.791625586) [Msg] Serving full state on [/world/sydney_regatta/state]
(2026-08-21T16:01:26.792608670) (2026-08-21T16:01:26.792810045) [Msg] Serving full state (async) on [/world/sydney_regatta/state_async]
(2026-08-21T16:01:26.793800211) (2026-08-21T16:01:26.794062836) [Msg] Publishing scene information on [/world/sydney_regatta/scene/info]
(2026-08-21T16:01:26.797707461) (2026-08-21T16:01:26.797999378) [Msg] Publishing entity deletions on [/world/sydney_regatta/scene/deletion]
(2026-08-21T16:01:26.798771920) (2026-08-21T16:01:26.798940836) [Msg] Publishing state changes on [/world/sydney_regatta/state]
(2026-08-21T16:01:26.799817878) (2026-08-21T16:01:26.800094253) [Msg] Publishing pose messages on [/world/sydney_regatta/pose/info]
(2026-08-21T16:01:26.801147170) (2026-08-21T16:01:26.801312586) [Msg] Publishing dynamic pose messages on [/world/sydney_regatta/dynamic_pose/info]
((2026-08-21T16:01:26.811834128) (2026-08-21T16:01:26.812212836) [Dbg] [SimulationRunner.cc:560] Exiting postupdate worker thread (1)
(2026-08-21T16:01:26.812855670) ((2026-08-21T16:01:26.813079586(2026-08-21T16:01:26.813079586) [Dbg] [SimulationRunner.cc:560] Exiting postupdate worker thread (7)
((2026-08-21T16:01:26.813754003) (2026-08-21T16:01:26.814032128) [Dbg] [SimulationRunner.cc:560] Exiting postupdate worker thread (2026-08-21T16:01:26.814304711) (2026-08-21T16:01:26.814462961) 2026-08-21T16:01:26.814618503) (2026-08-21T16:01:26.814852961) (2026-08-21T16:01:26.815105753) (2026-08-21T16:01:26.815372295) (2026-08-21T16:01:26.815587795) (2026-08-21T16:01:26.815811836) 3)
2026-08-21T16:01:26.815980420) (2026-08-21T16:01:26.816461128) [Dbg] [SimulationRunner.cc:560] Exiting postupdate worker thread (6)
[Dbg] [SimulationRunner.cc:560] Exiting postupdate worker thread (2)
[Dbg] [SimulationRunner.cc:560] Exiting postupdate worker thread (4)
[Dbg] [SimulationRunner.cc:560] Exiting postupdate worker thread (0)
[Dbg] [SimulationRunner.cc:560] Exiting postupdate worker thread (5)
(2026-08-21T16:01:26.819522170) (2026-08-21T16:01:26.819683420) [Dbg] [SimulationRunner.cc:533] Creating PostUpdate worker threads: 13
(2026-08-21T16:01:26.820224836) (2026-08-21T16:01:26.820404003) [Dbg] [SimulationRunner.cc:544] Creating postupdate worker thread (0)
(2026-08-21T16:01:26.847456545) (2026-08-21T16:01:26.847639211) [Dbg] [SimulationRunner.cc:544] Creating postupdate worker thread (1)
(2026-08-21T16:01:26.848143503) (2026-08-21T16:01:26.848374628) [Dbg] [SimulationRunner.cc:544] Creating postupdate worker thread (2)
(2026-08-21T16:01:26.848741461) (2026-08-21T16:01:26.848878961) [Dbg] [SimulationRunner.cc:544] Creating postupdate worker thread (3)
(2026-08-21T16:01:26.849242045) (2026-08-21T16:01:26.849404586) [Dbg] [SimulationRunner.cc:544] Creating postupdate worker thread (4)
(2026-08-21T16:01:26.849886961) (2026-08-21T16:01:26.850079420) [Dbg] [SimulationRunner.cc:544] Creating postupdate worker thread (5)
(2026-08-21T16:01:26.850435461) (2026-08-21T16:01:26.850527628) [Dbg] [SimulationRunner.cc:544] Creating postupdate worker thread (6)
(2026-08-21T16:01:26.850924961) (2026-08-21T16:01:26.851016253) [Dbg] [SimulationRunner.cc:544] Creating postupdate worker thread (7)
(2026-08-21T16:01:26.851331420) (2026-08-21T16:01:26.851420086) [Dbg] [SimulationRunner.cc:544] Creating postupdate worker thread (8)
(2026-08-21T16:01:26.851798336) (2026-08-21T16:01:26.852012128) [Dbg] [SimulationRunner.cc:544] Creating postupdate worker thread (9)
(2026-08-21T16:01:26.852543545) (2026-08-21T16:01:26.852658795) [Dbg] [SimulationRunner.cc:544] Creating postupdate worker thread (10)
(2026-08-21T16:01:26.853075003) (2026-08-21T16:01:26.853183795) [Dbg] [SimulationRunner.cc:544] Creating postupdate worker thread (11)
(2026-08-21T16:01:26.876152170) (2026-08-21T16:01:26.876313503) [Dbg] [JointPositionController.cc:376] Identified joint [wamv/left_chassis_engine_joint] as Entity [244]
(2026-08-21T16:01:26.879740962) (2026-08-21T16:01:26.880061378) [Dbg] [JointPositionController.cc:376] Identified joint [wamv/right_chassis_engine_joint] as Entity [247]
(2026-08-21T16:01:26.9057782952026-08-21T16:01:26.905778295(2026-08-21T16:01:26.905984753) () (2026-08-21T16:01:26.9062370032026-08-21T16:01:26.906285670) ) [Wrn] [DetachableJoint.cc:348] [Wrn] [DetachableJoint.cc:348] [Wrn] [Ogre2RenderEngine.cc:551] Unable to open display: Child Link dummy_upper. Trying to run in headless mode. could not be found.

(2026-08-21T16:01:28.910945004) (2026-08-21T16:01:28.911041462) [Dbg] [RenderUtil.cc:2646] Create scene [scene]
(2026-08-21T16:01:29.715161421) (2026-08-21T16:01:29.715331796) [Dbg] [Sensors.cc:391] Rendering Thread initialized
(2026-08-21T16:01:29.715665963) (2026-08-21T16:01:29.715832088) [Dbg] [Sensors.cc:953] Initialization needed
(2026-08-21T16:01:29.731050671) (2026-08-21T16:01:29.734165171) [Wrn] [DetachableJoint.cc:348] Child Link dummy_upper could not be found.
(2026-08-21T16:01:41.229298177) (2026-08-21T16:01:41.229546802) [Dbg] [CameraSensor.cc:405] Camera images for [wamv::wamv/base_link::front_left_camera_sensor] advertised on [world/sydney_regatta/model/wamv/link/wamv/base_link/sensor/front_left_camera_sensor/image]
(2026-08-21T16:01:41.230754718) (2026-08-21T16:01:41.230942093) [Dbg] [CameraSensor.cc:695] Camera info for [wamv::wamv/base_link::front_left_camera_sensor] advertised on [/world/sydney_regatta/model/wamv/link/wamv/base_link/sensor/front_left_camera_sensor/camera_info]
(2026-08-21T16:01:41.235448260) (2026-08-21T16:01:41.235783843) [Wrn] [Ogre2Camera.cc:421] Ogre2Camera::SetVisibilityMask: Mask bits c0000000 are set but will be ignored as they conflict with the reserved bits used internally by the ogre2 backend.
(2026-08-21T16:01:41.244229593) (2026-08-21T16:01:41.244483843) [Dbg] [CameraSensor.cc:405] Camera images for [wamv::wamv/base_link::front_right_camera_sensor] advertised on [world/sydney_regatta/model/wamv/link/wamv/base_link/sensor/front_right_camera_sensor/image]
(2026-08-21T16:01:41.245037718) (2026-08-21T16:01:41.245161093) [Dbg] [CameraSensor.cc:695] Camera info for [wamv::wamv/base_link::front_right_camera_sensor] advertised on [/world/sydney_regatta/model/wamv/link/wamv/base_link/sensor/front_right_camera_sensor/camera_info]
(2026-08-21T16:01:41.245605968) (2026-08-21T16:01:41.245755593) [Wrn] [Ogre2Camera.cc:421] Ogre2Camera::SetVisibilityMask: Mask bits c0000000 are set but will be ignored as they conflict with the reserved bits used internally by the ogre2 backend.
(2026-08-21T16:01:41.246725968) (2026-08-21T16:01:41.247043010) [Dbg] [CameraSensor.cc:405] Camera images for [wamv::wamv/base_link::middle_right_camera_sensor] advertised on [world/sydney_regatta/model/wamv/link/wamv/base_link/sensor/middle_right_camera_sensor/image]
(2026-08-21T16:01:41.247740885) (2026-08-21T16:01:41.247880635) [Dbg] [CameraSensor.cc:695] Camera info for [wamv::wamv/base_link::middle_right_camera_sensor] advertised on [/world/sydney_regatta/model/wamv/link/wamv/base_link/sensor/middle_right_camera_sensor/camera_info]
(2026-08-21T16:01:41.248637343) (2026-08-21T16:01:41.248749093) [Wrn] [Ogre2Camera.cc:421] Ogre2Camera::SetVisibilityMask: Mask bits c0000000 are set but will be ignored as they conflict with the reserved bits used internally by the ogre2 backend.
(2026-08-21T16:01:41.251083593) (2026-08-21T16:01:41.251308093) [Dbg] [Lidar.cc:139] Laser scans for [wamv::wamv/base_link::lidar_wamv_sensor] advertised on [world/sydney_regatta/model/wamv/link/wamv/base_link/sensor/lidar_wamv_sensor/scan]
(2026-08-21T16:01:41.253294135) (2026-08-21T16:01:41.253494677) [Dbg] [GpuLidarSensor.cc:164] Lidar points for [wamv::wamv/base_link::lidar_wamv_sensor] advertised on [world/sydney_regatta/model/wamv/link/wamv/base_link/sensor/lidar_wamv_sensor/scan/points]
(2026-08-21T16:01:41.411515427) (2026-08-21T16:01:41.411746010) [Dbg] [CameraSensor.cc:504] Enabling camera sensor: 'wamv::wamv/base_link::front_left_camera_sensor' data generation.
(2026-08-21T16:01:46.50208762) (2026-08-21T16:01:46.50546346) [Dbg] [CameraSensor.cc:504] Enabling camera sensor: 'wamv::wamv/base_link::front_right_camera_sensor' data generation.
(2026-08-21T16:01:46.239619554) (2026-08-21T16:01:46.239763471) [Dbg] [CameraSensor.cc:504] Enabling camera sensor: 'wamv::wamv/base_link::middle_right_camera_sensor' data generation.
(2026-08-21T16:01:47.374280305) (2026-08-21T16:01:47.374693930) [Wrn] [DetachableJoint.cc:348] Child Link dummy_upper could not be found.
(2026-08-21T16:01:47.378200846) (2026-08-21T16:01:47.378617180) [Wrn] [DetachableJoint.cc:348] Child Link dummy_upper could not be found.
(2026-08-21T16:01:47.382469388) (2026-08-21T16:01:47.382913305) [Wrn] [DetachableJoint.cc:348] Child Link dummy_upper could not be found.
(2026-08-21T16:01:47.386704346) (2026-08-21T16:01:47.386808221) [Wrn] [DetachableJoint.cc:348] Child Link dummy_upper could not be found.
(2026-08-21T16:01:47.391096430) (2026-08-21T16:01:47.391198971) [Wrn] [DetachableJoint.cc:348] Child Link dummy_upper could not be found.
(2026-08-21T16:01:47.395210013) (2026-08-21T16:01:47.395406138) [Wrn] [DetachableJoint.cc:348] Child Link dummy_upper could not be found.
(2026-08-21T16:01:47.399702763) (2026-08-21T16:01:47.399946513) [Wrn] [DetachableJoint.cc:348] Child Link dummy_upper could not be found.
(2026-08-21T16:01:47.403713138) (2026-08-21T16:01:47.403901138) [Wrn] [DetachableJoint.cc:348] Child Link dummy_upper could not be found.
(2026-08-21T16:01:47.407838555) (2026-08-21T16:01:47.407948846) [Wrn] [DetachableJoint.cc:348] Child Link dummy_upper could not be found.
(2026-08-21T16:01:47.414589430) (2026-08-21T16:01:47.415595388) [Wrn] [DetachableJoint.cc:348] Child Link dummy_upper could not be found.
(2026-08-21T16:01:47.419646471) (2026-08-21T16:01:47.419865513) [Wrn] [DetachableJoint.cc:348] Child Link dummy_upper could not be found.
(2026-08-21T16:01:47.428376471) (2026-08-21T16:01:47.431332763) [Wrn] [DetachableJoint.cc:348] Child Link dummy_upper could not be found.
(2026-08-21T16:01:47.446098513) (2026-08-21T16:01:47.456027763) [Wrn] [DetachableJoint.cc:348] Child Link dummy_upper could not be found.
(2026-08-21T16:01:47.461592763) (2026-08-21T16:01:47.462700263) [Wrn] [DetachableJoint.cc:348] Child Link dummy_upper could not be found.
(2026-08-21T16:01:47.931485763) (2026-08-21T16:01:47.931784638) [Wrn] [DetachableJoint.cc:348] Child Link dummy_upper could not be found.
(2026-08-21T16:01:47.937029013) (2026-08-21T16:01:47.937174347) [Wrn] [DetachableJoint.cc:348] Child Link dummy_upper could not be found.
(2026-08-21T16:01:47.942278888) (2026-08-21T16:01:47.943765555) [Wrn] [DetachableJoint.cc:348] Child Link dummy_upper could not be found.
(2026-08-21T16:01:47.946937013) (2026-08-21T16:01:47.947189180) [Wrn] [DetachableJoint.cc:348] Child Link dummy_upper could not be found.
(2026-08-21T16:01:47.951873847) (2026-08-21T16:01:47.953319430) [Wrn] [DetachableJoint.cc:348] Child Link dummy_upper could not be found.
(2026-08-21T16:01:47.971746222) (2026-08-21T16:01:47.972207222) [Wrn] [DetachableJoint.cc:348] Child Link dummy_upper could not be found.
(2026-08-21T16:01:47.986085638) (2026-08-21T16:01:47.986507222) [Wrn] [DetachableJoint.cc:348] Child Link dummy_upper could not be found.
(2026-08-21T16:01:47.995273638) (2026-08-21T16:01:47.995514180) [Wrn] [DetachableJoint.cc:348] Child Link dummy_upper could not be found.
(2026-08-21T16:01:48.490667638) (2026-08-21T16:01:48.490927805) [Wrn] [DetachableJoint.cc:348] Child Link dummy_upper could not be found.
(2026-08-21T16:01:48.495782013) (2026-08-21T16:01:48.495898638) [Wrn] [DetachableJoint.cc:348] Child Link dummy_upper could not be found.
(2026-08-21T16:01:48.499209597) (2026-08-21T16:01:48.499297055) [Wrn] [DetachableJoint.cc:348] Child Link dummy_upper could not be found.
(2026-08-21T16:01:48.505784972) (2026-08-21T16:01:48.505895138) [Wrn] [DetachableJoint.cc:348] Child Link dummy_upper could not be found.
(2026-08-21T16:01:48.510051347) (2026-08-21T16:01:48.510380805) [Wrn] [DetachableJoint.cc:348] Child Link dummy_upper could not be found.
(2026-08-21T16:01:48.522311805) (2026-08-21T16:01:48.522959805) [Wrn] [DetachableJoint.cc:348] Child Link dummy_upper could not be found.
(2026-08-21T16:01:48.533551222) (2026-08-21T16:01:48.538276764) [Wrn] [DetachableJoint.cc:348] Child Link dummy_upper could not be found.
(2026-08-21T16:01:48.547085180) (2026-08-21T16:01:48.547740555) [Wrn] [DetachableJoint.cc:348] Child Link dummy_upper could not be found.
(2026-08-21T16:01:48.565998305) (2026-08-21T16:01:48.570698514) [Wrn] [DetachableJoint.cc:348] Child Link dummy_upper could not be found.
(2026-08-21T16:01:49.161515597) (2026-08-21T16:01:49.161838097) [Wrn] [DetachableJoint.cc:348] Child Link dummy_upper could not be found.
(2026-08-21T16:01:49.165672805) (2026-08-21T16:01:49.165885097) [Wrn] [DetachableJoint.cc:348] Child Link dummy_upper could not be found.
(2026-08-21T16:01:49.169773430) (2026-08-21T16:01:49.170275639) [Wrn] [DetachableJoint.cc:348] Child Link dummy_upper could not be found.
(2026-08-21T16:01:49.177395250) (2026-08-21T16:01:49.177717166) [Wrn] [DetachableJoint.cc:348] Child Link dummy_upper could not be found.
(2026-08-21T16:01:49.180776541) (2026-08-21T16:01:49.181082458) [Wrn] [DetachableJoint.cc:348] Child Link dummy_upper could not be found.
(2026-08-21T16:01:49.187396583) (2026-08-21T16:01:49.187844041) [Wrn] [DetachableJoint.cc:348] Child Link dummy_upper could not be found.
(2026-08-21T16:01:49.203428125) (2026-08-21T16:01:49.208979375) [Wrn] [DetachableJoint.cc:348] Child Link dummy_upper could not be found.
(2026-08-21T16:01:49.221775708) (2026-08-21T16:01:49.222160750) [Wrn] [DetachableJoint.cc:348] Child Link dummy_upper could not be found.
(2026-08-21T16:01:49.790324875) (2026-08-21T16:01:49.790598625) [Wrn] [DetachableJoint.cc:348] Child Link dummy_upper could not be found.
(2026-08-21T16:01:49.794818375) (2026-08-21T16:01:49.794994583) [Wrn] [DetachableJoint.cc:348] Child Link dummy_upper could not be found.
(2026-08-21T16:01:49.799104625) (2026-08-21T16:01:49.799281750) [Wrn] [DetachableJoint.cc:348] Child Link dummy_upper could not be found.
(2026-08-21T16:01:49.806624791) (2026-08-21T16:01:49.807044125) [Wrn] [DetachableJoint.cc:348] Child Link dummy_upper could not be found.
(2026-08-21T16:01:49.810645208) (2026-08-21T16:01:49.810806791) [Wrn] [DetachableJoint.cc:348] Child Link dummy_upper could not be found.
(2026-08-21T16:01:49.832462250) (2026-08-21T16:01:49.840084958) [Wrn] [DetachableJoint.cc:348] Child Link dummy_upper could not be found.
(2026-08-21T16:01:49.853378833) (2026-08-21T16:01:49.853921625) [Wrn] [DetachableJoint.cc:348] Child Link dummy_upper could not be found.
(2026-08-21T16:01:49.873601958) (2026-08-21T16:01:49.879915500) [Wrn] [DetachableJoint.cc:348] Child Link dummy_upper could not be found.
(2026-08-21T16:01:50.456833917) (2026-08-21T16:01:50.457630542) [Dbg] [gz.cc:434] Shutting down gz-sim-server
(2026-08-21T16:01:50.458821375) (2026-08-21T16:01:50.459107500) [Dbg] [Sensors.cc:565] SensorsPrivate::Stop
(2026-08-21T16:01:51.183422667) (2026-08-21T16:01:51.183631750) [Dbg] [Sensors.cc:551] SensorsPrivate::RenderThread stopped
((2026-08-21T16:01:51.188186625) (2026-08-21T16:01:51.188512625) [Dbg] [SimulationRunner.cc:560] Exiting postupdate worker thread (0)
(2026-08-21T16:01:51.189131542) (2026-08-21T16:01:51.189425084) [Dbg] [SimulationRunner.cc:560] Exiting postupdate worker thread (7)
(2026-08-21T16:01:51.189929209) (2026-08-21T16:01:51.190130792) [Dbg] [SimulationRunner.cc:560] Exiting postupdate worker thread (4)
(2026-08-21T16:01:51.190746667) (2026-08-21T16:01:51.190939542) [Dbg] [SimulationRunner.cc:560] Exiting postupdate worker thread (1)
2026-08-21T16:01:51.191410917) (2026-08-21T16:01:51.191634959) [Dbg] [SimulationRunner.cc:560] (Exiting postupdate worker thread (5)
(2026-08-21T16:01:51.192236167) (2026-08-21T16:01:51.192433625) [Dbg] [SimulationRunner.cc:560] Exiting postupdate worker thread (10)
(2026-08-21T16:01:51.192980917) (2026-08-21T16:01:51.193242250) [Dbg] [SimulationRunner.cc:560] (2026-08-21T16:01:51.193728000) (2026-08-21T16:01:51.193948084) (2026-08-21T16:01:51.194263042) (2026-08-21T16:01:51.194461000) Exiting postupdate worker thread (6()
2026-08-21T16:01:51.195015584) (2026-08-21T16:01:51.195256959) [Dbg] [SimulationRunner.cc:560] Exiting postupdate worker thread (11)
2026-08-21T16:01:51.195969250) (2026-08-21T16:01:51.196216042) [Dbg] [SimulationRunner.cc:560] Exiting postupdate worker thread (3)
(2026-08-21T16:01:51.196829875) (2026-08-21T16:01:51.197035042) [Dbg] [SimulationRunner.cc:560] Exiting postupdate worker thread (2)
[Dbg] [SimulationRunner.cc:560] Exiting postupdate worker thread (9)
[Dbg] [SimulationRunner.cc:560] Exiting postupdate worker thread (8)
(2026-08-21T16:01:51.290001417) (2026-08-21T16:01:51.290174084) [Dbg] [Sensors.cc:565] SensorsPrivate::Stop
(2026-08-21T16:01:51.308936042) (2026-08-21T16:01:51.309045001) [Msg] Stopping recording
