(2026-08-22T17:18:27.106081217) (2026-08-22T17:18:27.106570801) [Msg] Gazebo Sim Server v8.10.0
(2026-08-22T17:18:27.109043592) (2026-08-22T17:18:27.109271592) [Msg] Setting seed value: 7320
(2026-08-22T17:18:27.256058092) (2026-08-22T17:18:27.256198592) [Msg] Loading SDF world file[/opt/vrx_ws/install/share/vrx_gz/worlds/sydney_regatta.sdf].
(2026-08-22T17:18:28.446218) (2026-08-22T17:18:28.573759) [Msg] Serving entity system service on [/entity/system/add]
(2026-08-22T17:18:28.73200009) (2026-08-22T17:18:28.73360176) [Dbg] [Physics.cc:899] Loaded [gz::physics::dartsim::Plugin] from library [/opt/ros/jazzy/opt/gz_physics_vendor/lib/gz-physics-7/engine-plugins/libgz-physics-dartsim-plugin.so]
(2026-08-22T17:18:28.74049468) (2026-08-22T17:18:28.74136176) [Dbg] [SystemManager.cc:80] Loaded system [gz::sim::systems::Physics] for entity [1]
(2026-08-22T17:18:28.80092343) (2026-08-22T17:18:28.80204551) [Msg] Create service on [/world/sydney_regatta/create_multiple] (async)
(2026-08-22T17:18:28.80599468) (2026-08-22T17:18:28.80683426) [Msg] Create service on [/world/sydney_regatta/create_multiple/blocking] (blocking)
(2026-08-22T17:18:28.81595676) (2026-08-22T17:18:28.81693926) [Msg] Remove service on [/world/sydney_regatta/remove] (async)
(2026-08-22T17:18:28.82095551) (2026-08-22T17:18:28.82198676) [Msg] Remove service on [/world/sydney_regatta/remove/blocking] (blocking)
(2026-08-22T17:18:28.82835843) (2026-08-22T17:18:28.82943426) [Msg] Pose service on [/world/sydney_regatta/set_pose] (async)
(2026-08-22T17:18:28.83486134) (2026-08-22T17:18:28.83589593) [Msg] Pose service on [/world/sydney_regatta/set_pose/blocking] (blocking)
(2026-08-22T17:18:28.84303551) (2026-08-22T17:18:28.84423384) [Msg] Pose service on [/world/sydney_regatta/set_pose_vector] (async)
(2026-08-22T17:18:28.84739093) (2026-08-22T17:18:28.84834718) [Msg] Pose service on [/world/sydney_regatta/set_pose_vector/blocking] (blocking)
(2026-08-22T17:18:28.85605051) (2026-08-22T17:18:28.85720259) [Msg] Light configuration service on [/world/sydney_regatta/light_config] (async)
(2026-08-22T17:18:28.86006718) (2026-08-22T17:18:28.86089259) [Msg] Light configuration service on [/world/sydney_regatta/light_config/blocking] (blocking)
(2026-08-22T17:18:28.88474926) (2026-08-22T17:18:28.88642634) [Msg] Physics service on [/world/sydney_regatta/set_physics] (async)
(2026-08-22T17:18:28.89010968) (2026-08-22T17:18:28.89123926) [Msg] Physics service on [/world/sydney_regatta/set_physics/blocking] (blocking)
(2026-08-22T17:18:28.89863218) (2026-08-22T17:18:28.89974676) [Msg] SphericalCoordinates service on [/world/sydney_regatta/set_spherical_coordinates] (async)
(2026-08-22T17:18:28.90294134) (2026-08-22T17:18:28.90405051) [Msg] SphericalCoordinates service on [/world/sydney_regatta/set_spherical_coordinates/blocking] (blocking)
(2026-08-22T17:18:28.90831468) (2026-08-22T17:18:28.90928134) [Msg] Enable collision service on [/world/sydney_regatta/enable_collision] (async)
(2026-08-22T17:18:28.91256301) (2026-08-22T17:18:28.91337926) [Msg] Enable collision service on [/world/sydney_regatta/enable_collision/blocking] (blocking)
(2026-08-22T17:18:28.91721509) (2026-08-22T17:18:28.91806634) [Msg] Disable collision service on [/world/sydney_regatta/disable_collision] (async)
(2026-08-22T17:18:28.92288926) (2026-08-22T17:18:28.92394968) [Msg] Disable collision service on [/world/sydney_regatta/disable_collision/blocking] (blocking)
(2026-08-22T17:18:28.93101759) (2026-08-22T17:18:28.93200634) [Msg] Material service on [/world/sydney_regatta/visual_config] (async)
(2026-08-22T17:18:28.93517926) (2026-08-22T17:18:28.93646176) [Msg] Material service on [/world/sydney_regatta/visual_config/blocking] (blocking)
(2026-08-22T17:18:28.94343301) (2026-08-22T17:18:28.94438384) [Msg] Material service on [/world/sydney_regatta/wheel_slip] (async)
(2026-08-22T17:18:28.94732509) (2026-08-22T17:18:28.94835218) [Msg] Material service on [/world/sydney_regatta/wheel_slip/blocking] (blocking)
(2026-08-22T17:18:28.95140301) (2026-08-22T17:18:28.95232176) [Dbg] [SystemManager.cc:80] Loaded system [gz::sim::systems::UserCommands] for entity [1]
(2026-08-22T17:18:28.108759885) (2026-08-22T17:18:28.108914218) [Dbg] [Sensors.cc:697] Configuring Sensors system
(2026-08-22T17:18:28.110693051) (2026-08-22T17:18:28.110853968) [Dbg] [Sensors.cc:557] SensorsPrivate::Run
(2026-08-22T17:18:28.111233260) (2026-08-22T17:18:28.111343093) ([Dbg] [SystemManager.cc:80] Loaded system [gz::sim::systems::Sensors] for entity [1]
2026-08-22T17:18:28.111743218) (2026-08-22T17:18:28.114861343) [Dbg] [Sensors.cc:532] [Dbg] [Sensors.cc:532] (2026-08-22T17:18:28.115140510SensorsPrivate::RenderThread started) (
2026-08-22T17:18:28.115373885) ([Dbg] [SystemManager.cc:80] Loaded system [2026-08-22T17:18:28.115805218) gz::sim::systems::Imu(] for entity [2026-08-22T17:18:28.116015885) 11[Dbg] [Sensors.cc:337] ]Waiting for init

(2026-08-22T17:18:28.119573176) (2026-08-22T17:18:28.119662093) [Dbg] [Magnetometer.cc:261] Magnetometer: using param [use_units_gauss: 1].
(2026-08-22T17:18:28.120018176) (2026-08-22T17:18:28.120078676) [Dbg] [Magnetometer.cc:269] Magnetometer: using param [use_earth_frame_ned: 1].
(2026-08-22T17:18:28.120340843) (2026-08-22T17:18:28.120448010) [Dbg] [SystemManager.cc:80] Loaded system [gz::sim::systems::Magnetometer] for entity [1]
(2026-08-22T17:18:28.124228760) (2026-08-22T17:18:28.124349010) [Dbg] [SystemManager.cc:80] Loaded system [gz::sim::systems::ForceTorque] for entity [1]
(2026-08-22T17:18:28.128396051) (2026-08-22T17:18:28.128514176) [Msg] Serving particle emitter information on [/world/sydney_regatta/particle_emitters]
(2026-08-22T17:18:28.128849760) (2026-08-22T17:18:28.128933593) [Dbg] [SystemManager.cc:80] Loaded system [gz::sim::systems::ParticleEmitter] for entity [1]
(2026-08-22T17:18:28.134860885) (2026-08-22T17:18:28.134936051) [Dbg] [SystemManager.cc:80] Loaded system [gz::sim::systems::SceneBroadcaster] for entity [1]
(2026-08-22T17:18:28.137657385) (2026-08-22T17:18:28.137728468) [Dbg] [SystemManager.cc:80] Loaded system [gz::sim::systems::Contact] for entity [1]
(2026-08-22T17:18:28.141029468) (2026-08-22T17:18:28.141145218) [Dbg] [SystemManager.cc:80] Loaded system [gz::sim::systems::NavSat] for entity [1]
(2026-08-22T17:18:28.155677593) (2026-08-22T17:18:28.156078760) [Dbg] [USVWind.cc:160] wamv loaded
(2026-08-22T17:18:28.158556801) (2026-08-22T17:18:28.158658593) [Msg] Wind direction unit vector = -0.5 -0.866025 0
(2026-08-22T17:18:28.159248801) (2026-08-22T17:18:28.159324135) [Msg] Wind mean velocity = 0
(2026-08-22T17:18:28.159515051) (2026-08-22T17:18:28.159591426) [Msg] var wind gain constants = 0
(2026-08-22T17:18:28.159778468) (2026-08-22T17:18:28.159868051) [Msg] var wind time constants = 2
(2026-08-22T17:18:28.160062093) (2026-08-22T17:18:28.160188760) [Msg] update rate  = 10
(2026-08-22T17:18:28.160484218) (2026-08-22T17:18:28.160558093) [Msg] topic wind speed  = /vrx/debug/wind/speed
(2026-08-22T17:18:28.160788676) (2026-08-22T17:18:28.160889051) [Msg] topic wind direction = /vrx/debug/wind/direction
(2026-08-22T17:18:28.162021635) (2026-08-22T17:18:28.162110801) [Msg] Random seed value = 10
(2026-08-22T17:18:28.162600093) (2026-08-22T17:18:28.162676801) [Msg] Var wind filter gain = 0
(2026-08-22T17:18:28.164863926) (2026-08-22T17:18:28.164986760) [Dbg] [SystemManager.cc:80] Loaded system [vrx::USVWind] for entity [1]
(2026-08-22T17:18:28.183128176) (2026-08-22T17:18:28.183315885) [Dbg] [SystemManager.cc:80] Loaded system [vrx::PublisherPlugin] for entity [1]
(2026-08-22T17:18:28.203653343) (2026-08-22T17:18:28.203752926) [Msg] Input Parameters:
(2026-08-22T17:18:28.204051676) (2026-08-22T17:18:28.204169093) [Msg] model:     PMS
(2026-08-22T17:18:28.204439926) (2026-08-22T17:18:28.204526010) [Msg] number:     3
(2026-08-22T17:18:28.204729551) (2026-08-22T17:18:28.204836343) [Msg] scale:      1.1
(2026-08-22T17:18:28.205091551) (2026-08-22T17:18:28.205205968) [Msg] angle:      0.4
(2026-08-22T17:18:28.205450010) (2026-08-22T17:18:28.205534635) [Msg] steepness:  0
(2026-08-22T17:18:28.205763968) (2026-08-22T17:18:28.205853218) [Msg] amplitude:  0
(2026-08-22T17:18:28.206094468) (2026-08-22T17:18:28.206179468) [Msg] period:     5
(2026-08-22T17:18:28.206420801) (2026-08-22T17:18:28.206493551) [Msg] direction:  0
(2026-08-22T17:18:28.206672426) (2026-08-22T17:18:28.206745010) [Msg] tau:  2
(2026-08-22T17:18:28.207172426) (2026-08-22T17:18:28.207305051) [Msg] gain:  1
(2026-08-22T17:18:28.207593676) (2026-08-22T17:18:28.207672551) [Msg] Derived Parameters:
(2026-08-22T17:18:28.207938676) (2026-08-22T17:18:28.208057260) [Msg] amplitudes:  0.121167, 0.130759, 0.128568, 
(2026-08-22T17:18:28.208849843) (2026-08-22T17:18:28.209084676) [Msg] wavenumbers: 0.133171, 0.161136, 0.194975, 
(2026-08-22T17:18:28.210071801) (2026-08-22T17:18:28.210385135) [Msg] omegas:      1.1424, 1.25664, 1.3823, 
(2026-08-22T17:18:28.210923760) (2026-08-22T17:18:28.211013718) [Msg] periods:     (2026-08-22T17:18:28.211292218) (2026-08-22T17:18:28.211371926) [Msg] 5.5, (2026-08-22T17:18:28.211602301) (2026-08-22T17:18:28.211682801) [Msg] 5, (2026-08-22T17:18:28.211878385) (2026-08-22T17:18:28.211960301) [Msg] 4.54545, (2026-08-22T17:18:28.212154718) (2026-08-22T17:18:28.212238676) [Msg] 
(2026-08-22T17:18:28.212384468) (2026-08-22T17:18:28.212470510) [Msg] phases:      0, 0, 0, 
(2026-08-22T17:18:28.212895051) (2026-08-22T17:18:28.212974468) [Msg] steepnesses: 0, 0, 0, 
(2026-08-22T17:18:28.213303301) (2026-08-22T17:18:28.213389343) [Msg] directions:  (2026-08-22T17:18:28.213582593) (2026-08-22T17:18:28.213656760) [Msg] 0.921061 -0.389418; (2026-08-22T17:18:28.214381343) (2026-08-22T17:18:28.214547676) [Msg] 1 0; (2026-08-22T17:18:28.215060718) (2026-08-22T17:18:28.215194093) [Msg] 0.921061 0.389418; (2026-08-22T17:18:28.215805718) (2026-08-22T17:18:28.215945760) [Msg] 
(2026-08-22T17:18:28.228986385) (2026-08-22T17:18:28.229085551) [Dbg] [SystemManager.cc:80] Loaded system [vrx::WaveVisual] for entity [17]
(2026-08-22T17:18:28.241427051) (2026-08-22T17:18:28.241550218) [Msg] Input Parameters:
(2026-08-22T17:18:28.241778926) (2026-08-22T17:18:28.241934593) [Msg] model:     PMS
(2026-08-22T17:18:28.242187260) (2026-08-22T17:18:28.242286051) [Msg] number:     3
(2026-08-22T17:18:28.242532551) (2026-08-22T17:18:28.242616635) [Msg] scale:      1.1
(2026-08-22T17:18:28.242851635) (2026-08-22T17:18:28.242935426) [Msg] angle:      0.4
(2026-08-22T17:18:28.243146176) (2026-08-22T17:18:28.243234426) [Msg] steepness:  0
(2026-08-22T17:18:28.243460760) (2026-08-22T17:18:28.243541926) [Msg] amplitude:  0
(2026-08-22T17:18:28.243817843) (2026-08-22T17:18:28.243896593) [Msg] period:     5
(2026-08-22T17:18:28.244147468) (2026-08-22T17:18:28.244238468) [Msg] direction:  0
(2026-08-22T17:18:28.244437051) (2026-08-22T17:18:28.244516635) [Msg] tau:  2
(2026-08-22T17:18:28.244721718) (2026-08-22T17:18:28.244799510) [Msg] gain:  1
(2026-08-22T17:18:28.244984760) (2026-08-22T17:18:28.245078093) [Msg] Derived Parameters:
(2026-08-22T17:18:28.245257301) (2026-08-22T17:18:28.245339301) [Msg] amplitudes:  0.121167, 0.130759, 0.128568, 
(2026-08-22T17:18:28.245693843) (2026-08-22T17:18:28.245797676) [Msg] wavenumbers: 0.133171, 0.161136, 0.194975, 
(2026-08-22T17:18:28.246257301) (2026-08-22T17:18:28.246337051) [Msg] omegas:      1.1424, 1.25664, 1.3823, 
(2026-08-22T17:18:28.246692260) (2026-08-22T17:18:28.246775676) [Msg] periods:     (2026-08-22T17:18:28.246961676) (2026-08-22T17:18:28.247096426) [Msg] 5.5, (2026-08-22T17:18:28.247344301) (2026-08-22T17:18:28.247441093) [Msg] 5, (2026-08-22T17:18:28.247684885) (2026-08-22T17:18:28.247812760) [Msg] 4.54545, (2026-08-22T17:18:28.248035051) (2026-08-22T17:18:28.248120385) [Msg] 
(2026-08-22T17:18:28.248272468) (2026-08-22T17:18:28.248362343) [Msg] phases:      0, 0, 0, 
(2026-08-22T17:18:28.249001968) (2026-08-22T17:18:28.249171635) [Msg] steepnesses: 0, 0, 0, 
(2026-08-22T17:18:28.249586926) (2026-08-22T17:18:28.249688801) [Msg] directions:  (2026-08-22T17:18:28.249866551) (2026-08-22T17:18:28.249967718) [Msg] 0.921061 -0.389418; (2026-08-22T17:18:28.250207718) (2026-08-22T17:18:28.250286051) [Msg] 1 0; (2026-08-22T17:18:28.250531468) (2026-08-22T17:18:28.250615135) [Msg] 0.921061 0.389418; (2026-08-22T17:18:28.250881218) (2026-08-22T17:18:28.251033135) [Msg] 
(2026-08-22T17:18:28.254005051) (2026-08-22T17:18:28.254097135) [Dbg] [PolyhedraBuoyancyDrag.cc:236] Found buoyancy element(s), looking at each element...
(2026-08-22T17:18:28.260566635) (2026-08-22T17:18:28.260667551) [Dbg] [PolyhedraBuoyancyDrag.cc:248] Buoyancy object:
	Link: link[19]
	Pose: 0 0 -0.3 0 0 0
	Geometry: Cylinder:0.325,0.1
	Mass: 20
	Water height: 0
	Water velocity: 0

(2026-08-22T17:18:28.268546218) (2026-08-22T17:18:28.268718843) [Dbg] [SystemManager.cc:80] Loaded system [vrx::PolyhedraBuoyancyDrag] for entity [18]
(2026-08-22T17:18:28.271868676) (2026-08-22T17:18:28.272043801) [Msg] Input Parameters:
(2026-08-22T17:18:28.272360926) (2026-08-22T17:18:28.272496801) [Msg] model:     PMS
(2026-08-22T17:18:28.272847135) (2026-08-22T17:18:28.272994801) [Msg] number:     3
(2026-08-22T17:18:28.273320301) (2026-08-22T17:18:28.273457593) [Msg] scale:      1.1
(2026-08-22T17:18:28.273971760) (2026-08-22T17:18:28.274136551) [Msg] angle:      0.4
(2026-08-22T17:18:28.274518426) (2026-08-22T17:18:28.274658093) [Msg] steepness:  0
(2026-08-22T17:18:28.274876343) (2026-08-22T17:18:28.274959426) [Msg] amplitude:  0
(2026-08-22T17:18:28.275199593) (2026-08-22T17:18:28.275299885) [Msg] period:     5
(2026-08-22T17:18:28.275501218) (2026-08-22T17:18:28.275623385) [Msg] direction:  0
(2026-08-22T17:18:28.275847343) (2026-08-22T17:18:28.275928301) [Msg] tau:  2
(2026-08-22T17:18:28.276122510) (2026-08-22T17:18:28.276208176) [Msg] gain:  1
(2026-08-22T17:18:28.276418676) (2026-08-22T17:18:28.276499885) [Msg] Derived Parameters:
(2026-08-22T17:18:28.276676510) (2026-08-22T17:18:28.276800260) [Msg] amplitudes:  0.121167, 0.130759, 0.128568, 
(2026-08-22T17:18:28.277199301) (2026-08-22T17:18:28.277345301) [Msg] wavenumbers: 0.133171, 0.161136, 0.194975, 
(2026-08-22T17:18:28.277764343) (2026-08-22T17:18:28.277844885) [Msg] omegas:      1.1424, 1.25664, 1.3823, 
(2026-08-22T17:18:28.278203426) (2026-08-22T17:18:28.278298843) [Msg] periods:     (2026-08-22T17:18:28.278446635) (2026-08-22T17:18:28.278529051) [Msg] 5.5, (2026-08-22T17:18:28.278699801) (2026-08-22T17:18:28.278778676) [Msg] 5, (2026-08-22T17:18:28.278944593) (2026-08-22T17:18:28.279022843) [Msg] 4.54545, (2026-08-22T17:18:28.279185885) (2026-08-22T17:18:28.279266885) [Msg] 
(2026-08-22T17:18:28.279478551) (2026-08-22T17:18:28.279558885) [Msg] phases:      0, 0, 0, 
(2026-08-22T17:18:28.279973885) (2026-08-22T17:18:28.280054635) [Msg] steepnesses: 0, 0, 0, 
(2026-08-22T17:18:28.280380218) (2026-08-22T17:18:28.280457718) [Msg] directions:  (2026-08-22T17:18:28.280594510) (2026-08-22T17:18:28.280739926) [Msg] 0.921061 -0.389418; (2026-08-22T17:18:28.281103926) (2026-08-22T17:18:28.281204426) [Msg] 1 0; (2026-08-22T17:18:28.281516718) (2026-08-22T17:18:28.281634218) [Msg] 0.921061 0.389418; (2026-08-22T17:18:28.281950093) (2026-08-22T17:18:28.282048218) [Msg] 
(2026-08-22T17:18:28.282378135) (2026-08-22T17:18:28.282489218) [Dbg] [PolyhedraBuoyancyDrag.cc:236] Found buoyancy element(s), looking at each element...
(2026-08-22T17:18:28.282922426) (2026-08-22T17:18:28.283011635) [Dbg] [PolyhedraBuoyancyDrag.cc:248] Buoyancy object:
	Link: link[24]
	Pose: 0 0 -0.3 0 0 0
	Geometry: Cylinder:0.325,0.1
	Mass: 20
	Water height: 0
	Water velocity: 0

(2026-08-22T17:18:28.284469676) (2026-08-22T17:18:28.284619801) [Dbg] [SystemManager.cc:80] Loaded system [vrx::PolyhedraBuoyancyDrag] for entity [23]
(2026-08-22T17:18:28.286076343) (2026-08-22T17:18:28.286161010) [Msg] Input Parameters:
(2026-08-22T17:18:28.286328676) (2026-08-22T17:18:28.286406176) [Msg] model:     PMS
(2026-08-22T17:18:28.286598093) (2026-08-22T17:18:28.286668135) [Msg] number:     3
(2026-08-22T17:18:28.286912010) (2026-08-22T17:18:28.286987135) [Msg] scale:      1.1
(2026-08-22T17:18:28.287151551) (2026-08-22T17:18:28.287215801) [Msg] angle:      0.4
(2026-08-22T17:18:28.287375760) (2026-08-22T17:18:28.287435843) [Msg] steepness:  0
(2026-08-22T17:18:28.287654301) (2026-08-22T17:18:28.287729926) [Msg] amplitude:  0
(2026-08-22T17:18:28.287921385) (2026-08-22T17:18:28.288020093) [Msg] period:     5
(2026-08-22T17:18:28.288221176) (2026-08-22T17:18:28.288280843) [Msg] direction:  0
(2026-08-22T17:18:28.288432385) (2026-08-22T17:18:28.288493551) [Msg] tau:  2
(2026-08-22T17:18:28.288639010) (2026-08-22T17:18:28.288698218) [Msg] gain:  1
(2026-08-22T17:18:28.288897010) (2026-08-22T17:18:28.289017635) [Msg] Derived Parameters:
(2026-08-22T17:18:28.289179676) (2026-08-22T17:18:28.289248968) [Msg] amplitudes:  0.121167, 0.130759, 0.128568, 
(2026-08-22T17:18:28.289559135) (2026-08-22T17:18:28.289622426) [Msg] wavenumbers: 0.133171, 0.161136, 0.194975, 
(2026-08-22T17:18:28.289942676) (2026-08-22T17:18:28.290009926) [Msg] omegas:      1.1424, 1.25664, 1.3823, 
(2026-08-22T17:18:28.290348510) (2026-08-22T17:18:28.290459176) [Msg] periods:     (2026-08-22T17:18:28.290761926) (2026-08-22T17:18:28.290919635) [Msg] 5.5, (2026-08-22T17:18:28.291119551) (2026-08-22T17:18:28.291196760) [Msg] 5, (2026-08-22T17:18:28.291418843) (2026-08-22T17:18:28.291500426) [Msg] 4.54545, (2026-08-22T17:18:28.291703301) (2026-08-22T17:18:28.291782718) [Msg] 
(2026-08-22T17:18:28.292000135) (2026-08-22T17:18:28.292334093) [Msg] phases:      0, 0, 0, 
(2026-08-22T17:18:28.293482885) (2026-08-22T17:18:28.293706260) [Msg] steepnesses: 0, 0, 0, 
(2026-08-22T17:18:28.294131343) (2026-08-22T17:18:28.294225635) [Msg] directions:  (2026-08-22T17:18:28.294395593) (2026-08-22T17:18:28.294485385) [Msg] 0.921061 -0.389418; (2026-08-22T17:18:28.294736843) (2026-08-22T17:18:28.294823301) [Msg] 1 0; (2026-08-22T17:18:28.295076676) (2026-08-22T17:18:28.295175926) [Msg] 0.921061 0.389418; (2026-08-22T17:18:28.295422718) (2026-08-22T17:18:28.295504760) [Msg] 
(2026-08-22T17:18:28.295733218) (2026-08-22T17:18:28.295833510) [Dbg] [PolyhedraBuoyancyDrag.cc:236] Found buoyancy element(s), looking at each element...
(2026-08-22T17:18:28.296205718) (2026-08-22T17:18:28.296284968) [Dbg] [PolyhedraBuoyancyDrag.cc:248] Buoyancy object:
	Link: link[29]
	Pose: 0 0 -0.3 0 0 0
	Geometry: Cylinder:0.325,0.1
	Mass: 20
	Water height: 0
	Water velocity: 0

(2026-08-22T17:18:28.298043468) (2026-08-22T17:18:28.298186885) [Dbg] [SystemManager.cc:80] Loaded system [vrx::PolyhedraBuoyancyDrag] for entity [28]
(2026-08-22T17:18:28.299907218) (2026-08-22T17:18:28.300010218) [Msg] Input Parameters:
(2026-08-22T17:18:28.300181926) (2026-08-22T17:18:28.300258260) [Msg] model:     PMS
(2026-08-22T17:18:28.300488343) (2026-08-22T17:18:28.300588510) [Msg] number:     3
(2026-08-22T17:18:28.300813135) (2026-08-22T17:18:28.300919260) [Msg] scale:      1.1
(2026-08-22T17:18:28.301172343) (2026-08-22T17:18:28.301268218) [Msg] angle:      0.4
(2026-08-22T17:18:28.301507093) (2026-08-22T17:18:28.301590468) [Msg] steepness:  0
(2026-08-22T17:18:28.301817926) (2026-08-22T17:18:28.301955343) [Msg] amplitude:  0
(2026-08-22T17:18:28.302211801) (2026-08-22T17:18:28.302313885) [Msg] period:     5
(2026-08-22T17:18:28.302561968) (2026-08-22T17:18:28.302644093) [Msg] direction:  0
(2026-08-22T17:18:28.302839468) (2026-08-22T17:18:28.302994260) [Msg] tau:  2
(2026-08-22T17:18:28.303181593) (2026-08-22T17:18:28.303257010) [Msg] gain:  1
(2026-08-22T17:18:28.303459301) (2026-08-22T17:18:28.303641260) [Msg] Derived Parameters:
(2026-08-22T17:18:28.303852718) (2026-08-22T17:18:28.304023510) [Msg] amplitudes:  0.121167, 0.130759, 0.128568, 
(2026-08-22T17:18:28.304479218) (2026-08-22T17:18:28.304614926) [Msg] wavenumbers: 0.133171, 0.161136, 0.194975, 
(2026-08-22T17:18:28.305018635) (2026-08-22T17:18:28.305093468) [Msg] omegas:      1.1424, 1.25664, 1.3823, 
(2026-08-22T17:18:28.305403635) (2026-08-22T17:18:28.305476010) [Msg] periods:     (2026-08-22T17:18:28.305602676) (2026-08-22T17:18:28.305674801) [Msg] 5.5, (2026-08-22T17:18:28.305879926) (2026-08-22T17:18:28.306020426) [Msg] 5, (2026-08-22T17:18:28.306288343) (2026-08-22T17:18:28.306489635) [Msg] 4.54545, (2026-08-22T17:18:28.306837843) (2026-08-22T17:18:28.306971801) [Msg] 
(2026-08-22T17:18:28.307132301) (2026-08-22T17:18:28.307212926) [Msg] phases:      0, 0, 0, 
(2026-08-22T17:18:28.307563301) (2026-08-22T17:18:28.307653510) [Msg] steepnesses: 0, 0, 0, 
(2026-08-22T17:18:28.308057760) (2026-08-22T17:18:28.308142635) [Msg] directions:  (2026-08-22T17:18:28.308304593) (2026-08-22T17:18:28.308411760) [Msg] 0.921061 -0.389418; (2026-08-22T17:18:28.308685718) (2026-08-22T17:18:28.308771051) [Msg] 1 0; (2026-08-22T17:18:28.309006760) (2026-08-22T17:18:28.309084260) [Msg] 0.921061 0.389418; (2026-08-22T17:18:28.309338968) (2026-08-22T17:18:28.309431135) [Msg] 
(2026-08-22T17:18:28.309651010) (2026-08-22T17:18:28.309756676) [Dbg] [PolyhedraBuoyancyDrag.cc:236] Found buoyancy element(s), looking at each element...
(2026-08-22T17:18:28.310142551) (2026-08-22T17:18:28.310307635) [Dbg] [PolyhedraBuoyancyDrag.cc:248] Buoyancy object:
	Link: link[34]
	Pose: 0 0 -0.3 0 0 0
	Geometry: Cylinder:0.325,0.1
	Mass: 20
	Water height: 0
	Water velocity: 0

(2026-08-22T17:18:28.311892135) (2026-08-22T17:18:28.311991176) [Dbg] [SystemManager.cc:80] Loaded system [vrx::PolyhedraBuoyancyDrag] for entity [33]
(2026-08-22T17:18:28.314194718) (2026-08-22T17:18:28.314425718) [Msg] Input Parameters:
(2026-08-22T17:18:28.314834635) (2026-08-22T17:18:28.315088926) [Msg] model:     PMS
(2026-08-22T17:18:28.315385385) (2026-08-22T17:18:28.315506260) [Msg] number:     3
(2026-08-22T17:18:28.315787968) (2026-08-22T17:18:28.315917260) [Msg] scale:      1.1
(2026-08-22T17:18:28.316194093) (2026-08-22T17:18:28.316318468) [Msg] angle:      0.4
(2026-08-22T17:18:28.316534510) (2026-08-22T17:18:28.316618843) [Msg] steepness:  0
(2026-08-22T17:18:28.316858218) (2026-08-22T17:18:28.316939635) [Msg] amplitude:  0
(2026-08-22T17:18:28.317136093) (2026-08-22T17:18:28.317229843) [Msg] period:     5
(2026-08-22T17:18:28.317528385) (2026-08-22T17:18:28.317612968) [Msg] direction:  0
(2026-08-22T17:18:28.317846635) (2026-08-22T17:18:28.317930343) [Msg] tau:  2
(2026-08-22T17:18:28.318197010) (2026-08-22T17:18:28.318304343) [Msg] gain:  1
(2026-08-22T17:18:28.318525676) (2026-08-22T17:18:28.318616051) [Msg] Derived Parameters:
(2026-08-22T17:18:28.318821260) (2026-08-22T17:18:28.318909426) [Msg] amplitudes:  0.121167, 0.130759, 0.128568, 
(2026-08-22T17:18:28.319300676) (2026-08-22T17:18:28.319390343) [Msg] wavenumbers: 0.133171, 0.161136, 0.194975, 
(2026-08-22T17:18:28.319762176) (2026-08-22T17:18:28.319852635) [Msg] omegas:      1.1424, 1.25664, 1.3823, 
(2026-08-22T17:18:28.320232718) (2026-08-22T17:18:28.320322510) [Msg] periods:     (2026-08-22T17:18:28.320476010) (2026-08-22T17:18:28.320565551) [Msg] 5.5, (2026-08-22T17:18:28.320752301) (2026-08-22T17:18:28.320813051) [Msg] 5, (2026-08-22T17:18:28.321265801) (2026-08-22T17:18:28.321336801) [Msg] 4.54545, (2026-08-22T17:18:28.321487926) (2026-08-22T17:18:28.321574510) [Msg] 
(2026-08-22T17:18:28.321763801) (2026-08-22T17:18:28.321999843) [Msg] phases:      0, 0, 0, 
(2026-08-22T17:18:28.322574051) (2026-08-22T17:18:28.322705635) [Msg] steepnesses: 0, 0, 0, 
(2026-08-22T17:18:28.323218135) (2026-08-22T17:18:28.323337010) [Msg] directions:  (2026-08-22T17:18:28.323562676) (2026-08-22T17:18:28.323679135) [Msg] 0.921061 -0.389418; (2026-08-22T17:18:28.324289260) (2026-08-22T17:18:28.324432260) [Msg] 1 0; (2026-08-22T17:18:28.324723676) (2026-08-22T17:18:28.324938426) [Msg] 0.921061 0.389418; (2026-08-22T17:18:28.325362426) (2026-08-22T17:18:28.325519176) [Msg] 
(2026-08-22T17:18:28.325929301) (2026-08-22T17:18:28.326072718) [Dbg] [PolyhedraBuoyancyDrag.cc:236] Found buoyancy element(s), looking at each element...
(2026-08-22T17:18:28.326605801) (2026-08-22T17:18:28.326778176) [Dbg] [PolyhedraBuoyancyDrag.cc:248] Buoyancy object:
	Link: link[39]
	Pose: 0 0 0 0 0 0
	Geometry: Sphere:0.21
	Mass: 3.5
	Water height: 0
	Water velocity: 0

(2026-08-22T17:18:28.328632093) (2026-08-22T17:18:28.328729343) [Dbg] [SystemManager.cc:80] Loaded system [vrx::PolyhedraBuoyancyDrag] for entity [38]
(2026-08-22T17:18:28.330197551) (2026-08-22T17:18:28.330268176) [Msg] Input Parameters:
(2026-08-22T17:18:28.330455760) (2026-08-22T17:18:28.330520426) [Msg] model:     PMS
(2026-08-22T17:18:28.330670676) (2026-08-22T17:18:28.330731343) [Msg] number:     3
(2026-08-22T17:18:28.330921260) (2026-08-22T17:18:28.330985426) [Msg] scale:      1.1
(2026-08-22T17:18:28.331135010) (2026-08-22T17:18:28.331233593) [Msg] angle:      0.4
(2026-08-22T17:18:28.331440468) (2026-08-22T17:18:28.331517468) [Msg] steepness:  0
(2026-08-22T17:18:28.331686801) (2026-08-22T17:18:28.331755010) [Msg] amplitude:  0
(2026-08-22T17:18:28.332172343) (2026-08-22T17:18:28.332358176) [Msg] period:     5
(2026-08-22T17:18:28.332582926) (2026-08-22T17:18:28.332648385) [Msg] direction:  0
(2026-08-22T17:18:28.332804551) (2026-08-22T17:18:28.332870176) [Msg] tau:  2
(2026-08-22T17:18:28.333016760) (2026-08-22T17:18:28.333075218) [Msg] gain:  1
(2026-08-22T17:18:28.333223260) (2026-08-22T17:18:28.333286843) [Msg] Derived Parameters:
(2026-08-22T17:18:28.333414343) (2026-08-22T17:18:28.333488051) [Msg] amplitudes:  0.121167, 0.130759, 0.128568, 
(2026-08-22T17:18:28.333764468) (2026-08-22T17:18:28.333831093) [Msg] wavenumbers: 0.133171, 0.161136, 0.194975, 
(2026-08-22T17:18:28.334094176) (2026-08-22T17:18:28.334156718) [Msg] omegas:      1.1424, 1.25664, 1.3823, 
(2026-08-22T17:18:28.334436135) (2026-08-22T17:18:28.334499176) [Msg] periods:     (2026-08-22T17:18:28.334641635) (2026-08-22T17:18:28.334712343) [Msg] 5.5, (2026-08-22T17:18:28.334847093) (2026-08-22T17:18:28.334910885) [Msg] 5, (2026-08-22T17:18:28.335044301) (2026-08-22T17:18:28.335180718) [Msg] 4.54545, (2026-08-22T17:18:28.335725010) (2026-08-22T17:18:28.336068135) [Msg] 
(2026-08-22T17:18:28.336499801) (2026-08-22T17:18:28.336641551) [Msg] phases:      0, 0, 0, 
(2026-08-22T17:18:28.336935010) (2026-08-22T17:18:28.336996926) [Msg] steepnesses: 0, 0, 0, 
(2026-08-22T17:18:28.337250260) (2026-08-22T17:18:28.337310176) [Msg] directions:  (2026-08-22T17:18:28.337415801) (2026-08-22T17:18:28.337475176) [Msg] 0.921061 -0.389418; (2026-08-22T17:18:28.337648260) (2026-08-22T17:18:28.337709051) [Msg] 1 0; (2026-08-22T17:18:28.337876176) (2026-08-22T17:18:28.337935260) [Msg] 0.921061 0.389418; (2026-08-22T17:18:28.338101760) (2026-08-22T17:18:28.338160051) [Msg] 
(2026-08-22T17:18:28.338341635) (2026-08-22T17:18:28.338403760) [Dbg] [PolyhedraBuoyancyDrag.cc:236] Found buoyancy element(s), looking at each element...
(2026-08-22T17:18:28.338696301) (2026-08-22T17:18:28.338759385) [Dbg] [PolyhedraBuoyancyDrag.cc:248] Buoyancy object:
	Link: link[43]
	Pose: 0 0 0 0 0 0
	Geometry: Sphere:0.21
	Mass: 3.5
	Water height: 0
	Water velocity: 0

(2026-08-22T17:18:28.340123468) (2026-08-22T17:18:28.340281260) [Dbg] [SystemManager.cc:80] Loaded system [vrx::PolyhedraBuoyancyDrag] for entity [42]
(2026-08-22T17:18:28.342827385) (2026-08-22T17:18:28.342893385) [Msg] Input Parameters:
(2026-08-22T17:18:28.343015426) (2026-08-22T17:18:28.343071176) [Msg] model:     PMS
(2026-08-22T17:18:28.343207093) (2026-08-22T17:18:28.343262051) [Msg] number:     3
(2026-08-22T17:18:28.343397760) (2026-08-22T17:18:28.343458593) [Msg] scale:      1.1
(2026-08-22T17:18:28.343612926) (2026-08-22T17:18:28.343697885) [Msg] angle:      0.4
(2026-08-22T17:18:28.343861301) (2026-08-22T17:18:28.343964593) [Msg] steepness:  0
(2026-08-22T17:18:28.344231801) (2026-08-22T17:18:28.344304801) [Msg] amplitude:  0
(2026-08-22T17:18:28.344452843) (2026-08-22T17:18:28.344512426) [Msg] period:     5
(2026-08-22T17:18:28.344660926) (2026-08-22T17:18:28.344720301) [Msg] direction:  0
(2026-08-22T17:18:28.344866760) (2026-08-22T17:18:28.344925635) [Msg] tau:  2
(2026-08-22T17:18:28.345143926) (2026-08-22T17:18:28.345208051) [Msg] gain:  1
(2026-08-22T17:18:28.345357260) (2026-08-22T17:18:28.345428135) [Msg] Derived Parameters:
(2026-08-22T17:18:28.345587968) (2026-08-22T17:18:28.345663135) [Msg] amplitudes:  0.121167, 0.130759, 0.128568, 
(2026-08-22T17:18:28.345992801) (2026-08-22T17:18:28.346067676) [Msg] wavenumbers: 0.133171, 0.161136, 0.194975, 
(2026-08-22T17:18:28.346491468) (2026-08-22T17:18:28.346568218) [Msg] omegas:      1.1424, 1.25664, 1.3823, 
(2026-08-22T17:18:28.347015968) (2026-08-22T17:18:28.347093885) [Msg] periods:     (2026-08-22T17:18:28.347250801) (2026-08-22T17:18:28.347337968) [Msg] 5.5, (2026-08-22T17:18:28.347622135) (2026-08-22T17:18:28.347713218) [Msg] 5, (2026-08-22T17:18:28.347937593) (2026-08-22T17:18:28.348029260) [Msg] 4.54545, (2026-08-22T17:18:28.348279218) (2026-08-22T17:18:28.348361468) [Msg] 
(2026-08-22T17:18:28.348504176) (2026-08-22T17:18:28.348678468) [Msg] phases:      0, 0, 0, 
(2026-08-22T17:18:28.349192551) (2026-08-22T17:18:28.349298760) [Msg] steepnesses: 0, 0, 0, 
(2026-08-22T17:18:28.349600301) (2026-08-22T17:18:28.349660510) [Msg] directions:  (2026-08-22T17:18:28.349764176) (2026-08-22T17:18:28.349822510) [Msg] 0.921061 -0.389418; (2026-08-22T17:18:28.349995968) (2026-08-22T17:18:28.350055051) [Msg] 1 0; (2026-08-22T17:18:28.350248968) (2026-08-22T17:18:28.350308426) [Msg] 0.921061 0.389418; (2026-08-22T17:18:28.350473260) (2026-08-22T17:18:28.350531343) [Msg] 
(2026-08-22T17:18:28.350689218) (2026-08-22T17:18:28.350747843) [Dbg] [PolyhedraBuoyancyDrag.cc:236] Found buoyancy element(s), looking at each element...
(2026-08-22T17:18:28.351010885) (2026-08-22T17:18:28.351070218) [Dbg] [PolyhedraBuoyancyDrag.cc:248] Buoyancy object:
	Link: link[138]
	Pose: 0 0 -0.02 0 0 0
	Geometry: Sphere:0.0285
	Mass: 0.04
	Water height: 0
	Water velocity: 0

(2026-08-22T17:18:28.352162468) (2026-08-22T17:18:28.352337093) [Dbg] [SystemManager.cc:80] Loaded system [vrx::PolyhedraBuoyancyDrag] for entity [137]
(2026-08-22T17:18:28.358386676) (2026-08-22T17:18:28.358556301) [Msg] Loaded level [default]
(2026-08-22T17:18:28.359500343) (2026-08-22T17:18:28.359581093) [Dbg] [ServerConfig.cc:657] Generating LogRecord SDF:
(2026-08-22T17:18:28.360371426) (2026-08-22T17:18:28.360464593) [Dbg] [ServerConfig.cc:713] <plugin name='gz::sim::systems::LogRecord' filename='gz-sim-log-system'>
  <record_path>/evidence/imu-7320-negative</record_path>
  <record_resources>false</record_resources>
  <record_topic>/world/sydney_regatta/model/wamv/link/wamv/imu_wamv_link/sensor/imu_wamv_sensor/imu</record_topic>
</plugin>

(2026-08-22T17:18:28.369858551) (2026-08-22T17:18:28.370074635) [Msg] Recording to log file [/evidence/imu-7320-negative/state.tlog]
(2026-08-22T17:18:28.370699301) (2026-08-22T17:18:28.370851468) [Dbg] [LogRecord.cc:333] Recording default topic[/imu-7320-negative/sdf].
(2026-08-22T17:18:28.371140760) (2026-08-22T17:18:28.371276843) [Dbg] [LogRecord.cc:334] Recording default topic[/world/sydney_regatta/changed_state].
(2026-08-22T17:18:28.374904010) (2026-08-22T17:18:28.375022510) [Dbg] [LogRecord.cc:356] Recording topic[/world/sydney_regatta/model/wamv/link/wamv/imu_wamv_link/sensor/imu_wamv_sensor/imu] as plain topic.
(2026-08-22T17:18:28.428039968) (2026-08-22T17:18:28.428113968) [Dbg] [SystemManager.cc:80] Loaded system [gz::sim::systems::LogRecord] for entity [1]
(2026-08-22T17:18:28.436300968) (2026-08-22T17:18:28.436407010) [Msg] Serving world controls on [/world/sydney_regatta/control], [/world/sydney_regatta/control/state] and [/world/sydney_regatta/playback/control]
(2026-08-22T17:18:28.437192843) (2026-08-22T17:18:28.437306093) [Msg] Serving GUI information on [/world/sydney_regatta/gui/info]
(2026-08-22T17:18:28.437628593) (2026-08-22T17:18:28.437719593) [Msg] World [sydney_regatta] initialized with [4ms] physics profile.
(2026-08-22T17:18:28.438683801) (2026-08-22T17:18:28.438793426) [Msg] Serving world SDF generation service on [/world/sydney_regatta/generate_world_sdf]
(2026-08-22T17:18:28.439613510) (2026-08-22T17:18:28.439732343) [Msg] Serving world names on [/gazebo/worlds]
(2026-08-22T17:18:28.440376760) (2026-08-22T17:18:28.440634426) [Msg] Resource path add service on [/gazebo/resource_paths/add].
(2026-08-22T17:18:28.441141885) (2026-08-22T17:18:28.441271635) [Msg] Resource path get service on [/gazebo/resource_paths/get].
(2026-08-22T17:18:28.442211135) (2026-08-22T17:18:28.442341926) [Msg] Resource path resolve service on [/gazebo/resource_paths/resolve].
(2026-08-22T17:18:28.545122426) (2026-08-22T17:18:28.545348051) [Msg] Resource paths published on [/gazebo/resource_paths].
(2026-08-22T17:18:28.546010426) (2026-08-22T17:18:28.546180343) [Msg] Server control service on [/server_control].
(2026-08-22T17:18:29.169817343) (2026-08-22T17:18:29.169955010) [Msg] Found no publishers on /stats, adding root stats topic
(2026-08-22T17:18:29.170482927) (2026-08-22T17:18:29.170635510) [Msg] Found no publishers on /clock, adding root clock topic
(2026-08-22T17:18:29.173665593) (2026-08-22T17:18:29.173929635) [Dbg] [SimulationRunner.cc:533] Creating PostUpdate worker threads: 9
(2026-08-22T17:18:29.174434260) (2026-08-22T17:18:29.174536427) [Dbg] [SimulationRunner.cc:544] Creating postupdate worker thread (0)
(2026-08-22T17:18:29.175070552) (2026-08-22T17:18:29.175204010) [Dbg] [SimulationRunner.cc:544] Creating postupdate worker thread (1)
(2026-08-22T17:18:29.175592135) (2026-08-22T17:18:29.175712385) [Dbg] [SimulationRunner.cc:544] Creating postupdate worker thread (2)
(2026-08-22T17:18:29.176066843) (2026-08-22T17:18:29.176167677) [Dbg] [SimulationRunner.cc:544] Creating postupdate worker thread (3)
(2026-08-22T17:18:29.176517677) (2026-08-22T17:18:29.176620927) [Dbg] [SimulationRunner.cc:544] Creating postupdate worker thread (4)
(2026-08-22T17:18:29.177056760) (2026-08-22T17:18:29.177166927) [Dbg] [SimulationRunner.cc:544] Creating postupdate worker thread (5)
(2026-08-22T17:18:29.177544593) (2026-08-22T17:18:29.177650260) [Dbg] [SimulationRunner.cc:544] Creating postupdate worker thread (6)
(2026-08-22T17:18:29.178012010) (2026-08-22T17:18:29.178126177) [Dbg] [SimulationRunner.cc:544] Creating postupdate worker thread (7)
(2026-08-22T17:18:29.274500802) (2026-08-22T17:18:29.274595010) [Msg] Thruster listening to commands on [wamv/thrusters/left/thrust]
(2026-08-22T17:18:29.275146135) (2026-08-22T17:18:29.275239010) [Msg] Thruster listening to enable_deadband on [wamv/thrusters/left/thrust/enable_deadband]
(2026-08-22T17:18:29.276156843) (2026-08-22T17:18:29.276241760) [Dbg] [Thruster.cc:496] Using velocity control for propeller joint.
(2026-08-22T17:18:29.276440010) (2026-08-22T17:18:29.276533177) [Dbg] [SystemManager.cc:80] Loaded system [gz::sim::systems::Thruster] for entity [143]
(2026-08-22T17:18:29.281808927) (2026-08-22T17:18:29.281944760) [Msg] JointPositionController subscribing to Double messages on [wamv/thrusters/left/pos]
(2026-08-22T17:18:29.282180760) (2026-08-22T17:18:29.282244635) [Dbg] [JointPositionController.cc:302] [JointPositionController] system parameters:
(2026-08-22T17:18:29.282378385) (2026-08-22T17:18:29.282441760) [Dbg] [JointPositionController.cc:303] p_gain: [1]
(2026-08-22T17:18:29.282644093) (2026-08-22T17:18:29.282709760) [Dbg] [JointPositionController.cc:304] i_gain: [0.1]
(2026-08-22T17:18:29.282909468) (2026-08-22T17:18:29.282971093) [Dbg] [JointPositionController.cc:305] d_gain: [0.01]
(2026-08-22T17:18:29.283209302) (2026-08-22T17:18:29.283274510) [Dbg] [JointPositionController.cc:306] i_max: [1]
(2026-08-22T17:18:29.283449135) (2026-08-22T17:18:29.283526260) [Dbg] [JointPositionController.cc:307] i_min: [-1]
(2026-08-22T17:18:29.283800427) (2026-08-22T17:18:29.283923135) [Dbg] [JointPositionController.cc:308] cmd_max: [1000]
(2026-08-22T17:18:29.284235135) (2026-08-22T17:18:29.284329718) [Dbg] [JointPositionController.cc:309] cmd_min: [-1000]
(2026-08-22T17:18:29.284570010) (2026-08-22T17:18:29.284653802) [Dbg] [JointPositionController.cc:310] cmd_offset: [0]
(2026-08-22T17:18:29.284893177) (2026-08-22T17:18:29.284970218) [Dbg] [JointPositionController.cc:311] Topic: [wamv/thrusters/left/pos]
(2026-08-22T17:18:29.285258552) (2026-08-22T17:18:29.285423968) [Dbg] [JointPositionController.cc:312] initial_position: [0]
(2026-08-22T17:18:29.285742718) (2026-08-22T17:18:29.285819760) [Dbg] [SystemManager.cc:80] Loaded system [gz::sim::systems::JointPositionController] for entity [143]
(2026-08-22T17:18:29.286704593) (2026-08-22T17:18:29.286813802) [Msg] Thruster listening to commands on [wamv/thrusters/right/thrust]
(2026-08-22T17:18:29.287108677) (2026-08-22T17:18:29.287201093) [Msg] Thruster listening to enable_deadband on [wamv/thrusters/right/thrust/enable_deadband]
(2026-08-22T17:18:29.287551093) (2026-08-22T17:18:29.287645302) [Dbg] [Thruster.cc:496] Using velocity control for propeller joint.
(2026-08-22T17:18:29.287909593) (2026-08-22T17:18:29.288059177) [Dbg] [SystemManager.cc:80] Loaded system [gz::sim::systems::Thruster] for entity [143]
(2026-08-22T17:18:29.288737760) (2026-08-22T17:18:29.288906635) [Msg] JointPositionController subscribing to Double messages on [wamv/thrusters/right/pos]
(2026-08-22T17:18:29.289198302) (2026-08-22T17:18:29.289296968) [Dbg] [JointPositionController.cc:302] [JointPositionController] system parameters:
(2026-08-22T17:18:29.289488677) (2026-08-22T17:18:29.289564635) [Dbg] [JointPositionController.cc:303] p_gain: [1]
(2026-08-22T17:18:29.289929427) (2026-08-22T17:18:29.290011093) [Dbg] [JointPositionController.cc:304] i_gain: [0.1]
(2026-08-22T17:18:29.290304010) (2026-08-22T17:18:29.290388760) [Dbg] [JointPositionController.cc:305] d_gain: [0.01]
(2026-08-22T17:18:29.290611552) (2026-08-22T17:18:29.290687385) [Dbg] [JointPositionController.cc:306] i_max: [1]
(2026-08-22T17:18:29.290959093) (2026-08-22T17:18:29.291052468) [Dbg] [JointPositionController.cc:307] i_min: [-1]
(2026-08-22T17:18:29.291291885) (2026-08-22T17:18:29.291379927) [Dbg] [JointPositionController.cc:308] cmd_max: [1000]
(2026-08-22T17:18:29.291678093) (2026-08-22T17:18:29.291804052) [Dbg] [JointPositionController.cc:309] cmd_min: [-1000]
(2026-08-22T17:18:29.292098052) (2026-08-22T17:18:29.292189635) [Dbg] [JointPositionController.cc:310] cmd_offset: [0]
(2026-08-22T17:18:29.292439218) (2026-08-22T17:18:29.292529302) [Dbg] [JointPositionController.cc:311] Topic: [wamv/thrusters/right/pos]
(2026-08-22T17:18:29.292761302) (2026-08-22T17:18:29.292851135) [Dbg] [JointPositionController.cc:312] initial_position: [0]
(2026-08-22T17:18:29.293104885) (2026-08-22T17:18:29.293188218) [Dbg] [SystemManager.cc:80] Loaded system [gz::sim::systems::JointPositionController] for entity [143]
(2026-08-22T17:18:29.307059968) (2026-08-22T17:18:29.307145510) [Msg] Input Parameters:
(2026-08-22T17:18:29.307288093) (2026-08-22T17:18:29.307349718) [Msg] model:     PMS
(2026-08-22T17:18:29.307531218) (2026-08-22T17:18:29.307599177) [Msg] number:     3
(2026-08-22T17:18:29.307755093) (2026-08-22T17:18:29.307815302) [Msg] scale:      1.1
(2026-08-22T17:18:29.308061677) (2026-08-22T17:18:29.308123802) [Msg] angle:      0.4
(2026-08-22T17:18:29.308283427) (2026-08-22T17:18:29.308353802) [Msg] steepness:  0
(2026-08-22T17:18:29.308535260) (2026-08-22T17:18:29.308595760) [Msg] amplitude:  0
(2026-08-22T17:18:29.308762468) (2026-08-22T17:18:29.308831802) [Msg] period:     5
(2026-08-22T17:18:29.308989177) (2026-08-22T17:18:29.309048302) [Msg] direction:  0
(2026-08-22T17:18:29.309193677) (2026-08-22T17:18:29.309253093) [Msg] tau:  2
(2026-08-22T17:18:29.309397677) (2026-08-22T17:18:29.309478427) [Msg] gain:  1
(2026-08-22T17:18:29.309634093) (2026-08-22T17:18:29.309693677) [Msg] Derived Parameters:
(2026-08-22T17:18:29.309816177) (2026-08-22T17:18:29.309880218) [Msg] amplitudes:  0.121167, 0.130759, 0.128568, 
(2026-08-22T17:18:29.310145677) (2026-08-22T17:18:29.310204302) [Msg] wavenumbers: 0.133171, 0.161136, 0.194975, 
(2026-08-22T17:18:29.310492718) (2026-08-22T17:18:29.310551802) [Msg] omegas:      1.1424, 1.25664, 1.3823, 
(2026-08-22T17:18:29.310857510) (2026-08-22T17:18:29.310935677) [Msg] periods:     (2026-08-22T17:18:29.311071635) (2026-08-22T17:18:29.311149343) [Msg] 5.5, (2026-08-22T17:18:29.311306385) (2026-08-22T17:18:29.311379927) [Msg] 5, (2026-08-22T17:18:29.311532677) (2026-08-22T17:18:29.311605427) [Msg] 4.54545, (2026-08-22T17:18:29.311759510) (2026-08-22T17:18:29.311832052) [Msg] 
(2026-08-22T17:18:29.312118385) (2026-08-22T17:18:29.312201302) [Msg] phases:      0, 0, 0, 
(2026-08-22T17:18:29.312550677) (2026-08-22T17:18:29.312629927) [Msg] steepnesses: 0, 0, 0, 
(2026-08-22T17:18:29.313009593) (2026-08-22T17:18:29.313085802) [Msg] directions:  (2026-08-22T17:18:29.313227718) (2026-08-22T17:18:29.313302885) [Msg] 0.921061 -0.389418; (2026-08-22T17:18:29.313519427) (2026-08-22T17:18:29.313593843) [Msg] 1 0; (2026-08-22T17:18:29.313943093) (2026-08-22T17:18:29.314047343) [Msg] 0.921061 0.389418; (2026-08-22T17:18:29.314383510) (2026-08-22T17:18:29.314500760) [Msg] 
(2026-08-22T17:18:29.314730760) (2026-08-22T17:18:29.314813927) [Dbg] [Surface.cc:188] Surface plugin successfully configured with the following parameters:
(2026-08-22T17:18:29.315091677) (2026-08-22T17:18:29.315215635) [Dbg] [Surface.cc:190]   <link_name>: wamv/base_link
(2026-08-22T17:18:29.315460010) (2026-08-22T17:18:29.315538343) [Dbg] [Surface.cc:191]   <vehicle_length>: 4.9
(2026-08-22T17:18:29.315795760) (2026-08-22T17:18:29.315898427) [Dbg] [Surface.cc:192]   <hull_radius>: 0.213
(2026-08-22T17:18:29.316121427) (2026-08-22T17:18:29.316220968) [Dbg] [Surface.cc:193]   <fluid_level>: 0
(2026-08-22T17:18:29.316475885) (2026-08-22T17:18:29.316556135) [Dbg] [Surface.cc:194]   <fluid_density>: 997.774
(2026-08-22T17:18:29.316782093) (2026-08-22T17:18:29.316890427) [Dbg] [Surface.cc:195]   <points>:
(2026-08-22T17:18:29.317170635) (2026-08-22T17:18:29.317260885) [Dbg] [Surface.cc:197]     [0.6 1.03 0]
(2026-08-22T17:18:29.317859718) (2026-08-22T17:18:29.317947760) [Dbg] [Surface.cc:197]     [-1.4 1.03 0]
(2026-08-22T17:18:29.323019468) (2026-08-22T17:18:29.323143218) [Dbg] [SystemManager.cc:80] Loaded system [vrx::Surface] for entity [143]
(2026-08-22T17:18:29.324178552) (2026-08-22T17:18:29.324288135) [Msg] Input Parameters:
(2026-08-22T17:18:29.324430968) (2026-08-22T17:18:29.324501218) [Msg] model:     PMS
(2026-08-22T17:18:29.324656260) (2026-08-22T17:18:29.324716968) [Msg] number:     3
(2026-08-22T17:18:29.324897968) (2026-08-22T17:18:29.324960218) [Msg] scale:      1.1
(2026-08-22T17:18:29.325117010) (2026-08-22T17:18:29.325189343) [Msg] angle:      0.4
(2026-08-22T17:18:29.325337177) (2026-08-22T17:18:29.325395635) [Msg] steepness:  0
(2026-08-22T17:18:29.325538635) (2026-08-22T17:18:29.325596760) [Msg] amplitude:  0
(2026-08-22T17:18:29.325739427) (2026-08-22T17:18:29.325800260) [Msg] period:     5
(2026-08-22T17:18:29.325972093) (2026-08-22T17:18:29.326031302) [Msg] direction:  0
(2026-08-22T17:18:29.326176010) (2026-08-22T17:18:29.326238052) [Msg] tau:  2
(2026-08-22T17:18:29.326382093) (2026-08-22T17:18:29.326445010) [Msg] gain:  1
(2026-08-22T17:18:29.326594718) (2026-08-22T17:18:29.326669468) [Msg] Derived Parameters:
(2026-08-22T17:18:29.326864760) (2026-08-22T17:18:29.326968135) [Msg] amplitudes:  0.121167, 0.130759, 0.128568, 
(2026-08-22T17:18:29.327376135) (2026-08-22T17:18:29.327463177) [Msg] wavenumbers: 0.133171, 0.161136, 0.194975, 
(2026-08-22T17:18:29.327968510) (2026-08-22T17:18:29.328303093) [Msg] omegas:      1.1424, 1.25664, 1.3823, 
(2026-08-22T17:18:29.329593260) (2026-08-22T17:18:29.329751427) [Msg] periods:     (2026-08-22T17:18:29.329952510) (2026-08-22T17:18:29.330069843) [Msg] 5.5, (2026-08-22T17:18:29.330276635) (2026-08-22T17:18:29.330359468) [Msg] 5, (2026-08-22T17:18:29.330584802) (2026-08-22T17:18:29.330668052) [Msg] 4.54545, (2026-08-22T17:18:29.330879260) (2026-08-22T17:18:29.330978010) [Msg] 
(2026-08-22T17:18:29.331187302) (2026-08-22T17:18:29.331269718) [Msg] phases:      0, 0, 0, 
(2026-08-22T17:18:29.331712718) (2026-08-22T17:18:29.331868718) [Msg] steepnesses: 0, 0, 0, 
(2026-08-22T17:18:29.332206552) (2026-08-22T17:18:29.332280593) [Msg] directions:  (2026-08-22T17:18:29.332427135) (2026-08-22T17:18:29.332530843) [Msg] 0.921061 -0.389418; (2026-08-22T17:18:29.332808177) (2026-08-22T17:18:29.332950135) [Msg] 1 0; (2026-08-22T17:18:29.333214260) (2026-08-22T17:18:29.333316968) [Msg] 0.921061 0.389418; (2026-08-22T17:18:29.333558135) (2026-08-22T17:18:29.333652968) [Msg] 
(2026-08-22T17:18:29.333821052) (2026-08-22T17:18:29.333904093) [Dbg] [Surface.cc:188] Surface plugin successfully configured with the following parameters:
(2026-08-22T17:18:29.334119427) (2026-08-22T17:18:29.334206552) [Dbg] [Surface.cc:190]   <link_name>: wamv/base_link
(2026-08-22T17:18:29.334418677) (2026-08-22T17:18:29.334480218) [Dbg] [Surface.cc:191]   <vehicle_length>: 4.9
(2026-08-22T17:18:29.334631093) (2026-08-22T17:18:29.334690927) [Dbg] [Surface.cc:192]   <hull_radius>: 0.213
(2026-08-22T17:18:29.334838677) (2026-08-22T17:18:29.334966468) [Dbg] [Surface.cc:193]   <fluid_level>: 0
(2026-08-22T17:18:29.335132885) (2026-08-22T17:18:29.335191968) [Dbg] [Surface.cc:194]   <fluid_density>: 997.774
(2026-08-22T17:18:29.335395552) (2026-08-22T17:18:29.335460302) [Dbg] [Surface.cc:195]   <points>:
(2026-08-22T17:18:29.335597177) (2026-08-22T17:18:29.335665052) [Dbg] [Surface.cc:197]     [0.6 -1.03 0]
(2026-08-22T17:18:29.335943177) (2026-08-22T17:18:29.336003635) [Dbg] [Surface.cc:197]     [-1.4 -1.03 0]
(2026-08-22T17:18:29.336643052) (2026-08-22T17:18:29.336740885) [Dbg] [SystemManager.cc:80] Loaded system [vrx::Surface] for entity [143]
(2026-08-22T17:18:29.349742718) (2026-08-22T17:18:29.349888885) [Dbg] [SimpleHydrodynamics.cc:164] SimpleHydrodynamics plugin successfully configured with the following parameters:
(2026-08-22T17:18:29.350208968) (2026-08-22T17:18:29.350281968) [Dbg] [SimpleHydrodynamics.cc:166]   <link_name>: wamv/base_link
(2026-08-22T17:18:29.350490927) (2026-08-22T17:18:29.350555927) [Dbg] [SimpleHydrodynamics.cc:167]   <xDotU>: 0
(2026-08-22T17:18:29.350735635) (2026-08-22T17:18:29.350799718) [Dbg] [SimpleHydrodynamics.cc:168]   <yDotV>: 0
(2026-08-22T17:18:29.350996802) (2026-08-22T17:18:29.351055552) [Dbg] [SimpleHydrodynamics.cc:169]   <zDotW>: 0.1
(2026-08-22T17:18:29.351208635) (2026-08-22T17:18:29.351266635) [Dbg] [SimpleHydrodynamics.cc:170]   <kDotP>: 0.1
(2026-08-22T17:18:29.351413052) (2026-08-22T17:18:29.351473177) [Dbg] [SimpleHydrodynamics.cc:171]   <mDotQ>: 0.1
(2026-08-22T17:18:29.351623052) (2026-08-22T17:18:29.351698385) [Dbg] [SimpleHydrodynamics.cc:172]   <nDotR>: 0
(2026-08-22T17:18:29.351898177) (2026-08-22T17:18:29.351984093) [Dbg] [SimpleHydrodynamics.cc:173]   <xU>: 100
(2026-08-22T17:18:29.352186802) (2026-08-22T17:18:29.352248343) [Dbg] [SimpleHydrodynamics.cc:174]   <xUU>: 150
(2026-08-22T17:18:29.352406802) (2026-08-22T17:18:29.352467010) [Dbg] [SimpleHydrodynamics.cc:175]   <yV>: 100
(2026-08-22T17:18:29.352621385) (2026-08-22T17:18:29.352681677) [Dbg] [SimpleHydrodynamics.cc:176]   <yVV>: 100
(2026-08-22T17:18:29.352831552) (2026-08-22T17:18:29.352896135) [Dbg] [SimpleHydrodynamics.cc:177]   <zW>: 500
(2026-08-22T17:18:29.353067927) (2026-08-22T17:18:29.353156552) [Dbg] [SimpleHydrodynamics.cc:178]   <zWW>: 0
(2026-08-22T17:18:29.353416927) (2026-08-22T17:18:29.353477552) [Dbg] [SimpleHydrodynamics.cc:179]   <kP>: 300
(2026-08-22T17:18:29.353703052) (2026-08-22T17:18:29.353788468) [Dbg] [SimpleHydrodynamics.cc:180]   <kPP>: 600
(2026-08-22T17:18:29.354020260) (2026-08-22T17:18:29.354090218) [Dbg] [SimpleHydrodynamics.cc:181]   <mQ>: 900
(2026-08-22T17:18:29.354308677) (2026-08-22T17:18:29.354390718) [Dbg] [SimpleHydrodynamics.cc:182]   <mQQ>: 900
(2026-08-22T17:18:29.354594218) (2026-08-22T17:18:29.354670760) [Dbg] [SimpleHydrodynamics.cc:183]   <nR>: 800
(2026-08-22T17:18:29.354862177) (2026-08-22T17:18:29.354936718) [Dbg] [SimpleHydrodynamics.cc:184]   <nRR>: 800
(2026-08-22T17:18:29.355182343) (2026-08-22T17:18:29.355383593) [Dbg] [SystemManager.cc:80] Loaded system [vrx::SimpleHydrodynamics] for entity [143]
(2026-08-22T17:18:29.360177552) (2026-08-22T17:18:29.360269552) [Dbg] [DetachableJoint.cc:137] Detach topic is: /vrx/release
(2026-08-22T17:18:29.362248427) (2026-08-22T17:18:29.362319968) [Dbg] [DetachableJoint.cc:143] DetachableJoint subscribing to messages on [/vrx/release]
(2026-08-22T17:18:29.362560593) (2026-08-22T17:18:29.362620927) [Dbg] [DetachableJoint.cc:160] Attach topic is: /model/wamv/detachable_joint/attach
(2026-08-22T17:18:29.363109802) (2026-08-22T17:18:29.363186093) [Dbg] [DetachableJoint.cc:195] Output topic is: /model/platform/detachable_joint/state
(2026-08-22T17:18:29.364458135) (2026-08-22T17:18:29.364558343) [Dbg] [SystemManager.cc:80] Loaded system [gz::sim::systems::DetachableJoint] for entity [143]
(2026-08-22T17:18:29.368966343) (2026-08-22T17:18:29.369086010) [Dbg] [SystemManager.cc:80] Loaded system [gz::sim::systems::PosePublisher] for entity [143]
(2026-08-22T17:18:29.373922177) (2026-08-22T17:18:29.374089302) [Dbg] [SystemManager.cc:80] Loaded system [gz::sim::systems::JointStatePublisher] for entity [143]
(2026-08-22T17:18:29.396049552) (2026-08-22T17:18:29.396231760) [Dbg] [SystemManager.cc:80] Loaded system [vrx::AcousticPingerPlugin] for entity [143]
(2026-08-22T17:18:29.432890468) (2026-08-22T17:18:29.435807635) [Dbg] [BallShooterPlugin.cc:212] <projectile><model_name>: blue_projectile
(2026-08-22T17:18:29.437302052) (2026-08-22T17:18:29.437425968) [Dbg] [BallShooterPlugin.cc:213] <projectile><link_name>: link
(2026-08-22T17:18:29.439356385) (2026-08-22T17:18:29.439590552) [Dbg] [BallShooterPlugin.cc:214] <frame>: wamv/ball_shooter_launcher_link
(2026-08-22T17:18:29.440100177) (2026-08-22T17:18:29.440723885) [Dbg] [BallShooterPlugin.cc:215] <num_shots>: 4
(2026-08-22T17:18:29.441353802) (2026-08-22T17:18:29.441481468) [Dbg] [BallShooterPlugin.cc:216] <pose>: 0.14 0 0 0 0 0
(2026-08-22T17:18:29.445096427) (2026-08-22T17:18:29.445249635) [Dbg] [BallShooterPlugin.cc:218] <shot_force>: 65
(2026-08-22T17:18:29.445883718) (2026-08-22T17:18:29.446002718) [Dbg] [BallShooterPlugin.cc:219] <topic>: wamv/shooters/ball_shooter/fire
(2026-08-22T17:18:29.447856427) (2026-08-22T17:18:29.447978885) [Dbg] [SystemManager.cc:80] Loaded system [vrx::BallShooterPlugin] for entity [143]
(2026-08-22T17:18:29.450632052) (2026-08-22T17:18:29.450996385) [Dbg] [UserCommands.cc:1094] Created entity [143] named [wamv]
(2026-08-22T17:18:29.459804010) (2026-08-22T17:18:29.460209885) [Msg] Contact system publishing on /vrx/contacts
(2026-08-22T17:18:29.462222510) (2026-08-22T17:18:29.462719177) [Dbg] [USVWind.cc:282] wamv initialized
(2026-08-22T17:18:29.526704802) (2026-08-22T17:18:29.529864594) [Dbg] [SDFFeatures.cc:332] Mesh construction from an SDF has not been implemented yet for dartsim. Use AttachMeshShapeFeature to use mesh shapes.
(2026-08-22T17:18:29.530472260) (2026-08-22T17:18:29.530869677) [Dbg] [SDFFeatures.cc:864] The geometry element of collision [collision] couldn't be created
(2026-08-22T17:18:29.691747344) (2026-08-22T17:18:29.691928802) [Dbg] [SimulationFeatures.cc:90] Simulation timestep set to: 0.004
(2026-08-22T17:18:29.726683719) (2026-08-22T17:18:29.726952302) [Dbg] [Sensors.cc:953] Initialization needed
(2026-08-22T17:18:29.728537552) (2026-08-22T17:18:29.728689594) [Dbg] [Sensors.cc:349] Initializing render context
(2026-08-22T17:18:29.746197844) (2026-08-22T17:18:29.746642677) [Msg] Loading plugin [gz-rendering-ogre2]
(2026-08-22T17:18:29.778212594) (2026-08-22T17:18:29.778441635) [Dbg] [ImuSensor.cc:150] IMU data for [wamv::wamv/imu_wamv_link::imu_wamv_sensor] advertised on [world/sydney_regatta/model/wamv/link/wamv/imu_wamv_link/sensor/imu_wamv_sensor/imu]
(2026-08-22T17:18:29.836930385) (2026-08-22T17:18:29.837240052) [Wrn] [Ogre2RenderEngine.cc:551] (2026-08-22T17:18:29.837576469) ((2026-08-22T17:18:29.837818469) [Msg] Serving scene information on [/world/sydney_regatta/scene/info]
Unable to open display: 2026-08-22T17:18:29.838064177) (2026-08-22T17:18:29.838793260) (2026-08-22T17:18:29.839003969) (2026-08-22T17:18:29.839224135) [Msg] Serving graph information on [/world/sydney_regatta/scene/graph]
. Trying to run in headless mode.[Wrn] [Component.hh:127] Trying to serialize component with data type [Trying to serialize component with data type [St10shared_ptrIN3sdf3v147ElementEE], which doesn't have `operator<<`. Component will not be serialized.
(2026-08-22T17:18:29.840935344) (2026-08-22T17:18:29.841069427) [Msg] Serving full state on [/world/sydney_regatta/state]
(2026-08-22T17:18:29.842231635) (2026-08-22T17:18:29.842355469) [Msg] Serving full state (async) on [/world/sydney_regatta/state_async]
(2026-08-22T17:18:29.844110802) (2026-08-22T17:18:29.844336052) [Msg] Publishing scene information on [/world/sydney_regatta/scene/info]
(2026-08-22T17:18:29.846273010) (2026-08-22T17:18:29.846454302) [Msg] Publishing entity deletions on [/world/sydney_regatta/scene/deletion]
(2026-08-22T17:18:29.847100427) (2026-08-22T17:18:29.847269885) [Msg] Publishing state changes on [/world/sydney_regatta/state]
(2026-08-22T17:18:29.848348219) (2026-08-22T17:18:29.848921010) [Msg] Publishing pose messages on [/world/sydney_regatta/pose/info]
(2026-08-22T17:18:29.849669010) (2026-08-22T17:18:29.849891010) [Msg] Publishing dynamic pose messages on [/world/sydney_regatta/dynamic_pose/info]
((2026-08-22T17:18:29.878575427) (2026-08-22T17:18:29.878849844) [Dbg] [SimulationRunner.cc:560] Exiting postupdate worker thread (2026-08-22T17:18:29.879110052) (2026-08-22T17:18:29.879262260) (2026-08-22T17:18:29.879434802) (2026-08-22T17:18:29.879577469) (2026-08-22T17:18:29.879740802) (2026-08-22T17:18:29.879879260) (2026-08-22T17:18:29.880025969) (2026-08-22T17:18:29.880138469) (7)
(2026-08-22T17:18:29.880513135) (2026-08-22T17:18:29.880693344) (2026-08-22T17:18:29.880885885) (2026-08-22T17:18:29.881034469) 2026-08-22T17:18:29.881149719) (2026-08-22T17:18:29.881293219) [Dbg] [SimulationRunner.cc:560] Exiting postupdate worker thread (0)
[Dbg] [SimulationRunner.cc:560] Exiting postupdate worker thread (3)
[Dbg] [SimulationRunner.cc:560] Exiting postupdate worker thread (4)
Exiting postupdate worker thread (6)
[Dbg] [SimulationRunner.cc:560] Exiting postupdate worker thread (5)

Exiting postupdate worker thread (2)
[Dbg] [SimulationRunner.cc:560] Exiting postupdate worker thread (1)
(2026-08-22T17:18:29.883746635) (2026-08-22T17:18:29.883814302) [Dbg] [SimulationRunner.cc:533] Creating PostUpdate worker threads: 13
(2026-08-22T17:18:29.884058927) (2026-08-22T17:18:29.884120802) [Dbg] [SimulationRunner.cc:544] Creating postupdate worker thread (0)
(2026-08-22T17:18:29.884455177) (2026-08-22T17:18:29.884550719) [Dbg] [SimulationRunner.cc:544] Creating postupdate worker thread (1)
(2026-08-22T17:18:29.884788010) (2026-08-22T17:18:29.884888427) [Dbg] [SimulationRunner.cc:544] Creating postupdate worker thread (2)
(2026-08-22T17:18:29.885127260) (2026-08-22T17:18:29.885198969) [Dbg] [SimulationRunner.cc:544] Creating postupdate worker thread (3)
(2026-08-22T17:18:29.906190219) (2026-08-22T17:18:29.906325510) [Dbg] [SimulationRunner.cc:544] Creating postupdate worker thread (4)
(2026-08-22T17:18:29.906674302) (2026-08-22T17:18:29.906783427) [Dbg] [SimulationRunner.cc:544] Creating postupdate worker thread (5)
(2026-08-22T17:18:29.907123427) (2026-08-22T17:18:29.907261260) [Dbg] [SimulationRunner.cc:544] Creating postupdate worker thread (6)
(2026-08-22T17:18:29.907607719) (2026-08-22T17:18:29.907713927) [Dbg] [SimulationRunner.cc:544] Creating postupdate worker thread (7)
(2026-08-22T17:18:29.908048969) (2026-08-22T17:18:29.908167844) [Dbg] [SimulationRunner.cc:544] Creating postupdate worker thread (8)
(2026-08-22T17:18:29.908500552) (2026-08-22T17:18:29.908583260) [Dbg] [SimulationRunner.cc:544] Creating postupdate worker thread (9)
(2026-08-22T17:18:29.908917844) (2026-08-22T17:18:29.909028260) [Dbg] [SimulationRunner.cc:544] Creating postupdate worker thread (10)
(2026-08-22T17:18:29.909350885) (2026-08-22T17:18:29.909468802) [Dbg] [SimulationRunner.cc:544] Creating postupdate worker thread (11)
(2026-08-22T17:18:29.916604260) (2026-08-22T17:18:29.916714760) [Dbg] [JointPositionController.cc:376] Identified joint [wamv/left_chassis_engine_joint] as Entity [244]
(2026-08-22T17:18:29.917537177) (2026-08-22T17:18:29.917601302) [Dbg] [JointPositionController.cc:376] Identified joint [wamv/right_chassis_engine_joint] as Entity [247]
(2026-08-22T17:18:29.948250052) (2026-08-22T17:18:29.948433385) [Wrn] [DetachableJoint.cc:348] Child Link dummy_upper could not be found.
(2026-08-22T17:18:30.536707177) (2026-08-22T17:18:30.536867344) [Dbg] [RenderUtil.cc:2646] Create scene [scene]
(2026-08-22T17:18:31.168064011) (2026-08-22T17:18:31.168238886) [Dbg] [Sensors.cc:391] Rendering Thread initialized
(2026-08-22T17:18:31.168638428) (2026-08-22T17:18:31.168860094) [Dbg] [Sensors.cc:953] Initialization needed
(2026-08-22T17:18:31.181911303) (2026-08-22T17:18:31.182957844) [Wrn] [DetachableJoint.cc:348] Child Link dummy_upper could not be found.
(2026-08-22T17:18:40.994583376) (2026-08-22T17:18:40.994772251) [Dbg] [CameraSensor.cc:405] Camera images for [wamv::wamv/base_link::front_left_camera_sensor] advertised on [world/sydney_regatta/model/wamv/link/wamv/base_link/sensor/front_left_camera_sensor/image]
(2026-08-22T17:18:40.995996668) (2026-08-22T17:18:40.996229501) [Dbg] [CameraSensor.cc:695] Camera info for [wamv::wamv/base_link::front_left_camera_sensor] advertised on [/world/sydney_regatta/model/wamv/link/wamv/base_link/sensor/front_left_camera_sensor/camera_info]
(2026-08-22T17:18:41.668) (2026-08-22T17:18:41.146126) [Wrn] [Ogre2Camera.cc:421] Ogre2Camera::SetVisibilityMask: Mask bits c0000000 are set but will be ignored as they conflict with the reserved bits used internally by the ogre2 backend.
(2026-08-22T17:18:41.5845793) (2026-08-22T17:18:41.5973210) [Dbg] [CameraSensor.cc:405] Camera images for [wamv::wamv/base_link::front_right_camera_sensor] advertised on [world/sydney_regatta/model/wamv/link/wamv/base_link/sensor/front_right_camera_sensor/image]
(2026-08-22T17:18:41.6360668) (2026-08-22T17:18:41.6551710) [Dbg] [CameraSensor.cc:695] Camera info for [wamv::wamv/base_link::front_right_camera_sensor] advertised on [/world/sydney_regatta/model/wamv/link/wamv/base_link/sensor/front_right_camera_sensor/camera_info]
(2026-08-22T17:18:41.6898210) (2026-08-22T17:18:41.6960085) [Wrn] [Ogre2Camera.cc:421] Ogre2Camera::SetVisibilityMask: Mask bits c0000000 are set but will be ignored as they conflict with the reserved bits used internally by the ogre2 backend.
(2026-08-22T17:18:41.7758835) (2026-08-22T17:18:41.8023418) [Dbg] [CameraSensor.cc:405] Camera images for [wamv::wamv/base_link::middle_right_camera_sensor] advertised on [world/sydney_regatta/model/wamv/link/wamv/base_link/sensor/middle_right_camera_sensor/image]
(2026-08-22T17:18:41.8388751) (2026-08-22T17:18:41.8531293) [Dbg] [CameraSensor.cc:695] Camera info for [wamv::wamv/base_link::middle_right_camera_sensor] advertised on [/world/sydney_regatta/model/wamv/link/wamv/base_link/sensor/middle_right_camera_sensor/camera_info]
(2026-08-22T17:18:41.8840418) (2026-08-22T17:18:41.8902751) [Wrn] [Ogre2Camera.cc:421] Ogre2Camera::SetVisibilityMask: Mask bits c0000000 are set but will be ignored as they conflict with the reserved bits used internally by the ogre2 backend.
(2026-08-22T17:18:41.10754751) (2026-08-22T17:18:41.10855085) [Dbg] [Lidar.cc:139] Laser scans for [wamv::wamv/base_link::lidar_wamv_sensor] advertised on [world/sydney_regatta/model/wamv/link/wamv/base_link/sensor/lidar_wamv_sensor/scan]
(2026-08-22T17:18:41.12469918) (2026-08-22T17:18:41.12596960) [Dbg] [GpuLidarSensor.cc:164] Lidar points for [wamv::wamv/base_link::lidar_wamv_sensor] advertised on [world/sydney_regatta/model/wamv/link/wamv/base_link/sensor/lidar_wamv_sensor/scan/points]
(2026-08-22T17:18:41.112106835) (2026-08-22T17:18:41.112360043) [Dbg] [CameraSensor.cc:504] Enabling camera sensor: 'wamv::wamv/base_link::front_left_camera_sensor' data generation.
(2026-08-22T17:18:45.9856962) (2026-08-22T17:18:45.10006545) [Dbg] [CameraSensor.cc:504] Enabling camera sensor: 'wamv::wamv/base_link::front_right_camera_sensor' data generation.
(2026-08-22T17:18:45.165508962) (2026-08-22T17:18:45.165762253) [Dbg] [CameraSensor.cc:504] Enabling camera sensor: 'wamv::wamv/base_link::middle_right_camera_sensor' data generation.
(2026-08-22T17:18:46.98193379) (2026-08-22T17:18:46.98378045) [Wrn] [DetachableJoint.cc:348] Child Link dummy_upper could not be found.
(2026-08-22T17:18:46.102353129) (2026-08-22T17:18:46.102439587) [Wrn] [DetachableJoint.cc:348] Child Link dummy_upper could not be found.
(2026-08-22T17:18:46.106504879) (2026-08-22T17:18:46.106597629) [Wrn] [DetachableJoint.cc:348] Child Link dummy_upper could not be found.
(2026-08-22T17:18:46.110713420) (2026-08-22T17:18:46.110877712) [Wrn] [DetachableJoint.cc:348] Child Link dummy_upper could not be found.
(2026-08-22T17:18:46.115199545) (2026-08-22T17:18:46.115387045) [Wrn] [DetachableJoint.cc:348] Child Link dummy_upper could not be found.
(2026-08-22T17:18:46.119359379) (2026-08-22T17:18:46.119560462) [Wrn] [DetachableJoint.cc:348] Child Link dummy_upper could not be found.
(2026-08-22T17:18:46.123455587) (2026-08-22T17:18:46.123615420) [Wrn] [DetachableJoint.cc:348] Child Link dummy_upper could not be found.
(2026-08-22T17:18:46.127578795) (2026-08-22T17:18:46.127675379) [Wrn] [DetachableJoint.cc:348] Child Link dummy_upper could not be found.
(2026-08-22T17:18:46.133077170) (2026-08-22T17:18:46.133279295) [Wrn] [DetachableJoint.cc:348] Child Link dummy_upper could not be found.
(2026-08-22T17:18:46.135968462) (2026-08-22T17:18:46.136149920) [Wrn] [DetachableJoint.cc:348] Child Link dummy_upper could not be found.
(2026-08-22T17:18:46.142623379) (2026-08-22T17:18:46.155633170) [Wrn] [DetachableJoint.cc:348] Child Link dummy_upper could not be found.
(2026-08-22T17:18:46.177831420) (2026-08-22T17:18:46.180313337) [Wrn] [DetachableJoint.cc:348] Child Link dummy_upper could not be found.
(2026-08-22T17:18:46.196744212) (2026-08-22T17:18:46.199266795) [Wrn] [DetachableJoint.cc:348] Child Link dummy_upper could not be found.
(2026-08-22T17:18:46.204164670) (2026-08-22T17:18:46.211739295) [Wrn] [DetachableJoint.cc:348] Child Link dummy_upper could not be found.
(2026-08-22T17:18:46.611976712) (2026-08-22T17:18:46.612416671) [Wrn] [DetachableJoint.cc:348] Child Link dummy_upper could not be found.
(2026-08-22T17:18:46.615788337) (2026-08-22T17:18:46.615994129) [Wrn] [DetachableJoint.cc:348] Child Link dummy_upper could not be found.
(2026-08-22T17:18:46.620087796) (2026-08-22T17:18:46.621653546) [Wrn] [DetachableJoint.cc:348] Child Link dummy_upper could not be found.
(2026-08-22T17:18:46.627356921) (2026-08-22T17:18:46.627478046) [Wrn] [DetachableJoint.cc:348] Child Link dummy_upper could not be found.
(2026-08-22T17:18:46.631508754) (2026-08-22T17:18:46.631602754) [Wrn] [DetachableJoint.cc:348] Child Link dummy_upper could not be found.
(2026-08-22T17:18:46.636410962) (2026-08-22T17:18:46.636800712) [Wrn] [DetachableJoint.cc:348] Child Link dummy_upper could not be found.
(2026-08-22T17:18:46.641525296) (2026-08-22T17:18:46.641653046) [Wrn] [DetachableJoint.cc:348] Child Link dummy_upper could not be found.
(2026-08-22T17:18:46.647738671) (2026-08-22T17:18:46.647851754) [Wrn] [DetachableJoint.cc:348] Child Link dummy_upper could not be found.
(2026-08-22T17:18:47.99674963) (2026-08-22T17:18:47.100020254) [Wrn] [DetachableJoint.cc:348] Child Link dummy_upper could not be found.
(2026-08-22T17:18:47.103584254) (2026-08-22T17:18:47.103875588) [Wrn] [DetachableJoint.cc:348] Child Link dummy_upper could not be found.
(2026-08-22T17:18:47.107672713) (2026-08-22T17:18:47.109367421) [Wrn] [DetachableJoint.cc:348] Child Link dummy_upper could not be found.
(2026-08-22T17:18:47.114518546) (2026-08-22T17:18:47.114607921) [Wrn] [DetachableJoint.cc:348] Child Link dummy_upper could not be found.
(2026-08-22T17:18:47.127528171) (2026-08-22T17:18:47.134186671) [Wrn] [DetachableJoint.cc:348] Child Link dummy_upper could not be found.
(2026-08-22T17:18:47.156685421) (2026-08-22T17:18:47.159388546) [Wrn] [DetachableJoint.cc:348] Child Link dummy_upper could not be found.
(2026-08-22T17:18:47.177578213) (2026-08-22T17:18:47.183298379) [Wrn] [DetachableJoint.cc:348] Child Link dummy_upper could not be found.
(2026-08-22T17:18:47.187465754) (2026-08-22T17:18:47.187938963) [Wrn] [DetachableJoint.cc:348] Child Link dummy_upper could not be found.
(2026-08-22T17:18:47.191469463) (2026-08-22T17:18:47.191718129) [Wrn] [DetachableJoint.cc:348] Child Link dummy_upper could not be found.
(2026-08-22T17:18:47.677480463) (2026-08-22T17:18:47.677816088) [Wrn] [DetachableJoint.cc:348] Child Link dummy_upper could not be found.
(2026-08-22T17:18:47.681309963) (2026-08-22T17:18:47.681440088) [Wrn] [DetachableJoint.cc:348] Child Link dummy_upper could not be found.
(2026-08-22T17:18:47.686099296) (2026-08-22T17:18:47.687214421) [Wrn] [DetachableJoint.cc:348] Child Link dummy_upper could not be found.
(2026-08-22T17:18:47.692943921) (2026-08-22T17:18:47.693278505) [Wrn] [DetachableJoint.cc:348] Child Link dummy_upper could not be found.
(2026-08-22T17:18:47.699265880) (2026-08-22T17:18:47.704551963) [Wrn] [DetachableJoint.cc:348] Child Link dummy_upper could not be found.
(2026-08-22T17:18:47.726311921) (2026-08-22T17:18:47.726740463) [Wrn] [DetachableJoint.cc:348] Child Link dummy_upper could not be found.
(2026-08-22T17:18:47.735521796) (2026-08-22T17:18:47.737990838) [Wrn] [DetachableJoint.cc:348] Child Link dummy_upper could not be found.
(2026-08-22T17:18:47.744339963) (2026-08-22T17:18:47.746253671) [Wrn] [DetachableJoint.cc:348] Child Link dummy_upper could not be found.
(2026-08-22T17:18:48.165593046) (2026-08-22T17:18:48.165712630) [Wrn] [DetachableJoint.cc:348] Child Link dummy_upper could not be found.
(2026-08-22T17:18:48.169491755) (2026-08-22T17:18:48.169647796) [Wrn] [DetachableJoint.cc:348] Child Link dummy_upper could not be found.
(2026-08-22T17:18:48.173910796) (2026-08-22T17:18:48.174046963) [Wrn] [DetachableJoint.cc:348] Child Link dummy_upper could not be found.
(2026-08-22T17:18:48.178227338) (2026-08-22T17:18:48.178410588) [Wrn] [DetachableJoint.cc:348] Child Link dummy_upper could not be found.
(2026-08-22T17:18:48.186240796) (2026-08-22T17:18:48.194330963) [Wrn] [DetachableJoint.cc:348] Child Link dummy_upper could not be found.
(2026-08-22T17:18:48.212094213) (2026-08-22T17:18:48.219533630) [Wrn] [DetachableJoint.cc:348] Child Link dummy_upper could not be found.
(2026-08-22T17:18:48.240973463) (2026-08-22T17:18:48.244899838) [Wrn] [DetachableJoint.cc:348] Child Link dummy_upper could not be found.
(2026-08-22T17:18:48.249631963) (2026-08-22T17:18:48.249813671) [Wrn] [DetachableJoint.cc:348] Child Link dummy_upper could not be found.
(2026-08-22T17:18:48.694419005) (2026-08-22T17:18:48.694695672) [Wrn] [DetachableJoint.cc:348] Child Link dummy_upper could not be found.
(2026-08-22T17:18:48.698753422) (2026-08-22T17:18:48.698869297) [Wrn] [DetachableJoint.cc:348] Child Link dummy_upper could not be found.
(2026-08-22T17:18:48.702886630) (2026-08-22T17:18:48.704527672) [Wrn] [DetachableJoint.cc:348] Child Link dummy_upper could not be found.
(2026-08-22T17:18:48.709420005) (2026-08-22T17:18:48.709527630) [Wrn] [DetachableJoint.cc:348] Child Link dummy_upper could not be found.
(2026-08-22T17:18:48.713915880) (2026-08-22T17:18:48.714012338) [Wrn] [DetachableJoint.cc:348] Child Link dummy_upper could not be found.
(2026-08-22T17:18:48.723756130) (2026-08-22T17:18:48.728943963) [Wrn] [DetachableJoint.cc:348] Child Link dummy_upper could not be found.
(2026-08-22T17:18:48.744496713) (2026-08-22T17:18:48.744920880) [Wrn] [DetachableJoint.cc:348] Child Link dummy_upper could not be found.
(2026-08-22T17:18:48.752532797) (2026-08-22T17:18:48.753959255) [Wrn] [DetachableJoint.cc:348] Child Link dummy_upper could not be found.
(2026-08-22T17:18:49.233867255) (2026-08-22T17:18:49.234126089) [Wrn] [DetachableJoint.cc:348] Child Link dummy_upper could not be found.
(2026-08-22T17:18:49.237699089) (2026-08-22T17:18:49.237791714) [Wrn] [DetachableJoint.cc:348] Child Link dummy_upper could not be found.
(2026-08-22T17:18:49.242662880) (2026-08-22T17:18:49.243367755) [Wrn] [DetachableJoint.cc:348] Child Link dummy_upper could not be found.
(2026-08-22T17:18:49.248334380) (2026-08-22T17:18:49.248991339) [Wrn] [DetachableJoint.cc:348] Child Link dummy_upper could not be found.
(2026-08-22T17:18:49.252378547) (2026-08-22T17:18:49.252498547) [Wrn] [DetachableJoint.cc:348] Child Link dummy_upper could not be found.
(2026-08-22T17:18:49.272683630) (2026-08-22T17:18:49.279940630) [Wrn] [DetachableJoint.cc:348] Child Link dummy_upper could not be found.
(2026-08-22T17:18:49.294717089) (2026-08-22T17:18:49.296944255) [Wrn] [DetachableJoint.cc:348] Child Link dummy_upper could not be found.
(2026-08-22T17:18:49.311750047) (2026-08-22T17:18:49.314769755) [Wrn] [DetachableJoint.cc:348] Child Link dummy_upper could not be found.
(2026-08-22T17:18:49.323104922) (2026-08-22T17:18:49.323251672) [Wrn] [DetachableJoint.cc:348] Child Link dummy_upper could not be found.
(2026-08-22T17:18:49.762100964) (2026-08-22T17:18:49.762503756) [Wrn] [DetachableJoint.cc:348] Child Link dummy_upper could not be found.
(2026-08-22T17:18:49.765745006) (2026-08-22T17:18:49.765848631) [Wrn] [DetachableJoint.cc:348] Child Link dummy_upper could not be found.
(2026-08-22T17:18:49.769849464) (2026-08-22T17:18:49.770018756) [Wrn] [DetachableJoint.cc:348] Child Link dummy_upper could not be found.
(2026-08-22T17:18:49.774327631) (2026-08-22T17:18:49.774482339) [Wrn] [DetachableJoint.cc:348] Child Link dummy_upper could not be found.
(2026-08-22T17:18:49.778223339) (2026-08-22T17:18:49.778565506) [Wrn] [DetachableJoint.cc:348] Child Link dummy_upper could not be found.
(2026-08-22T17:18:49.782427797) (2026-08-22T17:18:49.782529672) [Wrn] [DetachableJoint.cc:348] Child Link dummy_upper could not be found.
(2026-08-22T17:18:49.796255547) (2026-08-22T17:18:49.801773506) [Wrn] [DetachableJoint.cc:348] Child Link dummy_upper could not be found.
(2026-08-22T17:18:49.819661006) (2026-08-22T17:18:49.823505464) [Wrn] [DetachableJoint.cc:348] Child Link dummy_upper could not be found.
(2026-08-22T17:18:50.271148464) (2026-08-22T17:18:50.271365464) [Wrn] [DetachableJoint.cc:348] Child Link dummy_upper could not be found.
(2026-08-22T17:18:50.276804256) (2026-08-22T17:18:50.280093464) [Wrn] [DetachableJoint.cc:348] Child Link dummy_upper could not be found.
(2026-08-22T17:18:50.284911547) (2026-08-22T17:18:50.285193339) [Wrn] [DetachableJoint.cc:348] Child Link dummy_upper could not be found.
(2026-08-22T17:18:50.288769839) (2026-08-22T17:18:50.288918422) [Wrn] [DetachableJoint.cc:348] Child Link dummy_upper could not be found.
(2026-08-22T17:18:50.297410131) (2026-08-22T17:18:50.297608297) [Wrn] [DetachableJoint.cc:348] Child Link dummy_upper could not be found.
(2026-08-22T17:18:50.322945964) (2026-08-22T17:18:50.330663881) [Wrn] [DetachableJoint.cc:348] Child Link dummy_upper could not be found.
(2026-08-22T17:18:50.355517214) (2026-08-22T17:18:50.355691964) [Wrn] [DetachableJoint.cc:348] Child Link dummy_upper could not be found.
(2026-08-22T17:18:50.358965506) (2026-08-22T17:18:50.359249964) [Wrn] [DetachableJoint.cc:348] Child Link dummy_upper could not be found.
(2026-08-22T17:18:50.847579673) (2026-08-22T17:18:50.847818673) [Wrn] [DetachableJoint.cc:348] Child Link dummy_upper could not be found.
(2026-08-22T17:18:50.851717839) (2026-08-22T17:18:50.853569964) [Wrn] [DetachableJoint.cc:348] Child Link dummy_upper could not be found.
(2026-08-22T17:18:50.873079631) (2026-08-22T17:18:50.878678464) [Wrn] [DetachableJoint.cc:348] Child Link dummy_upper could not be found.
(2026-08-22T17:18:50.889830339) (2026-08-22T17:18:50.890789089) [Wrn] [DetachableJoint.cc:348] Child Link dummy_upper could not be found.
(2026-08-22T17:18:50.905839923) (2026-08-22T17:18:50.912006548) [Wrn] [DetachableJoint.cc:348] Child Link dummy_upper could not be found.
(2026-08-22T17:18:50.932325048) (2026-08-22T17:18:50.932768673) [Wrn] [DetachableJoint.cc:348] Child Link dummy_upper could not be found.
(2026-08-22T17:18:50.953225714) (2026-08-22T17:18:50.954213464) [Wrn] [DetachableJoint.cc:348] Child Link dummy_upper could not be found.
(2026-08-22T17:18:50.956746881) (2026-08-22T17:18:50.956957548) [Wrn] [DetachableJoint.cc:348] Child Link dummy_upper could not be found.
(2026-08-22T17:18:51.361051840) (2026-08-22T17:18:51.361329881) [Wrn] [DetachableJoint.cc:348] Child Link dummy_upper could not be found.
(2026-08-22T17:18:51.364665298) (2026-08-22T17:18:51.364901465) [Wrn] [DetachableJoint.cc:348] Child Link dummy_upper could not be found.
(2026-08-22T17:18:51.368607215) (2026-08-22T17:18:51.368690215) [Wrn] [DetachableJoint.cc:348] Child Link dummy_upper could not be found.
(2026-08-22T17:18:51.373142340) (2026-08-22T17:18:51.374053631) [Wrn] [DetachableJoint.cc:348] Child Link dummy_upper could not be found.
(2026-08-22T17:18:51.377163840) (2026-08-22T17:18:51.377382965) [Wrn] [DetachableJoint.cc:348] Child Link dummy_upper could not be found.
(2026-08-22T17:18:51.387245673) (2026-08-22T17:18:51.394195048) [Wrn] [DetachableJoint.cc:348] Child Link dummy_upper could not be found.
(2026-08-22T17:18:51.419829465) (2026-08-22T17:18:51.425610798) [Wrn] [DetachableJoint.cc:348] Child Link dummy_upper could not be found.
(2026-08-22T17:18:51.450941381) (2026-08-22T17:18:51.451174048) [Wrn] [DetachableJoint.cc:348] Child Link dummy_upper could not be found.
(2026-08-22T17:18:51.454010965) (2026-08-22T17:18:51.454181881) [Wrn] [DetachableJoint.cc:348] Child Link dummy_upper could not be found.
(2026-08-22T17:18:51.878878215) (2026-08-22T17:18:51.879041423) [Dbg] [gz.cc:434] Shutting down gz-sim-server
(2026-08-22T17:18:51.879968840) (2026-08-22T17:18:51.880072465) [Dbg] [Sensors.cc:565] SensorsPrivate::Stop
(2026-08-22T17:18:52.510147090) (2026-08-22T17:18:52.510402298) [Dbg] [Sensors.cc:551] SensorsPrivate::RenderThread stopped
((2026-08-22T17:18:52.514314340) (2026-08-22T17:18:52.514478215) ([Dbg] [SimulationRunner.cc:560] (Exiting postupdate worker thread (7)
(2026-08-22T17:18:52.514920257) (2026-08-22T17:18:52.515051548) [Dbg] [SimulationRunner.cc:560] (Exiting postupdate worker thread (6)
(2026-08-22T17:18:52.515474048) (2026-08-22T17:18:52.515612257) ) 2026-08-22T17:18:52.515782215) (2026-08-22T17:18:52.515927007) [Dbg] [SimulationRunner.cc:560] 2026-08-22T17:18:52.516073215) (2026-08-22T17:18:52.516178340) 2026-08-22T17:18:52.516330840) (2026-08-22T17:18:52.516573590) (2026-08-22T17:18:52.516858465) (2026-08-22T17:18:52.517031215) (2026-08-22T17:18:52.517213257) (2026-08-22T17:18:52.517337757) 2026-08-22T17:18:52.517444340) (2026-08-22T17:18:52.517615465) (2026-08-22T17:18:52.517820007) (2026-08-22T17:18:52.518034382) Exiting postupdate worker thread (42026-08-22T17:18:52.518352632) (2026-08-22T17:18:52.518524757) )
[Dbg] [SimulationRunner.cc:560] Exiting postupdate worker thread (2)
(2026-08-22T17:18:52.519282090) (2026-08-22T17:18:52.519467673) [Dbg] [SimulationRunner.cc:560] Exiting postupdate worker thread (3)
[Dbg] [SimulationRunner.cc:560] Exiting postupdate worker thread (5)
[Dbg] [SimulationRunner.cc:560] Exiting postupdate worker thread (11)
[Dbg] [SimulationRunner.cc:560] Exiting postupdate worker thread (0)
[Dbg] [SimulationRunner.cc:560] Exiting postupdate worker thread (9)
[Dbg] [SimulationRunner.cc:560] Exiting postupdate worker thread (10)
[Dbg] [SimulationRunner.cc:560] Exiting postupdate worker thread (1)
[Dbg] [SimulationRunner.cc:560] Exiting postupdate worker thread (8)
(2026-08-22T17:18:52.599269507) (2026-08-22T17:18:52.599441424) [Dbg] [Sensors.cc:565] SensorsPrivate::Stop
(2026-08-22T17:18:52.616332590) (2026-08-22T17:18:52.616434257) [Msg] Stopping recording
