{
  "message": "Surveyor hardware-command guidance tests passed.",
  "sample_trace": [
    {
      "time_s": 0.09999999999854481,
      "thrust": 45,
      "thrust_diff": 0,
      "full_wrench": [
        22.36704362322427,
        0,
        0,
        0,
        0,
        0
      ]
    },
    {
      "time_s": 1.0999999999985448,
      "thrust": 45,
      "thrust_diff": 0,
      "full_wrench": [
        86.11566216646926,
        0,
        0,
        0,
        0,
        0
      ]
    },
    {
      "time_s": 2.099999999998545,
      "thrust": 45,
      "thrust_diff": -10,
      "full_wrench": [
        89.77691230410002,
        0,
        0,
        0,
        0,
        -3.6038610268569915
      ]
    },
    {
      "time_s": 3.099999999998545,
      "thrust": 45,
      "thrust_diff": 2,
      "full_wrench": [
        89.9871874892981,
        0,
        0,
        0,
        0,
        -1.4529011084922345
      ]
    },
    {
      "time_s": 4.099999999998545,
      "thrust": 45,
      "thrust_diff": 45,
      "full_wrench": [
        88.63489000725954,
        0,
        0,
        0,
        0,
        13.750387852392022
      ]
    },
    {
      "time_s": 5.099999999998545,
      "thrust": 45,
      "thrust_diff": 45,
      "full_wrench": [
        85.9156867894159,
        0,
        0,
        0,
        0,
        18.686718931964624
      ]
    }
  ]
}
real 0.18
user 0.30
sys 0.03
