{"phase":"held-out-tuning","policy":"LOS-PID-v2","gains":{"lookahead":4,"kp":70,"kd":20,"speed":1},"completed_blocks":1,"total_blocks":48}
{"phase":"held-out-tuning","policy":"LOS-PID-v2","gains":{"lookahead":4,"kp":70,"kd":20,"speed":1.5},"completed_blocks":2,"total_blocks":48}
{"phase":"held-out-tuning","policy":"LOS-PID-v2","gains":{"lookahead":4,"kp":70,"kd":35,"speed":1},"completed_blocks":3,"total_blocks":48}
{"phase":"held-out-tuning","policy":"LOS-PID-v2","gains":{"lookahead":4,"kp":70,"kd":35,"speed":1.5},"completed_blocks":4,"total_blocks":48}
{"phase":"held-out-tuning","policy":"LOS-PID-v2","gains":{"lookahead":4,"kp":100,"kd":20,"speed":1},"completed_blocks":5,"total_blocks":48}
{"phase":"held-out-tuning","policy":"LOS-PID-v2","gains":{"lookahead":4,"kp":100,"kd":20,"speed":1.5},"completed_blocks":6,"total_blocks":48}
{"phase":"held-out-tuning","policy":"LOS-PID-v2","gains":{"lookahead":4,"kp":100,"kd":35,"speed":1},"completed_blocks":7,"total_blocks":48}
{"phase":"held-out-tuning","policy":"LOS-PID-v2","gains":{"lookahead":4,"kp":100,"kd":35,"speed":1.5},"completed_blocks":8,"total_blocks":48}
{"phase":"held-out-tuning","policy":"LOS-PID-v2","gains":{"lookahead":8,"kp":70,"kd":20,"speed":1},"completed_blocks":9,"total_blocks":48}
{"phase":"held-out-tuning","policy":"LOS-PID-v2","gains":{"lookahead":8,"kp":70,"kd":20,"speed":1.5},"completed_blocks":10,"total_blocks":48}
{"phase":"held-out-tuning","policy":"LOS-PID-v2","gains":{"lookahead":8,"kp":70,"kd":35,"speed":1},"completed_blocks":11,"total_blocks":48}
{"phase":"held-out-tuning","policy":"LOS-PID-v2","gains":{"lookahead":8,"kp":70,"kd":35,"speed":1.5},"completed_blocks":12,"total_blocks":48}
{"phase":"held-out-tuning","policy":"LOS-PID-v2","gains":{"lookahead":8,"kp":100,"kd":20,"speed":1},"completed_blocks":13,"total_blocks":48}
{"phase":"held-out-tuning","policy":"LOS-PID-v2","gains":{"lookahead":8,"kp":100,"kd":20,"speed":1.5},"completed_blocks":14,"total_blocks":48}
{"phase":"held-out-tuning","policy":"LOS-PID-v2","gains":{"lookahead":8,"kp":100,"kd":35,"speed":1},"completed_blocks":15,"total_blocks":48}
{"phase":"held-out-tuning","policy":"LOS-PID-v2","gains":{"lookahead":8,"kp":100,"kd":35,"speed":1.5},"completed_blocks":16,"total_blocks":48}
{"phase":"held-out-tuning","policy":"LOS-PID-v2","gains":{"lookahead":12,"kp":70,"kd":20,"speed":1},"completed_blocks":17,"total_blocks":48}
{"phase":"held-out-tuning","policy":"LOS-PID-v2","gains":{"lookahead":12,"kp":70,"kd":20,"speed":1.5},"completed_blocks":18,"total_blocks":48}
{"phase":"held-out-tuning","policy":"LOS-PID-v2","gains":{"lookahead":12,"kp":70,"kd":35,"speed":1},"completed_blocks":19,"total_blocks":48}
{"phase":"held-out-tuning","policy":"LOS-PID-v2","gains":{"lookahead":12,"kp":70,"kd":35,"speed":1.5},"completed_blocks":20,"total_blocks":48}
{"phase":"held-out-tuning","policy":"LOS-PID-v2","gains":{"lookahead":12,"kp":100,"kd":20,"speed":1},"completed_blocks":21,"total_blocks":48}
{"phase":"held-out-tuning","policy":"LOS-PID-v2","gains":{"lookahead":12,"kp":100,"kd":20,"speed":1.5},"completed_blocks":22,"total_blocks":48}
{"phase":"held-out-tuning","policy":"LOS-PID-v2","gains":{"lookahead":12,"kp":100,"kd":35,"speed":1},"completed_blocks":23,"total_blocks":48}
{"phase":"held-out-tuning","policy":"LOS-PID-v2","gains":{"lookahead":12,"kp":100,"kd":35,"speed":1.5},"completed_blocks":24,"total_blocks":48}
{"phase":"held-out-tuning","policy":"LOS-SPEEDCAP-v2","gains":{"lookahead":4,"kp":70,"kd":20,"speed":1},"completed_blocks":25,"total_blocks":48}
{"phase":"held-out-tuning","policy":"LOS-SPEEDCAP-v2","gains":{"lookahead":4,"kp":70,"kd":20,"speed":1.5},"completed_blocks":26,"total_blocks":48}
{"phase":"held-out-tuning","policy":"LOS-SPEEDCAP-v2","gains":{"lookahead":4,"kp":70,"kd":35,"speed":1},"completed_blocks":27,"total_blocks":48}
{"phase":"held-out-tuning","policy":"LOS-SPEEDCAP-v2","gains":{"lookahead":4,"kp":70,"kd":35,"speed":1.5},"completed_blocks":28,"total_blocks":48}
{"phase":"held-out-tuning","policy":"LOS-SPEEDCAP-v2","gains":{"lookahead":4,"kp":100,"kd":20,"speed":1},"completed_blocks":29,"total_blocks":48}
{"phase":"held-out-tuning","policy":"LOS-SPEEDCAP-v2","gains":{"lookahead":4,"kp":100,"kd":20,"speed":1.5},"completed_blocks":30,"total_blocks":48}
{"phase":"held-out-tuning","policy":"LOS-SPEEDCAP-v2","gains":{"lookahead":4,"kp":100,"kd":35,"speed":1},"completed_blocks":31,"total_blocks":48}
{"phase":"held-out-tuning","policy":"LOS-SPEEDCAP-v2","gains":{"lookahead":4,"kp":100,"kd":35,"speed":1.5},"completed_blocks":32,"total_blocks":48}
{"phase":"held-out-tuning","policy":"LOS-SPEEDCAP-v2","gains":{"lookahead":8,"kp":70,"kd":20,"speed":1},"completed_blocks":33,"total_blocks":48}
{"phase":"held-out-tuning","policy":"LOS-SPEEDCAP-v2","gains":{"lookahead":8,"kp":70,"kd":20,"speed":1.5},"completed_blocks":34,"total_blocks":48}
{"phase":"held-out-tuning","policy":"LOS-SPEEDCAP-v2","gains":{"lookahead":8,"kp":70,"kd":35,"speed":1},"completed_blocks":35,"total_blocks":48}
{"phase":"held-out-tuning","policy":"LOS-SPEEDCAP-v2","gains":{"lookahead":8,"kp":70,"kd":35,"speed":1.5},"completed_blocks":36,"total_blocks":48}
{"phase":"held-out-tuning","policy":"LOS-SPEEDCAP-v2","gains":{"lookahead":8,"kp":100,"kd":20,"speed":1},"completed_blocks":37,"total_blocks":48}
{"phase":"held-out-tuning","policy":"LOS-SPEEDCAP-v2","gains":{"lookahead":8,"kp":100,"kd":20,"speed":1.5},"completed_blocks":38,"total_blocks":48}
{"phase":"held-out-tuning","policy":"LOS-SPEEDCAP-v2","gains":{"lookahead":8,"kp":100,"kd":35,"speed":1},"completed_blocks":39,"total_blocks":48}
{"phase":"held-out-tuning","policy":"LOS-SPEEDCAP-v2","gains":{"lookahead":8,"kp":100,"kd":35,"speed":1.5},"completed_blocks":40,"total_blocks":48}
{"phase":"held-out-tuning","policy":"LOS-SPEEDCAP-v2","gains":{"lookahead":12,"kp":70,"kd":20,"speed":1},"completed_blocks":41,"total_blocks":48}
{"phase":"held-out-tuning","policy":"LOS-SPEEDCAP-v2","gains":{"lookahead":12,"kp":70,"kd":20,"speed":1.5},"completed_blocks":42,"total_blocks":48}
{"phase":"held-out-tuning","policy":"LOS-SPEEDCAP-v2","gains":{"lookahead":12,"kp":70,"kd":35,"speed":1},"completed_blocks":43,"total_blocks":48}
{"phase":"held-out-tuning","policy":"LOS-SPEEDCAP-v2","gains":{"lookahead":12,"kp":70,"kd":35,"speed":1.5},"completed_blocks":44,"total_blocks":48}
{"phase":"held-out-tuning","policy":"LOS-SPEEDCAP-v2","gains":{"lookahead":12,"kp":100,"kd":20,"speed":1},"completed_blocks":45,"total_blocks":48}
{"phase":"held-out-tuning","policy":"LOS-SPEEDCAP-v2","gains":{"lookahead":12,"kp":100,"kd":20,"speed":1.5},"completed_blocks":46,"total_blocks":48}
{"phase":"held-out-tuning","policy":"LOS-SPEEDCAP-v2","gains":{"lookahead":12,"kp":100,"kd":35,"speed":1},"completed_blocks":47,"total_blocks":48}
{"phase":"held-out-tuning","policy":"LOS-SPEEDCAP-v2","gains":{"lookahead":12,"kp":100,"kd":35,"speed":1.5},"completed_blocks":48,"total_blocks":48}
{
  "selected": {
    "pid": {
      "gains": {
        "lookahead": 8,
        "kp": 100,
        "kd": 35,
        "speed": 1
      },
      "success_count": 0,
      "waypoints_reached_sum": 17,
      "median_return": -241.37502768597503,
      "mean_cross_track_m": 6.807837640648619
    },
    "mpc": {
      "gains": {
        "lookahead": 4,
        "kp": 100,
        "kd": 35,
        "speed": 1
      },
      "success_count": 1,
      "waypoints_reached_sum": 22,
      "median_return": -111.57436537313309,
      "mean_cross_track_m": 4.269142990520864
    }
  },
  "summaries": [
    {
      "policy": "frozen-untrained-policy-v1",
      "mean": -1131.7234223903731,
      "median": -918.9335302377148,
      "standard_deviation": 639.6903336787894,
      "min": -2574.6232332182335,
      "max": -218.3313706003576,
      "q1": -1565.6145068290928,
      "q3": -596.433341371205,
      "success_count": 0,
      "success_rate": 0,
      "episode_length": {
        "mean": 2400,
        "median": 2400,
        "min": 2400,
        "max": 2400
      }
    },
    {
      "policy": "LOS-PID-v2",
      "mean": -350.55434606911126,
      "median": -300.55838547751245,
      "standard_deviation": 255.78452690545842,
      "min": -1330.0208515454117,
      "max": -11.701009419073987,
      "q1": -499.4962407874126,
      "q3": -140.9450531069698,
      "success_count": 0,
      "success_rate": 0,
      "episode_length": {
        "mean": 2400,
        "median": 2400,
        "min": 2400,
        "max": 2400
      }
    },
    {
      "policy": "LOS-SPEEDCAP-v2",
      "mean": -192.47790124622435,
      "median": -85.57209088776064,
      "standard_deviation": 277.68758753232146,
      "min": -1414.8652182305443,
      "max": 11.856543017842963,
      "q1": -155.91659312057376,
      "q3": -24.125487238376973,
      "success_count": 0,
      "success_rate": 0,
      "episode_length": {
        "mean": 2400,
        "median": 2400,
        "min": 2400,
        "max": 2400
      }
    }
  ],
  "return_reference": {
    "policy": "LOS-SPEEDCAP-v2",
    "untrained_median": -918.9335302377148,
    "reference_median": -85.57209088776064,
    "gap": 833.3614393499541,
    "paired_bootstrap_95_ci": [
      674.3360298245157,
      1222.8523647828076
    ],
    "normalized_threshold": 0.5,
    "absolute_threshold": -502.2528105627377
  },
  "success_reference": {
    "policy": "LOS-PID-v2",
    "untrained_rate": 0,
    "reference_rate": 0,
    "gap": 0,
    "paired_bootstrap_95_ci": [
      0,
      0
    ],
    "normalized_threshold": 0.5,
    "absolute_threshold": 0
  }
}
