{"phase":"held-out-tuning","policy":"LOS-PID-v2","gains":{"lookahead":4,"kp":70,"kd":20,"speed":1},"completed_blocks":1,"total_blocks":48}
{"phase":"held-out-tuning","policy":"LOS-PID-v2","gains":{"lookahead":4,"kp":70,"kd":20,"speed":1.5},"completed_blocks":2,"total_blocks":48}
{"phase":"held-out-tuning","policy":"LOS-PID-v2","gains":{"lookahead":4,"kp":70,"kd":35,"speed":1},"completed_blocks":3,"total_blocks":48}
{"phase":"held-out-tuning","policy":"LOS-PID-v2","gains":{"lookahead":4,"kp":70,"kd":35,"speed":1.5},"completed_blocks":4,"total_blocks":48}
{"phase":"held-out-tuning","policy":"LOS-PID-v2","gains":{"lookahead":4,"kp":100,"kd":20,"speed":1},"completed_blocks":5,"total_blocks":48}
{"phase":"held-out-tuning","policy":"LOS-PID-v2","gains":{"lookahead":4,"kp":100,"kd":20,"speed":1.5},"completed_blocks":6,"total_blocks":48}
{"phase":"held-out-tuning","policy":"LOS-PID-v2","gains":{"lookahead":4,"kp":100,"kd":35,"speed":1},"completed_blocks":7,"total_blocks":48}
{"phase":"held-out-tuning","policy":"LOS-PID-v2","gains":{"lookahead":4,"kp":100,"kd":35,"speed":1.5},"completed_blocks":8,"total_blocks":48}
{"phase":"held-out-tuning","policy":"LOS-PID-v2","gains":{"lookahead":8,"kp":70,"kd":20,"speed":1},"completed_blocks":9,"total_blocks":48}
{"phase":"held-out-tuning","policy":"LOS-PID-v2","gains":{"lookahead":8,"kp":70,"kd":20,"speed":1.5},"completed_blocks":10,"total_blocks":48}
{"phase":"held-out-tuning","policy":"LOS-PID-v2","gains":{"lookahead":8,"kp":70,"kd":35,"speed":1},"completed_blocks":11,"total_blocks":48}
{"phase":"held-out-tuning","policy":"LOS-PID-v2","gains":{"lookahead":8,"kp":70,"kd":35,"speed":1.5},"completed_blocks":12,"total_blocks":48}
{"phase":"held-out-tuning","policy":"LOS-PID-v2","gains":{"lookahead":8,"kp":100,"kd":20,"speed":1},"completed_blocks":13,"total_blocks":48}
{"phase":"held-out-tuning","policy":"LOS-PID-v2","gains":{"lookahead":8,"kp":100,"kd":20,"speed":1.5},"completed_blocks":14,"total_blocks":48}
{"phase":"held-out-tuning","policy":"LOS-PID-v2","gains":{"lookahead":8,"kp":100,"kd":35,"speed":1},"completed_blocks":15,"total_blocks":48}
{"phase":"held-out-tuning","policy":"LOS-PID-v2","gains":{"lookahead":8,"kp":100,"kd":35,"speed":1.5},"completed_blocks":16,"total_blocks":48}
{"phase":"held-out-tuning","policy":"LOS-PID-v2","gains":{"lookahead":12,"kp":70,"kd":20,"speed":1},"completed_blocks":17,"total_blocks":48}
{"phase":"held-out-tuning","policy":"LOS-PID-v2","gains":{"lookahead":12,"kp":70,"kd":20,"speed":1.5},"completed_blocks":18,"total_blocks":48}
{"phase":"held-out-tuning","policy":"LOS-PID-v2","gains":{"lookahead":12,"kp":70,"kd":35,"speed":1},"completed_blocks":19,"total_blocks":48}
{"phase":"held-out-tuning","policy":"LOS-PID-v2","gains":{"lookahead":12,"kp":70,"kd":35,"speed":1.5},"completed_blocks":20,"total_blocks":48}
{"phase":"held-out-tuning","policy":"LOS-PID-v2","gains":{"lookahead":12,"kp":100,"kd":20,"speed":1},"completed_blocks":21,"total_blocks":48}
{"phase":"held-out-tuning","policy":"LOS-PID-v2","gains":{"lookahead":12,"kp":100,"kd":20,"speed":1.5},"completed_blocks":22,"total_blocks":48}
{"phase":"held-out-tuning","policy":"LOS-PID-v2","gains":{"lookahead":12,"kp":100,"kd":35,"speed":1},"completed_blocks":23,"total_blocks":48}
{"phase":"held-out-tuning","policy":"LOS-PID-v2","gains":{"lookahead":12,"kp":100,"kd":35,"speed":1.5},"completed_blocks":24,"total_blocks":48}
{"phase":"held-out-tuning","policy":"LOS-SPEEDCAP-v2","gains":{"lookahead":4,"kp":70,"kd":20,"speed":1},"completed_blocks":25,"total_blocks":48}
{"phase":"held-out-tuning","policy":"LOS-SPEEDCAP-v2","gains":{"lookahead":4,"kp":70,"kd":20,"speed":1.5},"completed_blocks":26,"total_blocks":48}
{"phase":"held-out-tuning","policy":"LOS-SPEEDCAP-v2","gains":{"lookahead":4,"kp":70,"kd":35,"speed":1},"completed_blocks":27,"total_blocks":48}
{"phase":"held-out-tuning","policy":"LOS-SPEEDCAP-v2","gains":{"lookahead":4,"kp":70,"kd":35,"speed":1.5},"completed_blocks":28,"total_blocks":48}
{"phase":"held-out-tuning","policy":"LOS-SPEEDCAP-v2","gains":{"lookahead":4,"kp":100,"kd":20,"speed":1},"completed_blocks":29,"total_blocks":48}
{"phase":"held-out-tuning","policy":"LOS-SPEEDCAP-v2","gains":{"lookahead":4,"kp":100,"kd":20,"speed":1.5},"completed_blocks":30,"total_blocks":48}
{"phase":"held-out-tuning","policy":"LOS-SPEEDCAP-v2","gains":{"lookahead":4,"kp":100,"kd":35,"speed":1},"completed_blocks":31,"total_blocks":48}
{"phase":"held-out-tuning","policy":"LOS-SPEEDCAP-v2","gains":{"lookahead":4,"kp":100,"kd":35,"speed":1.5},"completed_blocks":32,"total_blocks":48}
{"phase":"held-out-tuning","policy":"LOS-SPEEDCAP-v2","gains":{"lookahead":8,"kp":70,"kd":20,"speed":1},"completed_blocks":33,"total_blocks":48}
{"phase":"held-out-tuning","policy":"LOS-SPEEDCAP-v2","gains":{"lookahead":8,"kp":70,"kd":20,"speed":1.5},"completed_blocks":34,"total_blocks":48}
{"phase":"held-out-tuning","policy":"LOS-SPEEDCAP-v2","gains":{"lookahead":8,"kp":70,"kd":35,"speed":1},"completed_blocks":35,"total_blocks":48}
{"phase":"held-out-tuning","policy":"LOS-SPEEDCAP-v2","gains":{"lookahead":8,"kp":70,"kd":35,"speed":1.5},"completed_blocks":36,"total_blocks":48}
{"phase":"held-out-tuning","policy":"LOS-SPEEDCAP-v2","gains":{"lookahead":8,"kp":100,"kd":20,"speed":1},"completed_blocks":37,"total_blocks":48}
{"phase":"held-out-tuning","policy":"LOS-SPEEDCAP-v2","gains":{"lookahead":8,"kp":100,"kd":20,"speed":1.5},"completed_blocks":38,"total_blocks":48}
{"phase":"held-out-tuning","policy":"LOS-SPEEDCAP-v2","gains":{"lookahead":8,"kp":100,"kd":35,"speed":1},"completed_blocks":39,"total_blocks":48}
{"phase":"held-out-tuning","policy":"LOS-SPEEDCAP-v2","gains":{"lookahead":8,"kp":100,"kd":35,"speed":1.5},"completed_blocks":40,"total_blocks":48}
{"phase":"held-out-tuning","policy":"LOS-SPEEDCAP-v2","gains":{"lookahead":12,"kp":70,"kd":20,"speed":1},"completed_blocks":41,"total_blocks":48}
{"phase":"held-out-tuning","policy":"LOS-SPEEDCAP-v2","gains":{"lookahead":12,"kp":70,"kd":20,"speed":1.5},"completed_blocks":42,"total_blocks":48}
{"phase":"held-out-tuning","policy":"LOS-SPEEDCAP-v2","gains":{"lookahead":12,"kp":70,"kd":35,"speed":1},"completed_blocks":43,"total_blocks":48}
{"phase":"held-out-tuning","policy":"LOS-SPEEDCAP-v2","gains":{"lookahead":12,"kp":70,"kd":35,"speed":1.5},"completed_blocks":44,"total_blocks":48}
{"phase":"held-out-tuning","policy":"LOS-SPEEDCAP-v2","gains":{"lookahead":12,"kp":100,"kd":20,"speed":1},"completed_blocks":45,"total_blocks":48}
{"phase":"held-out-tuning","policy":"LOS-SPEEDCAP-v2","gains":{"lookahead":12,"kp":100,"kd":20,"speed":1.5},"completed_blocks":46,"total_blocks":48}
{"phase":"held-out-tuning","policy":"LOS-SPEEDCAP-v2","gains":{"lookahead":12,"kp":100,"kd":35,"speed":1},"completed_blocks":47,"total_blocks":48}
{"phase":"held-out-tuning","policy":"LOS-SPEEDCAP-v2","gains":{"lookahead":12,"kp":100,"kd":35,"speed":1.5},"completed_blocks":48,"total_blocks":48}
{
  "selected": {
    "pid": {
      "gains": {
        "lookahead": 8,
        "kp": 100,
        "kd": 35,
        "speed": 1
      },
      "success_count": 0,
      "waypoints_reached_sum": 16,
      "median_return": -241.37502768597503,
      "mean_cross_track_m": 6.878971605766999
    },
    "mpc": {
      "gains": {
        "lookahead": 4,
        "kp": 100,
        "kd": 35,
        "speed": 1
      },
      "success_count": 1,
      "waypoints_reached_sum": 22,
      "median_return": -111.57436537313309,
      "mean_cross_track_m": 4.269142990520864
    }
  },
  "summaries": [
    {
      "policy": "frozen-untrained-policy-v1",
      "mean": -1331.2072545114672,
      "median": -1185.7829283299516,
      "standard_deviation": 755.9050464097293,
      "min": -3394.825532464556,
      "max": -218.3313706003576,
      "q1": -1764.7179019978175,
      "q3": -816.7439393620646,
      "success_count": 0,
      "success_rate": 0,
      "episode_length": {
        "mean": 2400,
        "median": 2400,
        "min": 2400,
        "max": 2400
      }
    },
    {
      "policy": "LOS-PID-v2",
      "mean": -381.0031485194205,
      "median": -319.68990577866634,
      "standard_deviation": 284.38807545473566,
      "min": -1330.0208515454117,
      "max": -11.701009419073987,
      "q1": -552.2985829279684,
      "q3": -140.9450531069698,
      "success_count": 0,
      "success_rate": 0,
      "episode_length": {
        "mean": 2400,
        "median": 2400,
        "min": 2400,
        "max": 2400
      }
    },
    {
      "policy": "LOS-SPEEDCAP-v2",
      "mean": -207.61342071156898,
      "median": -85.57209088776064,
      "standard_deviation": 303.0014836090539,
      "min": -1414.8652182305443,
      "max": 11.856543017842963,
      "q1": -155.91659312057376,
      "q3": -24.125487238376973,
      "success_count": 0,
      "success_rate": 0,
      "episode_length": {
        "mean": 2400,
        "median": 2400,
        "min": 2400,
        "max": 2400
      }
    }
  ],
  "return_reference": {
    "policy": "LOS-SPEEDCAP-v2",
    "untrained_median": -1185.7829283299516,
    "reference_median": -85.57209088776064,
    "gap": 1100.210837442191,
    "paired_bootstrap_95_ci": [
      825.8404787917389,
      1327.5064174287709
    ],
    "normalized_threshold": 0.5,
    "absolute_threshold": -635.6775096088561
  },
  "success_reference": {
    "policy": "LOS-PID-v2",
    "untrained_rate": 0,
    "reference_rate": 0,
    "gap": 0,
    "paired_bootstrap_95_ci": [
      0,
      0
    ],
    "normalized_threshold": 0.5,
    "absolute_threshold": 0
  }
}
