{
  "seed_set": {
    "first": 10000,
    "count": 50
  },
  "qualifying": [
    {
      "timeout_s": 120,
      "variant": "pass_through",
      "radius_m": 8,
      "rates": {
        "untrained": 0.18,
        "los_pid": 0.28,
        "los_mpc": 0.4,
        "best_classical": 0.4
      },
      "normalized_success_gap": 1.0,
      "best_classical_in_40_70": true
    },
    {
      "timeout_s": 120,
      "variant": "pass_through",
      "radius_m": 10,
      "rates": {
        "untrained": 0.2,
        "los_pid": 0.28,
        "los_mpc": 0.42,
        "best_classical": 0.42
      },
      "normalized_success_gap": 1.0,
      "best_classical_in_40_70": true
    },
    {
      "timeout_s": 120,
      "variant": "pass_through",
      "radius_m": 12,
      "rates": {
        "untrained": 0.22,
        "los_pid": 0.28,
        "los_mpc": 0.42,
        "best_classical": 0.42
      },
      "normalized_success_gap": 1.0,
      "best_classical_in_40_70": true
    },
    {
      "timeout_s": 120,
      "variant": "pass_through",
      "radius_m": 15,
      "rates": {
        "untrained": 0.22,
        "los_pid": 0.3,
        "los_mpc": 0.44,
        "best_classical": 0.44
      },
      "normalized_success_gap": 1.0,
      "best_classical_in_40_70": true
    },
    {
      "timeout_s": 240,
      "variant": "pass_through",
      "radius_m": 4,
      "rates": {
        "untrained": 0.0,
        "los_pid": 0.12,
        "los_mpc": 0.5,
        "best_classical": 0.5
      },
      "normalized_success_gap": 1.0,
      "best_classical_in_40_70": true
    },
    {
      "timeout_s": 240,
      "variant": "pass_through",
      "radius_m": 5,
      "rates": {
        "untrained": 0.0,
        "los_pid": 0.18,
        "los_mpc": 0.52,
        "best_classical": 0.52
      },
      "normalized_success_gap": 1.0,
      "best_classical_in_40_70": true
    },
    {
      "timeout_s": 240,
      "variant": "pass_through",
      "radius_m": 6,
      "rates": {
        "untrained": 0.1,
        "los_pid": 0.36,
        "los_mpc": 0.68,
        "best_classical": 0.68
      },
      "normalized_success_gap": 1.0,
      "best_classical_in_40_70": true
    },
    {
      "timeout_s": 240,
      "variant": "pass_through",
      "radius_m": 8,
      "rates": {
        "untrained": 0.18,
        "los_pid": 0.38,
        "los_mpc": 0.7,
        "best_classical": 0.7
      },
      "normalized_success_gap": 1.0,
      "best_classical_in_40_70": true
    },
    {
      "timeout_s": 240,
      "variant": "pass_through",
      "radius_m": 10,
      "rates": {
        "untrained": 0.2,
        "los_pid": 0.38,
        "los_mpc": 0.7,
        "best_classical": 0.7
      },
      "normalized_success_gap": 1.0,
      "best_classical_in_40_70": true
    },
    {
      "timeout_s": 240,
      "variant": "pass_through",
      "radius_m": 12,
      "rates": {
        "untrained": 0.22,
        "los_pid": 0.4,
        "los_mpc": 0.7,
        "best_classical": 0.7
      },
      "normalized_success_gap": 1.0,
      "best_classical_in_40_70": true
    },
    {
      "timeout_s": 240,
      "variant": "full",
      "radius_m": 4,
      "rates": {
        "untrained": 0.0,
        "los_pid": 0.04,
        "los_mpc": 0.4,
        "best_classical": 0.4
      },
      "normalized_success_gap": 1.0,
      "best_classical_in_40_70": true
    },
    {
      "timeout_s": 240,
      "variant": "full",
      "radius_m": 5,
      "rates": {
        "untrained": 0.0,
        "los_pid": 0.08,
        "los_mpc": 0.44,
        "best_classical": 0.44
      },
      "normalized_success_gap": 1.0,
      "best_classical_in_40_70": true
    },
    {
      "timeout_s": 240,
      "variant": "full",
      "radius_m": 6,
      "rates": {
        "untrained": 0.0,
        "los_pid": 0.14,
        "los_mpc": 0.48,
        "best_classical": 0.48
      },
      "normalized_success_gap": 1.0,
      "best_classical_in_40_70": true
    },
    {
      "timeout_s": 240,
      "variant": "full",
      "radius_m": 8,
      "rates": {
        "untrained": 0.0,
        "los_pid": 0.16,
        "los_mpc": 0.56,
        "best_classical": 0.56
      },
      "normalized_success_gap": 1.0,
      "best_classical_in_40_70": true
    },
    {
      "timeout_s": 240,
      "variant": "full",
      "radius_m": 10,
      "rates": {
        "untrained": 0.0,
        "los_pid": 0.2,
        "los_mpc": 0.58,
        "best_classical": 0.58
      },
      "normalized_success_gap": 1.0,
      "best_classical_in_40_70": true
    },
    {
      "timeout_s": 240,
      "variant": "full",
      "radius_m": 12,
      "rates": {
        "untrained": 0.0,
        "los_pid": 0.2,
        "los_mpc": 0.62,
        "best_classical": 0.62
      },
      "normalized_success_gap": 1.0,
      "best_classical_in_40_70": true
    },
    {
      "timeout_s": 240,
      "variant": "full",
      "radius_m": 15,
      "rates": {
        "untrained": 0.02,
        "los_pid": 0.26,
        "los_mpc": 0.68,
        "best_classical": 0.68
      },
      "normalized_success_gap": 1.0,
      "best_classical_in_40_70": true
    }
  ],
  "closest": [
    {
      "policy": "LOS-PID-v2",
      "closest_final_m": {
        "timeout_120": {
          "count": 15,
          "min": 2.9960225958337268,
          "q1": 5.379137406232637,
          "median": 5.991375517482081,
          "q3": 5.997542423300615,
          "q95": 6.717098953613983,
          "max": 13.671081171942298
        },
        "timeout_240": {
          "count": 21,
          "min": 1.09608285229025,
          "q1": 2.7267623516249646,
          "median": 5.379137406232637,
          "q3": 5.997542423300615,
          "q95": 11.44034751181393,
          "max": 13.671081171942298
        }
      }
    },
    {
      "policy": "LOS-SPEEDCAP-v2",
      "closest_final_m": {
        "timeout_120": {
          "count": 22,
          "min": 5.976664892504742,
          "q1": 5.9848685391364755,
          "median": 5.989519923592925,
          "q3": 5.9989480046588435,
          "q95": 6.297528967868331,
          "max": 12.233735558608434
        },
        "timeout_240": {
          "count": 36,
          "min": 0.202328317333376,
          "q1": 1.6278885729411032,
          "median": 2.7352622091167347,
          "q3": 5.410609503902878,
          "q95": 5.99971684328655,
          "max": 12.233735558608434
        }
      }
    }
  ]
}
{
  "seed_set": {
    "first": 10050,
    "count": 50
  },
  "qualifying": [
    {
      "timeout_s": 240,
      "variant": "pass_through",
      "radius_m": 3,
      "rates": {
        "untrained": 0.0,
        "los_pid": 0.18,
        "los_mpc": 0.4,
        "best_classical": 0.4
      },
      "normalized_success_gap": 1.0,
      "best_classical_in_40_70": true
    },
    {
      "timeout_s": 240,
      "variant": "pass_through",
      "radius_m": 4,
      "rates": {
        "untrained": 0.0,
        "los_pid": 0.18,
        "los_mpc": 0.5,
        "best_classical": 0.5
      },
      "normalized_success_gap": 1.0,
      "best_classical_in_40_70": true
    },
    {
      "timeout_s": 240,
      "variant": "pass_through",
      "radius_m": 5,
      "rates": {
        "untrained": 0.0,
        "los_pid": 0.22,
        "los_mpc": 0.52,
        "best_classical": 0.52
      },
      "normalized_success_gap": 1.0,
      "best_classical_in_40_70": true
    },
    {
      "timeout_s": 240,
      "variant": "pass_through",
      "radius_m": 6,
      "rates": {
        "untrained": 0.04,
        "los_pid": 0.4,
        "los_mpc": 0.68,
        "best_classical": 0.68
      },
      "normalized_success_gap": 1.0,
      "best_classical_in_40_70": true
    },
    {
      "timeout_s": 240,
      "variant": "pass_through",
      "radius_m": 8,
      "rates": {
        "untrained": 0.04,
        "los_pid": 0.44,
        "los_mpc": 0.7,
        "best_classical": 0.7
      },
      "normalized_success_gap": 1.0,
      "best_classical_in_40_70": true
    },
    {
      "timeout_s": 240,
      "variant": "pass_through",
      "radius_m": 10,
      "rates": {
        "untrained": 0.08,
        "los_pid": 0.46,
        "los_mpc": 0.7,
        "best_classical": 0.7
      },
      "normalized_success_gap": 1.0,
      "best_classical_in_40_70": true
    },
    {
      "timeout_s": 240,
      "variant": "pass_through",
      "radius_m": 12,
      "rates": {
        "untrained": 0.1,
        "los_pid": 0.46,
        "los_mpc": 0.7,
        "best_classical": 0.7
      },
      "normalized_success_gap": 1.0,
      "best_classical_in_40_70": true
    },
    {
      "timeout_s": 240,
      "variant": "pass_through",
      "radius_m": 15,
      "rates": {
        "untrained": 0.14,
        "los_pid": 0.46,
        "los_mpc": 0.7,
        "best_classical": 0.7
      },
      "normalized_success_gap": 1.0,
      "best_classical_in_40_70": true
    },
    {
      "timeout_s": 240,
      "variant": "full",
      "radius_m": 4,
      "rates": {
        "untrained": 0.0,
        "los_pid": 0.1,
        "los_mpc": 0.44,
        "best_classical": 0.44
      },
      "normalized_success_gap": 1.0,
      "best_classical_in_40_70": true
    },
    {
      "timeout_s": 240,
      "variant": "full",
      "radius_m": 5,
      "rates": {
        "untrained": 0.0,
        "los_pid": 0.12,
        "los_mpc": 0.48,
        "best_classical": 0.48
      },
      "normalized_success_gap": 1.0,
      "best_classical_in_40_70": true
    },
    {
      "timeout_s": 240,
      "variant": "full",
      "radius_m": 6,
      "rates": {
        "untrained": 0.02,
        "los_pid": 0.12,
        "los_mpc": 0.5,
        "best_classical": 0.5
      },
      "normalized_success_gap": 1.0,
      "best_classical_in_40_70": true
    },
    {
      "timeout_s": 240,
      "variant": "full",
      "radius_m": 8,
      "rates": {
        "untrained": 0.02,
        "los_pid": 0.14,
        "los_mpc": 0.58,
        "best_classical": 0.58
      },
      "normalized_success_gap": 1.0,
      "best_classical_in_40_70": true
    },
    {
      "timeout_s": 240,
      "variant": "full",
      "radius_m": 10,
      "rates": {
        "untrained": 0.02,
        "los_pid": 0.16,
        "los_mpc": 0.6,
        "best_classical": 0.6
      },
      "normalized_success_gap": 1.0,
      "best_classical_in_40_70": true
    },
    {
      "timeout_s": 240,
      "variant": "full",
      "radius_m": 12,
      "rates": {
        "untrained": 0.02,
        "los_pid": 0.18,
        "los_mpc": 0.64,
        "best_classical": 0.64
      },
      "normalized_success_gap": 1.0,
      "best_classical_in_40_70": true
    },
    {
      "timeout_s": 240,
      "variant": "full",
      "radius_m": 15,
      "rates": {
        "untrained": 0.04,
        "los_pid": 0.24,
        "los_mpc": 0.66,
        "best_classical": 0.66
      },
      "normalized_success_gap": 1.0,
      "best_classical_in_40_70": true
    }
  ],
  "closest": [
    {
      "policy": "LOS-PID-v2",
      "closest_final_m": {
        "timeout_120": {
          "count": 14,
          "min": 0.4725637456777734,
          "q1": 5.0678256811985065,
          "median": 5.987288581052988,
          "q3": 5.996607463804813,
          "q95": 6.61962596352793,
          "max": 8.71133665442783
        },
        "timeout_240": {
          "count": 23,
          "min": 0.029661802527386504,
          "q1": 1.7929437232119763,
          "median": 5.984829524395702,
          "q3": 5.991867265060591,
          "q95": 6.555639393437511,
          "max": 8.71133665442783
        }
      }
    },
    {
      "policy": "LOS-SPEEDCAP-v2",
      "closest_final_m": {
        "timeout_120": {
          "count": 19,
          "min": 1.338722752638103,
          "q1": 5.973989717670599,
          "median": 5.991004425445054,
          "q3": 5.994343919513128,
          "q95": 5.998196368345197,
          "max": 6.399541399181608
        },
        "timeout_240": {
          "count": 35,
          "min": 0.08645532578739312,
          "q1": 1.2994621373317765,
          "median": 2.2305457247715226,
          "q3": 4.347170873775111,
          "q95": 5.998196368345197,
          "max": 6.399541399181608
        }
      }
    }
  ]
}
{
  "seed_set": {
    "first": 10100,
    "count": 50
  },
  "qualifying": [
    {
      "timeout_s": 120,
      "variant": "pass_through",
      "radius_m": 6,
      "rates": {
        "untrained": 0.18,
        "los_pid": 0.34,
        "los_mpc": 0.46,
        "best_classical": 0.46
      },
      "normalized_success_gap": 1.0,
      "best_classical_in_40_70": true
    },
    {
      "timeout_s": 120,
      "variant": "pass_through",
      "radius_m": 8,
      "rates": {
        "untrained": 0.18,
        "los_pid": 0.36,
        "los_mpc": 0.48,
        "best_classical": 0.48
      },
      "normalized_success_gap": 1.0,
      "best_classical_in_40_70": true
    },
    {
      "timeout_s": 120,
      "variant": "pass_through",
      "radius_m": 10,
      "rates": {
        "untrained": 0.2,
        "los_pid": 0.36,
        "los_mpc": 0.5,
        "best_classical": 0.5
      },
      "normalized_success_gap": 1.0,
      "best_classical_in_40_70": true
    },
    {
      "timeout_s": 120,
      "variant": "pass_through",
      "radius_m": 12,
      "rates": {
        "untrained": 0.22,
        "los_pid": 0.36,
        "los_mpc": 0.5,
        "best_classical": 0.5
      },
      "normalized_success_gap": 1.0,
      "best_classical_in_40_70": true
    },
    {
      "timeout_s": 120,
      "variant": "pass_through",
      "radius_m": 15,
      "rates": {
        "untrained": 0.24,
        "los_pid": 0.36,
        "los_mpc": 0.5,
        "best_classical": 0.5
      },
      "normalized_success_gap": 1.0,
      "best_classical_in_40_70": true
    },
    {
      "timeout_s": 240,
      "variant": "pass_through",
      "radius_m": 2,
      "rates": {
        "untrained": 0.0,
        "los_pid": 0.1,
        "los_mpc": 0.4,
        "best_classical": 0.4
      },
      "normalized_success_gap": 1.0,
      "best_classical_in_40_70": true
    },
    {
      "timeout_s": 240,
      "variant": "pass_through",
      "radius_m": 3,
      "rates": {
        "untrained": 0.0,
        "los_pid": 0.1,
        "los_mpc": 0.5,
        "best_classical": 0.5
      },
      "normalized_success_gap": 1.0,
      "best_classical_in_40_70": true
    },
    {
      "timeout_s": 240,
      "variant": "pass_through",
      "radius_m": 4,
      "rates": {
        "untrained": 0.0,
        "los_pid": 0.12,
        "los_mpc": 0.58,
        "best_classical": 0.58
      },
      "normalized_success_gap": 1.0,
      "best_classical_in_40_70": true
    },
    {
      "timeout_s": 240,
      "variant": "pass_through",
      "radius_m": 5,
      "rates": {
        "untrained": 0.0,
        "los_pid": 0.18,
        "los_mpc": 0.6,
        "best_classical": 0.6
      },
      "normalized_success_gap": 1.0,
      "best_classical_in_40_70": true
    },
    {
      "timeout_s": 240,
      "variant": "full",
      "radius_m": 3,
      "rates": {
        "untrained": 0.0,
        "los_pid": 0.04,
        "los_mpc": 0.42,
        "best_classical": 0.42
      },
      "normalized_success_gap": 1.0,
      "best_classical_in_40_70": true
    },
    {
      "timeout_s": 240,
      "variant": "full",
      "radius_m": 4,
      "rates": {
        "untrained": 0.0,
        "los_pid": 0.06,
        "los_mpc": 0.52,
        "best_classical": 0.52
      },
      "normalized_success_gap": 1.0,
      "best_classical_in_40_70": true
    },
    {
      "timeout_s": 240,
      "variant": "full",
      "radius_m": 5,
      "rates": {
        "untrained": 0.0,
        "los_pid": 0.1,
        "los_mpc": 0.54,
        "best_classical": 0.54
      },
      "normalized_success_gap": 1.0,
      "best_classical_in_40_70": true
    },
    {
      "timeout_s": 240,
      "variant": "full",
      "radius_m": 6,
      "rates": {
        "untrained": 0.0,
        "los_pid": 0.1,
        "los_mpc": 0.54,
        "best_classical": 0.54
      },
      "normalized_success_gap": 1.0,
      "best_classical_in_40_70": true
    },
    {
      "timeout_s": 240,
      "variant": "full",
      "radius_m": 8,
      "rates": {
        "untrained": 0.0,
        "los_pid": 0.14,
        "los_mpc": 0.62,
        "best_classical": 0.62
      },
      "normalized_success_gap": 1.0,
      "best_classical_in_40_70": true
    },
    {
      "timeout_s": 240,
      "variant": "full",
      "radius_m": 10,
      "rates": {
        "untrained": 0.0,
        "los_pid": 0.16,
        "los_mpc": 0.7,
        "best_classical": 0.7
      },
      "normalized_success_gap": 1.0,
      "best_classical_in_40_70": true
    }
  ],
  "closest": [
    {
      "policy": "LOS-PID-v2",
      "closest_final_m": {
        "timeout_120": {
          "count": 18,
          "min": 1.3516168950227863,
          "q1": 3.479870723010387,
          "median": 5.983565317586843,
          "q3": 5.9913456350519585,
          "q95": 5.999291054444042,
          "max": 6.840553800745541
        },
        "timeout_240": {
          "count": 23,
          "min": 0.3688792176896237,
          "q1": 3.479870723010387,
          "median": 5.983565317586843,
          "q3": 5.993571362922178,
          "q95": 12.115928396444987,
          "max": 14.970266120313271
        }
      }
    },
    {
      "policy": "LOS-SPEEDCAP-v2",
      "closest_final_m": {
        "timeout_120": {
          "count": 25,
          "min": 2.4247102136355445,
          "q1": 5.980041948146891,
          "median": 5.986973149719867,
          "q3": 5.996515884237731,
          "q95": 5.99964743236311,
          "max": 8.86511680961381
        },
        "timeout_240": {
          "count": 41,
          "min": 0.12785554029542107,
          "q1": 1.2523788166384504,
          "median": 2.2806272873378433,
          "q3": 5.980041948146891,
          "q95": 5.998038581446074,
          "max": 8.86511680961381
        }
      }
    }
  ]
}
{
  "seed_set": {
    "first": 10150,
    "count": 50
  },
  "qualifying": [
    {
      "timeout_s": 120,
      "variant": "pass_through",
      "radius_m": 6,
      "rates": {
        "untrained": 0.02,
        "los_pid": 0.26,
        "los_mpc": 0.4,
        "best_classical": 0.4
      },
      "normalized_success_gap": 1.0,
      "best_classical_in_40_70": true
    },
    {
      "timeout_s": 120,
      "variant": "pass_through",
      "radius_m": 8,
      "rates": {
        "untrained": 0.04,
        "los_pid": 0.34,
        "los_mpc": 0.44,
        "best_classical": 0.44
      },
      "normalized_success_gap": 1.0,
      "best_classical_in_40_70": true
    },
    {
      "timeout_s": 120,
      "variant": "pass_through",
      "radius_m": 10,
      "rates": {
        "untrained": 0.06,
        "los_pid": 0.36,
        "los_mpc": 0.44,
        "best_classical": 0.44
      },
      "normalized_success_gap": 1.0,
      "best_classical_in_40_70": true
    },
    {
      "timeout_s": 120,
      "variant": "pass_through",
      "radius_m": 12,
      "rates": {
        "untrained": 0.06,
        "los_pid": 0.36,
        "los_mpc": 0.44,
        "best_classical": 0.44
      },
      "normalized_success_gap": 1.0,
      "best_classical_in_40_70": true
    },
    {
      "timeout_s": 120,
      "variant": "pass_through",
      "radius_m": 15,
      "rates": {
        "untrained": 0.06,
        "los_pid": 0.36,
        "los_mpc": 0.44,
        "best_classical": 0.44
      },
      "normalized_success_gap": 1.0,
      "best_classical_in_40_70": true
    },
    {
      "timeout_s": 240,
      "variant": "pass_through",
      "radius_m": 3,
      "rates": {
        "untrained": 0.0,
        "los_pid": 0.06,
        "los_mpc": 0.44,
        "best_classical": 0.44
      },
      "normalized_success_gap": 1.0,
      "best_classical_in_40_70": true
    },
    {
      "timeout_s": 240,
      "variant": "pass_through",
      "radius_m": 4,
      "rates": {
        "untrained": 0.0,
        "los_pid": 0.1,
        "los_mpc": 0.54,
        "best_classical": 0.54
      },
      "normalized_success_gap": 1.0,
      "best_classical_in_40_70": true
    },
    {
      "timeout_s": 240,
      "variant": "pass_through",
      "radius_m": 5,
      "rates": {
        "untrained": 0.0,
        "los_pid": 0.16,
        "los_mpc": 0.58,
        "best_classical": 0.58
      },
      "normalized_success_gap": 1.0,
      "best_classical_in_40_70": true
    },
    {
      "timeout_s": 240,
      "variant": "pass_through",
      "radius_m": 6,
      "rates": {
        "untrained": 0.02,
        "los_pid": 0.4,
        "los_mpc": 0.7,
        "best_classical": 0.7
      },
      "normalized_success_gap": 1.0,
      "best_classical_in_40_70": true
    },
    {
      "timeout_s": 240,
      "variant": "full",
      "radius_m": 3,
      "rates": {
        "untrained": 0.0,
        "los_pid": 0.04,
        "los_mpc": 0.4,
        "best_classical": 0.4
      },
      "normalized_success_gap": 1.0,
      "best_classical_in_40_70": true
    },
    {
      "timeout_s": 240,
      "variant": "full",
      "radius_m": 4,
      "rates": {
        "untrained": 0.0,
        "los_pid": 0.04,
        "los_mpc": 0.46,
        "best_classical": 0.46
      },
      "normalized_success_gap": 1.0,
      "best_classical_in_40_70": true
    },
    {
      "timeout_s": 240,
      "variant": "full",
      "radius_m": 5,
      "rates": {
        "untrained": 0.0,
        "los_pid": 0.06,
        "los_mpc": 0.5,
        "best_classical": 0.5
      },
      "normalized_success_gap": 1.0,
      "best_classical_in_40_70": true
    },
    {
      "timeout_s": 240,
      "variant": "full",
      "radius_m": 6,
      "rates": {
        "untrained": 0.0,
        "los_pid": 0.06,
        "los_mpc": 0.54,
        "best_classical": 0.54
      },
      "normalized_success_gap": 1.0,
      "best_classical_in_40_70": true
    },
    {
      "timeout_s": 240,
      "variant": "full",
      "radius_m": 8,
      "rates": {
        "untrained": 0.0,
        "los_pid": 0.12,
        "los_mpc": 0.56,
        "best_classical": 0.56
      },
      "normalized_success_gap": 1.0,
      "best_classical_in_40_70": true
    },
    {
      "timeout_s": 240,
      "variant": "full",
      "radius_m": 10,
      "rates": {
        "untrained": 0.0,
        "los_pid": 0.16,
        "los_mpc": 0.64,
        "best_classical": 0.64
      },
      "normalized_success_gap": 1.0,
      "best_classical_in_40_70": true
    },
    {
      "timeout_s": 240,
      "variant": "full",
      "radius_m": 12,
      "rates": {
        "untrained": 0.0,
        "los_pid": 0.16,
        "los_mpc": 0.68,
        "best_classical": 0.68
      },
      "normalized_success_gap": 1.0,
      "best_classical_in_40_70": true
    },
    {
      "timeout_s": 240,
      "variant": "full",
      "radius_m": 15,
      "rates": {
        "untrained": 0.0,
        "los_pid": 0.26,
        "los_mpc": 0.68,
        "best_classical": 0.68
      },
      "normalized_success_gap": 1.0,
      "best_classical_in_40_70": true
    }
  ],
  "closest": [
    {
      "policy": "LOS-PID-v2",
      "closest_final_m": {
        "timeout_120": {
          "count": 18,
          "min": 3.1359143433187957,
          "q1": 5.969911786119833,
          "median": 5.993484306882016,
          "q3": 5.99918842044925,
          "q95": 7.5079923743188655,
          "max": 8.15747823982706
        },
        "timeout_240": {
          "count": 25,
          "min": 0.195061772154812,
          "q1": 4.333179886493711,
          "median": 5.984977677148608,
          "q3": 5.998944531588711,
          "q95": 7.5079923743188655,
          "max": 8.15747823982706
        }
      }
    },
    {
      "policy": "LOS-SPEEDCAP-v2",
      "closest_final_m": {
        "timeout_120": {
          "count": 22,
          "min": 3.0912283260025437,
          "q1": 5.977804176300873,
          "median": 5.991964882651057,
          "q3": 5.9975720438534195,
          "q95": 5.999755475703285,
          "max": 7.588816610145301
        },
        "timeout_240": {
          "count": 36,
          "min": 0.011251434765659284,
          "q1": 0.9888873351712739,
          "median": 2.2529858753725036,
          "q3": 3.403253845565375,
          "q95": 5.996556982659984,
          "max": 7.588816610145301
        }
      }
    }
  ]
}
