(2026-08-21T14:46:57.181182751) (2026-08-21T14:46:57.181515376) [Msg] Gazebo Sim Server v8.15.0
(2026-08-21T14:46:57.182847543) (2026-08-21T14:46:57.182979876) [Msg] Setting seed value: 7319
(2026-08-21T14:46:57.330780709) (2026-08-21T14:46:57.330878793) [Msg] Loading SDF world file[/usr/share/gz/gz-sim8/worlds/shapes.sdf].
(2026-08-21T14:46:57.575757918) (2026-08-21T14:46:57.576080834) [Msg] Serving entity system service on [/entity/system/add]
(2026-08-21T14:46:57.594645918) (2026-08-21T14:46:57.594830876) [Dbg] [SdfEntityCreator.cc:531] Link has auto-inertial enabled: cone::cone_link
(2026-08-21T14:46:57.595597751) (2026-08-21T14:46:57.595756334) [Dbg] [SdfEntityCreator.cc:533]   pose: 0 0 -0.25 0 0 0
(2026-08-21T14:46:57.596755959) (2026-08-21T14:46:57.596898376) [Dbg] [SdfEntityCreator.cc:534]   mass: 0.261799
(2026-08-21T14:46:57.597174709) (2026-08-21T14:46:57.597299293) [Dbg] [SdfEntityCreator.cc:535]   ixx iyy izz: 0.019635 0.019635 0.019635
(2026-08-21T14:46:57.597816834) (2026-08-21T14:46:57.597924543) [Dbg] [SdfEntityCreator.cc:537]   ixy ixz iyz: 0 0 0
(2026-08-21T14:46:57.600226918) (2026-08-21T14:46:57.600496709) [Msg] Loaded level [default]
(2026-08-21T14:46:57.601125668) (2026-08-21T14:46:57.601248418) [Msg] No systems loaded from SDF, loading defaults
(2026-08-21T14:46:57.602585584) (2026-08-21T14:46:57.602723876) [Msg] Copied installed config [/usr/share/gz/gz-sim8/server.config] to default config [/root/.gz/sim/8/server.config].
(2026-08-21T14:46:57.604849751) (2026-08-21T14:46:57.604933043) [Dbg] [ServerConfig.cc:1034] Loaded (3) plugins from file [/root/.gz/sim/8/server.config]
(2026-08-21T14:46:57.708536293) (2026-08-21T14:46:57.708807543) [Dbg] [Physics.cc:1004] Loaded [gz::physics::dartsim::Plugin] from library [/usr/lib/x86_64-linux-gnu/gz-physics-7/engine-plugins/libgz-physics-dartsim-plugin.so]
(2026-08-21T14:46:57.709917876) (2026-08-21T14:46:57.710013168) [Dbg] [SystemManager.cc:80] Loaded system [gz::sim::systems::Physics] for entity [1]
(2026-08-21T14:46:57.720296376) (2026-08-21T14:46:57.720438251) [Msg] Create service on [/world/shapes/create_multiple] (async)
(2026-08-21T14:46:57.720758543) (2026-08-21T14:46:57.720837418) [Msg] Create service on [/world/shapes/create_multiple/blocking] (blocking)
(2026-08-21T14:46:57.721984251) (2026-08-21T14:46:57.722094960) [Msg] Remove service on [/world/shapes/remove] (async)
(2026-08-21T14:46:57.722452918) (2026-08-21T14:46:57.722539418) [Msg] Remove service on [/world/shapes/remove/blocking] (blocking)
(2026-08-21T14:46:57.723187418) (2026-08-21T14:46:57.723286251) [Msg] Pose service on [/world/shapes/set_pose] (async)
(2026-08-21T14:46:57.723529376) (2026-08-21T14:46:57.723716376) [Msg] Pose service on [/world/shapes/set_pose/blocking] (blocking)
(2026-08-21T14:46:57.724635960) (2026-08-21T14:46:57.724718376) [Msg] Pose service on [/world/shapes/set_pose_vector] (async)
(2026-08-21T14:46:57.724993960) (2026-08-21T14:46:57.725155668) [Msg] Pose service on [/world/shapes/set_pose_vector/blocking] (blocking)
(2026-08-21T14:46:57.726423668) (2026-08-21T14:46:57.726546710) [Msg] Light configuration service on [/world/shapes/light_config] (async)
(2026-08-21T14:46:57.726798210) (2026-08-21T14:46:57.726872001) [Msg] Light configuration service on [/world/shapes/light_config/blocking] (blocking)
(2026-08-21T14:46:57.730425751) (2026-08-21T14:46:57.730569376) [Msg] Physics service on [/world/shapes/set_physics] (async)
(2026-08-21T14:46:57.730943751) (2026-08-21T14:46:57.731171418) [Msg] Physics service on [/world/shapes/set_physics/blocking] (blocking)
(2026-08-21T14:46:57.732305710) (2026-08-21T14:46:57.732434251) [Msg] SphericalCoordinates service on [/world/shapes/set_spherical_coordinates] (async)
(2026-08-21T14:46:57.732785960) (2026-08-21T14:46:57.732914710) [Msg] SphericalCoordinates service on [/world/shapes/set_spherical_coordinates/blocking] (blocking)
(2026-08-21T14:46:57.733500335) (2026-08-21T14:46:57.733755668) [Msg] Enable collision service on [/world/shapes/enable_collision] (async)
(2026-08-21T14:46:57.734108585) (2026-08-21T14:46:57.734288418) [Msg] Enable collision service on [/world/shapes/enable_collision/blocking] (blocking)
(2026-08-21T14:46:57.734912585) (2026-08-21T14:46:57.735032335) [Msg] Disable collision service on [/world/shapes/disable_collision] (async)
(2026-08-21T14:46:57.735354168) (2026-08-21T14:46:57.735482210) [Msg] Disable collision service on [/world/shapes/disable_collision/blocking] (blocking)
(2026-08-21T14:46:57.736714751) (2026-08-21T14:46:57.736813793) [Msg] Material service on [/world/shapes/visual_config] (async)
(2026-08-21T14:46:57.737155168) (2026-08-21T14:46:57.737353918) [Msg] Material service on [/world/shapes/visual_config/blocking] (blocking)
(2026-08-21T14:46:57.738263335) (2026-08-21T14:46:57.738466335) [Msg] Material service on [/world/shapes/wheel_slip] (async)
(2026-08-21T14:46:57.738902418) (2026-08-21T14:46:57.739033835) [Msg] Material service on [/world/shapes/wheel_slip/blocking] (blocking)
(2026-08-21T14:46:57.739412543) (2026-08-21T14:46:57.739544210) [Dbg] [SystemManager.cc:80] Loaded system [gz::sim::systems::UserCommands] for entity [1]
(2026-08-21T14:46:57.748742293) (2026-08-21T14:46:57.748836918) [Dbg] [SystemManager.cc:80] Loaded system [gz::sim::systems::SceneBroadcaster] for entity [1]
(2026-08-21T14:46:57.749557668) (2026-08-21T14:46:57.749628585) [Dbg] [ServerConfig.cc:657] Generating LogRecord SDF:
(2026-08-21T14:46:57.750824710) (2026-08-21T14:46:57.751062501) [Dbg] [ServerConfig.cc:713] <plugin name='gz::sim::systems::LogRecord' filename='gz-sim-log-system'>
  <record_path>/evidence/probe</record_path>
  <record_resources>false</record_resources>
  <record_topic>/world/shapes/dynamic_pose/info</record_topic>
</plugin>

(2026-08-21T14:46:57.768862293) (2026-08-21T14:46:57.769003751) [Msg] Recording to log file [/evidence/probe/state.tlog]
(2026-08-21T14:46:57.769616293) (2026-08-21T14:46:57.769762876) [Dbg] [LogRecord.cc:333] Recording default topic[/probe/sdf].
(2026-08-21T14:46:57.770019876) (2026-08-21T14:46:57.770114126) [Dbg] [LogRecord.cc:334] Recording default topic[/world/shapes/changed_state].
(2026-08-21T14:46:57.774375585) (2026-08-21T14:46:57.774627043) [Dbg] [LogRecord.cc:356] Recording topic[/world/shapes/dynamic_pose/info] as plain topic.
(2026-08-21T14:46:57.829816251) (2026-08-21T14:46:57.829900460) [Dbg] [SystemManager.cc:80] Loaded system [gz::sim::systems::LogRecord] for entity [1]
(2026-08-21T14:46:57.833040418) (2026-08-21T14:46:57.833371251) [Msg] Serving world controls on [/world/shapes/control], [/world/shapes/control/state] and [/world/shapes/playback/control]
(2026-08-21T14:46:57.834323293) (2026-08-21T14:46:57.834412168) [Msg] Serving GUI information on [/world/shapes/gui/info]
(2026-08-21T14:46:57.834647335) (2026-08-21T14:46:57.834722751) [Msg] World [shapes] initialized with [default_physics] physics profile.
(2026-08-21T14:46:57.835680751) (2026-08-21T14:46:57.835840043) [Msg] Serving world SDF generation service on [/world/shapes/generate_world_sdf]
(2026-08-21T14:46:57.838049335) (2026-08-21T14:46:57.838227543) [Msg] Serving world names on [/gazebo/worlds]
(2026-08-21T14:46:57.838978418) (2026-08-21T14:46:57.839153085) [Msg] Resource path add service on [/gazebo/resource_paths/add].
(2026-08-21T14:46:57.839606710) (2026-08-21T14:46:57.839752210) [Msg] Resource path get service on [/gazebo/resource_paths/get].
(2026-08-21T14:46:57.840475168) (2026-08-21T14:46:57.840607543) [Msg] Resource path resolve service on [/gazebo/resource_paths/resolve].
(2026-08-21T14:46:57.841129085) (2026-08-21T14:46:57.841250960) [Msg] Resource paths published on [/gazebo/resource_paths].
(2026-08-21T14:46:57.842113668) (2026-08-21T14:46:57.842332876) [Msg] Server control service on [/server_control].
(2026-08-21T14:46:59.232591169) (2026-08-21T14:46:59.232853419) [Msg] Found no publishers on /stats, adding root stats topic
(2026-08-21T14:46:59.234035252) (2026-08-21T14:46:59.234297877) [Msg] Found no publishers on /clock, adding root clock topic
(2026-08-21T14:46:59.236433502) (2026-08-21T14:46:59.236583752) [Dbg] [SimulationRunner.cc:627] Creating PostUpdate worker threads: 3
(2026-08-21T14:46:59.236979502) (2026-08-21T14:46:59.237170585) [Dbg] [SimulationRunner.cc:638] Creating postupdate worker thread (0)
(2026-08-21T14:46:59.237783544) (2026-08-21T14:46:59.237952085) [Dbg] [SimulationRunner.cc:638] Creating postupdate worker thread (1)
(2026-08-21T14:46:59.280468169) (2026-08-21T14:46:59.280732502) [Wrn] [SDFFeatures.cc:366] DART: Ellipsoid is not a supported collision geomerty primitive, using generated mesh of an ellipsoid instead
(2026-08-21T14:46:59.291585335) (2026-08-21T14:46:59.291841252) [Wrn] [SDFFeatures.cc:351] DART: Cone is not a supported collision geomerty primitive, using generated mesh of a cone instead
(2026-08-21T14:46:59.378713419) (2026-08-21T14:46:59.378927002) [Msg] Serving scene information on [/world/shapes/scene/info]
(2026-08-21T14:46:59.380458085) (2026-08-21T14:46:59.380634627) [Msg] Serving graph information on [/world/shapes/scene/graph]
(2026-08-21T14:46:59.381723919) (2026-08-21T14:46:59.381899294) [Msg] Serving full state on [/world/shapes/state]
(2026-08-21T14:46:59.382770877) (2026-08-21T14:46:59.382980377) [Msg] Serving full state (async) on [/world/shapes/state_async]
(2026-08-21T14:46:59.384776544) (2026-08-21T14:46:59.384964877) [Msg] Publishing scene information on [/world/shapes/scene/info]
(2026-08-21T14:46:59.385775335) (2026-08-21T14:46:59.386018710) [Msg] Publishing entity deletions on [/world/shapes/scene/deletion]
(2026-08-21T14:46:59.386647002) (2026-08-21T14:46:59.386807877) [Msg] Publishing state changes on [/world/shapes/state]
(2026-08-21T14:46:59.387521335) (2026-08-21T14:46:59.387711877) [Msg] Publishing pose messages on [/world/shapes/pose/info]
(2026-08-21T14:46:59.388349377) (2026-08-21T14:46:59.388521127) [Msg] Publishing dynamic pose messages on [/world/shapes/dynamic_pose/info]
(2026-08-21T14:46:59.445318002) (2026-08-21T14:46:59.445464877) [Dbg] [gz.cc:434] Shutting down gz-sim-server
(2026-08-21T14:46:59.452091544) (2026-08-21T14:46:59.452439127) (2026-08-21T14:46:59.452741752) (2026-08-21T14:46:59.452977169) [Dbg] [SimulationRunner.cc:654] Exiting postupdate worker thread (1)
[Dbg] [SimulationRunner.cc:654] Exiting postupdate worker thread (0)
(2026-08-21T14:46:59.485090419) (2026-08-21T14:46:59.485229502) [Msg] Stopping recording
