(2026-08-22T17:17:19.551585089) (2026-08-22T17:17:19.551896672) [Msg] Gazebo Sim Server v8.10.0
(2026-08-22T17:17:19.554206005) (2026-08-22T17:17:19.554351880) [Msg] Setting seed value: 7319
(2026-08-22T17:17:19.716705047) (2026-08-22T17:17:19.716843422) [Msg] Loading SDF world file[/opt/vrx_ws/install/share/vrx_gz/worlds/sydney_regatta.sdf].
(2026-08-22T17:17:21.215107215) (2026-08-22T17:17:21.215190090) [Msg] Serving entity system service on [/entity/system/add]
(2026-08-22T17:17:21.430373006) (2026-08-22T17:17:21.430511590) [Dbg] [Physics.cc:899] Loaded [gz::physics::dartsim::Plugin] from library [/opt/ros/jazzy/opt/gz_physics_vendor/lib/gz-physics-7/engine-plugins/libgz-physics-dartsim-plugin.so]
(2026-08-22T17:17:21.431320798) (2026-08-22T17:17:21.431389256) [Dbg] [SystemManager.cc:80] Loaded system [gz::sim::systems::Physics] for entity [1]
(2026-08-22T17:17:21.443346631) (2026-08-22T17:17:21.443423798) [Msg] Create service on [/world/sydney_regatta/create_multiple] (async)
(2026-08-22T17:17:21.443759715) (2026-08-22T17:17:21.443831256) [Msg] Create service on [/world/sydney_regatta/create_multiple/blocking] (blocking)
(2026-08-22T17:17:21.444444590) (2026-08-22T17:17:21.444513465) [Msg] Remove service on [/world/sydney_regatta/remove] (async)
(2026-08-22T17:17:21.444723090) (2026-08-22T17:17:21.444786798) [Msg] Remove service on [/world/sydney_regatta/remove/blocking] (blocking)
(2026-08-22T17:17:21.445459465) (2026-08-22T17:17:21.445540923) [Msg] Pose service on [/world/sydney_regatta/set_pose] (async)
(2026-08-22T17:17:21.445983715) (2026-08-22T17:17:21.446054173) [Msg] Pose service on [/world/sydney_regatta/set_pose/blocking] (blocking)
(2026-08-22T17:17:21.446740965) (2026-08-22T17:17:21.446822173) [Msg] Pose service on [/world/sydney_regatta/set_pose_vector] (async)
(2026-08-22T17:17:21.447100715) (2026-08-22T17:17:21.447175590) [Msg] Pose service on [/world/sydney_regatta/set_pose_vector/blocking] (blocking)
(2026-08-22T17:17:21.448715090) (2026-08-22T17:17:21.448791340) [Msg] Light configuration service on [/world/sydney_regatta/light_config] (async)
(2026-08-22T17:17:21.449000590) (2026-08-22T17:17:21.449067298) [Msg] Light configuration service on [/world/sydney_regatta/light_config/blocking] (blocking)
(2026-08-22T17:17:21.451702756) (2026-08-22T17:17:21.451777506) [Msg] Physics service on [/world/sydney_regatta/set_physics] (async)
(2026-08-22T17:17:21.452030881) (2026-08-22T17:17:21.452166965) [Msg] Physics service on [/world/sydney_regatta/set_physics/blocking] (blocking)
(2026-08-22T17:17:21.452949381) (2026-08-22T17:17:21.453018340) [Msg] SphericalCoordinates service on [/world/sydney_regatta/set_spherical_coordinates] (async)
(2026-08-22T17:17:21.453287423) (2026-08-22T17:17:21.453354048) [Msg] SphericalCoordinates service on [/world/sydney_regatta/set_spherical_coordinates/blocking] (blocking)
(2026-08-22T17:17:21.453667173) (2026-08-22T17:17:21.453735923) [Msg] Enable collision service on [/world/sydney_regatta/enable_collision] (async)
(2026-08-22T17:17:21.453944465) (2026-08-22T17:17:21.454007673) [Msg] Enable collision service on [/world/sydney_regatta/enable_collision/blocking] (blocking)
(2026-08-22T17:17:21.454329465) (2026-08-22T17:17:21.454406256) [Msg] Disable collision service on [/world/sydney_regatta/disable_collision] (async)
(2026-08-22T17:17:21.454851340) (2026-08-22T17:17:21.454918715) [Msg] Disable collision service on [/world/sydney_regatta/disable_collision/blocking] (blocking)
(2026-08-22T17:17:21.455738173) (2026-08-22T17:17:21.455828798) [Msg] Material service on [/world/sydney_regatta/visual_config] (async)
(2026-08-22T17:17:21.456256465) (2026-08-22T17:17:21.456323381) [Msg] Material service on [/world/sydney_regatta/visual_config/blocking] (blocking)
(2026-08-22T17:17:21.457092756) (2026-08-22T17:17:21.457195548) [Msg] Material service on [/world/sydney_regatta/wheel_slip] (async)
(2026-08-22T17:17:21.457412506) (2026-08-22T17:17:21.457478340) [Msg] Material service on [/world/sydney_regatta/wheel_slip/blocking] (blocking)
(2026-08-22T17:17:21.457704215) (2026-08-22T17:17:21.457768256) [Dbg] [SystemManager.cc:80] Loaded system [gz::sim::systems::UserCommands] for entity [1]
(2026-08-22T17:17:21.488840298) (2026-08-22T17:17:21.488923173) [Dbg] [Sensors.cc:697] Configuring Sensors system
(2026-08-22T17:17:21.490667923) (2026-08-22T17:17:21.490743215) [Dbg] [Sensors.cc:557] SensorsPrivate::Run
(2026-08-22T17:17:21.491024506) (2026-08-22T17:17:21.491119923) [Dbg] [SystemManager.cc:80] Loaded system [gz::sim::systems::Sensors] for entity [1]
(2026-08-22T17:17:21.491464506) (2026-08-22T17:17:21.491552173) [Dbg] [Sensors.cc:532] SensorsPrivate::RenderThread started
(2026-08-22T17:17:21.492255756) (2026-08-22T17:17:21.492675340) [Dbg] [Sensors.cc:337] Waiting for init
(2026-08-22T17:17:21.496795256) (2026-08-22T17:17:21.496891673) [Dbg] [SystemManager.cc:80] Loaded system [gz::sim::systems::Imu] for entity [1]
(2026-08-22T17:17:21.500792673) (2026-08-22T17:17:21.500875548) [Dbg] [Magnetometer.cc:261] Magnetometer: using param [use_units_gauss: 1].
(2026-08-22T17:17:21.501259798) (2026-08-22T17:17:21.501327590) [Dbg] [Magnetometer.cc:269] Magnetometer: using param [use_earth_frame_ned: 1].
(2026-08-22T17:17:21.501551298) (2026-08-22T17:17:21.501674381) [Dbg] [SystemManager.cc:80] Loaded system [gz::sim::systems::Magnetometer] for entity [1]
(2026-08-22T17:17:21.507308923) (2026-08-22T17:17:21.507387381) [Dbg] [SystemManager.cc:80] Loaded system [gz::sim::systems::ForceTorque] for entity [1]
(2026-08-22T17:17:21.513648798) (2026-08-22T17:17:21.513798631) [Msg] Serving particle emitter information on [/world/sydney_regatta/particle_emitters]
(2026-08-22T17:17:21.514052798) (2026-08-22T17:17:21.514147465) [Dbg] [SystemManager.cc:80] Loaded system [gz::sim::systems::ParticleEmitter] for entity [1]
(2026-08-22T17:17:21.522392965) (2026-08-22T17:17:21.522599006) [Dbg] [SystemManager.cc:80] Loaded system [gz::sim::systems::SceneBroadcaster] for entity [1]
(2026-08-22T17:17:21.525815006) (2026-08-22T17:17:21.525882798) [Dbg] [SystemManager.cc:80] Loaded system [gz::sim::systems::Contact] for entity [1]
(2026-08-22T17:17:21.530122465) (2026-08-22T17:17:21.530275673) [Dbg] [SystemManager.cc:80] Loaded system [gz::sim::systems::NavSat] for entity [1]
(2026-08-22T17:17:21.557481548) (2026-08-22T17:17:21.557558548) [Dbg] [USVWind.cc:160] wamv loaded
(2026-08-22T17:17:21.559207798) (2026-08-22T17:17:21.559278673) [Msg] Wind direction unit vector = -0.5 -0.866025 0
(2026-08-22T17:17:21.559773673) (2026-08-22T17:17:21.559842923) [Msg] Wind mean velocity = 0
(2026-08-22T17:17:21.560009756) (2026-08-22T17:17:21.560076423) [Msg] var wind gain constants = 0
(2026-08-22T17:17:21.560260673) (2026-08-22T17:17:21.560339048) [Msg] var wind time constants = 2
(2026-08-22T17:17:21.560590506) (2026-08-22T17:17:21.560654256) [Msg] update rate  = 10
(2026-08-22T17:17:21.560848631) (2026-08-22T17:17:21.560911381) [Msg] topic wind speed  = /vrx/debug/wind/speed
(2026-08-22T17:17:21.561076006) (2026-08-22T17:17:21.561137923) [Msg] topic wind direction = /vrx/debug/wind/direction
(2026-08-22T17:17:21.561936048) (2026-08-22T17:17:21.562000631) [Msg] Random seed value = 10
(2026-08-22T17:17:21.562537048) (2026-08-22T17:17:21.562602256) [Msg] Var wind filter gain = 0
(2026-08-22T17:17:21.565049506) (2026-08-22T17:17:21.565173173) [Dbg] [SystemManager.cc:80] Loaded system [vrx::USVWind] for entity [1]
(2026-08-22T17:17:21.596690965) (2026-08-22T17:17:21.596842048) [Dbg] [SystemManager.cc:80] Loaded system [vrx::PublisherPlugin] for entity [1]
(2026-08-22T17:17:21.643878173) (2026-08-22T17:17:21.643959298) [Msg] Input Parameters:
(2026-08-22T17:17:21.644176256) (2026-08-22T17:17:21.644244631) [Msg] model:     PMS
(2026-08-22T17:17:21.644414131) (2026-08-22T17:17:21.644475423) [Msg] number:     3
(2026-08-22T17:17:21.644647215) (2026-08-22T17:17:21.644708215) [Msg] scale:      1.1
(2026-08-22T17:17:21.644891423) (2026-08-22T17:17:21.644952173) [Msg] angle:      0.4
(2026-08-22T17:17:21.645180131) (2026-08-22T17:17:21.645250048) [Msg] steepness:  0
(2026-08-22T17:17:21.645614798) (2026-08-22T17:17:21.645715881) [Msg] amplitude:  0
(2026-08-22T17:17:21.645886173) (2026-08-22T17:17:21.645999756) [Msg] period:     5
(2026-08-22T17:17:21.646170173) (2026-08-22T17:17:21.646231131) [Msg] direction:  0
(2026-08-22T17:17:21.646382631) (2026-08-22T17:17:21.646442298) [Msg] tau:  2
(2026-08-22T17:17:21.646590173) (2026-08-22T17:17:21.646652631) [Msg] gain:  1
(2026-08-22T17:17:21.646888631) (2026-08-22T17:17:21.646965006) [Msg] Derived Parameters:
(2026-08-22T17:17:21.647149840) (2026-08-22T17:17:21.647213506) [Msg] amplitudes:  0.121167, 0.130759, 0.128568, 
(2026-08-22T17:17:21.648859381) (2026-08-22T17:17:21.649171256) [Msg] wavenumbers: 0.133171, 0.161136, 0.194975, 
(2026-08-22T17:17:21.649751673) (2026-08-22T17:17:21.649860965) [Msg] omegas:      1.1424, 1.25664, 1.3823, 
(2026-08-22T17:17:21.650144215) (2026-08-22T17:17:21.650205673) [Msg] periods:     (2026-08-22T17:17:21.650460631) (2026-08-22T17:17:21.650523590) [Msg] 5.5, (2026-08-22T17:17:21.650718131) (2026-08-22T17:17:21.650780340) [Msg] 5, (2026-08-22T17:17:21.650907131) (2026-08-22T17:17:21.650965715) [Msg] 4.54545, (2026-08-22T17:17:21.651089673) (2026-08-22T17:17:21.651148715) [Msg] 
(2026-08-22T17:17:21.651251423) (2026-08-22T17:17:21.651310548) [Msg] phases:      0, 0, 0, 
(2026-08-22T17:17:21.651568840) (2026-08-22T17:17:21.651627923) [Msg] steepnesses: 0, 0, 0, 
(2026-08-22T17:17:21.651915090) (2026-08-22T17:17:21.651989756) [Msg] directions:  (2026-08-22T17:17:21.652179631) (2026-08-22T17:17:21.652240465) [Msg] 0.921061 -0.389418; (2026-08-22T17:17:21.652649381) (2026-08-22T17:17:21.652715131) [Msg] 1 0; (2026-08-22T17:17:21.652941590) (2026-08-22T17:17:21.653016840) [Msg] 0.921061 0.389418; (2026-08-22T17:17:21.653226381) (2026-08-22T17:17:21.653290215) [Msg] 
(2026-08-22T17:17:21.672971465) (2026-08-22T17:17:21.673135881) [Dbg] [SystemManager.cc:80] Loaded system [vrx::WaveVisual] for entity [17]
(2026-08-22T17:17:21.697260673) (2026-08-22T17:17:21.697360965) [Msg] Input Parameters:
(2026-08-22T17:17:21.697675923) (2026-08-22T17:17:21.697754298) [Msg] model:     PMS
(2026-08-22T17:17:21.697932465) (2026-08-22T17:17:21.697996506) [Msg] number:     3
(2026-08-22T17:17:21.698167048) (2026-08-22T17:17:21.698226215) [Msg] scale:      1.1
(2026-08-22T17:17:21.698432673) (2026-08-22T17:17:21.698494590) [Msg] angle:      0.4
(2026-08-22T17:17:21.698671256) (2026-08-22T17:17:21.698737465) [Msg] steepness:  0
(2026-08-22T17:17:21.698900923) (2026-08-22T17:17:21.698967340) [Msg] amplitude:  0
(2026-08-22T17:17:21.699145881) (2026-08-22T17:17:21.699215548) [Msg] period:     5
(2026-08-22T17:17:21.699370506) (2026-08-22T17:17:21.699429298) [Msg] direction:  0
(2026-08-22T17:17:21.699581340) (2026-08-22T17:17:21.699640423) [Msg] tau:  2
(2026-08-22T17:17:21.699788756) (2026-08-22T17:17:21.699846381) [Msg] gain:  1
(2026-08-22T17:17:21.699987298) (2026-08-22T17:17:21.700055298) [Msg] Derived Parameters:
(2026-08-22T17:17:21.700180590) (2026-08-22T17:17:21.700238965) [Msg] amplitudes:  0.121167, 0.130759, 0.128568, 
(2026-08-22T17:17:21.700507673) (2026-08-22T17:17:21.700569048) [Msg] wavenumbers: 0.133171, 0.161136, 0.194975, 
(2026-08-22T17:17:21.700822756) (2026-08-22T17:17:21.700881631) [Msg] omegas:      1.1424, 1.25664, 1.3823, 
(2026-08-22T17:17:21.701133381) (2026-08-22T17:17:21.701192340) [Msg] periods:     (2026-08-22T17:17:21.701295548) (2026-08-22T17:17:21.701354340) [Msg] 5.5, (2026-08-22T17:17:21.701477173) (2026-08-22T17:17:21.701538381) [Msg] 5, (2026-08-22T17:17:21.701662173) (2026-08-22T17:17:21.701721298) [Msg] 4.54545, (2026-08-22T17:17:21.701857965) (2026-08-22T17:17:21.701917590) [Msg] 
(2026-08-22T17:17:21.702048340) (2026-08-22T17:17:21.702141465) [Msg] phases:      0, 0, 0, 
(2026-08-22T17:17:21.702443881) (2026-08-22T17:17:21.702504881) [Msg] steepnesses: 0, 0, 0, 
(2026-08-22T17:17:21.702762840) (2026-08-22T17:17:21.702822840) [Msg] directions:  (2026-08-22T17:17:21.702926881) (2026-08-22T17:17:21.702986256) [Msg] 0.921061 -0.389418; (2026-08-22T17:17:21.703291840) (2026-08-22T17:17:21.703355423) [Msg] 1 0; (2026-08-22T17:17:21.703527006) (2026-08-22T17:17:21.703590631) [Msg] 0.921061 0.389418; (2026-08-22T17:17:21.703790298) (2026-08-22T17:17:21.703856673) [Msg] 
(2026-08-22T17:17:21.715305090) (2026-08-22T17:17:21.715405256) [Dbg] [PolyhedraBuoyancyDrag.cc:236] Found buoyancy element(s), looking at each element...
(2026-08-22T17:17:21.724388881) (2026-08-22T17:17:21.724464798) [Dbg] [PolyhedraBuoyancyDrag.cc:248] Buoyancy object:
	Link: link[19]
	Pose: 0 0 -0.3 0 0 0
	Geometry: Cylinder:0.325,0.1
	Mass: 20
	Water height: 0
	Water velocity: 0

(2026-08-22T17:17:21.734255090) (2026-08-22T17:17:21.734336465) [Dbg] [SystemManager.cc:80] Loaded system [vrx::PolyhedraBuoyancyDrag] for entity [18]
(2026-08-22T17:17:21.737623965) (2026-08-22T17:17:21.737700215) [Msg] Input Parameters:
(2026-08-22T17:17:21.737868381) (2026-08-22T17:17:21.737938173) [Msg] model:     PMS
(2026-08-22T17:17:21.738089465) (2026-08-22T17:17:21.738153090) [Msg] number:     3
(2026-08-22T17:17:21.738307215) (2026-08-22T17:17:21.738367090) [Msg] scale:      1.1
(2026-08-22T17:17:21.738554673) (2026-08-22T17:17:21.738631756) [Msg] angle:      0.4
(2026-08-22T17:17:21.738816340) (2026-08-22T17:17:21.738877506) [Msg] steepness:  0
(2026-08-22T17:17:21.739078173) (2026-08-22T17:17:21.739141840) [Msg] amplitude:  0
(2026-08-22T17:17:21.739388548) (2026-08-22T17:17:21.739452381) [Msg] period:     5
(2026-08-22T17:17:21.739606090) (2026-08-22T17:17:21.739669090) [Msg] direction:  0
(2026-08-22T17:17:21.739817590) (2026-08-22T17:17:21.739877756) [Msg] tau:  2
(2026-08-22T17:17:21.740027631) (2026-08-22T17:17:21.740090298) [Msg] gain:  1
(2026-08-22T17:17:21.740235215) (2026-08-22T17:17:21.740339340) [Msg] Derived Parameters:
(2026-08-22T17:17:21.740475756) (2026-08-22T17:17:21.740535965) [Msg] amplitudes:  0.121167, 0.130759, 0.128568, 
(2026-08-22T17:17:21.740795006) (2026-08-22T17:17:21.740853798) [Msg] wavenumbers: 0.133171, 0.161136, 0.194975, 
(2026-08-22T17:17:21.741120048) (2026-08-22T17:17:21.741181798) [Msg] omegas:      1.1424, 1.25664, 1.3823, 
(2026-08-22T17:17:21.741436506) (2026-08-22T17:17:21.741498923) [Msg] periods:     (2026-08-22T17:17:21.741622506) (2026-08-22T17:17:21.741692131) [Msg] 5.5, (2026-08-22T17:17:21.741816256) (2026-08-22T17:17:21.741880381) [Msg] 5, (2026-08-22T17:17:21.742022048) (2026-08-22T17:17:21.742082590) [Msg] 4.54545, (2026-08-22T17:17:21.742206090) (2026-08-22T17:17:21.742264756) [Msg] 
(2026-08-22T17:17:21.742368881) (2026-08-22T17:17:21.742427965) [Msg] phases:      0, 0, 0, 
(2026-08-22T17:17:21.742680465) (2026-08-22T17:17:21.742740715) [Msg] steepnesses: 0, 0, 0, 
(2026-08-22T17:17:21.743000131) (2026-08-22T17:17:21.743089173) [Msg] directions:  (2026-08-22T17:17:21.743199340) (2026-08-22T17:17:21.743257756) [Msg] 0.921061 -0.389418; (2026-08-22T17:17:21.743435340) (2026-08-22T17:17:21.743507006) [Msg] 1 0; (2026-08-22T17:17:21.743696381) (2026-08-22T17:17:21.743811506) [Msg] 0.921061 0.389418; (2026-08-22T17:17:21.743981215) (2026-08-22T17:17:21.744048090) [Msg] 
(2026-08-22T17:17:21.744204506) (2026-08-22T17:17:21.744266590) [Dbg] [PolyhedraBuoyancyDrag.cc:236] Found buoyancy element(s), looking at each element...
(2026-08-22T17:17:21.744543756) (2026-08-22T17:17:21.744603631) [Dbg] [PolyhedraBuoyancyDrag.cc:248] Buoyancy object:
	Link: link[24]
	Pose: 0 0 -0.3 0 0 0
	Geometry: Cylinder:0.325,0.1
	Mass: 20
	Water height: 0
	Water velocity: 0

(2026-08-22T17:17:21.745707090) (2026-08-22T17:17:21.745783340) [Dbg] [SystemManager.cc:80] Loaded system [vrx::PolyhedraBuoyancyDrag] for entity [23]
(2026-08-22T17:17:21.747087798) (2026-08-22T17:17:21.747194548) [Msg] Input Parameters:
(2026-08-22T17:17:21.747347215) (2026-08-22T17:17:21.747445423) [Msg] model:     PMS
(2026-08-22T17:17:21.747602381) (2026-08-22T17:17:21.747708756) [Msg] number:     3
(2026-08-22T17:17:21.747897298) (2026-08-22T17:17:21.748032590) [Msg] scale:      1.1
(2026-08-22T17:17:21.748214173) (2026-08-22T17:17:21.748276631) [Msg] angle:      0.4
(2026-08-22T17:17:21.748421090) (2026-08-22T17:17:21.748481673) [Msg] steepness:  0
(2026-08-22T17:17:21.748706090) (2026-08-22T17:17:21.748765715) [Msg] amplitude:  0
(2026-08-22T17:17:21.748909631) (2026-08-22T17:17:21.749014840) [Msg] period:     5
(2026-08-22T17:17:21.749201715) (2026-08-22T17:17:21.749263506) [Msg] direction:  0
(2026-08-22T17:17:21.749419673) (2026-08-22T17:17:21.749479256) [Msg] tau:  2
(2026-08-22T17:17:21.749626131) (2026-08-22T17:17:21.749685298) [Msg] gain:  1
(2026-08-22T17:17:21.749858298) (2026-08-22T17:17:21.749924048) [Msg] Derived Parameters:
(2026-08-22T17:17:21.750074090) (2026-08-22T17:17:21.750135881) [Msg] amplitudes:  0.121167, 0.130759, 0.128568, 
(2026-08-22T17:17:21.750417798) (2026-08-22T17:17:21.750476798) [Msg] wavenumbers: 0.133171, 0.161136, 0.194975, 
(2026-08-22T17:17:21.750729631) (2026-08-22T17:17:21.750788840) [Msg] omegas:      1.1424, 1.25664, 1.3823, 
(2026-08-22T17:17:21.751044006) (2026-08-22T17:17:21.751104756) [Msg] periods:     (2026-08-22T17:17:21.751212048) (2026-08-22T17:17:21.751272298) [Msg] 5.5, (2026-08-22T17:17:21.751398715) (2026-08-22T17:17:21.751458548) [Msg] 5, (2026-08-22T17:17:21.751610173) (2026-08-22T17:17:21.751674631) [Msg] 4.54545, (2026-08-22T17:17:21.751807506) (2026-08-22T17:17:21.751883131) [Msg] 
(2026-08-22T17:17:21.751998090) (2026-08-22T17:17:21.752184090) [Msg] phases:      0, 0, 0, 
(2026-08-22T17:17:21.753369631) (2026-08-22T17:17:21.753514006) [Msg] steepnesses: 0, 0, 0, 
(2026-08-22T17:17:21.753817631) (2026-08-22T17:17:21.753879423) [Msg] directions:  (2026-08-22T17:17:21.754000048) (2026-08-22T17:17:21.754090965) [Msg] 0.921061 -0.389418; (2026-08-22T17:17:21.754273423) (2026-08-22T17:17:21.754342631) [Msg] 1 0; (2026-08-22T17:17:21.754508715) (2026-08-22T17:17:21.754567215) [Msg] 0.921061 0.389418; (2026-08-22T17:17:21.754734173) (2026-08-22T17:17:21.754795548) [Msg] 
(2026-08-22T17:17:21.754963298) (2026-08-22T17:17:21.755022048) [Dbg] [PolyhedraBuoyancyDrag.cc:236] Found buoyancy element(s), looking at each element...
(2026-08-22T17:17:21.755279965) (2026-08-22T17:17:21.755381840) [Dbg] [PolyhedraBuoyancyDrag.cc:248] Buoyancy object:
	Link: link[29]
	Pose: 0 0 -0.3 0 0 0
	Geometry: Cylinder:0.325,0.1
	Mass: 20
	Water height: 0
	Water velocity: 0

(2026-08-22T17:17:21.756796131) (2026-08-22T17:17:21.756876631) [Dbg] [SystemManager.cc:80] Loaded system [vrx::PolyhedraBuoyancyDrag] for entity [28]
(2026-08-22T17:17:21.758133881) (2026-08-22T17:17:21.758216798) [Msg] Input Parameters:
(2026-08-22T17:17:21.758370631) (2026-08-22T17:17:21.758432465) [Msg] model:     PMS
(2026-08-22T17:17:21.758575840) (2026-08-22T17:17:21.758639923) [Msg] number:     3
(2026-08-22T17:17:21.758786173) (2026-08-22T17:17:21.758845340) [Msg] scale:      1.1
(2026-08-22T17:17:21.758995048) (2026-08-22T17:17:21.759053256) [Msg] angle:      0.4
(2026-08-22T17:17:21.759196423) (2026-08-22T17:17:21.759252923) [Msg] steepness:  0
(2026-08-22T17:17:21.759392256) (2026-08-22T17:17:21.759449090) [Msg] amplitude:  0
(2026-08-22T17:17:21.759588256) (2026-08-22T17:17:21.759645298) [Msg] period:     5
(2026-08-22T17:17:21.759783756) (2026-08-22T17:17:21.759840173) [Msg] direction:  0
(2026-08-22T17:17:21.759978298) (2026-08-22T17:17:21.760034381) [Msg] tau:  2
(2026-08-22T17:17:21.760222923) (2026-08-22T17:17:21.760283923) [Msg] gain:  1
(2026-08-22T17:17:21.760506965) (2026-08-22T17:17:21.760576465) [Msg] Derived Parameters:
(2026-08-22T17:17:21.760729090) (2026-08-22T17:17:21.760809340) [Msg] amplitudes:  0.121167, 0.130759, 0.128568, 
(2026-08-22T17:17:21.761172673) (2026-08-22T17:17:21.761249131) [Msg] wavenumbers: 0.133171, 0.161136, 0.194975, 
(2026-08-22T17:17:21.761573965) (2026-08-22T17:17:21.761649840) [Msg] omegas:      1.1424, 1.25664, 1.3823, 
(2026-08-22T17:17:21.761972215) (2026-08-22T17:17:21.762048923) [Msg] periods:     (2026-08-22T17:17:21.762219965) (2026-08-22T17:17:21.762300881) [Msg] 5.5, (2026-08-22T17:17:21.762464965) (2026-08-22T17:17:21.762540256) [Msg] 5, (2026-08-22T17:17:21.762699965) (2026-08-22T17:17:21.762776840) [Msg] 4.54545, (2026-08-22T17:17:21.762933131) (2026-08-22T17:17:21.763007881) [Msg] 
(2026-08-22T17:17:21.763138381) (2026-08-22T17:17:21.763210756) [Msg] phases:      0, 0, 0, 
(2026-08-22T17:17:21.763660798) (2026-08-22T17:17:21.763853048) [Msg] steepnesses: 0, 0, 0, 
(2026-08-22T17:17:21.764391173) (2026-08-22T17:17:21.764474256) [Msg] directions:  (2026-08-22T17:17:21.764654840) (2026-08-22T17:17:21.764755423) [Msg] 0.921061 -0.389418; (2026-08-22T17:17:21.764992173) (2026-08-22T17:17:21.765072215) [Msg] 1 0; (2026-08-22T17:17:21.765377090) (2026-08-22T17:17:21.765494381) [Msg] 0.921061 0.389418; (2026-08-22T17:17:21.765750048) (2026-08-22T17:17:21.765848423) [Msg] 
(2026-08-22T17:17:21.766048756) (2026-08-22T17:17:21.766149923) [Dbg] [PolyhedraBuoyancyDrag.cc:236] Found buoyancy element(s), looking at each element...
(2026-08-22T17:17:21.766442131) (2026-08-22T17:17:21.766524298) [Dbg] [PolyhedraBuoyancyDrag.cc:248] Buoyancy object:
	Link: link[34]
	Pose: 0 0 -0.3 0 0 0
	Geometry: Cylinder:0.325,0.1
	Mass: 20
	Water height: 0
	Water velocity: 0

(2026-08-22T17:17:21.767829256) (2026-08-22T17:17:21.767928048) [Dbg] [SystemManager.cc:80] Loaded system [vrx::PolyhedraBuoyancyDrag] for entity [33]
(2026-08-22T17:17:21.769948006) (2026-08-22T17:17:21.770103173) [Msg] Input Parameters:
(2026-08-22T17:17:21.770341840) (2026-08-22T17:17:21.770443631) [Msg] model:     PMS
(2026-08-22T17:17:21.770677381) (2026-08-22T17:17:21.770768756) [Msg] number:     3
(2026-08-22T17:17:21.770984590) (2026-08-22T17:17:21.771100631) [Msg] scale:      1.1
(2026-08-22T17:17:21.771309923) (2026-08-22T17:17:21.771419673) [Msg] angle:      0.4
(2026-08-22T17:17:21.771657090) (2026-08-22T17:17:21.771738090) [Msg] steepness:  0
(2026-08-22T17:17:21.772031006) (2026-08-22T17:17:21.772143256) [Msg] amplitude:  0
(2026-08-22T17:17:21.772414798) (2026-08-22T17:17:21.772492215) [Msg] period:     5
(2026-08-22T17:17:21.772818465) (2026-08-22T17:17:21.772910465) [Msg] direction:  0
(2026-08-22T17:17:21.773134215) (2026-08-22T17:17:21.773215923) [Msg] tau:  2
(2026-08-22T17:17:21.773430465) (2026-08-22T17:17:21.773534590) [Msg] gain:  1
(2026-08-22T17:17:21.773802298) (2026-08-22T17:17:21.773923048) [Msg] Derived Parameters:
(2026-08-22T17:17:21.774110131) (2026-08-22T17:17:21.774192256) [Msg] amplitudes:  0.121167, 0.130759, 0.128568, 
(2026-08-22T17:17:21.774549423) (2026-08-22T17:17:21.774642506) [Msg] wavenumbers: 0.133171, 0.161136, 0.194975, 
(2026-08-22T17:17:21.775051798) (2026-08-22T17:17:21.775131340) [Msg] omegas:      1.1424, 1.25664, 1.3823, 
(2026-08-22T17:17:21.775510215) (2026-08-22T17:17:21.775645173) [Msg] periods:     (2026-08-22T17:17:21.775793465) (2026-08-22T17:17:21.775890631) [Msg] 5.5, (2026-08-22T17:17:21.776090506) (2026-08-22T17:17:21.776178590) [Msg] 5, (2026-08-22T17:17:21.776351506) (2026-08-22T17:17:21.776429965) [Msg] 4.54545, (2026-08-22T17:17:21.776640423) (2026-08-22T17:17:21.776729506) [Msg] 
(2026-08-22T17:17:21.776901506) (2026-08-22T17:17:21.776989881) [Msg] phases:      0, 0, 0, 
(2026-08-22T17:17:21.777439173) (2026-08-22T17:17:21.777518965) [Msg] steepnesses: 0, 0, 0, 
(2026-08-22T17:17:21.777845673) (2026-08-22T17:17:21.777923631) [Msg] directions:  (2026-08-22T17:17:21.778057465) (2026-08-22T17:17:21.778133006) [Msg] 0.921061 -0.389418; (2026-08-22T17:17:21.778355756) (2026-08-22T17:17:21.778438506) [Msg] 1 0; (2026-08-22T17:17:21.778648756) (2026-08-22T17:17:21.778724048) [Msg] 0.921061 0.389418; (2026-08-22T17:17:21.778983715) (2026-08-22T17:17:21.779065381) [Msg] 
(2026-08-22T17:17:21.779260340) (2026-08-22T17:17:21.779335298) [Dbg] [PolyhedraBuoyancyDrag.cc:236] Found buoyancy element(s), looking at each element...
(2026-08-22T17:17:21.779769465) (2026-08-22T17:17:21.779855048) [Dbg] [PolyhedraBuoyancyDrag.cc:248] Buoyancy object:
	Link: link[39]
	Pose: 0 0 0 0 0 0
	Geometry: Sphere:0.21
	Mass: 3.5
	Water height: 0
	Water velocity: 0

(2026-08-22T17:17:21.781611631) (2026-08-22T17:17:21.781708548) [Dbg] [SystemManager.cc:80] Loaded system [vrx::PolyhedraBuoyancyDrag] for entity [38]
(2026-08-22T17:17:21.783148798) (2026-08-22T17:17:21.783271006) [Msg] Input Parameters:
(2026-08-22T17:17:21.783457215) (2026-08-22T17:17:21.783555090) [Msg] model:     PMS
(2026-08-22T17:17:21.783809798) (2026-08-22T17:17:21.783900923) [Msg] number:     3
(2026-08-22T17:17:21.784175298) (2026-08-22T17:17:21.784261923) [Msg] scale:      1.1
(2026-08-22T17:17:21.784461923) (2026-08-22T17:17:21.784537090) [Msg] angle:      0.4
(2026-08-22T17:17:21.784686673) (2026-08-22T17:17:21.784750382) [Msg] steepness:  0
(2026-08-22T17:17:21.784899132) (2026-08-22T17:17:21.784959632) [Msg] amplitude:  0
(2026-08-22T17:17:21.785127673) (2026-08-22T17:17:21.785217757) [Msg] period:     5
(2026-08-22T17:17:21.785387173) (2026-08-22T17:17:21.785572340) [Msg] direction:  0
(2026-08-22T17:17:21.785917465) (2026-08-22T17:17:21.786015215) [Msg] tau:  2
(2026-08-22T17:17:21.786207965) (2026-08-22T17:17:21.786271798) [Msg] gain:  1
(2026-08-22T17:17:21.786537632) (2026-08-22T17:17:21.786687215) [Msg] Derived Parameters:
(2026-08-22T17:17:21.787002923) (2026-08-22T17:17:21.787156465) [Msg] amplitudes:  0.121167, 0.130759, 0.128568, 
(2026-08-22T17:17:21.787475798) (2026-08-22T17:17:21.787550048) [Msg] wavenumbers: 0.133171, 0.161136, 0.194975, 
(2026-08-22T17:17:21.787818173) (2026-08-22T17:17:21.787878715) [Msg] omegas:      1.1424, 1.25664, 1.3823, 
(2026-08-22T17:17:21.788136382) (2026-08-22T17:17:21.788195423) [Msg] periods:     (2026-08-22T17:17:21.788359923) (2026-08-22T17:17:21.788456340) [Msg] 5.5, (2026-08-22T17:17:21.788713298) (2026-08-22T17:17:21.788860090) [Msg] 5, (2026-08-22T17:17:21.789552632) (2026-08-22T17:17:21.790559465) [Msg] 4.54545, (2026-08-22T17:17:21.790743090) (2026-08-22T17:17:21.790851590) [Msg] 
(2026-08-22T17:17:21.790962090) (2026-08-22T17:17:21.791022507) [Msg] phases:      0, 0, 0, 
(2026-08-22T17:17:21.791289882) (2026-08-22T17:17:21.791349632) [Msg] steepnesses: 0, 0, 0, 
(2026-08-22T17:17:21.791600007) (2026-08-22T17:17:21.791663548) [Msg] directions:  (2026-08-22T17:17:21.791789340) (2026-08-22T17:17:21.791852757) [Msg] 0.921061 -0.389418; (2026-08-22T17:17:21.792061757) (2026-08-22T17:17:21.792125257) [Msg] 1 0; (2026-08-22T17:17:21.792295548) (2026-08-22T17:17:21.792354382) [Msg] 0.921061 0.389418; (2026-08-22T17:17:21.792522257) (2026-08-22T17:17:21.792584298) [Msg] 
(2026-08-22T17:17:21.792756882) (2026-08-22T17:17:21.792817507) [Dbg] [PolyhedraBuoyancyDrag.cc:236] Found buoyancy element(s), looking at each element...
(2026-08-22T17:17:21.793060173) (2026-08-22T17:17:21.793120382) [Dbg] [PolyhedraBuoyancyDrag.cc:248] Buoyancy object:
	Link: link[43]
	Pose: 0 0 0 0 0 0
	Geometry: Sphere:0.21
	Mass: 3.5
	Water height: 0
	Water velocity: 0

(2026-08-22T17:17:21.794211090) (2026-08-22T17:17:21.794290090) [Dbg] [SystemManager.cc:80] Loaded system [vrx::PolyhedraBuoyancyDrag] for entity [42]
(2026-08-22T17:17:21.796998298) (2026-08-22T17:17:21.797149632) [Msg] Input Parameters:
(2026-08-22T17:17:21.797381173) (2026-08-22T17:17:21.797479132) [Msg] model:     PMS
(2026-08-22T17:17:21.797719507) (2026-08-22T17:17:21.797797465) [Msg] number:     3
(2026-08-22T17:17:21.798102090) (2026-08-22T17:17:21.798241173) [Msg] scale:      1.1
(2026-08-22T17:17:21.798525173) (2026-08-22T17:17:21.798637632) [Msg] angle:      0.4
(2026-08-22T17:17:21.798971798) (2026-08-22T17:17:21.799102715) [Msg] steepness:  0
(2026-08-22T17:17:21.799327090) (2026-08-22T17:17:21.799412965) [Msg] amplitude:  0
(2026-08-22T17:17:21.799634257) (2026-08-22T17:17:21.799712715) [Msg] period:     5
(2026-08-22T17:17:21.799921757) (2026-08-22T17:17:21.800016173) [Msg] direction:  0
(2026-08-22T17:17:21.800221757) (2026-08-22T17:17:21.800329007) [Msg] tau:  2
(2026-08-22T17:17:21.800577340) (2026-08-22T17:17:21.800673090) [Msg] gain:  1
(2026-08-22T17:17:21.800882923) (2026-08-22T17:17:21.800970507) [Msg] Derived Parameters:
(2026-08-22T17:17:21.801152340) (2026-08-22T17:17:21.801245632) [Msg] amplitudes:  0.121167, 0.130759, 0.128568, 
(2026-08-22T17:17:21.801624132) (2026-08-22T17:17:21.801699007) [Msg] wavenumbers: 0.133171, 0.161136, 0.194975, 
(2026-08-22T17:17:21.802089215) (2026-08-22T17:17:21.802205465) [Msg] omegas:      1.1424, 1.25664, 1.3823, 
(2026-08-22T17:17:21.802589798) (2026-08-22T17:17:21.802668965) [Msg] periods:     (2026-08-22T17:17:21.802800715) (2026-08-22T17:17:21.802931548) [Msg] 5.5, (2026-08-22T17:17:21.803114382) (2026-08-22T17:17:21.803189632) [Msg] 5, (2026-08-22T17:17:21.803346590) (2026-08-22T17:17:21.803421923) [Msg] 4.54545, (2026-08-22T17:17:21.803578507) (2026-08-22T17:17:21.803654048) [Msg] 
(2026-08-22T17:17:21.803786007) (2026-08-22T17:17:21.803860757) [Msg] phases:      0, 0, 0, 
(2026-08-22T17:17:21.804230548) (2026-08-22T17:17:21.804339548) [Msg] steepnesses: 0, 0, 0, 
(2026-08-22T17:17:21.804685465) (2026-08-22T17:17:21.804764548) [Msg] directions:  (2026-08-22T17:17:21.804895923) (2026-08-22T17:17:21.804971173) [Msg] 0.921061 -0.389418; (2026-08-22T17:17:21.805186132) (2026-08-22T17:17:21.805261715) [Msg] 1 0; (2026-08-22T17:17:21.805624882) (2026-08-22T17:17:21.805744840) [Msg] 0.921061 0.389418; (2026-08-22T17:17:21.806034548) (2026-08-22T17:17:21.806150798) [Msg] 
(2026-08-22T17:17:21.806428548) (2026-08-22T17:17:21.806536465) [Dbg] [PolyhedraBuoyancyDrag.cc:236] Found buoyancy element(s), looking at each element...
(2026-08-22T17:17:21.806880673) (2026-08-22T17:17:21.806973215) [Dbg] [PolyhedraBuoyancyDrag.cc:248] Buoyancy object:
	Link: link[138]
	Pose: 0 0 -0.02 0 0 0
	Geometry: Sphere:0.0285
	Mass: 0.04
	Water height: 0
	Water velocity: 0

(2026-08-22T17:17:21.808435298) (2026-08-22T17:17:21.808506923) [Dbg] [SystemManager.cc:80] Loaded system [vrx::PolyhedraBuoyancyDrag] for entity [137]
(2026-08-22T17:17:21.815141507) (2026-08-22T17:17:21.815333590) [Msg] Loaded level [default]
(2026-08-22T17:17:21.816441715) (2026-08-22T17:17:21.816517798) [Dbg] [ServerConfig.cc:657] Generating LogRecord SDF:
(2026-08-22T17:17:21.817267215) (2026-08-22T17:17:21.817331715) [Dbg] [ServerConfig.cc:713] <plugin name='gz::sim::systems::LogRecord' filename='gz-sim-log-system'>
  <record_path>/evidence/imu-7319-a</record_path>
  <record_resources>false</record_resources>
  <record_topic>/world/sydney_regatta/model/wamv/link/wamv/imu_wamv_link/sensor/imu_wamv_sensor/imu</record_topic>
</plugin>

(2026-08-22T17:17:21.831085423) (2026-08-22T17:17:21.831202632) [Msg] Recording to log file [/evidence/imu-7319-a/state.tlog]
(2026-08-22T17:17:21.831761965) (2026-08-22T17:17:21.831830090) [Dbg] [LogRecord.cc:333] Recording default topic[/imu-7319-a/sdf].
(2026-08-22T17:17:21.832001590) (2026-08-22T17:17:21.832074132) [Dbg] [LogRecord.cc:334] Recording default topic[/world/sydney_regatta/changed_state].
(2026-08-22T17:17:21.836693132) (2026-08-22T17:17:21.836859132) [Dbg] [LogRecord.cc:356] Recording topic[/world/sydney_regatta/model/wamv/link/wamv/imu_wamv_link/sensor/imu_wamv_sensor/imu] as plain topic.
(2026-08-22T17:17:21.891933632) (2026-08-22T17:17:21.892014007) [Dbg] [SystemManager.cc:80] Loaded system [gz::sim::systems::LogRecord] for entity [1]
(2026-08-22T17:17:21.901531090) (2026-08-22T17:17:21.901611507) [Msg] Serving world controls on [/world/sydney_regatta/control], [/world/sydney_regatta/control/state] and [/world/sydney_regatta/playback/control]
(2026-08-22T17:17:21.902527507) (2026-08-22T17:17:21.902667965) [Msg] Serving GUI information on [/world/sydney_regatta/gui/info]
(2026-08-22T17:17:21.902903757) (2026-08-22T17:17:21.902963673) [Msg] World [sydney_regatta] initialized with [4ms] physics profile.
(2026-08-22T17:17:21.904639965) (2026-08-22T17:17:21.904712465) [Msg] Serving world SDF generation service on [/world/sydney_regatta/generate_world_sdf]
(2026-08-22T17:17:21.905654840) (2026-08-22T17:17:21.905724007) [Msg] Serving world names on [/gazebo/worlds]
(2026-08-22T17:17:21.906336257) (2026-08-22T17:17:21.906410298) [Msg] Resource path add service on [/gazebo/resource_paths/add].
(2026-08-22T17:17:21.906689798) (2026-08-22T17:17:21.906770548) [Msg] Resource path get service on [/gazebo/resource_paths/get].
(2026-08-22T17:17:21.907174340) (2026-08-22T17:17:21.907255382) [Msg] Resource path resolve service on [/gazebo/resource_paths/resolve].
(2026-08-22T17:17:21.909298048) (2026-08-22T17:17:21.909363382) [Msg] Resource paths published on [/gazebo/resource_paths].
(2026-08-22T17:17:21.910119757) (2026-08-22T17:17:21.910211548) [Msg] Server control service on [/server_control].
(2026-08-22T17:17:22.16914507) (2026-08-22T17:17:22.17076423) [Msg] Found no publishers on /stats, adding root stats topic
(2026-08-22T17:17:22.17439007) (2026-08-22T17:17:22.17522590) [Msg] Found no publishers on /clock, adding root clock topic
(2026-08-22T17:17:22.21958965) (2026-08-22T17:17:22.22115090) [Dbg] [SimulationRunner.cc:533] Creating PostUpdate worker threads: 9
(2026-08-22T17:17:22.22876132) (2026-08-22T17:17:22.22966798) [Dbg] [SimulationRunner.cc:544] Creating postupdate worker thread (0)
(2026-08-22T17:17:22.24135715) (2026-08-22T17:17:22.24304548) [Dbg] [SimulationRunner.cc:544] Creating postupdate worker thread (1)
(2026-08-22T17:17:22.24593007) (2026-08-22T17:17:22.24663673) [Dbg] [SimulationRunner.cc:544] Creating postupdate worker thread (2)
(2026-08-22T17:17:22.25551340) (2026-08-22T17:17:22.25620923) [Dbg] [SimulationRunner.cc:544] Creating postupdate worker thread (3)
(2026-08-22T17:17:22.26265632) (2026-08-22T17:17:22.26464382) [Dbg] [SimulationRunner.cc:544] Creating postupdate worker thread (4)
(2026-08-22T17:17:22.27012423) (2026-08-22T17:17:22.27145923) [Dbg] [SimulationRunner.cc:544] Creating postupdate worker thread (5)
(2026-08-22T17:17:22.27563173) (2026-08-22T17:17:22.27648382) [Dbg] [SimulationRunner.cc:544] Creating postupdate worker thread (6)
(2026-08-22T17:17:22.27947590) (2026-08-22T17:17:22.28024923) [Dbg] [SimulationRunner.cc:544] Creating postupdate worker thread (7)
(2026-08-22T17:17:22.208193840) (2026-08-22T17:17:22.208294423) [Msg] Thruster listening to commands on [wamv/thrusters/left/thrust]
(2026-08-22T17:17:22.208873923) (2026-08-22T17:17:22.208985923) [Msg] Thruster listening to enable_deadband on [wamv/thrusters/left/thrust/enable_deadband]
(2026-08-22T17:17:22.209926632) (2026-08-22T17:17:22.210017798) [Dbg] [Thruster.cc:496] Using velocity control for propeller joint.
(2026-08-22T17:17:22.210242757) (2026-08-22T17:17:22.210358173) [Dbg] [SystemManager.cc:80] Loaded system [gz::sim::systems::Thruster] for entity [143]
(2026-08-22T17:17:22.215867173) (2026-08-22T17:17:22.215942715) [Msg] JointPositionController subscribing to Double messages on [wamv/thrusters/left/pos]
(2026-08-22T17:17:22.216194048) (2026-08-22T17:17:22.216255340) [Dbg] [JointPositionController.cc:302] [JointPositionController] system parameters:
(2026-08-22T17:17:22.216389923) (2026-08-22T17:17:22.216449298) [Dbg] [JointPositionController.cc:303] p_gain: [1]
(2026-08-22T17:17:22.216637923) (2026-08-22T17:17:22.216697923) [Dbg] [JointPositionController.cc:304] i_gain: [0.1]
(2026-08-22T17:17:22.216887757) (2026-08-22T17:17:22.216974965) [Dbg] [JointPositionController.cc:305] d_gain: [0.01]
(2026-08-22T17:17:22.217292798) (2026-08-22T17:17:22.217356007) [Dbg] [JointPositionController.cc:306] i_max: [1]
(2026-08-22T17:17:22.217531090) (2026-08-22T17:17:22.217594423) [Dbg] [JointPositionController.cc:307] i_min: [-1]
(2026-08-22T17:17:22.217764465) (2026-08-22T17:17:22.217824132) [Dbg] [JointPositionController.cc:308] cmd_max: [1000]
(2026-08-22T17:17:22.217994382) (2026-08-22T17:17:22.218055215) [Dbg] [JointPositionController.cc:309] cmd_min: [-1000]
(2026-08-22T17:17:22.218223382) (2026-08-22T17:17:22.218281382) [Dbg] [JointPositionController.cc:310] cmd_offset: [0]
(2026-08-22T17:17:22.218468840) (2026-08-22T17:17:22.218540048) [Dbg] [JointPositionController.cc:311] Topic: [wamv/thrusters/left/pos]
(2026-08-22T17:17:22.218754507) (2026-08-22T17:17:22.218822882) [Dbg] [JointPositionController.cc:312] initial_position: [0]
(2026-08-22T17:17:22.219028132) (2026-08-22T17:17:22.219110590) [Dbg] [SystemManager.cc:80] Loaded system [gz::sim::systems::JointPositionController] for entity [143]
(2026-08-22T17:17:22.219873840) (2026-08-22T17:17:22.219961590) [Msg] Thruster listening to commands on [wamv/thrusters/right/thrust]
(2026-08-22T17:17:22.220220590) (2026-08-22T17:17:22.220324840) [Msg] Thruster listening to enable_deadband on [wamv/thrusters/right/thrust/enable_deadband]
(2026-08-22T17:17:22.220618215) (2026-08-22T17:17:22.220682382) [Dbg] [Thruster.cc:496] Using velocity control for propeller joint.
(2026-08-22T17:17:22.220849215) (2026-08-22T17:17:22.220909882) [Dbg] [SystemManager.cc:80] Loaded system [gz::sim::systems::Thruster] for entity [143]
(2026-08-22T17:17:22.221624465) (2026-08-22T17:17:22.221727382) [Msg] JointPositionController subscribing to Double messages on [wamv/thrusters/right/pos]
(2026-08-22T17:17:22.221903590) (2026-08-22T17:17:22.221964173) [Dbg] [JointPositionController.cc:302] [JointPositionController] system parameters:
(2026-08-22T17:17:22.222106298) (2026-08-22T17:17:22.222165840) [Dbg] [JointPositionController.cc:303] p_gain: [1]
(2026-08-22T17:17:22.222451507) (2026-08-22T17:17:22.222517423) [Dbg] [JointPositionController.cc:304] i_gain: [0.1]
(2026-08-22T17:17:22.222748298) (2026-08-22T17:17:22.222828465) [Dbg] [JointPositionController.cc:305] d_gain: [0.01]
(2026-08-22T17:17:22.223046215) (2026-08-22T17:17:22.223132048) [Dbg] [JointPositionController.cc:306] i_max: [1]
(2026-08-22T17:17:22.223331090) (2026-08-22T17:17:22.223391465) [Dbg] [JointPositionController.cc:307] i_min: [-1]
(2026-08-22T17:17:22.223558965) (2026-08-22T17:17:22.223637340) [Dbg] [JointPositionController.cc:308] cmd_max: [1000]
(2026-08-22T17:17:22.223823423) (2026-08-22T17:17:22.223882382) [Dbg] [JointPositionController.cc:309] cmd_min: [-1000]
(2026-08-22T17:17:22.224052590) (2026-08-22T17:17:22.224112882) [Dbg] [JointPositionController.cc:310] cmd_offset: [0]
(2026-08-22T17:17:22.224293715) (2026-08-22T17:17:22.224352548) [Dbg] [JointPositionController.cc:311] Topic: [wamv/thrusters/right/pos]
(2026-08-22T17:17:22.224520673) (2026-08-22T17:17:22.224580173) [Dbg] [JointPositionController.cc:312] initial_position: [0]
(2026-08-22T17:17:22.224759048) (2026-08-22T17:17:22.224816798) [Dbg] [SystemManager.cc:80] Loaded system [gz::sim::systems::JointPositionController] for entity [143]
(2026-08-22T17:17:22.247385673) (2026-08-22T17:17:22.247490590) [Msg] Input Parameters:
(2026-08-22T17:17:22.247794923) (2026-08-22T17:17:22.248024090) [Msg] model:     PMS
(2026-08-22T17:17:22.248329007) (2026-08-22T17:17:22.248461757) [Msg] number:     3
(2026-08-22T17:17:22.248749090) (2026-08-22T17:17:22.248848965) [Msg] scale:      1.1
(2026-08-22T17:17:22.249086673) (2026-08-22T17:17:22.249170590) [Msg] angle:      0.4
(2026-08-22T17:17:22.249392923) (2026-08-22T17:17:22.249480840) [Msg] steepness:  0
(2026-08-22T17:17:22.249702465) (2026-08-22T17:17:22.249784173) [Msg] amplitude:  0
(2026-08-22T17:17:22.250008465) (2026-08-22T17:17:22.250114382) [Msg] period:     5
(2026-08-22T17:17:22.250336840) (2026-08-22T17:17:22.250426923) [Msg] direction:  0
(2026-08-22T17:17:22.250675590) (2026-08-22T17:17:22.250766298) [Msg] tau:  2
(2026-08-22T17:17:22.250970090) (2026-08-22T17:17:22.251049173) [Msg] gain:  1
(2026-08-22T17:17:22.251260507) (2026-08-22T17:17:22.251343965) [Msg] Derived Parameters:
(2026-08-22T17:17:22.251517923) (2026-08-22T17:17:22.251594840) [Msg] amplitudes:  0.121167, 0.130759, 0.128568, 
(2026-08-22T17:17:22.251938548) (2026-08-22T17:17:22.252036798) [Msg] wavenumbers: 0.133171, 0.161136, 0.194975, 
(2026-08-22T17:17:22.252474590) (2026-08-22T17:17:22.252552382) [Msg] omegas:      1.1424, 1.25664, 1.3823, 
(2026-08-22T17:17:22.252908548) (2026-08-22T17:17:22.252987257) [Msg] periods:     (2026-08-22T17:17:22.253144923) (2026-08-22T17:17:22.253222757) [Msg] 5.5, (2026-08-22T17:17:22.253384798) (2026-08-22T17:17:22.253473673) [Msg] 5, (2026-08-22T17:17:22.253691465) (2026-08-22T17:17:22.253773048) [Msg] 4.54545, (2026-08-22T17:17:22.253985173) (2026-08-22T17:17:22.254078007) [Msg] 
(2026-08-22T17:17:22.254193132) (2026-08-22T17:17:22.254256590) [Msg] phases:      0, 0, 0, 
(2026-08-22T17:17:22.254602298) (2026-08-22T17:17:22.254741715) [Msg] steepnesses: 0, 0, 0, 
(2026-08-22T17:17:22.255100340) (2026-08-22T17:17:22.255161715) [Msg] directions:  (2026-08-22T17:17:22.255273007) (2026-08-22T17:17:22.255335090) [Msg] 0.921061 -0.389418; (2026-08-22T17:17:22.255513507) (2026-08-22T17:17:22.255574757) [Msg] 1 0; (2026-08-22T17:17:22.255932423) (2026-08-22T17:17:22.256056590) [Msg] 0.921061 0.389418; (2026-08-22T17:17:22.256338173) (2026-08-22T17:17:22.256423048) [Msg] 
(2026-08-22T17:17:22.256691173) (2026-08-22T17:17:22.256755590) [Dbg] [Surface.cc:188] Surface plugin successfully configured with the following parameters:
(2026-08-22T17:17:22.257051090) (2026-08-22T17:17:22.257119173) [Dbg] [Surface.cc:190]   <link_name>: wamv/base_link
(2026-08-22T17:17:22.257356507) (2026-08-22T17:17:22.257421382) [Dbg] [Surface.cc:191]   <vehicle_length>: 4.9
(2026-08-22T17:17:22.257609465) (2026-08-22T17:17:22.257699423) [Dbg] [Surface.cc:192]   <hull_radius>: 0.213
(2026-08-22T17:17:22.257985298) (2026-08-22T17:17:22.258086673) [Dbg] [Surface.cc:193]   <fluid_level>: 0
(2026-08-22T17:17:22.258355632) (2026-08-22T17:17:22.258485590) [Dbg] [Surface.cc:194]   <fluid_density>: 997.774
(2026-08-22T17:17:22.258953757) (2026-08-22T17:17:22.259098590) [Dbg] [Surface.cc:195]   <points>:
(2026-08-22T17:17:22.259503840) (2026-08-22T17:17:22.259598798) [Dbg] [Surface.cc:197]     [0.6 1.03 0]
(2026-08-22T17:17:22.260337715) (2026-08-22T17:17:22.260469173) [Dbg] [Surface.cc:197]     [-1.4 1.03 0]
(2026-08-22T17:17:22.265056298) (2026-08-22T17:17:22.265172132) [Dbg] [SystemManager.cc:80] Loaded system [vrx::Surface] for entity [143]
(2026-08-22T17:17:22.266519632) (2026-08-22T17:17:22.266693548) [Msg] Input Parameters:
(2026-08-22T17:17:22.266943840) (2026-08-22T17:17:22.267088007) [Msg] model:     PMS
(2026-08-22T17:17:22.267397298) (2026-08-22T17:17:22.267592090) [Msg] number:     3
(2026-08-22T17:17:22.267859632) (2026-08-22T17:17:22.268004173) [Msg] scale:      1.1
(2026-08-22T17:17:22.268305757) (2026-08-22T17:17:22.268418798) [Msg] angle:      0.4
(2026-08-22T17:17:22.268734632) (2026-08-22T17:17:22.268866048) [Msg] steepness:  0
(2026-08-22T17:17:22.269303923) (2026-08-22T17:17:22.269423215) [Msg] amplitude:  0
(2026-08-22T17:17:22.269615465) (2026-08-22T17:17:22.269678423) [Msg] period:     5
(2026-08-22T17:17:22.269852423) (2026-08-22T17:17:22.269946048) [Msg] direction:  0
(2026-08-22T17:17:22.270135923) (2026-08-22T17:17:22.270242423) [Msg] tau:  2
(2026-08-22T17:17:22.270458340) (2026-08-22T17:17:22.270518632) [Msg] gain:  1
(2026-08-22T17:17:22.270741298) (2026-08-22T17:17:22.270813173) [Msg] Derived Parameters:
(2026-08-22T17:17:22.270983090) (2026-08-22T17:17:22.271108173) [Msg] amplitudes:  0.121167, 0.130759, 0.128568, 
(2026-08-22T17:17:22.271534923) (2026-08-22T17:17:22.271618965) [Msg] wavenumbers: 0.133171, 0.161136, 0.194975, 
(2026-08-22T17:17:22.272413132) (2026-08-22T17:17:22.272604840) [Msg] omegas:      1.1424, 1.25664, 1.3823, 
(2026-08-22T17:17:22.273011715) (2026-08-22T17:17:22.273163215) [Msg] periods:     (2026-08-22T17:17:22.273393507) (2026-08-22T17:17:22.273489382) [Msg] 5.5, (2026-08-22T17:17:22.273657132) (2026-08-22T17:17:22.273750382) [Msg] 5, (2026-08-22T17:17:22.273975923) (2026-08-22T17:17:22.274115715) [Msg] 4.54545, (2026-08-22T17:17:22.274356132) (2026-08-22T17:17:22.274426507) [Msg] 
(2026-08-22T17:17:22.274545548) (2026-08-22T17:17:22.274622882) [Msg] phases:      0, 0, 0, 
(2026-08-22T17:17:22.275184257) (2026-08-22T17:17:22.275285882) [Msg] steepnesses: 0, 0, 0, 
(2026-08-22T17:17:22.275661590) (2026-08-22T17:17:22.275764007) [Msg] directions:  (2026-08-22T17:17:22.275949673) (2026-08-22T17:17:22.276063048) [Msg] 0.921061 -0.389418; (2026-08-22T17:17:22.276475173) (2026-08-22T17:17:22.276636215) [Msg] 1 0; (2026-08-22T17:17:22.276986132) (2026-08-22T17:17:22.277132215) [Msg] 0.921061 0.389418; (2026-08-22T17:17:22.277397298) (2026-08-22T17:17:22.277563340) [Msg] 
(2026-08-22T17:17:22.277779798) (2026-08-22T17:17:22.277842548) [Dbg] [Surface.cc:188] Surface plugin successfully configured with the following parameters:
(2026-08-22T17:17:22.278000090) (2026-08-22T17:17:22.278116840) [Dbg] [Surface.cc:190]   <link_name>: wamv/base_link
(2026-08-22T17:17:22.278391298) (2026-08-22T17:17:22.278513423) [Dbg] [Surface.cc:191]   <vehicle_length>: 4.9
(2026-08-22T17:17:22.278819423) (2026-08-22T17:17:22.278901882) [Dbg] [Surface.cc:192]   <hull_radius>: 0.213
(2026-08-22T17:17:22.279136632) (2026-08-22T17:17:22.279300173) [Dbg] [Surface.cc:193]   <fluid_level>: 0
(2026-08-22T17:17:22.279559173) (2026-08-22T17:17:22.279625048) [Dbg] [Surface.cc:194]   <fluid_density>: 997.774
(2026-08-22T17:17:22.279893632) (2026-08-22T17:17:22.280001548) [Dbg] [Surface.cc:195]   <points>:
(2026-08-22T17:17:22.280226798) (2026-08-22T17:17:22.280375132) [Dbg] [Surface.cc:197]     [0.6 -1.03 0]
(2026-08-22T17:17:22.280824715) (2026-08-22T17:17:22.280935882) [Dbg] [Surface.cc:197]     [-1.4 -1.03 0]
(2026-08-22T17:17:22.281800590) (2026-08-22T17:17:22.281918257) [Dbg] [SystemManager.cc:80] Loaded system [vrx::Surface] for entity [143]
(2026-08-22T17:17:22.308809215) (2026-08-22T17:17:22.309052590) [Dbg] [SimpleHydrodynamics.cc:164] SimpleHydrodynamics plugin successfully configured with the following parameters:
(2026-08-22T17:17:22.309537840) (2026-08-22T17:17:22.309669673) [Dbg] [SimpleHydrodynamics.cc:166]   <link_name>: wamv/base_link
(2026-08-22T17:17:22.310105090) (2026-08-22T17:17:22.310232757) [Dbg] [SimpleHydrodynamics.cc:167]   <xDotU>: 0
(2026-08-22T17:17:22.310559507) (2026-08-22T17:17:22.310799548) [Dbg] [SimpleHydrodynamics.cc:168]   <yDotV>: 0
(2026-08-22T17:17:22.311209923) (2026-08-22T17:17:22.311312215) [Dbg] [SimpleHydrodynamics.cc:169]   <zDotW>: 0.1
(2026-08-22T17:17:22.311665673) (2026-08-22T17:17:22.311834173) [Dbg] [SimpleHydrodynamics.cc:170]   <kDotP>: 0.1
(2026-08-22T17:17:22.312150382) (2026-08-22T17:17:22.312225257) [Dbg] [SimpleHydrodynamics.cc:171]   <mDotQ>: 0.1
(2026-08-22T17:17:22.312786382) (2026-08-22T17:17:22.312898298) [Dbg] [SimpleHydrodynamics.cc:172]   <nDotR>: 0
(2026-08-22T17:17:22.313245923) (2026-08-22T17:17:22.313447715) [Dbg] [SimpleHydrodynamics.cc:173]   <xU>: 100
(2026-08-22T17:17:22.314057548) (2026-08-22T17:17:22.314184090) [Dbg] [SimpleHydrodynamics.cc:174]   <xUU>: 150
(2026-08-22T17:17:22.314721423) (2026-08-22T17:17:22.314896423) [Dbg] [SimpleHydrodynamics.cc:175]   <yV>: 100
(2026-08-22T17:17:22.315916298) (2026-08-22T17:17:22.316113965) [Dbg] [SimpleHydrodynamics.cc:176]   <yVV>: 100
(2026-08-22T17:17:22.316411257) (2026-08-22T17:17:22.316577715) [Dbg] [SimpleHydrodynamics.cc:177]   <zW>: 500
(2026-08-22T17:17:22.316963507) (2026-08-22T17:17:22.317102382) [Dbg] [SimpleHydrodynamics.cc:178]   <zWW>: 0
(2026-08-22T17:17:22.317470257) (2026-08-22T17:17:22.317608882) [Dbg] [SimpleHydrodynamics.cc:179]   <kP>: 300
(2026-08-22T17:17:22.317853507) (2026-08-22T17:17:22.317981590) [Dbg] [SimpleHydrodynamics.cc:180]   <kPP>: 600
(2026-08-22T17:17:22.318239340) (2026-08-22T17:17:22.318301632) [Dbg] [SimpleHydrodynamics.cc:181]   <mQ>: 900
(2026-08-22T17:17:22.318619715) (2026-08-22T17:17:22.318738507) [Dbg] [SimpleHydrodynamics.cc:182]   <mQQ>: 900
(2026-08-22T17:17:22.319088298) (2026-08-22T17:17:22.319735423) [Dbg] [SimpleHydrodynamics.cc:183]   <nR>: 800
(2026-08-22T17:17:22.320360173) (2026-08-22T17:17:22.320520673) [Dbg] [SimpleHydrodynamics.cc:184]   <nRR>: 800
(2026-08-22T17:17:22.321222715) (2026-08-22T17:17:22.321397590) [Dbg] [SystemManager.cc:80] Loaded system [vrx::SimpleHydrodynamics] for entity [143]
(2026-08-22T17:17:22.330559090) (2026-08-22T17:17:22.330857007) [Dbg] [DetachableJoint.cc:137] Detach topic is: /vrx/release
(2026-08-22T17:17:22.333628340) (2026-08-22T17:17:22.333960548) [Dbg] [DetachableJoint.cc:143] DetachableJoint subscribing to messages on [/vrx/release]
(2026-08-22T17:17:22.334560757) (2026-08-22T17:17:22.334747048) [Dbg] [DetachableJoint.cc:160] Attach topic is: /model/wamv/detachable_joint/attach
(2026-08-22T17:17:22.335432590) (2026-08-22T17:17:22.335602840) [Dbg] [DetachableJoint.cc:195] Output topic is: /model/platform/detachable_joint/state
(2026-08-22T17:17:22.337585965) (2026-08-22T17:17:22.338033882) [Dbg] [SystemManager.cc:80] Loaded system [gz::sim::systems::DetachableJoint] for entity [143]
(2026-08-22T17:17:22.347177465) (2026-08-22T17:17:22.347446298) [Dbg] [SystemManager.cc:80] Loaded system [gz::sim::systems::PosePublisher] for entity [143]
(2026-08-22T17:17:22.353125757) (2026-08-22T17:17:22.353435632) [Dbg] [SystemManager.cc:80] Loaded system [gz::sim::systems::JointStatePublisher] for entity [143]
(2026-08-22T17:17:22.395361840) (2026-08-22T17:17:22.395608840) [Dbg] [SystemManager.cc:80] Loaded system [vrx::AcousticPingerPlugin] for entity [143]
(2026-08-22T17:17:22.457609298) (2026-08-22T17:17:22.457833965) [Dbg] [BallShooterPlugin.cc:212] <projectile><model_name>: blue_projectile
(2026-08-22T17:17:22.458318507) (2026-08-22T17:17:22.458437090) [Dbg] [BallShooterPlugin.cc:213] <projectile><link_name>: link
(2026-08-22T17:17:22.458792298) (2026-08-22T17:17:22.458900048) [Dbg] [BallShooterPlugin.cc:214] <frame>: wamv/ball_shooter_launcher_link
(2026-08-22T17:17:22.459218757) (2026-08-22T17:17:22.459331465) [Dbg] [BallShooterPlugin.cc:215] <num_shots>: 4
(2026-08-22T17:17:22.459622923) (2026-08-22T17:17:22.459732048) [Dbg] [BallShooterPlugin.cc:216] <pose>: 0.14 0 0 0 0 0
(2026-08-22T17:17:22.461277840) (2026-08-22T17:17:22.461397382) [Dbg] [BallShooterPlugin.cc:218] <shot_force>: 65
(2026-08-22T17:17:22.461689465) (2026-08-22T17:17:22.461826215) [Dbg] [BallShooterPlugin.cc:219] <topic>: wamv/shooters/ball_shooter/fire
(2026-08-22T17:17:22.462266632) (2026-08-22T17:17:22.462356048) [Dbg] [SystemManager.cc:80] Loaded system [vrx::BallShooterPlugin] for entity [143]
(2026-08-22T17:17:22.464719798) (2026-08-22T17:17:22.464803882) [Dbg] [UserCommands.cc:1094] Created entity [143] named [wamv]
(2026-08-22T17:17:22.474490590) (2026-08-22T17:17:22.474608382) [Msg] Contact system publishing on /vrx/contacts
(2026-08-22T17:17:22.476670757) (2026-08-22T17:17:22.476786257) [Dbg] [USVWind.cc:282] wamv initialized
(2026-08-22T17:17:22.551721715) (2026-08-22T17:17:22.553592049) [Dbg] [SDFFeatures.cc:332] Mesh construction from an SDF has not been implemented yet for dartsim. Use AttachMeshShapeFeature to use mesh shapes.
(2026-08-22T17:17:22.554513549) (2026-08-22T17:17:22.554785882) [Dbg] [SDFFeatures.cc:864] The geometry element of collision [collision] couldn't be created
(2026-08-22T17:17:22.769836757) (2026-08-22T17:17:22.770124340) [Dbg] [SimulationFeatures.cc:90] Simulation timestep set to: 0.004
(2026-08-22T17:17:22.809407007) (2026-08-22T17:17:22.809590174) [Dbg] [Sensors.cc:953] Initialization needed
(2026-08-22T17:17:22.811060799) (2026-08-22T17:17:22.811205049) [Dbg] [Sensors.cc:349] Initializing render context
(2026-08-22T17:17:22.832436799) (2026-08-22T17:17:22.832535465) [Msg] Loading plugin [gz-rendering-ogre2]
(2026-08-22T17:17:22.862386132) (2026-08-22T17:17:22.862623590) [Dbg] [ImuSensor.cc:150] IMU data for [wamv::wamv/imu_wamv_link::imu_wamv_sensor] advertised on [world/sydney_regatta/model/wamv/link/wamv/imu_wamv_link/sensor/imu_wamv_sensor/imu]
(2026-08-22T17:17:22.921357840) (2026-08-22T17:17:22.921564007) [Msg] Serving scene information on [/world/sydney_regatta/scene/info]
(2026-08-22T17:17:22.924507382) (2026-08-22T17:17:22.924606382) [Msg] Serving graph information on [/world/sydney_regatta/scene/graph]
(2026-08-22T17:17:22.926545715) (2026-08-22T17:17:22.926656757) [Msg] Serving full state on [/world/sydney_regatta/state]
(2026-08-22T17:17:22.927465465) (2026-08-22T17:17:22.927598382) [Msg] Serving full state (async) on [/world/sydney_regatta/state_async]
(2026-08-22T17:17:22.929561674) (2026-08-22T17:17:22.929676382) [Wrn] [Component.hh:127] Trying to serialize component with data type [(2026-08-22T17:17:22.930010840) (2026-08-22T17:17:22.930147424) [Msg] Publishing scene information on [/world/sydney_regatta/scene/info]
St10shared_ptrIN3sdf3v147ElementEE], which doesn't have `operator<<`. Component will not be serialized.
(2026-08-22T17:17:22.932150340) (2026-08-22T17:17:22.932326840) [Msg] Publishing entity deletions on [(/world/sydney_regatta/scene/deletion]
2026-08-22T17:17:22.936269715) (2026-08-22T17:17:22.936485007) [Wrn] [Ogre2RenderEngine.cc:551] (2026-08-22T17:17:22.940088215) (2026-08-22T17:17:22.940240132) [Msg] Publishing state changes on [/world/sydney_regatta/state]
Unable to open display: (2026-08-22T17:17:22.941106340. Trying to run in headless mode.) (2026-08-22T17:17:22.9413050072026-08-22T17:17:22.941305007
) [Msg] Publishing pose messages on [/world/sydney_regatta/pose/info]
(2026-08-22T17:17:22.944089049) (2026-08-22T17:17:22.946428257) [Msg] Publishing dynamic pose messages on [/world/sydney_regatta/dynamic_pose/info]
(2026-08-22T17:17:22.9619688402026-08-22T17:17:22.961968840(2026-08-22T17:17:22.962128174) (2026-08-22T17:17:22.962328507) [Dbg] [SimulationRunner.cc:560] (Exiting postupdate worker thread (3)
(2026-08-22T17:17:22.962842007) (2026-08-22T17:17:22.963039132) [Dbg] [SimulationRunner.cc:560] Exiting postupdate worker thread (5)
(2026-08-22T17:17:22.963735799) (2026-08-22T17:17:22.963947382) [Dbg] [SimulationRunner.cc:560] Exiting postupdate worker thread (7)
2026-08-22T17:17:22.964531549) (2026-08-22T17:17:22.964724840) [Dbg] [SimulationRunner.cc:560] Exiting postupdate worker thread (1)
(2026-08-22T17:17:22.965634715) (2026-08-22T17:17:22.966140799) ) [Dbg] [SimulationRunner.cc:560] Exiting postupdate worker thread (2)
(2026-08-22T17:17:22.966473382) [Dbg] [SimulationRunner.cc:560] Exiting postupdate worker thread ((0)
2026-08-22T17:17:22.966998132) (2026-08-22T17:17:22.967101924) [Dbg] [SimulationRunner.cc:560] Exiting postupdate worker thread (4)
(2026-08-22T17:17:22.967347090) (2026-08-22T17:17:22.967437632) [Dbg] [SimulationRunner.cc:560] Exiting postupdate worker thread (6)
(2026-08-22T17:17:22.967975424) (2026-08-22T17:17:22.968047674) [Dbg] [SimulationRunner.cc:533] Creating PostUpdate worker threads: 13
(2026-08-22T17:17:22.968502674) (2026-08-22T17:17:22.968564132) [Dbg] [SimulationRunner.cc:544] Creating postupdate worker thread (0)
(2026-08-22T17:17:22.969208757) (2026-08-22T17:17:22.969342382) [Dbg] [SimulationRunner.cc:544] Creating postupdate worker thread (1)
(2026-08-22T17:17:22.969594090) (2026-08-22T17:17:22.969687715) [Dbg] [SimulationRunner.cc:544] Creating postupdate worker thread (2)
(2026-08-22T17:17:22.969947007) (2026-08-22T17:17:22.970037382) [Dbg] [SimulationRunner.cc:544] Creating postupdate worker thread (3)
(2026-08-22T17:17:22.970335174) (2026-08-22T17:17:22.970403674) [Dbg] [SimulationRunner.cc:544] Creating postupdate worker thread (4)
(2026-08-22T17:17:22.970688965) (2026-08-22T17:17:22.970780924) [Dbg] [SimulationRunner.cc:544] Creating postupdate worker thread (5)
(2026-08-22T17:17:22.971413340) (2026-08-22T17:17:22.971480174) [Dbg] [SimulationRunner.cc:544] Creating postupdate worker thread (6)
(2026-08-22T17:17:22.972199799) (2026-08-22T17:17:22.972282965) [Dbg] [SimulationRunner.cc:544] Creating postupdate worker thread (7)
(2026-08-22T17:17:22.972551090) (2026-08-22T17:17:22.972688299) [Dbg] [SimulationRunner.cc:544] Creating postupdate worker thread (8)
(2026-08-22T17:17:22.973002799) (2026-08-22T17:17:22.973893132) [Dbg] [SimulationRunner.cc:544] Creating postupdate worker thread (9)
(2026-08-22T17:17:22.974522007) (2026-08-22T17:17:22.974664799) [Dbg] [SimulationRunner.cc:544] Creating postupdate worker thread (10)
(2026-08-22T17:17:22.975252424) (2026-08-22T17:17:22.975353257) [Dbg] [SimulationRunner.cc:544] Creating postupdate worker thread (11)
(2026-08-22T17:17:22.980025340) (2026-08-22T17:17:22.980156215) [Dbg] [JointPositionController.cc:376] Identified joint [wamv/left_chassis_engine_joint] as Entity [244]
(2026-08-22T17:17:22.980727299) (2026-08-22T17:17:22.980865090) [Dbg] [JointPositionController.cc:376] Identified joint [wamv/right_chassis_engine_joint] as Entity [247]
(2026-08-22T17:17:22.996157632) (2026-08-22T17:17:22.996348757) [Wrn] [DetachableJoint.cc:348] Child Link dummy_upper could not be found.
(2026-08-22T17:17:24.736440841) (2026-08-22T17:17:24.736682466) [Dbg] [RenderUtil.cc:2646] Create scene [scene]
((2026-08-22T17:17:25.8187849672026-08-22T17:17:25.818841925) (2026-08-22T17:17:25.818983217) ) (2026-08-22T17:17:25.819249175) [Dbg] [Sensors.cc:953] [Dbg] [Sensors.cc:953] [Dbg] [Sensors.cc:391] Rendering Thread initialized
Initialization needed
(2026-08-22T17:17:25.836117383) (2026-08-22T17:17:25.837607925) [Wrn] [DetachableJoint.cc:348] Child Link dummy_upper could not be found.
(2026-08-22T17:17:39.352826876) (2026-08-22T17:17:39.352965376) [Dbg] [CameraSensor.cc:405] Camera images for [wamv::wamv/base_link::front_left_camera_sensor] advertised on [world/sydney_regatta/model/wamv/link/wamv/base_link/sensor/front_left_camera_sensor/image]
(2026-08-22T17:17:39.354174167) (2026-08-22T17:17:39.354667792) [Dbg] [CameraSensor.cc:695] Camera info for [wamv::wamv/base_link::front_left_camera_sensor] advertised on [/world/sydney_regatta/model/wamv/link/wamv/base_link/sensor/front_left_camera_sensor/camera_info]
(2026-08-22T17:17:39.358250751) (2026-08-22T17:17:39.358342626) [Wrn] [Ogre2Camera.cc:421] Ogre2Camera::SetVisibilityMask: Mask bits c0000000 are set but will be ignored as they conflict with the reserved bits used internally by the ogre2 backend.
(2026-08-22T17:17:39.363548376) (2026-08-22T17:17:39.363723459) [Dbg] [CameraSensor.cc:405] Camera images for [wamv::wamv/base_link::front_right_camera_sensor] advertised on [world/sydney_regatta/model/wamv/link/wamv/base_link/sensor/front_right_camera_sensor/image]
(2026-08-22T17:17:39.364289667) (2026-08-22T17:17:39.364454292) [Dbg] [CameraSensor.cc:695] Camera info for [wamv::wamv/base_link::front_right_camera_sensor] advertised on [/world/sydney_regatta/model/wamv/link/wamv/base_link/sensor/front_right_camera_sensor/camera_info]
(2026-08-22T17:17:39.365015917) (2026-08-22T17:17:39.365125376) [Wrn] [Ogre2Camera.cc:421] Ogre2Camera::SetVisibilityMask: Mask bits c0000000 are set but will be ignored as they conflict with the reserved bits used internally by the ogre2 backend.
(2026-08-22T17:17:39.366229459) (2026-08-22T17:17:39.366401167) [Dbg] [CameraSensor.cc:405] Camera images for [wamv::wamv/base_link::middle_right_camera_sensor] advertised on [world/sydney_regatta/model/wamv/link/wamv/base_link/sensor/middle_right_camera_sensor/image]
(2026-08-22T17:17:39.366817417) (2026-08-22T17:17:39.367004292) [Dbg] [CameraSensor.cc:695] Camera info for [wamv::wamv/base_link::middle_right_camera_sensor] advertised on [/world/sydney_regatta/model/wamv/link/wamv/base_link/sensor/middle_right_camera_sensor/camera_info]
(2026-08-22T17:17:39.367461792) (2026-08-22T17:17:39.367567917) [Wrn] [Ogre2Camera.cc:421] Ogre2Camera::SetVisibilityMask: Mask bits c0000000 are set but will be ignored as they conflict with the reserved bits used internally by the ogre2 backend.
(2026-08-22T17:17:39.369416917) (2026-08-22T17:17:39.369503209) [Dbg] [Lidar.cc:139] Laser scans for [wamv::wamv/base_link::lidar_wamv_sensor] advertised on [world/sydney_regatta/model/wamv/link/wamv/base_link/sensor/lidar_wamv_sensor/scan]
(2026-08-22T17:17:39.370812376) (2026-08-22T17:17:39.370891376) [Dbg] [GpuLidarSensor.cc:164] Lidar points for [wamv::wamv/base_link::lidar_wamv_sensor] advertised on [world/sydney_regatta/model/wamv/link/wamv/base_link/sensor/lidar_wamv_sensor/scan/points]
(2026-08-22T17:17:39.686494251) (2026-08-22T17:17:39.686596584) [Dbg] [CameraSensor.cc:504] Enabling camera sensor: 'wamv::wamv/base_link::front_left_camera_sensor' data generation.
(2026-08-22T17:17:43.722535003) (2026-08-22T17:17:43.722743669) [Dbg] [CameraSensor.cc:504] Enabling camera sensor: 'wamv::wamv/base_link::front_right_camera_sensor' data generation.
(2026-08-22T17:17:43.878557169) (2026-08-22T17:17:43.878758711) [Dbg] [CameraSensor.cc:504] Enabling camera sensor: 'wamv::wamv/base_link::middle_right_camera_sensor' data generation.
(2026-08-22T17:17:44.808176128) (2026-08-22T17:17:44.808582045) [Wrn] [DetachableJoint.cc:348] Child Link dummy_upper could not be found.
(2026-08-22T17:17:44.812227003) (2026-08-22T17:17:44.812494878) [Wrn] [DetachableJoint.cc:348] Child Link dummy_upper could not be found.
(2026-08-22T17:17:44.816358087) (2026-08-22T17:17:44.816487503) [Wrn] [DetachableJoint.cc:348] Child Link dummy_upper could not be found.
(2026-08-22T17:17:44.820718253) (2026-08-22T17:17:44.820833045) [Wrn] [DetachableJoint.cc:348] Child Link dummy_upper could not be found.
(2026-08-22T17:17:44.825096128) (2026-08-22T17:17:44.825601753) [Wrn] [DetachableJoint.cc:348] Child Link dummy_upper could not be found.
(2026-08-22T17:17:44.829151462) (2026-08-22T17:17:44.829282795) [Wrn] [DetachableJoint.cc:348] Child Link dummy_upper could not be found.
(2026-08-22T17:17:44.833327503) (2026-08-22T17:17:44.833520878) [Wrn] [DetachableJoint.cc:348] Child Link dummy_upper could not be found.
(2026-08-22T17:17:44.837526295) (2026-08-22T17:17:44.837711462) [Wrn] [DetachableJoint.cc:348] Child Link dummy_upper could not be found.
(2026-08-22T17:17:44.843240962) (2026-08-22T17:17:44.844006462) [Wrn] [DetachableJoint.cc:348] Child Link dummy_upper could not be found.
(2026-08-22T17:17:44.847026045) (2026-08-22T17:17:44.847198962) [Wrn] [DetachableJoint.cc:348] Child Link dummy_upper could not be found.
(2026-08-22T17:17:44.853965087) (2026-08-22T17:17:44.862891712) [Wrn] [DetachableJoint.cc:348] Child Link dummy_upper could not be found.
(2026-08-22T17:17:44.881056212) (2026-08-22T17:17:44.887467753) [Wrn] [DetachableJoint.cc:348] Child Link dummy_upper could not be found.
(2026-08-22T17:17:44.907962587) (2026-08-22T17:17:44.908995920) [Wrn] [DetachableJoint.cc:348] Child Link dummy_upper could not be found.
(2026-08-22T17:17:44.911589670) (2026-08-22T17:17:44.911680545) [Wrn] [DetachableJoint.cc:348] Child Link dummy_upper could not be found.
(2026-08-22T17:17:45.314329378) (2026-08-22T17:17:45.314609587) [Wrn] [DetachableJoint.cc:348] Child Link dummy_upper could not be found.
(2026-08-22T17:17:45.318520378) (2026-08-22T17:17:45.318623503) [Wrn] [DetachableJoint.cc:348] Child Link dummy_upper could not be found.
(2026-08-22T17:17:45.325812837) (2026-08-22T17:17:45.326030253) [Wrn] [DetachableJoint.cc:348] Child Link dummy_upper could not be found.
(2026-08-22T17:17:45.328766878) (2026-08-22T17:17:45.328887545) [Wrn] [DetachableJoint.cc:348] Child Link dummy_upper could not be found.
(2026-08-22T17:17:45.339967670) (2026-08-22T17:17:45.347272045) [Wrn] [DetachableJoint.cc:348] Child Link dummy_upper could not be found.
(2026-08-22T17:17:45.363117378) (2026-08-22T17:17:45.366357337) [Wrn] [DetachableJoint.cc:348] Child Link dummy_upper could not be found.
(2026-08-22T17:17:45.372250462) (2026-08-22T17:17:45.372453378) [Wrn] [DetachableJoint.cc:348] Child Link dummy_upper could not be found.
(2026-08-22T17:17:45.381352420) (2026-08-22T17:17:45.381571128) [Wrn] [DetachableJoint.cc:348] Child Link dummy_upper could not be found.
(2026-08-22T17:17:45.800694379) (2026-08-22T17:17:45.800861920) [Wrn] [DetachableJoint.cc:348] Child Link dummy_upper could not be found.
(2026-08-22T17:17:45.804729545) (2026-08-22T17:17:45.804865420) [Wrn] [DetachableJoint.cc:348] Child Link dummy_upper could not be found.
(2026-08-22T17:17:45.810543545) (2026-08-22T17:17:45.810869879) [Wrn] [DetachableJoint.cc:348] Child Link dummy_upper could not be found.
(2026-08-22T17:17:45.816061129) (2026-08-22T17:17:45.816156587) [Wrn] [DetachableJoint.cc:348] Child Link dummy_upper could not be found.
(2026-08-22T17:17:45.824775254) (2026-08-22T17:17:45.829349920) [Wrn] [DetachableJoint.cc:348] Child Link dummy_upper could not be found.
(2026-08-22T17:17:45.851247295) (2026-08-22T17:17:45.851467420) [Wrn] [DetachableJoint.cc:348] Child Link dummy_upper could not be found.
(2026-08-22T17:17:45.867003879) (2026-08-22T17:17:45.868716212) [Wrn] [DetachableJoint.cc:348] Child Link dummy_upper could not be found.
(2026-08-22T17:17:45.882796379) (2026-08-22T17:17:45.883066712) [Wrn] [DetachableJoint.cc:348] Child Link dummy_upper could not be found.
(2026-08-22T17:17:45.885838587) (2026-08-22T17:17:45.885916295) [Wrn] [DetachableJoint.cc:348] Child Link dummy_upper could not be found.
(2026-08-22T17:17:46.369303712) (2026-08-22T17:17:46.369564254) [Wrn] [DetachableJoint.cc:348] Child Link dummy_upper could not be found.
(2026-08-22T17:17:46.373156879) (2026-08-22T17:17:46.373233337) [Wrn] [DetachableJoint.cc:348] Child Link dummy_upper could not be found.
(2026-08-22T17:17:46.378978962) (2026-08-22T17:17:46.379432796) [Wrn] [DetachableJoint.cc:348] Child Link dummy_upper could not be found.
(2026-08-22T17:17:46.383328837) (2026-08-22T17:17:46.383520212) [Wrn] [DetachableJoint.cc:348] Child Link dummy_upper could not be found.
(2026-08-22T17:17:46.388977129) (2026-08-22T17:17:46.392541254) [Wrn] [DetachableJoint.cc:348] Child Link dummy_upper could not be found.
(2026-08-22T17:17:46.412434379) (2026-08-22T17:17:46.416379296) [Wrn] [DetachableJoint.cc:348] Child Link dummy_upper could not be found.
(2026-08-22T17:17:46.435956629) (2026-08-22T17:17:46.436466337) [Wrn] [DetachableJoint.cc:348] Child Link dummy_upper could not be found.
(2026-08-22T17:17:46.447051337) (2026-08-22T17:17:46.448690712) [Wrn] [DetachableJoint.cc:348] Child Link dummy_upper could not be found.
(2026-08-22T17:17:46.856169629) (2026-08-22T17:17:46.857236296) [Wrn] [DetachableJoint.cc:348] Child Link dummy_upper could not be found.
(2026-08-22T17:17:46.860051337) (2026-08-22T17:17:46.860174379) [Wrn] [DetachableJoint.cc:348] Child Link dummy_upper could not be found.
(2026-08-22T17:17:46.866126212) (2026-08-22T17:17:46.868159129) [Wrn] [DetachableJoint.cc:348] Child Link dummy_upper could not be found.
(2026-08-22T17:17:46.871354546) (2026-08-22T17:17:46.871460337) [Wrn] [DetachableJoint.cc:348] Child Link dummy_upper could not be found.
(2026-08-22T17:17:46.878142004) (2026-08-22T17:17:46.885166421) [Wrn] [DetachableJoint.cc:348] Child Link dummy_upper could not be found.
(2026-08-22T17:17:46.898674338) (2026-08-22T17:17:46.905118629) [Wrn] [DetachableJoint.cc:348] Child Link dummy_upper could not be found.
(2026-08-22T17:17:46.915531463) (2026-08-22T17:17:46.915719546) [Wrn] [DetachableJoint.cc:348] Child Link dummy_upper could not be found.
(2026-08-22T17:17:46.924423713) (2026-08-22T17:17:46.924697588) [Wrn] [DetachableJoint.cc:348] Child Link dummy_upper could not be found.
(2026-08-22T17:17:47.387660421) (2026-08-22T17:17:47.387927713) [Wrn] [DetachableJoint.cc:348] Child Link dummy_upper could not be found.
(2026-08-22T17:17:47.391625463) (2026-08-22T17:17:47.391723504) [Wrn] [DetachableJoint.cc:348] Child Link dummy_upper could not be found.
(2026-08-22T17:17:47.397910796) (2026-08-22T17:17:47.399259838) [Wrn] [DetachableJoint.cc:348] Child Link dummy_upper could not be found.
(2026-08-22T17:17:47.402378879) (2026-08-22T17:17:47.402456088) [Wrn] [DetachableJoint.cc:348] Child Link dummy_upper could not be found.
(2026-08-22T17:17:47.410167379) (2026-08-22T17:17:47.417717879) [Wrn] [DetachableJoint.cc:348] Child Link dummy_upper could not be found.
(2026-08-22T17:17:47.423988629) (2026-08-22T17:17:47.426075254) [Wrn] [DetachableJoint.cc:348] Child Link dummy_upper could not be found.
(2026-08-22T17:17:47.440432921) (2026-08-22T17:17:47.440708171) [Wrn] [DetachableJoint.cc:348] Child Link dummy_upper could not be found.
(2026-08-22T17:17:47.462886088) (2026-08-22T17:17:47.463531546) [Wrn] [DetachableJoint.cc:348] Child Link dummy_upper could not be found.
(2026-08-22T17:17:47.931025296) (2026-08-22T17:17:47.931256671) [Wrn] [DetachableJoint.cc:348] Child Link dummy_upper could not be found.
(2026-08-22T17:17:47.934976463) (2026-08-22T17:17:47.935056130) [Wrn] [DetachableJoint.cc:348] Child Link dummy_upper could not be found.
(2026-08-22T17:17:47.939487088) (2026-08-22T17:17:47.941035963) [Wrn] [DetachableJoint.cc:348] Child Link dummy_upper could not be found.
(2026-08-22T17:17:47.945103546) (2026-08-22T17:17:47.945567838) [Wrn] [DetachableJoint.cc:348] Child Link dummy_upper could not be found.
(2026-08-22T17:17:47.949098255) (2026-08-22T17:17:47.949202088) [Wrn] [DetachableJoint.cc:348] Child Link dummy_upper could not be found.
(2026-08-22T17:17:47.966972671) (2026-08-22T17:17:47.974495505) [Wrn] [DetachableJoint.cc:348] Child Link dummy_upper could not be found.
(2026-08-22T17:17:47.984974921) (2026-08-22T17:17:47.990074671) [Wrn] [DetachableJoint.cc:348] Child Link dummy_upper could not be found.
(2026-08-22T17:17:48.3467713) (2026-08-22T17:17:48.3797796) [Wrn] [DetachableJoint.cc:348] Child Link dummy_upper could not be found.
(2026-08-22T17:17:48.16926380) (2026-08-22T17:17:48.17190088) [Wrn] [DetachableJoint.cc:348] Child Link dummy_upper could not be found.
(2026-08-22T17:17:48.457180213) (2026-08-22T17:17:48.457436547) [Wrn] [DetachableJoint.cc:348] Child Link dummy_upper could not be found.
(2026-08-22T17:17:48.461071505) (2026-08-22T17:17:48.461588088) [Wrn] [DetachableJoint.cc:348] Child Link dummy_upper could not be found.
(2026-08-22T17:17:48.465874463) (2026-08-22T17:17:48.467775547) [Wrn] [DetachableJoint.cc:348] Child Link dummy_upper could not be found.
(2026-08-22T17:17:48.472099463) (2026-08-22T17:17:48.472232963) [Wrn] [DetachableJoint.cc:348] Child Link dummy_upper could not be found.
(2026-08-22T17:17:48.476546213) (2026-08-22T17:17:48.476664422) [Wrn] [DetachableJoint.cc:348] Child Link dummy_upper could not be found.
(2026-08-22T17:17:48.497479172) (2026-08-22T17:17:48.504009797) [Wrn] [DetachableJoint.cc:348] Child Link dummy_upper could not be found.
(2026-08-22T17:17:48.517591172) (2026-08-22T17:17:48.519953713) [Wrn] [DetachableJoint.cc:348] Child Link dummy_upper could not be found.
(2026-08-22T17:17:48.536175963) (2026-08-22T17:17:48.536349005) [Wrn] [DetachableJoint.cc:348] Child Link dummy_upper could not be found.
(2026-08-22T17:17:48.942320422) (2026-08-22T17:17:48.942481797) [Wrn] [DetachableJoint.cc:348] Child Link dummy_upper could not be found.
(2026-08-22T17:17:48.946204755) (2026-08-22T17:17:48.946411672) [Wrn] [DetachableJoint.cc:348] Child Link dummy_upper could not be found.
(2026-08-22T17:17:48.950373130) (2026-08-22T17:17:48.950458463) [Wrn] [DetachableJoint.cc:348] Child Link dummy_upper could not be found.
(2026-08-22T17:17:48.955747297) (2026-08-22T17:17:48.956282338) [Wrn] [DetachableJoint.cc:348] Child Link dummy_upper could not be found.
(2026-08-22T17:17:48.959468838) (2026-08-22T17:17:48.959575005) [Wrn] [DetachableJoint.cc:348] Child Link dummy_upper could not be found.
(2026-08-22T17:17:48.969952338) (2026-08-22T17:17:48.974809672) [Wrn] [DetachableJoint.cc:348] Child Link dummy_upper could not be found.
(2026-08-22T17:17:48.988903088) (2026-08-22T17:17:48.991856922) [Wrn] [DetachableJoint.cc:348] Child Link dummy_upper could not be found.
(2026-08-22T17:17:49.881505) (2026-08-22T17:17:49.1030255) [Wrn] [DetachableJoint.cc:348] Child Link dummy_upper could not be found.
(2026-08-22T17:17:49.484413630) (2026-08-22T17:17:49.484704422) [Wrn] [DetachableJoint.cc:348] Child Link dummy_upper could not be found.
(2026-08-22T17:17:49.488349464) (2026-08-22T17:17:49.488555672) [Wrn] [DetachableJoint.cc:348] Child Link dummy_upper could not be found.
(2026-08-22T17:17:49.493525047) (2026-08-22T17:17:49.494433797) [Wrn] [DetachableJoint.cc:348] Child Link dummy_upper could not be found.
(2026-08-22T17:17:49.499025297) (2026-08-22T17:17:49.499211589) [Wrn] [DetachableJoint.cc:348] Child Link dummy_upper could not be found.
(2026-08-22T17:17:49.510255547) (2026-08-22T17:17:49.516961505) [Wrn] [DetachableJoint.cc:348] Child Link dummy_upper could not be found.
(2026-08-22T17:17:49.527171714) (2026-08-22T17:17:49.534326547) [Wrn] [DetachableJoint.cc:348] Child Link dummy_upper could not be found.
(2026-08-22T17:17:49.546662505) (2026-08-22T17:17:49.554093922) [Wrn] [DetachableJoint.cc:348] Child Link dummy_upper could not be found.
(2026-08-22T17:17:49.566400839) (2026-08-22T17:17:49.567043922) [Wrn] [DetachableJoint.cc:348] Child Link dummy_upper could not be found.
(2026-08-22T17:17:50.28280756) (2026-08-22T17:17:50.28394089) [Wrn] [DetachableJoint.cc:348] Child Link dummy_upper could not be found.
(2026-08-22T17:17:50.32276714) (2026-08-22T17:17:50.32471381) [Wrn] [DetachableJoint.cc:348] Child Link dummy_upper could not be found.
(2026-08-22T17:17:50.36155589) (2026-08-22T17:17:50.36237339) [Wrn] [DetachableJoint.cc:348] Child Link dummy_upper could not be found.
(2026-08-22T17:17:50.41205256) (2026-08-22T17:17:50.41647672) [Wrn] [DetachableJoint.cc:348] Child Link dummy_upper could not be found.
(2026-08-22T17:17:50.45280006) (2026-08-22T17:17:50.45389089) [Wrn] [DetachableJoint.cc:348] Child Link dummy_upper could not be found.
(2026-08-22T17:17:50.50086464) (2026-08-22T17:17:50.51399547) [Wrn] [DetachableJoint.cc:348] Child Link dummy_upper could not be found.
(2026-08-22T17:17:50.69829631) (2026-08-22T17:17:50.72760047) [Wrn] [DetachableJoint.cc:348] Child Link dummy_upper could not be found.
(2026-08-22T17:17:50.86960422) (2026-08-22T17:17:50.89864547) [Wrn] [DetachableJoint.cc:348] Child Link dummy_upper could not be found.
(2026-08-22T17:17:50.100205756) (2026-08-22T17:17:50.109591589) [Wrn] [DetachableJoint.cc:348] Child Link dummy_upper could not be found.
(2026-08-22T17:17:50.511006131) (2026-08-22T17:17:50.511110964) [Dbg] [gz.cc:434] Shutting down gz-sim-server
(2026-08-22T17:17:50.511965756) (2026-08-22T17:17:50.512177173) [Dbg] [Sensors.cc:565] SensorsPrivate::Stop
(2026-08-22T17:17:51.170540715) (2026-08-22T17:17:51.170827131) [Dbg] [Sensors.cc:551] SensorsPrivate::RenderThread stopped
((((2026-08-22T17:17:51.174534423) (2026-08-22T17:17:51.174705756) [Dbg] [SimulationRunner.cc:560] Exiting postupdate worker thread (3)
(2026-08-22T17:17:51.175226006) (2026-08-22T17:17:51.175377590) [Dbg] [SimulationRunner.cc:560] Exiting postupdate worker thread (4)
(2026-08-22T17:17:51.175774673) (2026-08-22T17:17:51.175978173) [Dbg] [SimulationRunner.cc:560] Exiting postupdate worker thread (2)
2026-08-22T17:17:51.176330090) (2026-08-22T17:17:51.176448631) [Dbg] [SimulationRunner.cc:560] Exiting postupdate worker thread (9)
(2026-08-22T17:17:51.176794381) (2026-08-22T17:17:51.176993381) [Dbg] [SimulationRunner.cc:560] Exiting postupdate worker thread (5)
(2026-08-22T17:17:51.177531173) (2026-08-22T17:17:51.177711381) [Dbg] [SimulationRunner.cc:560] Exiting postupdate worker thread (7)
(2026-08-22T17:17:51.178192631) (2026-08-22T17:17:51.178367465) [Dbg] [SimulationRunner.cc:560] Exiting postupdate worker thread (8)
(2026-08-22T17:17:51.178872798) (2026-08-22T17:17:51.179041631) [Dbg] [SimulationRunner.cc:560] Exiting postupdate worker thread (11)
(2026-08-22T17:17:51.179543340) (2026-08-22T17:17:51.179735673) [Dbg] [SimulationRunner.cc:560] Exiting postupdate worker thread (6)
2026-08-22T17:17:51.180152173) (2026-08-22T17:17:51.180334090) [Dbg] [SimulationRunner.cc:560] Exiting postupdate worker thread (10)
(2026-08-22T17:17:51.180819631) (2026-08-22T17:17:51.181061298) [Dbg] [SimulationRunner.cc:560] Exiting postupdate worker thread () (2026-08-22T17:17:51.181890423) 0)
[Dbg] [SimulationRunner.cc:560] Exiting postupdate worker thread (1)
(2026-08-22T17:17:51.260627048) (2026-08-22T17:17:51.260745006) [Dbg] [Sensors.cc:565] SensorsPrivate::Stop
(2026-08-22T17:17:51.278624548) (2026-08-22T17:17:51.278731048) [Msg] Stopping recording
