^Dadduser	3.137ubuntu1
apt	2.8.3
autoconf	2.71-3
automake	1:1.16.5-1.3ubuntu1
autotools-dev	20220109.1
base-files	13ubuntu10.4
base-passwd	3.6.3build1
bash	5.2.21-2ubuntu4
binutils-common:amd64	2.42-4ubuntu2.10
bsdutils	1:2.39.3-9ubuntu6.5
ca-certificates	20260601~24.04.1
cmake	3.28.3-1build7
cmake-data	3.28.3-1build7
comerr-dev:amd64	2.1-1.47.0-2.4~exp1ubuntu4.1
coreutils	9.4-3ubuntu6.2
curl	8.5.0-2ubuntu10.11
dash	0.5.12-6ubuntu5
debconf	1.5.86ubuntu1
debianutils	5.17build1
default-libmysqlclient-dev:amd64	1.1.0build1
diffutils	1:3.10-1build1
dirmngr	2.4.4-2ubuntu17.4
dpkg	1.22.6ubuntu6.6
e2fsprogs	1.47.0-2.4~exp1ubuntu4.1
findutils	4.9.0-5build1
fontconfig	2.15.0-1.1ubuntu2
fontconfig-config	2.15.0-1.1ubuntu2
fonts-dejavu-core	2.37-8
fonts-dejavu-mono	2.37-8
gcc-13-base:amd64	13.3.0-6ubuntu2~24.04.1
gcc-14-base:amd64	14.2.0-4ubuntu2~24.04.1
gdal-data	3.8.4+dfsg-3ubuntu3
gdal-plugins:amd64	3.8.4+dfsg-3ubuntu3
gnupg	2.4.4-2ubuntu17.4
gnupg-utils	2.4.4-2ubuntu17.4
gpg	2.4.4-2ubuntu17.4
gpg-agent	2.4.4-2ubuntu17.4
gpgconf	2.4.4-2ubuntu17.4
gpgsm	2.4.4-2ubuntu17.4
gpgv	2.4.4-2ubuntu17.4
grep	3.11-4build1
gz-harmonic	1.0.0-1~noble
gz-launch7-cli	7.1.2-1~noble
gz-plugin2-cli	2.0.4-1~noble
gz-sim8-cli	8.15.0-1~noble
gz-tools2:amd64	2.0.3-2~noble
gz-transport13-cli	13.5.0-1~noble
gzip	1.12-1ubuntu3.2
hdf5-helpers	1.10.10+repack-3.1ubuntu4
hostname	3.23+nmu2ubuntu2
icu-devtools	74.2-1ubuntu3.1
init-system-helpers	1.66ubuntu1
keyboxd	2.4.4-2ubuntu17.4
krb5-multidev:amd64	1.20.1-6ubuntu2.8
libacl1:amd64	2.3.2-1build1.1
libaec-dev:amd64	1.1.2-1build1
libaec0:amd64	1.1.2-1build1
libaom-dev:amd64	3.8.2-2ubuntu0.1
libaom3:amd64	3.8.2-2ubuntu0.1
libapparmor1:amd64	4.0.1really4.0.1-0ubuntu0.24.04.7
libapt-pkg6.0t64:amd64	2.8.3
libarchive13t64:amd64	3.7.2-2ubuntu0.8
libarmadillo-dev	1:12.6.7+dfsg-1build2
libarmadillo12	1:12.6.7+dfsg-1build2
libarpack2-dev:amd64	3.9.1-1.1build2
libarpack2t64:amd64	3.9.1-1.1build2
libasan8:amd64	14.2.0-4ubuntu2~24.04.1
libasound2-data	1.2.11-1ubuntu0.3
libasound2t64:amd64	1.2.11-1ubuntu0.3
libass9:amd64	1:0.17.1-2build1
libassimp-dev:amd64	5.3.1+ds-2build1
libassimp5:amd64	5.3.1+ds-2build1
libassuan0:amd64	2.5.6-1build1
libasyncns0:amd64	0.8-6build4
libatomic1:amd64	14.2.0-4ubuntu2~24.04.1
libattr1:amd64	1:2.5.2-1build1.1
libaudit-common	1:3.1.2-2.1build1.1
libaudit1:amd64	1:3.1.2-2.1build1.1
libavahi-client3:amd64	0.8-13ubuntu6.2
libavahi-common-data:amd64	0.8-13ubuntu6.2
libavahi-common3:amd64	0.8-13ubuntu6.2
libavc1394-0:amd64	0.5.4-5build3
libavcodec-dev:amd64	7:6.1.1-3ubuntu5
libavcodec60:amd64	7:6.1.1-3ubuntu5
libavdevice-dev:amd64	7:6.1.1-3ubuntu5
libavdevice60:amd64	7:6.1.1-3ubuntu5
libavfilter-dev:amd64	7:6.1.1-3ubuntu5
libavfilter9:amd64	7:6.1.1-3ubuntu5
libavformat-dev:amd64	7:6.1.1-3ubuntu5
libavformat60:amd64	7:6.1.1-3ubuntu5
libavutil-dev:amd64	7:6.1.1-3ubuntu5
libavutil58:amd64	7:6.1.1-3ubuntu5
libbinutils:amd64	2.42-4ubuntu2.10
libblas-dev:amd64	3.12.0-3build1.1
libblas3:amd64	3.12.0-3build1.1
libblkid-dev:amd64	2.39.3-9ubuntu6.5
libblkid1:amd64	2.39.3-9ubuntu6.5
libblosc-dev:amd64	1.21.5+ds-1build1
libblosc1:amd64	1.21.5+ds-1build1
libbluray2:amd64	1:1.3.4-1build1
libboost-atomic1.83-dev:amd64	1.83.0-2.1ubuntu3.2
libboost-atomic1.83.0:amd64	1.83.0-2.1ubuntu3.2
libboost-chrono1.83-dev:amd64	1.83.0-2.1ubuntu3.2
libboost-chrono1.83.0t64:amd64	1.83.0-2.1ubuntu3.2
libboost-date-time1.83-dev:amd64	1.83.0-2.1ubuntu3.2
libboost-date-time1.83.0:amd64	1.83.0-2.1ubuntu3.2
libboost-dev:amd64	1.83.0.1ubuntu2
libboost-serialization1.83-dev:amd64	1.83.0-2.1ubuntu3.2
libboost-serialization1.83.0:amd64	1.83.0-2.1ubuntu3.2
libboost-system1.83-dev:amd64	1.83.0-2.1ubuntu3.2
libboost-system1.83.0:amd64	1.83.0-2.1ubuntu3.2
libboost-thread-dev:amd64	1.83.0.1ubuntu2
libboost-thread1.83-dev:amd64	1.83.0-2.1ubuntu3.2
libboost-thread1.83.0:amd64	1.83.0-2.1ubuntu3.2
libboost1.83-dev:amd64	1.83.0-2.1ubuntu3.2
libbrotli1:amd64	1.1.0-2build2
libbs2b0:amd64	3.1.0+dfsg-7build1
libbsd-dev:amd64	0.12.1-1build1.1
libbsd0:amd64	0.12.1-1build1.1
libbullet-dev:amd64	3.24+dfsg-2.1build1
libbullet3.24t64:amd64	3.24+dfsg-2.1build1
libbz2-1.0:amd64	1.0.8-5.1build0.1
libc-bin	2.39-0ubuntu8.8
libc-dev-bin	2.39-0ubuntu8.8
libc6:amd64	2.39-0ubuntu8.8
libc6-dev:amd64	2.39-0ubuntu8.8
libcaca0:amd64	0.99.beta20-4ubuntu0.2
libcairo-gobject2:amd64	1.18.0-3build1
libcairo2:amd64	1.18.0-3build1
libcap-dev:amd64	1:2.66-5ubuntu2.4
libcap-ng0:amd64	0.8.4-2build2
libcap2:amd64	1:2.66-5ubuntu2.4
libccd2:amd64	2.1-2
libcdio-cdda2t64:amd64	10.2+2.0.1-1.1build2
libcdio-paranoia2t64:amd64	10.2+2.0.1-1.1build2
libcdio19t64:amd64	2.1.0-4.1ubuntu1.2
libcfitsio-dev:amd64	4.3.1-1.1build2
libcfitsio10t64:amd64	4.3.1-1.1build2
libchromaprint1:amd64	1.5.1-5
libcjson1:amd64	1.7.17-1
libcodec2-1.2:amd64	1.2.0-2build1
libcom-err2:amd64	1.47.0-2.4~exp1ubuntu4.1
libcrypt-dev:amd64	1:4.4.36-4build1
libcrypt1:amd64	1:4.4.36-4build1
libcups2t64:amd64	2.4.7-1.2ubuntu7.14
libcurl3t64-gnutls:amd64	8.5.0-2ubuntu10.11
libcurl4-openssl-dev:amd64	8.5.0-2ubuntu10.11
libcurl4t64:amd64	8.5.0-2ubuntu10.11
libdart-core+collisions+odelcpsolver6.13:amd64	6.13.2+ds1-1~osrf2~noble
libdatrie1:amd64	0.2.13-3build1
libdav1d-dev:amd64	1.4.1-1build1
libdav1d7:amd64	1.4.1-1build1
libdb5.3t64:amd64	5.3.28+dfsg2-7
libdbus-1-3:amd64	1.14.10-4ubuntu4.1
libdc1394-25:amd64	2.2.6-4build1
libde265-0:amd64	1.0.15-1ubuntu0.1
libde265-dev:amd64	1.0.15-1ubuntu0.1
libdebconfclient0:amd64	0.271ubuntu3
libdecor-0-0:amd64	0.2.2-1build2
libdeflate-dev:amd64	1.19-1build1.1
libdeflate0:amd64	1.19-1build1.1
libdouble-conversion3:amd64	3.3.0-1build1
libdraco8:amd64	1.5.6+dfsg-3build1
libdrm-amdgpu1:amd64	2.4.125-1ubuntu0.1~24.04.2
libdrm-common	2.4.125-1ubuntu0.1~24.04.2
libdrm-intel1:amd64	2.4.125-1ubuntu0.1~24.04.2
libdrm2:amd64	2.4.125-1ubuntu0.1~24.04.2
libedit2:amd64	3.1-20230828-1build1
libegl-dev:amd64	1.7.0-1build1
libegl-mesa0:amd64	25.2.8-0ubuntu0.24.04.2
libegl1:amd64	1.7.0-1build1
libeigen3-dev	3.4.0-4build0.1
libelf1t64:amd64	0.190-1.1ubuntu0.1
libev-dev:amd64	1:4.33-2.1build1
libev4t64:amd64	1:4.33-2.1build1
libevdev2:amd64	1.13.1+dfsg-1build1
libexpat1:amd64	2.6.1-2ubuntu0.4
libexpat1-dev:amd64	2.6.1-2ubuntu0.4
libext2fs2t64:amd64	1.47.0-2.4~exp1ubuntu4.1
libfcl0.7:amd64	0.7.0-3build2
libffi-dev:amd64	3.4.6-1build1
libffi8:amd64	3.4.6-1build1
libfftw3-double3:amd64	3.3.10-1ubuntu3
libflac12t64:amd64	1.4.3+ds-2.1ubuntu2
libflite1:amd64	2.2-6build3
libfontconfig1:amd64	2.15.0-1.1ubuntu2
libfreeimage-dev:amd64	3.18.0+ds2-10build4
libfreeimage3:amd64	3.18.0+ds2-10build4
libfreetype6:amd64	2.13.2+dfsg-1ubuntu0.1
libfreexl-dev:amd64	2.0.0-1build2
libfreexl1:amd64	2.0.0-1build2
libfribidi0:amd64	1.0.13-3build1
libfyba-dev:amd64	4.1.1-11build1
libfyba0t64:amd64	4.1.1-11build1
libgbm1:amd64	25.2.8-0ubuntu0.24.04.2
libgcc-13-dev:amd64	13.3.0-6ubuntu2~24.04.1
libgcc-s1:amd64	14.2.0-4ubuntu2~24.04.1
libgcrypt20:amd64	1.10.3-2ubuntu0.1
libgdal-dev	3.8.4+dfsg-3ubuntu3
libgdal34t64:amd64	3.8.4+dfsg-3ubuntu3
libgdbm-compat4t64:amd64	1.23-5.1build1
libgdbm6t64:amd64	1.23-5.1build1
libgdk-pixbuf-2.0-0:amd64	2.42.10+dfsg-3ubuntu3.3
libgdk-pixbuf2.0-common	2.42.10+dfsg-3ubuntu3.3
libgeos-c1t64:amd64	3.12.1-3build1
libgeos-dev	3.12.1-3build1
libgeos3.12.1t64:amd64	3.12.1-3build1
libgeotiff-dev:amd64	1.7.1-5build1
libgeotiff5:amd64	1.7.1-5build1
libgfortran5:amd64	14.2.0-4ubuntu2~24.04.1
libgif-dev:amd64	5.2.2-1ubuntu1.2
libgif7:amd64	5.2.2-1ubuntu1.2
libgirepository-2.0-0:amd64	2.80.0-6ubuntu3.8
libgl-dev:amd64	1.7.0-1build1
libgl1:amd64	1.7.0-1build1
libgl1-mesa-dri:amd64	25.2.8-0ubuntu0.24.04.2
libglib2.0-0t64:amd64	2.80.0-6ubuntu3.8
libglib2.0-bin	2.80.0-6ubuntu3.8
libglib2.0-data	2.80.0-6ubuntu3.8
libglib2.0-dev:amd64	2.80.0-6ubuntu3.8
libglib2.0-dev-bin	2.80.0-6ubuntu3.8
libglu1-mesa:amd64	9.0.2-1.1build1
libglu1-mesa-dev:amd64	9.0.2-1.1build1
libglvnd0:amd64	1.7.0-1build1
libglx-dev:amd64	1.7.0-1build1
libglx-mesa0:amd64	25.2.8-0ubuntu0.24.04.2
libglx0:amd64	1.7.0-1build1
libgme0:amd64	0.6.3-7build1
libgmp10:amd64	2:6.3.0+dfsg-2ubuntu6.1
libgnutls30t64:amd64	3.8.3-1.1ubuntu3.6
libgomp1:amd64	14.2.0-4ubuntu2~24.04.1
libgpg-error0:amd64	1.47-3build2.1
libgraphite2-3:amd64	1.3.14-2ubuntu0.24.04.1
libgsm1:amd64	1.0.22-1build1
libgssapi-krb5-2:amd64	1.20.1-6ubuntu2.8
libgssrpc4t64:amd64	1.20.1-6ubuntu2.8
libgts-0.7-5t64:amd64	0.7.6+darcs121130-5.2build1
libgts-dev:amd64	0.7.6+darcs121130-5.2build1
libgudev-1.0-0:amd64	1:238-5ubuntu1
libgz-cmake3-dev:amd64	3.6.0-1~noble
libgz-common5:amd64	5.8.0-1~noble
libgz-common5-av:amd64	5.8.0-1~noble
libgz-common5-av-dev:amd64	5.8.0-1~noble
libgz-common5-core-dev:amd64	5.8.0-1~noble
libgz-common5-dev:amd64	5.8.0-1~noble
libgz-common5-events:amd64	5.8.0-1~noble
libgz-common5-events-dev:amd64	5.8.0-1~noble
libgz-common5-geospatial:amd64	5.8.0-1~noble
libgz-common5-geospatial-dev:amd64	5.8.0-1~noble
libgz-common5-graphics:amd64	5.8.0-1~noble
libgz-common5-graphics-dev:amd64	5.8.0-1~noble
libgz-common5-io:amd64	5.8.0-1~noble
libgz-common5-io-dev:amd64	5.8.0-1~noble
libgz-common5-profiler:amd64	5.8.0-1~noble
libgz-common5-profiler-dev:amd64	5.8.0-1~noble
libgz-common5-testing:amd64	5.8.0-1~noble
libgz-common5-testing-dev:amd64	5.8.0-1~noble
libgz-fuel-tools9:amd64	9.1.1-1~noble
libgz-fuel-tools9-dev:amd64	9.1.1-1~noble
libgz-gui8:amd64	8.4.0-1~noble
libgz-gui8-dev:amd64	8.4.0-1~noble
libgz-launch7:amd64	7.1.2-1~noble
libgz-launch7-dev:amd64	7.1.2-1~noble
libgz-math7:amd64	7.6.0-1~noble
libgz-math7-dev:amd64	7.6.0-1~noble
libgz-math7-eigen3-dev:amd64	7.6.0-1~noble
libgz-msgs10:amd64	10.4.0-1~noble
libgz-msgs10-dev:amd64	10.4.0-1~noble
libgz-physics7:amd64	7.8.0-1~noble
libgz-physics7-bullet:amd64	7.8.0-1~noble
libgz-physics7-bullet-dev:amd64	7.8.0-1~noble
libgz-physics7-core-dev:amd64	7.8.0-1~noble
libgz-physics7-dartsim:amd64	7.8.0-1~noble
libgz-physics7-dartsim-dev:amd64	7.8.0-1~noble
libgz-physics7-dev:amd64	7.8.0-1~noble
libgz-physics7-heightmap-dev:amd64	7.8.0-1~noble
libgz-physics7-mesh-dev:amd64	7.8.0-1~noble
libgz-physics7-sdf-dev:amd64	7.8.0-1~noble
libgz-physics7-tpe:amd64	7.8.0-1~noble
libgz-physics7-tpe-dev:amd64	7.8.0-1~noble
libgz-physics7-tpelib:amd64	7.8.0-1~noble
libgz-physics7-tpelib-dev:amd64	7.8.0-1~noble
libgz-plugin2:amd64	2.0.4-1~noble
libgz-plugin2-dev:amd64	2.0.4-1~noble
libgz-rendering8:amd64	8.2.3-1~noble
libgz-rendering8-core-dev:amd64	8.2.3-1~noble
libgz-rendering8-dev:amd64	8.2.3-1~noble
libgz-rendering8-ogre1:amd64	8.2.3-1~noble
libgz-rendering8-ogre1-dev:amd64	8.2.3-1~noble
libgz-rendering8-ogre2:amd64	8.2.3-1~noble
libgz-rendering8-ogre2-dev:amd64	8.2.3-1~noble
libgz-sensors8:amd64	8.2.2-1~noble
libgz-sensors8-air-pressure:amd64	8.2.2-1~noble
libgz-sensors8-air-pressure-dev:amd64	8.2.2-1~noble
libgz-sensors8-air-speed:amd64	8.2.2-1~noble
libgz-sensors8-air-speed-dev:amd64	8.2.2-1~noble
libgz-sensors8-altimeter:amd64	8.2.2-1~noble
libgz-sensors8-altimeter-dev:amd64	8.2.2-1~noble
libgz-sensors8-boundingbox-camera:amd64	8.2.2-1~noble
libgz-sensors8-boundingbox-camera-dev:amd64	8.2.2-1~noble
libgz-sensors8-camera:amd64	8.2.2-1~noble
libgz-sensors8-camera-dev:amd64	8.2.2-1~noble
libgz-sensors8-core-dev:amd64	8.2.2-1~noble
libgz-sensors8-depth-camera:amd64	8.2.2-1~noble
libgz-sensors8-depth-camera-dev:amd64	8.2.2-1~noble
libgz-sensors8-dev:amd64	8.2.2-1~noble
libgz-sensors8-dvl:amd64	8.2.2-1~noble
libgz-sensors8-dvl-dev:amd64	8.2.2-1~noble
libgz-sensors8-force-torque:amd64	8.2.2-1~noble
libgz-sensors8-force-torque-dev:amd64	8.2.2-1~noble
libgz-sensors8-gpu-lidar:amd64	8.2.2-1~noble
libgz-sensors8-gpu-lidar-dev:amd64	8.2.2-1~noble
libgz-sensors8-imu:amd64	8.2.2-1~noble
libgz-sensors8-imu-dev:amd64	8.2.2-1~noble
libgz-sensors8-lidar:amd64	8.2.2-1~noble
libgz-sensors8-lidar-dev:amd64	8.2.2-1~noble
libgz-sensors8-logical-camera:amd64	8.2.2-1~noble
libgz-sensors8-logical-camera-dev:amd64	8.2.2-1~noble
libgz-sensors8-magnetometer:amd64	8.2.2-1~noble
libgz-sensors8-magnetometer-dev:amd64	8.2.2-1~noble
libgz-sensors8-navsat:amd64	8.2.2-1~noble
libgz-sensors8-navsat-dev:amd64	8.2.2-1~noble
libgz-sensors8-rendering:amd64	8.2.2-1~noble
libgz-sensors8-rendering-dev:amd64	8.2.2-1~noble
libgz-sensors8-rgbd-camera:amd64	8.2.2-1~noble
libgz-sensors8-rgbd-camera-dev:amd64	8.2.2-1~noble
libgz-sensors8-segmentation-camera:amd64	8.2.2-1~noble
libgz-sensors8-segmentation-camera-dev:amd64	8.2.2-1~noble
libgz-sensors8-thermal-camera:amd64	8.2.2-1~noble
libgz-sensors8-thermal-camera-dev:amd64	8.2.2-1~noble
libgz-sensors8-wide-angle-camera:amd64	8.2.2-1~noble
libgz-sensors8-wide-angle-camera-dev:amd64	8.2.2-1~noble
libgz-sim8:amd64	8.15.0-1~noble
libgz-sim8-dev:amd64	8.15.0-1~noble
libgz-sim8-plugins:amd64	8.15.0-1~noble
libgz-tools2-dev:amd64	2.0.3-2~noble
libgz-transport13:amd64	13.5.0-1~noble
libgz-transport13-core-dev:amd64	13.5.0-1~noble
libgz-transport13-dev:amd64	13.5.0-1~noble
libgz-transport13-log:amd64	13.5.0-1~noble
libgz-transport13-log-dev:amd64	13.5.0-1~noble
libgz-transport13-parameters:amd64	13.5.0-1~noble
libgz-transport13-parameters-dev:amd64	13.5.0-1~noble
libgz-utils2:amd64	2.2.1-1~noble
libgz-utils2-cli-dev:amd64	2.2.1-1~noble
libgz-utils2-dev:amd64	2.2.1-1~noble
libharfbuzz0b:amd64	8.3.0-2build2
libhdf4-0-alt:amd64	4.2.16-4build1
libhdf4-alt-dev	4.2.16-4build1
libhdf5-103-1t64:amd64	1.10.10+repack-3.1ubuntu4
libhdf5-cpp-103-1t64:amd64	1.10.10+repack-3.1ubuntu4
libhdf5-dev	1.10.10+repack-3.1ubuntu4
libhdf5-fortran-102t64:amd64	1.10.10+repack-3.1ubuntu4
libhdf5-hl-100t64:amd64	1.10.10+repack-3.1ubuntu4
libhdf5-hl-cpp-100t64:amd64	1.10.10+repack-3.1ubuntu4
libhdf5-hl-fortran-100t64:amd64	1.10.10+repack-3.1ubuntu4
libheif-dev:amd64	1.17.6-1ubuntu4.6
libheif-plugin-aomdec:amd64	1.17.6-1ubuntu4.6
libheif1:amd64	1.17.6-1ubuntu4.6
libhogweed6t64:amd64	3.9.1-2.2build1.1
libhwasan0:amd64	14.2.0-4ubuntu2~24.04.1
libhwy1t64:amd64	1.0.7-8.1build1
libice6:amd64	2:1.0.10-1build3
libicu-dev:amd64	74.2-1ubuntu3.1
libicu74:amd64	74.2-1ubuntu3.1
libidn2-0:amd64	2.3.7-2build1.1
libiec61883-0:amd64	1.2.0-6build1
libimath-3-1-29t64:amd64	3.1.9-3.1ubuntu2
libinput-bin	1.25.0-1ubuntu3.6
libinput10:amd64	1.25.0-1ubuntu3.6
libitm1:amd64	14.2.0-4ubuntu2~24.04.1
libjack-jackd2-0:amd64	1.9.21~dfsg-3ubuntu3
libjbig-dev:amd64	2.1-6.1ubuntu2
libjbig0:amd64	2.1-6.1ubuntu2
libjpeg-dev:amd64	8c-2ubuntu11
libjpeg-turbo8:amd64	2.1.5-2ubuntu2
libjpeg-turbo8-dev:amd64	2.1.5-2ubuntu2
libjpeg8:amd64	8c-2ubuntu11
libjpeg8-dev:amd64	8c-2ubuntu11
libjson-c-dev:amd64	0.17-1build1
libjson-c5:amd64	0.17-1build1
libjsoncpp-dev:amd64	1.9.5-6build1
libjsoncpp25:amd64	1.9.5-6build1
libjxl0.7:amd64	0.7.0-10.2ubuntu6.1
libjxr0t64:amd64	1.2~git20170615.f752187-5.1ubuntu2
libk5crypto3:amd64	1.20.1-6ubuntu2.8
libkadm5clnt-mit12:amd64	1.20.1-6ubuntu2.8
libkadm5srv-mit12:amd64	1.20.1-6ubuntu2.8
libkdb5-10t64:amd64	1.20.1-6ubuntu2.8
libkeyutils1:amd64	1.6.3-3build1
libkml-dev:amd64	1.3.0-12build1
libkmlbase1t64:amd64	1.3.0-12build1
libkmlconvenience1t64:amd64	1.3.0-12build1
libkmldom1t64:amd64	1.3.0-12build1
libkmlengine1t64:amd64	1.3.0-12build1
libkmlregionator1t64:amd64	1.3.0-12build1
libkmlxsd1t64:amd64	1.3.0-12build1
libkrb5-3:amd64	1.20.1-6ubuntu2.8
libkrb5-dev:amd64	1.20.1-6ubuntu2.8
libkrb5support0:amd64	1.20.1-6ubuntu2.8
libksba8:amd64	1.6.6-1build1
liblapack-dev:amd64	3.12.0-3build1.1
liblapack3:amd64	3.12.0-3build1.1
liblcms2-2:amd64	2.14-2ubuntu0.1
libldap2:amd64	2.6.10+dfsg-0ubuntu0.24.04.1
liblerc-dev:amd64	4.0.0+ds-4ubuntu2
liblerc4:amd64	4.0.0+ds-4ubuntu2
liblilv-0-0:amd64	0.24.22-1build1
libllvm20:amd64	1:20.1.2-0ubuntu1~24.04.3
liblsan0:amd64	14.2.0-4ubuntu2~24.04.1
libltdl-dev:amd64	2.4.7-7build1
libltdl7:amd64	2.4.7-7build1
liblz4-1:amd64	1.9.4-1build1.1
liblz4-dev:amd64	1.9.4-1build1.1
liblzma-dev:amd64	5.6.1+really5.4.5-1ubuntu0.3
liblzma5:amd64	5.6.1+really5.4.5-1ubuntu0.3
libmbedcrypto7t64:amd64	2.28.8-1
libmd-dev:amd64	1.1.0-2build1.1
libmd0:amd64	1.1.0-2build1.1
libmd4c0:amd64	0.4.8-1build1
libminizip-dev:amd64	1:1.3.dfsg-3.1ubuntu2.1
libminizip1t64:amd64	1:1.3.dfsg-3.1ubuntu2.1
libmount-dev:amd64	2.39.3-9ubuntu6.5
libmount1:amd64	2.39.3-9ubuntu6.5
libmp3lame0:amd64	3.100-6build1
libmpg123-0t64:amd64	1.32.5-1ubuntu1.1
libmtdev1t64:amd64	1.1.6-1.1build1
libmysofa1:amd64	1.3.2+dfsg-2ubuntu2
libmysqlclient-dev	8.0.46-0ubuntu0.24.04.3
libmysqlclient21:amd64	8.0.46-0ubuntu0.24.04.3
libncurses6:amd64	6.4+20240113-1ubuntu2.1
libncursesw6:amd64	6.4+20240113-1ubuntu2.1
libnetcdf-dev	1:4.9.2-5ubuntu4
libnetcdf19t64:amd64	1:4.9.2-5ubuntu4
libnettle8t64:amd64	3.9.1-2.2build1.1
libnghttp2-14:amd64	1.59.0-1ubuntu0.4
libnorm-dev:amd64	1.5.9+dfsg-3.1build1
libnorm1t64:amd64	1.5.9+dfsg-3.1build1
libnpth0t64:amd64	1.6-3.1build1
libnspr4:amd64	2:4.35-1.1build1
libnss3:amd64	2:3.98-1ubuntu0.2
libnuma1:amd64	2.0.18-1ubuntu0.24.04.1
liboctomap1.9t64:amd64	1.9.7+dfsg-3.1build3
libodbc2:amd64	2.3.12-1ubuntu0.24.04.1
libodbccr2:amd64	2.3.12-1ubuntu0.24.04.1
libodbcinst2:amd64	2.3.12-1ubuntu0.24.04.1
libode8t64	2:0.16.2-1.1build1
libogdi-dev	4.1.1+ds-3build1
libogdi4.1:amd64	4.1.1+ds-3build1
libogg0:amd64	1.3.5-3build1
libogre-1.9-dev	1.9.0+dfsg1-14.1build2
libogre-1.9.0t64:amd64	1.9.0+dfsg1-14.1build2
libogre-next-2.3-dev	2.3.1-9osrf~noble
libogre-next-2.3.0:amd64	2.3.1-9osrf~noble
libopenal-data	1:1.23.1-4build1
libopenal1:amd64	1:1.23.1-4build1
libopenexr-3-1-30:amd64	3.1.5-5.1build3
libopengl-dev:amd64	1.7.0-1build1
libopengl0:amd64	1.7.0-1build1
libopenjp2-7:amd64	2.5.0-2ubuntu0.5
libopenjp2-7-dev:amd64	2.5.0-2ubuntu0.5
libopenmpt0t64:amd64	0.7.3-1.1build3
libopus0:amd64	1.4-1build1
libp11-kit0:amd64	0.25.3-4ubuntu2.1
libpam-modules:amd64	1.5.3-5ubuntu5.6
libpam-modules-bin	1.5.3-5ubuntu5.6
libpam-runtime	1.5.3-5ubuntu5.6
libpam0g:amd64	1.5.3-5ubuntu5.6
libpango-1.0-0:amd64	1.52.1+ds-1build1
libpangocairo-1.0-0:amd64	1.52.1+ds-1build1
libpangoft2-1.0-0:amd64	1.52.1+ds-1build1
libpciaccess0:amd64	0.17-3ubuntu0.24.04.2
libpcre2-16-0:amd64	10.42-4ubuntu2.1
libpcre2-32-0:amd64	10.42-4ubuntu2.1
libpcre2-8-0:amd64	10.42-4ubuntu2.1
libpcre2-dev:amd64	10.42-4ubuntu2.1
libpcre2-posix3:amd64	10.42-4ubuntu2.1
libperl5.38t64:amd64	5.38.2-3.2ubuntu0.3
libpgm-5.3-0t64:amd64	5.3.128~dfsg-2.1build1
libpgm-dev:amd64	5.3.128~dfsg-2.1build1
libpixman-1-0:amd64	0.42.2-1build1
libpkgconf3:amd64	1.8.1-2build1
libplacebo338:amd64	6.338.2-2build1
libpng-dev:amd64	1.6.43-5ubuntu0.6
libpng16-16t64:amd64	1.6.43-5ubuntu0.6
libpocketsphinx3:amd64	0.8.0+real5prealpha+1-15ubuntu5
libpoppler-dev:amd64	24.02.0-1ubuntu9.9
libpoppler-private-dev:amd64	24.02.0-1ubuntu9.9
libpoppler134:amd64	24.02.0-1ubuntu9.9
libpostproc-dev:amd64	7:6.1.1-3ubuntu5
libpostproc57:amd64	7:6.1.1-3ubuntu5
libpq-dev	16.14-0ubuntu0.24.04.1
libpq5:amd64	16.14-0ubuntu0.24.04.1
libproc2-0:amd64	2:4.0.4-4ubuntu3.2
libproj-dev:amd64	9.4.0-1build2
libproj25:amd64	9.4.0-1build2
libprotobuf-dev:amd64	3.21.12-8.2ubuntu0.3
libprotobuf-lite32t64:amd64	3.21.12-8.2ubuntu0.3
libprotobuf32t64:amd64	3.21.12-8.2ubuntu0.3
libprotoc-dev:amd64	3.21.12-8.2ubuntu0.3
libprotoc32t64:amd64	3.21.12-8.2ubuntu0.3
libpsl5t64:amd64	0.21.2-1.1build1
libpthread-stubs0-dev:amd64	0.4-1build3
libpugixml-dev:amd64	1.14-0.1build1
libpugixml1v5:amd64	1.14-0.1build1
libpulse0:amd64	1:16.1+dfsg1-2ubuntu10.1
libpython3-dev:amd64	3.12.3-0ubuntu2.1
libpython3-stdlib:amd64	3.12.3-0ubuntu2.1
libpython3.12-dev:amd64	3.12.3-1ubuntu0.15
libpython3.12-minimal:amd64	3.12.3-1ubuntu0.15
libpython3.12-stdlib:amd64	3.12.3-1ubuntu0.15
libpython3.12t64:amd64	3.12.3-1ubuntu0.15
libqhull-dev:amd64	2020.2-6build1
libqhull-r8.0:amd64	2020.2-6build1
libqhull8.0:amd64	2020.2-6build1
libqhullcpp8.0:amd64	2020.2-6build1
libqt5charts5:amd64	5.15.13-1
libqt5concurrent5t64:amd64	5.15.13+dfsg-1ubuntu1
libqt5core5t64:amd64	5.15.13+dfsg-1ubuntu1
libqt5dbus5t64:amd64	5.15.13+dfsg-1ubuntu1
libqt5gui5t64:amd64	5.15.13+dfsg-1ubuntu1
libqt5network5t64:amd64	5.15.13+dfsg-1ubuntu1
libqt5printsupport5t64:amd64	5.15.13+dfsg-1ubuntu1
libqt5qml5:amd64	5.15.13+dfsg-1ubuntu0.1
libqt5qmlmodels5:amd64	5.15.13+dfsg-1ubuntu0.1
libqt5qmlworkerscript5:amd64	5.15.13+dfsg-1ubuntu0.1
libqt5quick5:amd64	5.15.13+dfsg-1ubuntu0.1
libqt5quickcontrols2-5:amd64	5.15.13+dfsg-1
libqt5quickparticles5:amd64	5.15.13+dfsg-1ubuntu0.1
libqt5quickshapes5:amd64	5.15.13+dfsg-1ubuntu0.1
libqt5quicktemplates2-5:amd64	5.15.13+dfsg-1
libqt5quicktest5:amd64	5.15.13+dfsg-1ubuntu0.1
libqt5quickwidgets5:amd64	5.15.13+dfsg-1ubuntu0.1
libqt5sql5t64:amd64	5.15.13+dfsg-1ubuntu1
libqt5test5t64:amd64	5.15.13+dfsg-1ubuntu1
libqt5widgets5t64:amd64	5.15.13+dfsg-1ubuntu1
libqt5xml5t64:amd64	5.15.13+dfsg-1ubuntu1
libquadmath0:amd64	14.2.0-4ubuntu2~24.04.1
librabbitmq4:amd64	0.11.0-1ubuntu0.1
librav1e0:amd64	0.7.1-2
libraw1394-11:amd64	2.1.2-2build3
libraw23t64:amd64	0.21.2-2.1ubuntu0.24.04.2
libreadline8t64:amd64	8.2-4build1
librhash0:amd64	1.4.3-3build1
librist4:amd64	0.2.10+dfsg-2
librsvg2-2:amd64	2.58.0+dfsg-1build1
librtmp1:amd64	2.4+20151223.gitfa8646d.1-2build7
librttopo-dev:amd64	1.1.0-3build2
librttopo1:amd64	1.1.0-3build2
librubberband2:amd64	3.3.0+dfsg-2build1
libruby:amd64	1:3.2~ubuntu1
libruby3.2:amd64	3.2.3-1ubuntu0.24.04.8
libsamplerate0:amd64	0.2.2-4build1
libsasl2-2:amd64	2.1.28+dfsg1-5ubuntu3.1
libsasl2-modules-db:amd64	2.1.28+dfsg1-5ubuntu3.1
libsdformat14:amd64	14.9.0-1~noble
libsdformat14-dev:amd64	14.9.0-1~noble
libsdl2-2.0-0:amd64	2.30.0+dfsg-1ubuntu3.1
libseccomp2:amd64	2.5.5-1ubuntu3.1
libselinux1:amd64	3.5-2ubuntu2.1
libselinux1-dev:amd64	3.5-2ubuntu2.1
libsemanage-common	3.5-1build5
libsemanage2:amd64	3.5-1build5
libsensors-config	1:3.6.0-9build1
libsensors5:amd64	1:3.6.0-9build1
libsepol-dev:amd64	3.5-2build1
libsepol2:amd64	3.5-2build1
libserd-0-0:amd64	0.32.2-1
libsframe1:amd64	2.42-4ubuntu2.10
libsharpyuv-dev:amd64	1.3.2-0.4build3
libsharpyuv0:amd64	1.3.2-0.4build3
libshine3:amd64	3.1.1-2build1
libslang2:amd64	2.3.3-3build2
libsm6:amd64	2:1.2.3-1build3
libsmartcols1:amd64	2.39.3-9ubuntu6.5
libsnappy1v5:amd64	1.1.10-1build1
libsndfile1:amd64	1.2.2-1ubuntu5.24.04.1
libsndio7.0:amd64	1.9.0-0.3build3
libsodium-dev:amd64	1.0.18-1ubuntu0.24.04.1
libsodium23:amd64	1.0.18-1ubuntu0.24.04.1
libsord-0-0:amd64	0.16.16-2build1
libsoxr0:amd64	0.1.3-4build3
libspatialite-dev:amd64	5.1.0-3build1
libspatialite8t64:amd64	5.1.0-3build1
libspeex1:amd64	1.2.1-2ubuntu2.24.04.1
libsphinxbase3t64:amd64	0.8+5prealpha+1-17build2
libsqlite3-0:amd64	3.45.1-1ubuntu2.7
libsqlite3-dev:amd64	3.45.1-1ubuntu2.7
libsratom-0-0:amd64	0.6.16-1build1
libsrt1.5-gnutls:amd64	1.5.3-1build2
libss2:amd64	1.47.0-2.4~exp1ubuntu4.1
libssh-4:amd64	0.10.6-2ubuntu0.4
libssh-gcrypt-4:amd64	0.10.6-2ubuntu0.4
libssl-dev:amd64	3.0.13-0ubuntu3.12
libssl3t64:amd64	3.0.13-0ubuntu3.12
libstdc++-13-dev:amd64	13.3.0-6ubuntu2~24.04.1
libstdc++6:amd64	14.2.0-4ubuntu2~24.04.1
libsuperlu-dev:amd64	6.0.1+dfsg1-1build1
libsuperlu6:amd64	6.0.1+dfsg1-1build1
libsvtav1enc1d1:amd64	1.7.0+dfsg-2build1
libswresample-dev:amd64	7:6.1.1-3ubuntu5
libswresample4:amd64	7:6.1.1-3ubuntu5
libswscale-dev:amd64	7:6.1.1-3ubuntu5
libswscale7:amd64	7:6.1.1-3ubuntu5
libsystemd0:amd64	255.4-1ubuntu8.16
libsz2:amd64	1.1.2-1build1
libtasn1-6:amd64	4.19.0-3ubuntu0.24.04.2
libthai-data	0.1.29-2build1
libthai0:amd64	0.1.29-2build1
libtheora0:amd64	1.1.1+dfsg.1-16.1build3
libtiff-dev:amd64	4.5.1+git230720-4ubuntu2.5
libtiff6:amd64	4.5.1+git230720-4ubuntu2.5
libtiffxx6:amd64	4.5.1+git230720-4ubuntu2.5
libtinfo6:amd64	6.4+20240113-1ubuntu2.1
libtinyxml2-10:amd64	10.0.0+dfsg-2
libtinyxml2-dev:amd64	10.0.0+dfsg-2
libtirpc-common	1.3.4+ds-1.1build1
libtirpc-dev:amd64	1.3.4+ds-1.1build1
libtirpc3t64:amd64	1.3.4+ds-1.1build1
libtsan2:amd64	14.2.0-4ubuntu2~24.04.1
libtwolame0:amd64	0.4.0-2build3
libubsan1:amd64	14.2.0-4ubuntu2~24.04.1
libudev1:amd64	255.4-1ubuntu8.16
libudfread0:amd64	1.1.2-1build1
libunibreak5:amd64	5.1-2build1
libunistring5:amd64	1.1-2build1.1
liburiparser-dev	0.9.7+dfsg-2build1
liburiparser1:amd64	0.9.7+dfsg-2build1
libusb-1.0-0:amd64	2:1.0.27-1
libuuid1:amd64	2.39.3-9ubuntu6.5
libuv1-dev:amd64	1.48.0-1.1build1
libuv1t64:amd64	1.48.0-1.1build1
libva-drm2:amd64	2.20.0-2ubuntu0.2
libva-x11-2:amd64	2.20.0-2ubuntu0.2
libva2:amd64	2.20.0-2ubuntu0.2
libvdpau1:amd64	1.5-2build1
libvidstab1.1:amd64	1.1.0-2build1
libvorbis0a:amd64	1.3.7-1build3
libvorbisenc2:amd64	1.3.7-1build3
libvorbisfile3:amd64	1.3.7-1build3
libvpl2	2023.3.0-1build1
libvpx9:amd64	1.14.0-1ubuntu2.3
libvulkan-dev:amd64	1.3.275.0-1build1
libvulkan1:amd64	1.3.275.0-1build1
libwacom-common	2.10.0-2
libwacom9:amd64	2.10.0-2
libwayland-client0:amd64	1.22.0-2.1build1
libwayland-cursor0:amd64	1.22.0-2.1build1
libwayland-egl1:amd64	1.22.0-2.1build1
libwebp-dev:amd64	1.3.2-0.4build3
libwebp7:amd64	1.3.2-0.4build3
libwebpdecoder3:amd64	1.3.2-0.4build3
libwebpdemux2:amd64	1.3.2-0.4build3
libwebpmux3:amd64	1.3.2-0.4build3
libwebsockets-dev:amd64	4.3.3-1.1build3
libwebsockets-evlib-ev:amd64	4.3.3-1.1build3
libwebsockets-evlib-glib:amd64	4.3.3-1.1build3
libwebsockets-evlib-uv:amd64	4.3.3-1.1build3
libwebsockets19t64:amd64	4.3.3-1.1build3
libx11-6:amd64	2:1.8.7-1build1
libx11-data	2:1.8.7-1build1
libx11-dev:amd64	2:1.8.7-1build1
libx11-xcb1:amd64	2:1.8.7-1build1
libx264-164:amd64	2:0.164.3108+git31e19f9-1
libx265-199:amd64	3.5-2build1
libx265-dev:amd64	3.5-2build1
libxau-dev:amd64	1:1.0.9-1build6
libxau6:amd64	1:1.0.9-1build6
libxaw7:amd64	2:1.0.14-1build2
libxcb-dri3-0:amd64	1.15-1ubuntu2
libxcb-glx0:amd64	1.15-1ubuntu2
libxcb-icccm4:amd64	0.4.1-1.1build3
libxcb-image0:amd64	0.4.0-2build1
libxcb-keysyms1:amd64	0.4.0-1build4
libxcb-present0:amd64	1.15-1ubuntu2
libxcb-randr0:amd64	1.15-1ubuntu2
libxcb-render-util0:amd64	0.3.9-1build4
libxcb-render0:amd64	1.15-1ubuntu2
libxcb-shape0:amd64	1.15-1ubuntu2
libxcb-shm0:amd64	1.15-1ubuntu2
libxcb-sync1:amd64	1.15-1ubuntu2
libxcb-util1:amd64	0.4.0-1build3
libxcb-xfixes0:amd64	1.15-1ubuntu2
libxcb-xinerama0:amd64	1.15-1ubuntu2
libxcb-xinput0:amd64	1.15-1ubuntu2
libxcb-xkb1:amd64	1.15-1ubuntu2
libxcb1:amd64	1.15-1ubuntu2
libxcb1-dev:amd64	1.15-1ubuntu2
libxcursor1:amd64	1:1.2.1-1build1
libxdmcp-dev:amd64	1:1.1.3-0ubuntu6
libxdmcp6:amd64	1:1.1.3-0ubuntu6
libxerces-c-dev:amd64	3.2.4+debian-1.2ubuntu2
libxerces-c3.2t64:amd64	3.2.4+debian-1.2ubuntu2
libxext-dev:amd64	2:1.3.4-1build2
libxext6:amd64	2:1.3.4-1build2
libxfixes3:amd64	1:6.0.0-2build1
libxi6:amd64	2:1.8.1-1build1
libxkbcommon-x11-0:amd64	1.6.0-1build1
libxkbcommon0:amd64	1.6.0-1build1
libxml2:amd64	2.9.14+dfsg-1.3ubuntu3.8
libxml2-dev:amd64	2.9.14+dfsg-1.3ubuntu3.8
libxmu6:amd64	2:1.1.3-3build2
libxpm4:amd64	1:3.5.17-1ubuntu0.24.04.1
libxrandr2:amd64	2:1.5.2-2build1
libxrender1:amd64	1:0.9.10-1.1build1
libxshmfence1:amd64	1.3-1build5
libxss1:amd64	1:1.2.3-1build3
libxt6t64:amd64	1:1.2.1-1.2build1
libxv1:amd64	2:1.0.11-1.1build1
libxvidcore4:amd64	2:1.3.7-1build1
libxxf86vm1:amd64	1:1.1.4-1build4
libxxhash0:amd64	0.8.2-2build1
libyaml-0-2:amd64	0.2.5-1build1
libyaml-dev:amd64	0.2.5-1build1
libzimg2:amd64	3.0.5+ds1-1build1
libzip-dev:amd64	1.7.3-1.1ubuntu2
libzip4t64:amd64	1.7.3-1.1ubuntu2
libzix-0-0:amd64	0.4.2-2build1
libzmq3-dev:amd64	4.3.5-1build2
libzmq5:amd64	4.3.5-1build2
libzstd-dev:amd64	1.5.5+dfsg2-2build1.1
libzstd1:amd64	1.5.5+dfsg2-2build1.1
libzvbi-common	0.2.42-2
libzvbi0t64:amd64	0.2.42-2
libzzip-0-13t64:amd64	0.13.72+dfsg.1-1.2build1
linux-libc-dev:amd64	6.8.0-137.137
login	1:4.13+dfsg1-4ubuntu3.2
logsave	1.47.0-2.4~exp1ubuntu4.1
m4	1.4.19-4build1
mawk	1.3.4.20240123-1build1
media-types	10.1.0
mesa-libgallium:amd64	25.2.8-0ubuntu0.24.04.2
mount	2.39.3-9ubuntu6.5
mysql-common	5.8+1.1.0build1
ncurses-base	6.4+20240113-1ubuntu2.1
ncurses-bin	6.4+20240113-1ubuntu2.1
netbase	6.4
ocl-icd-libopencl1:amd64	2.3.2-1build1
openssl	3.0.13-0ubuntu3.12
passwd	1:4.13+dfsg1-4ubuntu3.2
perl	5.38.2-3.2ubuntu0.3
perl-base	5.38.2-3.2ubuntu0.3
perl-modules-5.38	5.38.2-3.2ubuntu0.3
pinentry-curses	1.2.1-3ubuntu5
pkgconf:amd64	1.8.1-2build1
pkgconf-bin	1.8.1-2build1
procps	2:4.0.4-4ubuntu3.2
proj-data	9.4.0-1build2
protobuf-compiler	3.21.12-8.2ubuntu0.3
pybind11-dev	2.11.1-2
python3	3.12.3-0ubuntu2.1
python3-gz-math7	7.6.0-1~noble
python3-gz-msgs10	10.4.0-1~noble
python3-gz-sim8	8.15.0-1~noble
python3-gz-transport13	13.5.0-1~noble
python3-minimal	3.12.3-0ubuntu2.1
python3-packaging	24.0-1
python3-protobuf	3.21.12-8.2ubuntu0.3
python3-pybind11	2.11.1-2
python3-sdformat14	14.9.0-1~noble
python3.12	3.12.3-1ubuntu0.15
python3.12-minimal	3.12.3-1ubuntu0.15
qml-module-qt-labs-folderlistmodel:amd64	5.15.13+dfsg-1ubuntu0.1
qml-module-qt-labs-platform:amd64	5.15.13+dfsg-1
qml-module-qt-labs-settings:amd64	5.15.13+dfsg-1ubuntu0.1
qml-module-qtcharts:amd64	5.15.13-1
qml-module-qtgraphicaleffects:amd64	5.15.13-1
qml-module-qtqml:amd64	5.15.13+dfsg-1ubuntu0.1
qml-module-qtqml-models2:amd64	5.15.13+dfsg-1ubuntu0.1
qml-module-qtquick-controls:amd64	5.15.13-1
qml-module-qtquick-controls2:amd64	5.15.13+dfsg-1
qml-module-qtquick-dialogs:amd64	5.15.13-1
qml-module-qtquick-layouts:amd64	5.15.13+dfsg-1ubuntu0.1
qml-module-qtquick-privatewidgets:amd64	5.15.13-1
qml-module-qtquick-templates2:amd64	5.15.13+dfsg-1
qml-module-qtquick-window2:amd64	5.15.13+dfsg-1ubuntu0.1
qml-module-qtquick2:amd64	5.15.13+dfsg-1ubuntu0.1
qt5-qmake:amd64	5.15.13+dfsg-1ubuntu1
qt5-qmake-bin	5.15.13+dfsg-1ubuntu1
qt5-qmltooling-plugins:amd64	5.15.13+dfsg-1ubuntu0.1
qtbase5-dev:amd64	5.15.13+dfsg-1ubuntu1
qtbase5-dev-tools	5.15.13+dfsg-1ubuntu1
qtchooser	66-2build2
qtdeclarative5-dev:amd64	5.15.13+dfsg-1ubuntu0.1
qtdeclarative5-dev-tools	5.15.13+dfsg-1ubuntu0.1
qtquickcontrols2-5-dev:amd64	5.15.13+dfsg-1
rake	13.0.6-3
readline-common	8.2-4build1
rpcsvc-proto	1.4.2-0ubuntu7
ruby	1:3.2~ubuntu1
ruby-net-telnet	0.2.0-1
ruby-rubygems	3.4.20-1
ruby-sdbm:amd64	1.0.0-5build4
ruby-webrick	1.8.1-1ubuntu0.2
ruby-xmlrpc	0.3.2-2
ruby3.2	3.2.3-1ubuntu0.24.04.8
rubygems-integration	1.18
sdformat14-sdf	14.9.0-1~noble
sed	4.9-2ubuntu0.24.04.1
sensible-utils	0.0.22
shared-mime-info	2.4-4
sysvinit-utils	3.08-6ubuntu3
tar	1.35+dfsg-3ubuntu0.4
tzdata	2026c-0ubuntu0.24.04.1
ubuntu-keyring	2023.11.28.1
unixodbc-common	2.3.12-1ubuntu0.24.04.1
unixodbc-dev:amd64	2.3.12-1ubuntu0.24.04.1
unminimize	0.2.1
util-linux	2.39.3-9ubuntu6.5
uuid-dev:amd64	2.39.3-9ubuntu6.5
x11-common	1:7.7+23ubuntu3
x11proto-dev	2023.2-1
xkb-data	2.41-2ubuntu1.1
xorg-sgml-doctools	1:1.11-1.1
xtrans-dev	1.4.0-1
zlib1g:amd64	1:1.3.dfsg-3.1ubuntu2.1
zlib1g-dev:amd64	1:1.3.dfsg-3.1ubuntu2.1
