#0 building with "desktop-linux" instance using docker driver

#1 [internal] load build definition from Dockerfile.vrx
#1 transferring dockerfile: 1.13kB done
#1 WARN: FromPlatformFlagConstDisallowed: FROM --platform flag should not use constant value "linux/amd64" (line 3)
#1 DONE 0.0s

#2 [internal] load metadata for ghcr.io/osrf/vrx-devel@sha256:6d018ab0c1cf0d6fe1f3bf266c9f1efac09cf9f6f40bc13ca437e5bbdaf7d1c4
#2 DONE 1.3s

#3 [internal] load .dockerignore
#3 transferring context: 2B done
#3 DONE 0.0s

#4 [1/3] FROM ghcr.io/osrf/vrx-devel@sha256:6d018ab0c1cf0d6fe1f3bf266c9f1efac09cf9f6f40bc13ca437e5bbdaf7d1c4
#4 resolve ghcr.io/osrf/vrx-devel@sha256:6d018ab0c1cf0d6fe1f3bf266c9f1efac09cf9f6f40bc13ca437e5bbdaf7d1c4 done
#4 DONE 0.2s

#5 [2/3] WORKDIR /opt/vrx_ws
#5 DONE 0.0s

#6 [3/3] RUN mkdir -p src/vrx     && git -C src/vrx init     && git -C src/vrx remote add origin https://github.com/osrf/vrx.git     && git -C src/vrx fetch --depth 1 origin "fda35961463c2ed8c44d6c646fe8ce773a3eaff1"     && git -C src/vrx checkout --detach FETCH_HEAD     && test "$(git -C src/vrx rev-parse HEAD)" = "fda35961463c2ed8c44d6c646fe8ce773a3eaff1"     && bash -lc 'source /opt/ros/jazzy/setup.bash && colcon build --merge-install'
#6 0.238 hint: Using 'master' as the name for the initial branch. This default branch name
#6 0.238 hint: is subject to change. To configure the initial branch name to use in all
#6 0.238 hint: of your new repositories, which will suppress this warning, call:
#6 0.238 hint: 
#6 0.238 hint: 	git config --global init.defaultBranch <name>
#6 0.238 hint: 
#6 0.238 hint: Names commonly chosen instead of 'master' are 'main', 'trunk' and
#6 0.238 hint: 'development'. The just-created branch can be renamed via this command:
#6 0.238 hint: 
#6 0.238 hint: 	git branch -m <name>
#6 0.248 Initialized empty Git repository in /opt/vrx_ws/src/vrx/.git/
#6 115.3 From https://github.com/osrf/vrx
#6 115.3  * branch            fda35961463c2ed8c44d6c646fe8ce773a3eaff1 -> FETCH_HEAD
#6 115.9 HEAD is now at fda3596 Update changelog
#6 117.6 Starting >>> vrx_gazebo
#6 117.6 Starting >>> vrx_ros
#6 125.2 Finished <<< vrx_gazebo [7.64s]
#6 125.2 Starting >>> wamv_description
#6 131.5 Finished <<< wamv_description [6.29s]
#6 131.5 Starting >>> wamv_gazebo
#6 136.6 Finished <<< wamv_gazebo [5.06s]
#6 141.4 Finished <<< vrx_ros [23.8s]
#6 141.4 Starting >>> vrx_gz
#6 190.4 [Processing: vrx_gz]
#6 190.4 Finished <<< vrx_gz [49.0s]
#6 190.5 
#6 190.5 Summary: 5 packages finished [1min 13s]
#6 DONE 190.7s

#7 exporting to image
#7 exporting layers
#7 exporting layers 13.0s done
#7 exporting manifest sha256:43cbf423ec0be59ef8d2ef9b4c5d50e9ba1503d0ca6e9012ae62e9c582d2fda2 done
#7 exporting config sha256:d1c89040e7ac5c109050105c3e76fd8463587200c1f8d7cc13eb7916bd1aeba4 done
#7 exporting attestation manifest sha256:34f7efc9af6e4ea491f289d986a5cf34c8ba63e3c0e56a89eca704dbc1568a99 0.0s done
#7 exporting manifest list sha256:28052fbd68ffd466f672588fb78b5f0c4f40e5d1f6a605ae8aa8fcd521babaff done
#7 naming to docker.io/library/icra27-vrx:v3.0.1 done
#7 DONE 13.1s

 [33m1 warning found (use docker --debug to expand):
[0m - FromPlatformFlagConstDisallowed: FROM --platform flag should not use constant value "linux/amd64" (line 3)
real 206.09
user 0.28
sys 0.35
