^D[1;33m[Wrn] [LocalCache.cc:104] [0m[1;33mServer directory does not exist [[0m[1;33m/root/.gz/fuel/fuel.gazebosim.org[0m[1;33m][0m
[1;32m[Msg] [0m[1;32mGazebo Sim Server v[0m[1;32m8.10.0[0m[1;32m[0m
[1;32m[Msg] [0m[1;32mLoading SDF world file[[0m[1;32m/opt/vrx_ws/install/share/vrx_gz/worlds/sydney_regatta.sdf[0m[1;32m].[0m
[1;32m[Msg] [0m[1;32mDownloading model [[0m[1;32mfuel.gazebosim.org/openrobotics/models/sydney_regatta[0m[1;32m][0m[1;32m[0m
[1;36m[Dbg] [FuelClient.cc:1968] [0m[1;36mDownloading from a referral link [[0m[1;36mhttps://gz-fuel-resources-production.s3.amazonaws.com/OpenRobotics/2831dbbf-67ed-4211-9e97-f549a5f4befa/.zips/3.zip?X-Amz-Algorithm=AWS4-HMAC-SHA256&X-Amz-Credential=AKIAS5OHIRKDBY6VUUFF%2F20260817%2Fus-east-1%2Fs3%2Faws4_request&X-Amz-Date=20260817T055806Z&X-Amz-Expires=3600&X-Amz-SignedHeaders=host&X-Amz-Signature=c3bdaef7a7c95eb3c35834dac9c22638baad75a441ea2e504537880c16bb6b3a[0m[1;36m][0m
[1;36m[Dbg] [SignalHandler.cc:142] [0m[1;36mReceived signal[[0m[1;36m2[0m[1;36m].[0m
[1;36m[Dbg] [ServerPrivate.cc:122] [0m[1;36mServer received signal[[0m[1;36m2[0m[1;36m][0m
[1;36m[Dbg] [Zip.cc:180] [0m[1;36mCreated file [[0m[1;36m/root/.gz/fuel/fuel.gazebosim.org/openrobotics/models/sydney_regatta/3/materials/textures/Dock.png[0m[1;36m][0m[1;36m[0m
[1;36m[Dbg] [Zip.cc:180] [0m[1;36mCreated file [[0m[1;36m/root/.gz/fuel/fuel.gazebosim.org/openrobotics/models/sydney_regatta/3/materials/textures/DockDark.png[0m[1;36m][0m[1;36m[0m
[1;36m[Dbg] [Zip.cc:180] [0m[1;36mCreated file [[0m[1;36m/root/.gz/fuel/fuel.gazebosim.org/openrobotics/models/sydney_regatta/3/materials/textures/MetalGalvanized.png[0m[1;36m][0m[1;36m[0m
[1;36m[Dbg] [Zip.cc:180] [0m[1;36mCreated file [[0m[1;36m/root/.gz/fuel/fuel.gazebosim.org/openrobotics/models/sydney_regatta/3/materials/textures/RoofCorrugated.png[0m[1;36m][0m[1;36m[0m
[1;36m[Dbg] [Zip.cc:180] [0m[1;36mCreated file [[0m[1;36m/root/.gz/fuel/fuel.gazebosim.org/openrobotics/models/sydney_regatta/3/materials/textures/Terrain.png[0m[1;36m][0m[1;36m[0m
[1;36m[Dbg] [Zip.cc:180] [0m[1;36mCreated file [[0m[1;36m/root/.gz/fuel/fuel.gazebosim.org/openrobotics/models/sydney_regatta/3/materials/textures/TreeDiffuse.png[0m[1;36m][0m[1;36m[0m
[1;36m[Dbg] [Zip.cc:180] [0m[1;36mCreated file [[0m[1;36m/root/.gz/fuel/fuel.gazebosim.org/openrobotics/models/sydney_regatta/3/materials/textures/Wall_05.png[0m[1;36m][0m[1;36m[0m
[1;36m[Dbg] [Zip.cc:180] [0m[1;36mCreated file [[0m[1;36m/root/.gz/fuel/fuel.gazebosim.org/openrobotics/models/sydney_regatta/3/materials/textures/Windows_Dark.png[0m[1;36m][0m[1;36m[0m
[1;36m[Dbg] [Zip.cc:180] [0m[1;36mCreated file [[0m[1;36m/root/.gz/fuel/fuel.gazebosim.org/openrobotics/models/sydney_regatta/3/meshes/sydney_regatta.dae[0m[1;36m][0m[1;36m[0m
[1;36m[Dbg] [Zip.cc:180] [0m[1;36mCreated file [[0m[1;36m/root/.gz/fuel/fuel.gazebosim.org/openrobotics/models/sydney_regatta/3/meshes/sydney_regatta_shore.dae[0m[1;36m][0m[1;36m[0m
[1;36m[Dbg] [Zip.cc:180] [0m[1;36mCreated file [[0m[1;36m/root/.gz/fuel/fuel.gazebosim.org/openrobotics/models/sydney_regatta/3/model.config[0m[1;36m][0m[1;36m[0m
[1;36m[Dbg] [Zip.cc:180] [0m[1;36mCreated file [[0m[1;36m/root/.gz/fuel/fuel.gazebosim.org/openrobotics/models/sydney_regatta/3/model.sdf[0m[1;36m][0m[1;36m[0m
[1;36m[Dbg] [Zip.cc:180] [0m[1;36mCreated file [[0m[1;36m/root/.gz/fuel/fuel.gazebosim.org/openrobotics/models/sydney_regatta/3/thumbnails/1.png[0m[1;36m][0m[1;36m[0m
[1;36m[Dbg] [Zip.cc:180] [0m[1;36mCreated file [[0m[1;36m/root/.gz/fuel/fuel.gazebosim.org/openrobotics/models/sydney_regatta/3/thumbnails/2.png[0m[1;36m][0m[1;36m[0m
[1;36m[Dbg] [Zip.cc:180] [0m[1;36mCreated file [[0m[1;36m/root/.gz/fuel/fuel.gazebosim.org/openrobotics/models/sydney_regatta/3/thumbnails/3.png[0m[1;36m][0m[1;36m[0m
[1;36m[Dbg] [Zip.cc:180] [0m[1;36mCreated file [[0m[1;36m/root/.gz/fuel/fuel.gazebosim.org/openrobotics/models/sydney_regatta/3/thumbnails/4.png[0m[1;36m][0m[1;36m[0m
[1;36m[Dbg] [Zip.cc:180] [0m[1;36mCreated file [[0m[1;36m/root/.gz/fuel/fuel.gazebosim.org/openrobotics/models/sydney_regatta/3/thumbnails/5.png[0m[1;36m][0m[1;36m[0m
[1;32m[Msg] [0m[1;32mDownloading model [[0m[1;32mfuel.gazebosim.org/openrobotics/models/mb_marker_buoy_red[0m[1;32m][0m[1;32m[0m
[1;36m[Dbg] [FuelClient.cc:1968] [0m[1;36mDownloading from a referral link [[0m[1;36mhttps://gz-fuel-resources-production.s3.amazonaws.com/OpenRobotics/7186b70e-1c62-4597-b85e-6079d8d5b7a2/.zips/5.zip?X-Amz-Algorithm=AWS4-HMAC-SHA256&X-Amz-Credential=AKIAS5OHIRKDBY6VUUFF%2F20260817%2Fus-east-1%2Fs3%2Faws4_request&X-Amz-Date=20260817T060159Z&X-Amz-Expires=3600&X-Amz-SignedHeaders=host&X-Amz-Signature=7ee24695e4a89a291311ce93742dab2b488d7cca74b3d25c6ef6d79714c44384[0m[1;36m][0m
[1;36m[Dbg] [Zip.cc:180] [0m[1;36mCreated file [[0m[1;36m/root/.gz/fuel/fuel.gazebosim.org/openrobotics/models/mb_marker_buoy_red/5/materials/textures/MarkerBuoy_Base_Color.png[0m[1;36m][0m[1;36m[0m
[1;36m[Dbg] [Zip.cc:180] [0m[1;36mCreated file [[0m[1;36m/root/.gz/fuel/fuel.gazebosim.org/openrobotics/models/mb_marker_buoy_red/5/materials/textures/MarkerBuoy_Roughness.png[0m[1;36m][0m[1;36m[0m
[1;36m[Dbg] [Zip.cc:180] [0m[1;36mCreated file [[0m[1;36m/root/.gz/fuel/fuel.gazebosim.org/openrobotics/models/mb_marker_buoy_red/5/meshes/mb_marker_buoy.dae[0m[1;36m][0m[1;36m[0m
[1;36m[Dbg] [Zip.cc:180] [0m[1;36mCreated file [[0m[1;36m/root/.gz/fuel/fuel.gazebosim.org/openrobotics/models/mb_marker_buoy_red/5/model.config[0m[1;36m][0m[1;36m[0m
[1;36m[Dbg] [Zip.cc:180] [0m[1;36mCreated file [[0m[1;36m/root/.gz/fuel/fuel.gazebosim.org/openrobotics/models/mb_marker_buoy_red/5/model.sdf[0m[1;36m][0m[1;36m[0m
[1;36m[Dbg] [Zip.cc:180] [0m[1;36mCreated file [[0m[1;36m/root/.gz/fuel/fuel.gazebosim.org/openrobotics/models/mb_marker_buoy_red/5/thumbnails/1.png[0m[1;36m][0m[1;36m[0m
[1;36m[Dbg] [Zip.cc:180] [0m[1;36mCreated file [[0m[1;36m/root/.gz/fuel/fuel.gazebosim.org/openrobotics/models/mb_marker_buoy_red/5/thumbnails/2.png[0m[1;36m][0m[1;36m[0m
[1;36m[Dbg] [Zip.cc:180] [0m[1;36mCreated file [[0m[1;36m/root/.gz/fuel/fuel.gazebosim.org/openrobotics/models/mb_marker_buoy_red/5/thumbnails/3.png[0m[1;36m][0m[1;36m[0m
[1;36m[Dbg] [Zip.cc:180] [0m[1;36mCreated file [[0m[1;36m/root/.gz/fuel/fuel.gazebosim.org/openrobotics/models/mb_marker_buoy_red/5/thumbnails/4.png[0m[1;36m][0m[1;36m[0m
[1;36m[Dbg] [Zip.cc:180] [0m[1;36mCreated file [[0m[1;36m/root/.gz/fuel/fuel.gazebosim.org/openrobotics/models/mb_marker_buoy_red/5/thumbnails/5.png[0m[1;36m][0m[1;36m[0m
[1;32m[Msg] [0m[1;32mDownloading model [[0m[1;32mfuel.gazebosim.org/openrobotics/models/mb_marker_buoy_black[0m[1;32m][0m[1;32m[0m
[1;36m[Dbg] [FuelClient.cc:1968] [0m[1;36mDownloading from a referral link [[0m[1;36mhttps://gz-fuel-resources-production.s3.amazonaws.com/OpenRobotics/ee3b70d9-fb51-4d1a-9ab6-e865d3ae529d/.zips/7.zip?X-Amz-Algorithm=AWS4-HMAC-SHA256&X-Amz-Credential=AKIAS5OHIRKDBY6VUUFF%2F20260817%2Fus-east-1%2Fs3%2Faws4_request&X-Amz-Date=20260817T060201Z&X-Amz-Expires=3600&X-Amz-SignedHeaders=host&X-Amz-Signature=813c64bbb19c305c2eec14d5dabd753f09866cee9dc68b6d32e14725f5885352[0m[1;36m][0m
[1;36m[Dbg] [Zip.cc:180] [0m[1;36mCreated file [[0m[1;36m/root/.gz/fuel/fuel.gazebosim.org/openrobotics/models/mb_marker_buoy_black/7/model.config[0m[1;36m][0m[1;36m[0m
[1;36m[Dbg] [Zip.cc:180] [0m[1;36mCreated file [[0m[1;36m/root/.gz/fuel/fuel.gazebosim.org/openrobotics/models/mb_marker_buoy_black/7/model.sdf[0m[1;36m][0m[1;36m[0m
[1;36m[Dbg] [Zip.cc:180] [0m[1;36mCreated file [[0m[1;36m/root/.gz/fuel/fuel.gazebosim.org/openrobotics/models/mb_marker_buoy_black/7/thumbnails/1.png[0m[1;36m][0m[1;36m[0m
[1;36m[Dbg] [Zip.cc:180] [0m[1;36mCreated file [[0m[1;36m/root/.gz/fuel/fuel.gazebosim.org/openrobotics/models/mb_marker_buoy_black/7/thumbnails/2.png[0m[1;36m][0m[1;36m[0m
[1;36m[Dbg] [Zip.cc:180] [0m[1;36mCreated file [[0m[1;36m/root/.gz/fuel/fuel.gazebosim.org/openrobotics/models/mb_marker_buoy_black/7/thumbnails/3.png[0m[1;36m][0m[1;36m[0m
[1;36m[Dbg] [Zip.cc:180] [0m[1;36mCreated file [[0m[1;36m/root/.gz/fuel/fuel.gazebosim.org/openrobotics/models/mb_marker_buoy_black/7/thumbnails/4.png[0m[1;36m][0m[1;36m[0m
[1;36m[Dbg] [Zip.cc:180] [0m[1;36mCreated file [[0m[1;36m/root/.gz/fuel/fuel.gazebosim.org/openrobotics/models/mb_marker_buoy_black/7/thumbnails/5.png[0m[1;36m][0m[1;36m[0m
[1;32m[Msg] [0m[1;32mDownloading model [[0m[1;32mfuel.gazebosim.org/openrobotics/models/mb_marker_buoy_green[0m[1;32m][0m[1;32m[0m
[1;36m[Dbg] [FuelClient.cc:1968] [0m[1;36mDownloading from a referral link [[0m[1;36mhttps://gz-fuel-resources-production.s3.amazonaws.com/OpenRobotics/f2e9dde0-66e0-489a-aa0a-353a2ec2a5ea/.zips/4.zip?X-Amz-Algorithm=AWS4-HMAC-SHA256&X-Amz-Credential=AKIAS5OHIRKDBY6VUUFF%2F20260817%2Fus-east-1%2Fs3%2Faws4_request&X-Amz-Date=20260817T060202Z&X-Amz-Expires=3600&X-Amz-SignedHeaders=host&X-Amz-Signature=85b89c3a6f2447b58c31fe0ff410d1c9169d292f3eeeb03672aab959a07c7ab2[0m[1;36m][0m
[1;36m[Dbg] [Zip.cc:180] [0m[1;36mCreated file [[0m[1;36m/root/.gz/fuel/fuel.gazebosim.org/openrobotics/models/mb_marker_buoy_green/4/model.config[0m[1;36m][0m[1;36m[0m
[1;36m[Dbg] [Zip.cc:180] [0m[1;36mCreated file [[0m[1;36m/root/.gz/fuel/fuel.gazebosim.org/openrobotics/models/mb_marker_buoy_green/4/model.sdf[0m[1;36m][0m[1;36m[0m
[1;36m[Dbg] [Zip.cc:180] [0m[1;36mCreated file [[0m[1;36m/root/.gz/fuel/fuel.gazebosim.org/openrobotics/models/mb_marker_buoy_green/4/thumbnails/1.png[0m[1;36m][0m[1;36m[0m
[1;36m[Dbg] [Zip.cc:180] [0m[1;36mCreated file [[0m[1;36m/root/.gz/fuel/fuel.gazebosim.org/openrobotics/models/mb_marker_buoy_green/4/thumbnails/2.png[0m[1;36m][0m[1;36m[0m
[1;36m[Dbg] [Zip.cc:180] [0m[1;36mCreated file [[0m[1;36m/root/.gz/fuel/fuel.gazebosim.org/openrobotics/models/mb_marker_buoy_green/4/thumbnails/3.png[0m[1;36m][0m[1;36m[0m
[1;36m[Dbg] [Zip.cc:180] [0m[1;36mCreated file [[0m[1;36m/root/.gz/fuel/fuel.gazebosim.org/openrobotics/models/mb_marker_buoy_green/4/thumbnails/4.png[0m[1;36m][0m[1;36m[0m
[1;36m[Dbg] [Zip.cc:180] [0m[1;36mCreated file [[0m[1;36m/root/.gz/fuel/fuel.gazebosim.org/openrobotics/models/mb_marker_buoy_green/4/thumbnails/5.png[0m[1;36m][0m[1;36m[0m
[1;32m[Msg] [0m[1;32mDownloading model [[0m[1;32mfuel.gazebosim.org/openrobotics/models/mb_marker_buoy_white[0m[1;32m][0m[1;32m[0m
[1;36m[Dbg] [FuelClient.cc:1968] [0m[1;36mDownloading from a referral link [[0m[1;36mhttps://gz-fuel-resources-production.s3.amazonaws.com/OpenRobotics/1cbcdd88-d5eb-4979-9baf-f1cd525f8411/.zips/4.zip?X-Amz-Algorithm=AWS4-HMAC-SHA256&X-Amz-Credential=AKIAS5OHIRKDBY6VUUFF%2F20260817%2Fus-east-1%2Fs3%2Faws4_request&X-Amz-Date=20260817T060203Z&X-Amz-Expires=3600&X-Amz-SignedHeaders=host&X-Amz-Signature=e74f3c218ddbf5ff8b07abc0d9ed3ad48f771a0dbbadc6b8168fa8ca23fe8bad[0m[1;36m][0m
[1;36m[Dbg] [Zip.cc:180] [0m[1;36mCreated file [[0m[1;36m/root/.gz/fuel/fuel.gazebosim.org/openrobotics/models/mb_marker_buoy_white/4/model.config[0m[1;36m][0m[1;36m[0m
[1;36m[Dbg] [Zip.cc:180] [0m[1;36mCreated file [[0m[1;36m/root/.gz/fuel/fuel.gazebosim.org/openrobotics/models/mb_marker_buoy_white/4/model.sdf[0m[1;36m][0m[1;36m[0m
[1;36m[Dbg] [Zip.cc:180] [0m[1;36mCreated file [[0m[1;36m/root/.gz/fuel/fuel.gazebosim.org/openrobotics/models/mb_marker_buoy_white/4/thumbnails/1.png[0m[1;36m][0m[1;36m[0m
[1;36m[Dbg] [Zip.cc:180] [0m[1;36mCreated file [[0m[1;36m/root/.gz/fuel/fuel.gazebosim.org/openrobotics/models/mb_marker_buoy_white/4/thumbnails/2.png[0m[1;36m][0m[1;36m[0m
[1;36m[Dbg] [Zip.cc:180] [0m[1;36mCreated file [[0m[1;36m/root/.gz/fuel/fuel.gazebosim.org/openrobotics/models/mb_marker_buoy_white/4/thumbnails/3.png[0m[1;36m][0m[1;36m[0m
[1;36m[Dbg] [Zip.cc:180] [0m[1;36mCreated file [[0m[1;36m/root/.gz/fuel/fuel.gazebosim.org/openrobotics/models/mb_marker_buoy_white/4/thumbnails/4.png[0m[1;36m][0m[1;36m[0m
[1;36m[Dbg] [Zip.cc:180] [0m[1;36mCreated file [[0m[1;36m/root/.gz/fuel/fuel.gazebosim.org/openrobotics/models/mb_marker_buoy_white/4/thumbnails/5.png[0m[1;36m][0m[1;36m[0m
[1;32m[Msg] [0m[1;32mDownloading model [[0m[1;32mfuel.gazebosim.org/openrobotics/models/mb_round_buoy_orange[0m[1;32m][0m[1;32m[0m
[1;36m[Dbg] [FuelClient.cc:1968] [0m[1;36mDownloading from a referral link [[0m[1;36mhttps://gz-fuel-resources-production.s3.amazonaws.com/OpenRobotics/a5730194-6137-41c4-83ca-8ce89690d32f/.zips/5.zip?X-Amz-Algorithm=AWS4-HMAC-SHA256&X-Amz-Credential=AKIAS5OHIRKDBY6VUUFF%2F20260817%2Fus-east-1%2Fs3%2Faws4_request&X-Amz-Date=20260817T060204Z&X-Amz-Expires=3600&X-Amz-SignedHeaders=host&X-Amz-Signature=5c83ac2c3602bd48037a7fb3a784814b266330f28a02cad2c6717649342e512e[0m[1;36m][0m
[1;36m[Dbg] [Zip.cc:180] [0m[1;36mCreated file [[0m[1;36m/root/.gz/fuel/fuel.gazebosim.org/openrobotics/models/mb_round_buoy_orange/5/materials/textures/RoundBarrierBuoy_Base_Color.png[0m[1;36m][0m[1;36m[0m
[1;36m[Dbg] [Zip.cc:180] [0m[1;36mCreated file [[0m[1;36m/root/.gz/fuel/fuel.gazebosim.org/openrobotics/models/mb_round_buoy_orange/5/materials/textures/RoundBarrierBuoy_Roughness.png[0m[1;36m][0m[1;36m[0m
[1;36m[Dbg] [Zip.cc:180] [0m[1;36mCreated file [[0m[1;36m/root/.gz/fuel/fuel.gazebosim.org/openrobotics/models/mb_round_buoy_orange/5/meshes/mb_round_buoy.dae[0m[1;36m][0m[1;36m[0m
[1;36m[Dbg] [Zip.cc:180] [0m[1;36mCreated file [[0m[1;36m/root/.gz/fuel/fuel.gazebosim.org/openrobotics/models/mb_round_buoy_orange/5/model.config[0m[1;36m][0m[1;36m[0m
[1;36m[Dbg] [Zip.cc:180] [0m[1;36mCreated file [[0m[1;36m/root/.gz/fuel/fuel.gazebosim.org/openrobotics/models/mb_round_buoy_orange/5/model.sdf[0m[1;36m][0m[1;36m[0m
[1;36m[Dbg] [Zip.cc:180] [0m[1;36mCreated file [[0m[1;36m/root/.gz/fuel/fuel.gazebosim.org/openrobotics/models/mb_round_buoy_orange/5/thumbnails/1.png[0m[1;36m][0m[1;36m[0m
[1;36m[Dbg] [Zip.cc:180] [0m[1;36mCreated file [[0m[1;36m/root/.gz/fuel/fuel.gazebosim.org/openrobotics/models/mb_round_buoy_orange/5/thumbnails/2.png[0m[1;36m][0m[1;36m[0m
[1;36m[Dbg] [Zip.cc:180] [0m[1;36mCreated file [[0m[1;36m/root/.gz/fuel/fuel.gazebosim.org/openrobotics/models/mb_round_buoy_orange/5/thumbnails/3.png[0m[1;36m][0m[1;36m[0m
[1;36m[Dbg] [Zip.cc:180] [0m[1;36mCreated file [[0m[1;36m/root/.gz/fuel/fuel.gazebosim.org/openrobotics/models/mb_round_buoy_orange/5/thumbnails/4.png[0m[1;36m][0m[1;36m[0m
[1;36m[Dbg] [Zip.cc:180] [0m[1;36mCreated file [[0m[1;36m/root/.gz/fuel/fuel.gazebosim.org/openrobotics/models/mb_round_buoy_orange/5/thumbnails/5.png[0m[1;36m][0m[1;36m[0m
[1;32m[Msg] [0m[1;32mDownloading model [[0m[1;32mfuel.gazebosim.org/openrobotics/models/mb_round_buoy_black[0m[1;32m][0m[1;32m[0m
[1;36m[Dbg] [FuelClient.cc:1968] [0m[1;36mDownloading from a referral link [[0m[1;36mhttps://gz-fuel-resources-production.s3.amazonaws.com/OpenRobotics/4bc225f6-ea14-4c71-af96-9608e350d0b4/.zips/4.zip?X-Amz-Algorithm=AWS4-HMAC-SHA256&X-Amz-Credential=AKIAS5OHIRKDBY6VUUFF%2F20260817%2Fus-east-1%2Fs3%2Faws4_request&X-Amz-Date=20260817T060206Z&X-Amz-Expires=3600&X-Amz-SignedHeaders=host&X-Amz-Signature=01e3103cb4ff97e686fb5785b6e40f2992140d416942115f244e3343c5f86a75[0m[1;36m][0m
[1;36m[Dbg] [Zip.cc:180] [0m[1;36mCreated file [[0m[1;36m/root/.gz/fuel/fuel.gazebosim.org/openrobotics/models/mb_round_buoy_black/4/model.config[0m[1;36m][0m[1;36m[0m
[1;36m[Dbg] [Zip.cc:180] [0m[1;36mCreated file [[0m[1;36m/root/.gz/fuel/fuel.gazebosim.org/openrobotics/models/mb_round_buoy_black/4/model.sdf[0m[1;36m][0m[1;36m[0m
[1;36m[Dbg] [Zip.cc:180] [0m[1;36mCreated file [[0m[1;36m/root/.gz/fuel/fuel.gazebosim.org/openrobotics/models/mb_round_buoy_black/4/thumbnails/1.png[0m[1;36m][0m[1;36m[0m
[1;36m[Dbg] [Zip.cc:180] [0m[1;36mCreated file [[0m[1;36m/root/.gz/fuel/fuel.gazebosim.org/openrobotics/models/mb_round_buoy_black/4/thumbnails/2.png[0m[1;36m][0m[1;36m[0m
[1;36m[Dbg] [Zip.cc:180] [0m[1;36mCreated file [[0m[1;36m/root/.gz/fuel/fuel.gazebosim.org/openrobotics/models/mb_round_buoy_black/4/thumbnails/3.png[0m[1;36m][0m[1;36m[0m
[1;36m[Dbg] [Zip.cc:180] [0m[1;36mCreated file [[0m[1;36m/root/.gz/fuel/fuel.gazebosim.org/openrobotics/models/mb_round_buoy_black/4/thumbnails/4.png[0m[1;36m][0m[1;36m[0m
[1;36m[Dbg] [Zip.cc:180] [0m[1;36mCreated file [[0m[1;36m/root/.gz/fuel/fuel.gazebosim.org/openrobotics/models/mb_round_buoy_black/4/thumbnails/5.png[0m[1;36m][0m[1;36m[0m
[1;32m[Msg] [0m[1;32mDownloading model [[0m[1;32mfuel.gazebosim.org/openrobotics/models/post[0m[1;32m][0m[1;32m[0m
[1;36m[Dbg] [FuelClient.cc:1968] [0m[1;36mDownloading from a referral link [[0m[1;36mhttps://gz-fuel-resources-production.s3.amazonaws.com/OpenRobotics/a63fe814-ea73-464a-82d4-50804e3d7f2b/.zips/4.zip?X-Amz-Algorithm=AWS4-HMAC-SHA256&X-Amz-Credential=AKIAS5OHIRKDBY6VUUFF%2F20260817%2Fus-east-1%2Fs3%2Faws4_request&X-Amz-Date=20260817T060207Z&X-Amz-Expires=3600&X-Amz-SignedHeaders=host&X-Amz-Signature=c876b216d236770abab4d0ce59b55e9a9052a82b75bd8b840d35e692e5479786[0m[1;36m][0m
[1;36m[Dbg] [Zip.cc:180] [0m[1;36mCreated file [[0m[1;36m/root/.gz/fuel/fuel.gazebosim.org/openrobotics/models/post/4/materials/textures/post.png[0m[1;36m][0m[1;36m[0m
[1;36m[Dbg] [Zip.cc:180] [0m[1;36mCreated file [[0m[1;36m/root/.gz/fuel/fuel.gazebosim.org/openrobotics/models/post/4/meshes/post.dae[0m[1;36m][0m[1;36m[0m
[1;36m[Dbg] [Zip.cc:180] [0m[1;36mCreated file [[0m[1;36m/root/.gz/fuel/fuel.gazebosim.org/openrobotics/models/post/4/model.config[0m[1;36m][0m[1;36m[0m
[1;36m[Dbg] [Zip.cc:180] [0m[1;36mCreated file [[0m[1;36m/root/.gz/fuel/fuel.gazebosim.org/openrobotics/models/post/4/model.sdf[0m[1;36m][0m[1;36m[0m
[1;36m[Dbg] [Zip.cc:180] [0m[1;36mCreated file [[0m[1;36m/root/.gz/fuel/fuel.gazebosim.org/openrobotics/models/post/4/thumbnails/1.png[0m[1;36m][0m[1;36m[0m
[1;36m[Dbg] [Zip.cc:180] [0m[1;36mCreated file [[0m[1;36m/root/.gz/fuel/fuel.gazebosim.org/openrobotics/models/post/4/thumbnails/2.png[0m[1;36m][0m[1;36m[0m
[1;36m[Dbg] [Zip.cc:180] [0m[1;36mCreated file [[0m[1;36m/root/.gz/fuel/fuel.gazebosim.org/openrobotics/models/post/4/thumbnails/3.png[0m[1;36m][0m[1;36m[0m
[1;36m[Dbg] [Zip.cc:180] [0m[1;36mCreated file [[0m[1;36m/root/.gz/fuel/fuel.gazebosim.org/openrobotics/models/post/4/thumbnails/4.png[0m[1;36m][0m[1;36m[0m
[1;36m[Dbg] [Zip.cc:180] [0m[1;36mCreated file [[0m[1;36m/root/.gz/fuel/fuel.gazebosim.org/openrobotics/models/post/4/thumbnails/5.png[0m[1;36m][0m[1;36m[0m
[1;32m[Msg] [0m[1;32mDownloading model [[0m[1;32mfuel.gazebosim.org/openrobotics/models/antenna[0m[1;32m][0m[1;32m[0m
[1;36m[Dbg] [FuelClient.cc:1968] [0m[1;36mDownloading from a referral link [[0m[1;36mhttps://gz-fuel-resources-production.s3.amazonaws.com/OpenRobotics/732c4103-4e0f-4c2c-bd2c-b4285886132a/.zips/5.zip?X-Amz-Algorithm=AWS4-HMAC-SHA256&X-Amz-Credential=AKIAS5OHIRKDBY6VUUFF%2F20260817%2Fus-east-1%2Fs3%2Faws4_request&X-Amz-Date=20260817T060209Z&X-Amz-Expires=3600&X-Amz-SignedHeaders=host&X-Amz-Signature=f8e1fdabbed131ef3e4387783e5857aa1b3b6f8e0890e855993ff8f18c6a2cca[0m[1;36m][0m
[1;36m[Dbg] [Zip.cc:180] [0m[1;36mCreated file [[0m[1;36m/root/.gz/fuel/fuel.gazebosim.org/openrobotics/models/antenna/5/meshes/antenna.dae[0m[1;36m][0m[1;36m[0m
[1;36m[Dbg] [Zip.cc:180] [0m[1;36mCreated file [[0m[1;36m/root/.gz/fuel/fuel.gazebosim.org/openrobotics/models/antenna/5/meshes/antenna.png[0m[1;36m][0m[1;36m[0m
[1;36m[Dbg] [Zip.cc:180] [0m[1;36mCreated file [[0m[1;36m/root/.gz/fuel/fuel.gazebosim.org/openrobotics/models/antenna/5/model.config[0m[1;36m][0m[1;36m[0m
[1;36m[Dbg] [Zip.cc:180] [0m[1;36mCreated file [[0m[1;36m/root/.gz/fuel/fuel.gazebosim.org/openrobotics/models/antenna/5/model.sdf[0m[1;36m][0m[1;36m[0m
[1;36m[Dbg] [Zip.cc:180] [0m[1;36mCreated file [[0m[1;36m/root/.gz/fuel/fuel.gazebosim.org/openrobotics/models/antenna/5/thumbnails/1.png[0m[1;36m][0m[1;36m[0m
[1;36m[Dbg] [Zip.cc:180] [0m[1;36mCreated file [[0m[1;36m/root/.gz/fuel/fuel.gazebosim.org/openrobotics/models/antenna/5/thumbnails/2.png[0m[1;36m][0m[1;36m[0m
[1;36m[Dbg] [Zip.cc:180] [0m[1;36mCreated file [[0m[1;36m/root/.gz/fuel/fuel.gazebosim.org/openrobotics/models/antenna/5/thumbnails/3.png[0m[1;36m][0m[1;36m[0m
[1;36m[Dbg] [Zip.cc:180] [0m[1;36mCreated file [[0m[1;36m/root/.gz/fuel/fuel.gazebosim.org/openrobotics/models/antenna/5/thumbnails/4.png[0m[1;36m][0m[1;36m[0m
[1;36m[Dbg] [Zip.cc:180] [0m[1;36mCreated file [[0m[1;36m/root/.gz/fuel/fuel.gazebosim.org/openrobotics/models/antenna/5/thumbnails/5.png[0m[1;36m][0m[1;36m[0m
[1;32m[Msg] [0m[1;32mDownloading model [[0m[1;32mfuel.gazebosim.org/openrobotics/models/ground_station[0m[1;32m][0m[1;32m[0m
[1;36m[Dbg] [FuelClient.cc:1968] [0m[1;36mDownloading from a referral link [[0m[1;36mhttps://gz-fuel-resources-production.s3.amazonaws.com/OpenRobotics/7037712b-468d-40f7-b056-1b2b709c2b55/.zips/7.zip?X-Amz-Algorithm=AWS4-HMAC-SHA256&X-Amz-Credential=AKIAS5OHIRKDBY6VUUFF%2F20260817%2Fus-east-1%2Fs3%2Faws4_request&X-Amz-Date=20260817T060210Z&X-Amz-Expires=3600&X-Amz-SignedHeaders=host&X-Amz-Signature=63410e4bb5e8cad1371364c48479dd505c053505f30174b505cece98d78e4fc5[0m[1;36m][0m
[1;36m[Dbg] [Zip.cc:180] [0m[1;36mCreated file [[0m[1;36m/root/.gz/fuel/fuel.gazebosim.org/openrobotics/models/ground_station/7/model.config[0m[1;36m][0m[1;36m[0m
[1;36m[Dbg] [Zip.cc:180] [0m[1;36mCreated file [[0m[1;36m/root/.gz/fuel/fuel.gazebosim.org/openrobotics/models/ground_station/7/model.sdf[0m[1;36m][0m[1;36m[0m
[1;36m[Dbg] [Zip.cc:180] [0m[1;36mCreated file [[0m[1;36m/root/.gz/fuel/fuel.gazebosim.org/openrobotics/models/ground_station/7/thumbnails/1.png[0m[1;36m][0m[1;36m[0m
[1;36m[Dbg] [Zip.cc:180] [0m[1;36mCreated file [[0m[1;36m/root/.gz/fuel/fuel.gazebosim.org/openrobotics/models/ground_station/7/thumbnails/2.png[0m[1;36m][0m[1;36m[0m
[1;36m[Dbg] [Zip.cc:180] [0m[1;36mCreated file [[0m[1;36m/root/.gz/fuel/fuel.gazebosim.org/openrobotics/models/ground_station/7/thumbnails/3.png[0m[1;36m][0m[1;36m[0m
[1;36m[Dbg] [Zip.cc:180] [0m[1;36mCreated file [[0m[1;36m/root/.gz/fuel/fuel.gazebosim.org/openrobotics/models/ground_station/7/thumbnails/4.png[0m[1;36m][0m[1;36m[0m
[1;36m[Dbg] [Zip.cc:180] [0m[1;36mCreated file [[0m[1;36m/root/.gz/fuel/fuel.gazebosim.org/openrobotics/models/ground_station/7/thumbnails/5.png[0m[1;36m][0m[1;36m[0m
[1;32m[Msg] [0m[1;32mDownloading model [[0m[1;32mfuel.gazebosim.org/openrobotics/models/tent[0m[1;32m][0m[1;32m[0m
[1;36m[Dbg] [FuelClient.cc:1968] [0m[1;36mDownloading from a referral link [[0m[1;36mhttps://gz-fuel-resources-production.s3.amazonaws.com/OpenRobotics/02fdda68-3d93-4296-a7fe-789534f5570f/.zips/4.zip?X-Amz-Algorithm=AWS4-HMAC-SHA256&X-Amz-Credential=AKIAS5OHIRKDBY6VUUFF%2F20260817%2Fus-east-1%2Fs3%2Faws4_request&X-Amz-Date=20260817T060212Z&X-Amz-Expires=3600&X-Amz-SignedHeaders=host&X-Amz-Signature=e14b12c3e128599ccd06b2022918d82cb4de1a3b9f7297aefa060dc7c261956f[0m[1;36m][0m
[1;36m[Dbg] [Zip.cc:180] [0m[1;36mCreated file [[0m[1;36m/root/.gz/fuel/fuel.gazebosim.org/openrobotics/models/tent/4/mesh/tent.dae[0m[1;36m][0m[1;36m[0m
[1;36m[Dbg] [Zip.cc:180] [0m[1;36mCreated file [[0m[1;36m/root/.gz/fuel/fuel.gazebosim.org/openrobotics/models/tent/4/mesh/tent.png[0m[1;36m][0m[1;36m[0m
[1;36m[Dbg] [Zip.cc:180] [0m[1;36mCreated file [[0m[1;36m/root/.gz/fuel/fuel.gazebosim.org/openrobotics/models/tent/4/model.config[0m[1;36m][0m[1;36m[0m
[1;36m[Dbg] [Zip.cc:180] [0m[1;36mCreated file [[0m[1;36m/root/.gz/fuel/fuel.gazebosim.org/openrobotics/models/tent/4/model.sdf[0m[1;36m][0m[1;36m[0m
[1;36m[Dbg] [Zip.cc:180] [0m[1;36mCreated file [[0m[1;36m/root/.gz/fuel/fuel.gazebosim.org/openrobotics/models/tent/4/thumbnails/1.png[0m[1;36m][0m[1;36m[0m
[1;36m[Dbg] [Zip.cc:180] [0m[1;36mCreated file [[0m[1;36m/root/.gz/fuel/fuel.gazebosim.org/openrobotics/models/tent/4/thumbnails/2.png[0m[1;36m][0m[1;36m[0m
[1;36m[Dbg] [Zip.cc:180] [0m[1;36mCreated file [[0m[1;36m/root/.gz/fuel/fuel.gazebosim.org/openrobotics/models/tent/4/thumbnails/3.png[0m[1;36m][0m[1;36m[0m
[1;36m[Dbg] [Zip.cc:180] [0m[1;36mCreated file [[0m[1;36m/root/.gz/fuel/fuel.gazebosim.org/openrobotics/models/tent/4/thumbnails/4.png[0m[1;36m][0m[1;36m[0m
[1;36m[Dbg] [Zip.cc:180] [0m[1;36mCreated file [[0m[1;36m/root/.gz/fuel/fuel.gazebosim.org/openrobotics/models/tent/4/thumbnails/5.png[0m[1;36m][0m[1;36m[0m
[1;32m[Msg] [0m[1;32mDownloading model [[0m[1;32mfuel.gazebosim.org/openrobotics/models/foldable_table[0m[1;32m][0m[1;32m[0m
[1;36m[Dbg] [FuelClient.cc:1968] [0m[1;36mDownloading from a referral link [[0m[1;36mhttps://gz-fuel-resources-production.s3.amazonaws.com/OpenRobotics/1d9bc9dd-1590-4951-a344-2bb17bd386f4/.zips/4.zip?X-Amz-Algorithm=AWS4-HMAC-SHA256&X-Amz-Credential=AKIAS5OHIRKDBY6VUUFF%2F20260817%2Fus-east-1%2Fs3%2Faws4_request&X-Amz-Date=20260817T060214Z&X-Amz-Expires=3600&X-Amz-SignedHeaders=host&X-Amz-Signature=bff177b44998f1edcfb2180f5a4c1209b19bc0abc0ed2f1291272ecb433a6d7b[0m[1;36m][0m
[1;36m[Dbg] [Zip.cc:180] [0m[1;36mCreated file [[0m[1;36m/root/.gz/fuel/fuel.gazebosim.org/openrobotics/models/foldable_table/4/mesh/foldable_table.dae[0m[1;36m][0m[1;36m[0m
[1;36m[Dbg] [Zip.cc:180] [0m[1;36mCreated file [[0m[1;36m/root/.gz/fuel/fuel.gazebosim.org/openrobotics/models/foldable_table/4/mesh/foldable_table.png[0m[1;36m][0m[1;36m[0m
[1;36m[Dbg] [Zip.cc:180] [0m[1;36mCreated file [[0m[1;36m/root/.gz/fuel/fuel.gazebosim.org/openrobotics/models/foldable_table/4/model.config[0m[1;36m][0m[1;36m[0m
[1;36m[Dbg] [Zip.cc:180] [0m[1;36mCreated file [[0m[1;36m/root/.gz/fuel/fuel.gazebosim.org/openrobotics/models/foldable_table/4/model.sdf[0m[1;36m][0m[1;36m[0m
[1;36m[Dbg] [Zip.cc:180] [0m[1;36mCreated file [[0m[1;36m/root/.gz/fuel/fuel.gazebosim.org/openrobotics/models/foldable_table/4/thumbnails/1.png[0m[1;36m][0m[1;36m[0m
[1;36m[Dbg] [Zip.cc:180] [0m[1;36mCreated file [[0m[1;36m/root/.gz/fuel/fuel.gazebosim.org/openrobotics/models/foldable_table/4/thumbnails/2.png[0m[1;36m][0m[1;36m[0m
[1;36m[Dbg] [Zip.cc:180] [0m[1;36mCreated file [[0m[1;36m/root/.gz/fuel/fuel.gazebosim.org/openrobotics/models/foldable_table/4/thumbnails/3.png[0m[1;36m][0m[1;36m[0m
[1;36m[Dbg] [Zip.cc:180] [0m[1;36mCreated file [[0m[1;36m/root/.gz/fuel/fuel.gazebosim.org/openrobotics/models/foldable_table/4/thumbnails/4.png[0m[1;36m][0m[1;36m[0m
[1;36m[Dbg] [Zip.cc:180] [0m[1;36mCreated file [[0m[1;36m/root/.gz/fuel/fuel.gazebosim.org/openrobotics/models/foldable_table/4/thumbnails/5.png[0m[1;36m][0m[1;36m[0m
[1;32m[Msg] [0m[1;32mDownloading model [[0m[1;32mfuel.gazebosim.org/openrobotics/models/foldable_chair[0m[1;32m][0m[1;32m[0m
[1;36m[Dbg] [FuelClient.cc:1968] [0m[1;36mDownloading from a referral link [[0m[1;36mhttps://gz-fuel-resources-production.s3.amazonaws.com/OpenRobotics/6d3e4cf8-4f92-4b93-8990-e2c6a53d9d9a/.zips/3.zip?X-Amz-Algorithm=AWS4-HMAC-SHA256&X-Amz-Credential=AKIAS5OHIRKDBY6VUUFF%2F20260817%2Fus-east-1%2Fs3%2Faws4_request&X-Amz-Date=20260817T060215Z&X-Amz-Expires=3600&X-Amz-SignedHeaders=host&X-Amz-Signature=bb491af699332c2aebf635f182dc942e9cecefbe7124fd6d94533270514ef0e2[0m[1;36m][0m
[1;36m[Dbg] [Zip.cc:180] [0m[1;36mCreated file [[0m[1;36m/root/.gz/fuel/fuel.gazebosim.org/openrobotics/models/foldable_chair/3/mesh/foldable_chair.dae[0m[1;36m][0m[1;36m[0m
[1;36m[Dbg] [Zip.cc:180] [0m[1;36mCreated file [[0m[1;36m/root/.gz/fuel/fuel.gazebosim.org/openrobotics/models/foldable_chair/3/mesh/foldable_chair.png[0m[1;36m][0m[1;36m[0m
[1;36m[Dbg] [Zip.cc:180] [0m[1;36mCreated file [[0m[1;36m/root/.gz/fuel/fuel.gazebosim.org/openrobotics/models/foldable_chair/3/model.config[0m[1;36m][0m[1;36m[0m
[1;36m[Dbg] [Zip.cc:180] [0m[1;36mCreated file [[0m[1;36m/root/.gz/fuel/fuel.gazebosim.org/openrobotics/models/foldable_chair/3/model.sdf[0m[1;36m][0m[1;36m[0m
[1;36m[Dbg] [Zip.cc:180] [0m[1;36mCreated file [[0m[1;36m/root/.gz/fuel/fuel.gazebosim.org/openrobotics/models/foldable_chair/3/thumbnails/1.png[0m[1;36m][0m[1;36m[0m
[1;36m[Dbg] [Zip.cc:180] [0m[1;36mCreated file [[0m[1;36m/root/.gz/fuel/fuel.gazebosim.org/openrobotics/models/foldable_chair/3/thumbnails/2.png[0m[1;36m][0m[1;36m[0m
[1;36m[Dbg] [Zip.cc:180] [0m[1;36mCreated file [[0m[1;36m/root/.gz/fuel/fuel.gazebosim.org/openrobotics/models/foldable_chair/3/thumbnails/3.png[0m[1;36m][0m[1;36m[0m
[1;36m[Dbg] [Zip.cc:180] [0m[1;36mCreated file [[0m[1;36m/root/.gz/fuel/fuel.gazebosim.org/openrobotics/models/foldable_chair/3/thumbnails/4.png[0m[1;36m][0m[1;36m[0m
[1;36m[Dbg] [Zip.cc:180] [0m[1;36mCreated file [[0m[1;36m/root/.gz/fuel/fuel.gazebosim.org/openrobotics/models/foldable_chair/3/thumbnails/5.png[0m[1;36m][0m[1;36m[0m
[1;32m[Msg] [0m[1;32mServing entity system service on [[0m[1;32m/[0m[1;32mentity/system/add[0m[1;32m][0m[1;32m[0m
[1;36m[Dbg] [Physics.cc:899] [0m[1;36mLoaded [[0m[1;36mgz::physics::dartsim::Plugin[0m[1;36m] from library [[0m[1;36m/opt/ros/jazzy/opt/gz_physics_vendor/lib/gz-physics-7/engine-plugins/libgz-physics-dartsim-plugin.so[0m[1;36m][0m[1;36m[0m
[1;36m[Dbg] [SystemManager.cc:80] [0m[1;36mLoaded system [[0m[1;36mgz::sim::systems::Physics[0m[1;36m] for entity [[0m[1;36m1[0m[1;36m][0m[1;36m[0m
[1;32m[Msg] [0m[1;32mCreate[0m[1;32m service on [[0m[1;32m/world/sydney_regatta/create_multiple[0m[1;32m] (async)[0m[1;32m[0m
[1;32m[Msg] [0m[1;32mCreate[0m[1;32m service on [[0m[1;32m/world/sydney_regatta/create_multiple/blocking[0m[1;32m] (blocking)[0m[1;32m[0m
[1;32m[Msg] [0m[1;32mRemove[0m[1;32m service on [[0m[1;32m/world/sydney_regatta/remove[0m[1;32m] (async)[0m[1;32m[0m
[1;32m[Msg] [0m[1;32mRemove[0m[1;32m service on [[0m[1;32m/world/sydney_regatta/remove/blocking[0m[1;32m] (blocking)[0m[1;32m[0m
[1;32m[Msg] [0m[1;32mPose[0m[1;32m service on [[0m[1;32m/world/sydney_regatta/set_pose[0m[1;32m] (async)[0m[1;32m[0m
[1;32m[Msg] [0m[1;32mPose[0m[1;32m service on [[0m[1;32m/world/sydney_regatta/set_pose/blocking[0m[1;32m] (blocking)[0m[1;32m[0m
[1;32m[Msg] [0m[1;32mPose[0m[1;32m service on [[0m[1;32m/world/sydney_regatta/set_pose_vector[0m[1;32m] (async)[0m[1;32m[0m
[1;32m[Msg] [0m[1;32mPose[0m[1;32m service on [[0m[1;32m/world/sydney_regatta/set_pose_vector/blocking[0m[1;32m] (blocking)[0m[1;32m[0m
[1;32m[Msg] [0m[1;32mLight configuration[0m[1;32m service on [[0m[1;32m/world/sydney_regatta/light_config[0m[1;32m] (async)[0m[1;32m[0m
[1;32m[Msg] [0m[1;32mLight configuration[0m[1;32m service on [[0m[1;32m/world/sydney_regatta/light_config/blocking[0m[1;32m] (blocking)[0m[1;32m[0m
[1;32m[Msg] [0m[1;32mPhysics[0m[1;32m service on [[0m[1;32m/world/sydney_regatta/set_physics[0m[1;32m] (async)[0m[1;32m[0m
[1;32m[Msg] [0m[1;32mPhysics[0m[1;32m service on [[0m[1;32m/world/sydney_regatta/set_physics/blocking[0m[1;32m] (blocking)[0m[1;32m[0m
[1;32m[Msg] [0m[1;32mSphericalCoordinates[0m[1;32m service on [[0m[1;32m/world/sydney_regatta/set_spherical_coordinates[0m[1;32m] (async)[0m[1;32m[0m
[1;32m[Msg] [0m[1;32mSphericalCoordinates[0m[1;32m service on [[0m[1;32m/world/sydney_regatta/set_spherical_coordinates/blocking[0m[1;32m] (blocking)[0m[1;32m[0m
[1;32m[Msg] [0m[1;32mEnable collision[0m[1;32m service on [[0m[1;32m/world/sydney_regatta/enable_collision[0m[1;32m] (async)[0m[1;32m[0m
[1;32m[Msg] [0m[1;32mEnable collision[0m[1;32m service on [[0m[1;32m/world/sydney_regatta/enable_collision/blocking[0m[1;32m] (blocking)[0m[1;32m[0m
[1;32m[Msg] [0m[1;32mDisable collision[0m[1;32m service on [[0m[1;32m/world/sydney_regatta/disable_collision[0m[1;32m] (async)[0m[1;32m[0m
[1;32m[Msg] [0m[1;32mDisable collision[0m[1;32m service on [[0m[1;32m/world/sydney_regatta/disable_collision/blocking[0m[1;32m] (blocking)[0m[1;32m[0m
[1;32m[Msg] [0m[1;32mMaterial[0m[1;32m service on [[0m[1;32m/world/sydney_regatta/visual_config[0m[1;32m] (async)[0m[1;32m[0m
[1;32m[Msg] [0m[1;32mMaterial[0m[1;32m service on [[0m[1;32m/world/sydney_regatta/visual_config/blocking[0m[1;32m] (blocking)[0m[1;32m[0m
[1;32m[Msg] [0m[1;32mMaterial[0m[1;32m service on [[0m[1;32m/world/sydney_regatta/wheel_slip[0m[1;32m] (async)[0m[1;32m[0m
[1;32m[Msg] [0m[1;32mMaterial[0m[1;32m service on [[0m[1;32m/world/sydney_regatta/wheel_slip/blocking[0m[1;32m] (blocking)[0m[1;32m[0m
[1;36m[Dbg] [SystemManager.cc:80] [0m[1;36mLoaded system [[0m[1;36mgz::sim::systems::UserCommands[0m[1;36m] for entity [[0m[1;36m1[0m[1;36m][0m[1;36m[0m
[1;36m[Dbg] [Sensors.cc:697] [0m[1;36mConfiguring Sensors system[0m[1;36m[0m
[1;36m[Dbg] [Sensors.cc:557] [0m[1;36mSensorsPrivate::Run[0m[1;36m[0m
[1;36m[Dbg] [SystemManager.cc:80] [0m[1;36mLoaded system [[0m[1;36mgz::sim::systems::Sensors[0m[1;36m] for entity [[0m[1;36m1[0m[1;36m][0m[1;36m[0m
[1;36m[Dbg] [Sensors.cc:532] [0m[1;36mSensorsPrivate::RenderThread started[0m[1;36m[0m
[1;36m[Dbg] [Sensors.cc:337] [0m[1;36mWaiting for init[0m[1;36m[0m
[1;36m[Dbg] [SystemManager.cc:80] [0m[1;36mLoaded system [[0m[1;36mgz::sim::systems::Imu[0m[1;36m] for entity [[0m[1;36m1[0m[1;36m][0m[1;36m[0m
[1;36m[Dbg] [Magnetometer.cc:261] [0m[1;36mMagnetometer: using param [use_units_gauss: [0m[1;36m1[0m[1;36m].[0m[1;36m[0m
[1;36m[Dbg] [Magnetometer.cc:269] [0m[1;36mMagnetometer: using param [use_earth_frame_ned: [0m[1;36m1[0m[1;36m].[0m[1;36m[0m
[1;36m[Dbg] [SystemManager.cc:80] [0m[1;36mLoaded system [[0m[1;36mgz::sim::systems::Magnetometer[0m[1;36m] for entity [[0m[1;36m1[0m[1;36m][0m[1;36m[0m
[1;36m[Dbg] [SystemManager.cc:80] [0m[1;36mLoaded system [[0m[1;36mgz::sim::systems::ForceTorque[0m[1;36m] for entity [[0m[1;36m1[0m[1;36m][0m[1;36m[0m
[1;32m[Msg] [0m[1;32mServing particle emitter information on [[0m[1;32m/world/sydney_regatta/particle_emitters[0m[1;32m][0m[1;32m[0m
[1;36m[Dbg] [SystemManager.cc:80] [0m[1;36mLoaded system [[0m[1;36mgz::sim::systems::ParticleEmitter[0m[1;36m] for entity [[0m[1;36m1[0m[1;36m][0m[1;36m[0m
[1;36m[Dbg] [SystemManager.cc:80] [0m[1;36mLoaded system [[0m[1;36mgz::sim::systems::SceneBroadcaster[0m[1;36m] for entity [[0m[1;36m1[0m[1;36m][0m[1;36m[0m
[1;36m[Dbg] [SystemManager.cc:80] [0m[1;36mLoaded system [[0m[1;36mgz::sim::systems::Contact[0m[1;36m] for entity [[0m[1;36m1[0m[1;36m][0m[1;36m[0m
[1;36m[Dbg] [SystemManager.cc:80] [0m[1;36mLoaded system [[0m[1;36mgz::sim::systems::NavSat[0m[1;36m] for entity [[0m[1;36m1[0m[1;36m][0m[1;36m[0m
[1;36m[Dbg] [USVWind.cc:160] [0m[1;36mwamv[0m[1;36m loaded[0m[1;36m[0m
[1;32m[Msg] [0m[1;32mWind direction unit vector = [0m[1;32m-0.5[0m[1;32m [0m[1;32m-0.866025[0m[1;32m [0m[1;32m0[0m[1;32m[0m
[1;32m[Msg] [0m[1;32mWind mean velocity = [0m[1;32m0[0m[1;32m[0m
[1;32m[Msg] [0m[1;32mvar wind gain constants = [0m[1;32m0[0m[1;32m[0m
[1;32m[Msg] [0m[1;32mvar wind time constants = [0m[1;32m2[0m[1;32m[0m
[1;32m[Msg] [0m[1;32mupdate rate  = [0m[1;32m10[0m[1;32m[0m
[1;32m[Msg] [0m[1;32mtopic wind speed  = [0m[1;32m/vrx/debug/wind/speed[0m[1;32m[0m
[1;32m[Msg] [0m[1;32mtopic wind direction = [0m[1;32m/vrx/debug/wind/direction[0m[1;32m[0m
[1;32m[Msg] [0m[1;32mRandom seed value = [0m[1;32m10[0m[1;32m[0m
[1;32m[Msg] [0m[1;32mVar wind filter gain = [0m[1;32m0[0m[1;32m[0m
[1;36m[Dbg] [SystemManager.cc:80] [0m[1;36mLoaded system [[0m[1;36mvrx::USVWind[0m[1;36m] for entity [[0m[1;36m1[0m[1;36m][0m[1;36m[0m
[1;36m[Dbg] [SystemManager.cc:80] [0m[1;36mLoaded system [[0m[1;36mvrx::PublisherPlugin[0m[1;36m] for entity [[0m[1;36m1[0m[1;36m][0m[1;36m[0m
[1;32m[Msg] [0m[1;32mInput Parameters:[0m[1;32m[0m
[1;32m[Msg] [0m[1;32mmodel:     [0m[1;32mPMS[0m[1;32m[0m
[1;32m[Msg] [0m[1;32mnumber:     [0m[1;32m3[0m[1;32m[0m
[1;32m[Msg] [0m[1;32mscale:      [0m[1;32m1.1[0m[1;32m[0m
[1;32m[Msg] [0m[1;32mangle:      [0m[1;32m0.4[0m[1;32m[0m
[1;32m[Msg] [0m[1;32msteepness:  [0m[1;32m0[0m[1;32m[0m
[1;32m[Msg] [0m[1;32mamplitude:  [0m[1;32m0[0m[1;32m[0m
[1;32m[Msg] [0m[1;32mperiod:     [0m[1;32m5[0m[1;32m[0m
[1;32m[Msg] [0m[1;32mdirection:  [0m[1;32m0[0m[1;32m[0m
[1;32m[Msg] [0m[1;32mtau:  [0m[1;32m2[0m[1;32m[0m
[1;32m[Msg] [0m[1;32mgain:  [0m[1;32m1[0m[1;32m[0m
[1;32m[Msg] [0m[1;32mDerived Parameters:[0m[1;32m[0m
[1;32m[Msg] [0m[1;32mamplitudes:  [0m[1;32m0.121167[0m[1;32m, [0m[1;32m0.130759[0m[1;32m, [0m[1;32m0.128568[0m[1;32m, [0m[1;32m[0m
[1;32m[Msg] [0m[1;32mwavenumbers: [0m[1;32m0.133171[0m[1;32m, [0m[1;32m0.161136[0m[1;32m, [0m[1;32m0.194975[0m[1;32m, [0m[1;32m[0m
[1;32m[Msg] [0m[1;32momegas:      [0m[1;32m1.1424[0m[1;32m, [0m[1;32m1.25664[0m[1;32m, [0m[1;32m1.3823[0m[1;32m, [0m[1;32m[0m
[1;32m[Msg] [0m[1;32mperiods:     [0m[1;32m[Msg] [0m[1;32m5.5[0m[1;32m, [0m[1;32m[Msg] [0m[1;32m5[0m[1;32m, [0m[1;32m[Msg] [0m[1;32m4.54545[0m[1;32m, [0m[1;32m[Msg] [0m[1;32m[0m
[1;32m[Msg] [0m[1;32mphases:      [0m[1;32m0[0m[1;32m, [0m[1;32m0[0m[1;32m, [0m[1;32m0[0m[1;32m, [0m[1;32m[0m
[1;32m[Msg] [0m[1;32msteepnesses: [0m[1;32m0[0m[1;32m, [0m[1;32m0[0m[1;32m, [0m[1;32m0[0m[1;32m, [0m[1;32m[0m
[1;32m[Msg] [0m[1;32mdirections:  [0m[1;32m[Msg] [0m[1;32m0.921061[0m[1;32m [0m[1;32m-0.389418[0m[1;32m; [0m[1;32m[Msg] [0m[1;32m1[0m[1;32m [0m[1;32m0[0m[1;32m; [0m[1;32m[Msg] [0m[1;32m0.921061[0m[1;32m [0m[1;32m0.389418[0m[1;32m; [0m[1;32m[Msg] [0m[1;32m[0m
[1;36m[Dbg] [SystemManager.cc:80] [0m[1;36mLoaded system [[0m[1;36mvrx::WaveVisual[0m[1;36m] for entity [[0m[1;36m17[0m[1;36m][0m[1;36m[0m
[1;32m[Msg] [0m[1;32mInput Parameters:[0m[1;32m[0m
[1;32m[Msg] [0m[1;32mmodel:     [0m[1;32mPMS[0m[1;32m[0m
[1;32m[Msg] [0m[1;32mnumber:     [0m[1;32m3[0m[1;32m[0m
[1;32m[Msg] [0m[1;32mscale:      [0m[1;32m1.1[0m[1;32m[0m
[1;32m[Msg] [0m[1;32mangle:      [0m[1;32m0.4[0m[1;32m[0m
[1;32m[Msg] [0m[1;32msteepness:  [0m[1;32m0[0m[1;32m[0m
[1;32m[Msg] [0m[1;32mamplitude:  [0m[1;32m0[0m[1;32m[0m
[1;32m[Msg] [0m[1;32mperiod:     [0m[1;32m5[0m[1;32m[0m
[1;32m[Msg] [0m[1;32mdirection:  [0m[1;32m0[0m[1;32m[0m
[1;32m[Msg] [0m[1;32mtau:  [0m[1;32m2[0m[1;32m[0m
[1;32m[Msg] [0m[1;32mgain:  [0m[1;32m1[0m[1;32m[0m
[1;32m[Msg] [0m[1;32mDerived Parameters:[0m[1;32m[0m
[1;32m[Msg] [0m[1;32mamplitudes:  [0m[1;32m0.121167[0m[1;32m, [0m[1;32m0.130759[0m[1;32m, [0m[1;32m0.128568[0m[1;32m, [0m[1;32m[0m
[1;32m[Msg] [0m[1;32mwavenumbers: [0m[1;32m0.133171[0m[1;32m, [0m[1;32m0.161136[0m[1;32m, [0m[1;32m0.194975[0m[1;32m, [0m[1;32m[0m
[1;32m[Msg] [0m[1;32momegas:      [0m[1;32m1.1424[0m[1;32m, [0m[1;32m1.25664[0m[1;32m, [0m[1;32m1.3823[0m[1;32m, [0m[1;32m[0m
[1;32m[Msg] [0m[1;32mperiods:     [0m[1;32m[Msg] [0m[1;32m5.5[0m[1;32m, [0m[1;32m[Msg] [0m[1;32m5[0m[1;32m, [0m[1;32m[Msg] [0m[1;32m4.54545[0m[1;32m, [0m[1;32m[Msg] [0m[1;32m[0m
[1;32m[Msg] [0m[1;32mphases:      [0m[1;32m0[0m[1;32m, [0m[1;32m0[0m[1;32m, [0m[1;32m0[0m[1;32m, [0m[1;32m[0m
[1;32m[Msg] [0m[1;32msteepnesses: [0m[1;32m0[0m[1;32m, [0m[1;32m0[0m[1;32m, [0m[1;32m0[0m[1;32m, [0m[1;32m[0m
[1;32m[Msg] [0m[1;32mdirections:  [0m[1;32m[Msg] [0m[1;32m0.921061[0m[1;32m [0m[1;32m-0.389418[0m[1;32m; [0m[1;32m[Msg] [0m[1;32m1[0m[1;32m [0m[1;32m0[0m[1;32m; [0m[1;32m[Msg] [0m[1;32m0.921061[0m[1;32m [0m[1;32m0.389418[0m[1;32m; [0m[1;32m[Msg] [0m[1;32m[0m
[1;36m[Dbg] [PolyhedraBuoyancyDrag.cc:236] [0m[1;36mFound buoyancy element(s), looking at each element...[0m[1;36m[0m
[1;36m[Dbg] [PolyhedraBuoyancyDrag.cc:248] [0m[1;36mBuoyancy object:[0m
[1;36m	Link: [0m[1;36mlink[0m[1;36m[[0m[1;36m19[0m[1;36m][0m
[1;36m	Pose: [0m[1;36m0[0m[1;36m [0m[1;36m0[0m[1;36m [0m[1;36m-0.3[0m[1;36m [0m[1;36m0[0m[1;36m [0m[1;36m0[0m[1;36m [0m[1;36m0[0m[1;36m[0m
[1;36m	Geometry: [0m[1;36mCylinder:0.325,0.1[0m[1;36m[0m
[1;36m	Mass: [0m[1;36m20[0m[1;36m[0m
[1;36m	Water height: [0m[1;36m0[0m[1;36m[0m
[1;36m	Water velocity: [0m[1;36m0[0m[1;36m[0m
[1;36m[0m
[1;36m[Dbg] [SystemManager.cc:80] [0m[1;36mLoaded system [[0m[1;36mvrx::PolyhedraBuoyancyDrag[0m[1;36m] for entity [[0m[1;36m18[0m[1;36m][0m[1;36m[0m
[1;32m[Msg] [0m[1;32mInput Parameters:[0m[1;32m[0m
[1;32m[Msg] [0m[1;32mmodel:     [0m[1;32mPMS[0m[1;32m[0m
[1;32m[Msg] [0m[1;32mnumber:     [0m[1;32m3[0m[1;32m[0m
[1;32m[Msg] [0m[1;32mscale:      [0m[1;32m1.1[0m[1;32m[0m
[1;32m[Msg] [0m[1;32mangle:      [0m[1;32m0.4[0m[1;32m[0m
[1;32m[Msg] [0m[1;32msteepness:  [0m[1;32m0[0m[1;32m[0m
[1;32m[Msg] [0m[1;32mamplitude:  [0m[1;32m0[0m[1;32m[0m
[1;32m[Msg] [0m[1;32mperiod:     [0m[1;32m5[0m[1;32m[0m
[1;32m[Msg] [0m[1;32mdirection:  [0m[1;32m0[0m[1;32m[0m
[1;32m[Msg] [0m[1;32mtau:  [0m[1;32m2[0m[1;32m[0m
[1;32m[Msg] [0m[1;32mgain:  [0m[1;32m1[0m[1;32m[0m
[1;32m[Msg] [0m[1;32mDerived Parameters:[0m[1;32m[0m
[1;32m[Msg] [0m[1;32mamplitudes:  [0m[1;32m0.121167[0m[1;32m, [0m[1;32m0.130759[0m[1;32m, [0m[1;32m0.128568[0m[1;32m, [0m[1;32m[0m
[1;32m[Msg] [0m[1;32mwavenumbers: [0m[1;32m0.133171[0m[1;32m, [0m[1;32m0.161136[0m[1;32m, [0m[1;32m0.194975[0m[1;32m, [0m[1;32m[0m
[1;32m[Msg] [0m[1;32momegas:      [0m[1;32m1.1424[0m[1;32m, [0m[1;32m1.25664[0m[1;32m, [0m[1;32m1.3823[0m[1;32m, [0m[1;32m[0m
[1;32m[Msg] [0m[1;32mperiods:     [0m[1;32m[Msg] [0m[1;32m5.5[0m[1;32m, [0m[1;32m[Msg] [0m[1;32m5[0m[1;32m, [0m[1;32m[Msg] [0m[1;32m4.54545[0m[1;32m, [0m[1;32m[Msg] [0m[1;32m[0m
[1;32m[Msg] [0m[1;32mphases:      [0m[1;32m0[0m[1;32m, [0m[1;32m0[0m[1;32m, [0m[1;32m0[0m[1;32m, [0m[1;32m[0m
[1;32m[Msg] [0m[1;32msteepnesses: [0m[1;32m0[0m[1;32m, [0m[1;32m0[0m[1;32m, [0m[1;32m0[0m[1;32m, [0m[1;32m[0m
[1;32m[Msg] [0m[1;32mdirections:  [0m[1;32m[Msg] [0m[1;32m0.921061[0m[1;32m [0m[1;32m-0.389418[0m[1;32m; [0m[1;32m[Msg] [0m[1;32m1[0m[1;32m [0m[1;32m0[0m[1;32m; [0m[1;32m[Msg] [0m[1;32m0.921061[0m[1;32m [0m[1;32m0.389418[0m[1;32m; [0m[1;32m[Msg] [0m[1;32m[0m
[1;36m[Dbg] [PolyhedraBuoyancyDrag.cc:236] [0m[1;36mFound buoyancy element(s), looking at each element...[0m[1;36m[0m
[1;36m[Dbg] [PolyhedraBuoyancyDrag.cc:248] [0m[1;36mBuoyancy object:[0m
[1;36m	Link: [0m[1;36mlink[0m[1;36m[[0m[1;36m24[0m[1;36m][0m
[1;36m	Pose: [0m[1;36m0[0m[1;36m [0m[1;36m0[0m[1;36m [0m[1;36m-0.3[0m[1;36m [0m[1;36m0[0m[1;36m [0m[1;36m0[0m[1;36m [0m[1;36m0[0m[1;36m[0m
[1;36m	Geometry: [0m[1;36mCylinder:0.325,0.1[0m[1;36m[0m
[1;36m	Mass: [0m[1;36m20[0m[1;36m[0m
[1;36m	Water height: [0m[1;36m0[0m[1;36m[0m
[1;36m	Water velocity: [0m[1;36m0[0m[1;36m[0m
[1;36m[0m
[1;36m[Dbg] [SystemManager.cc:80] [0m[1;36mLoaded system [[0m[1;36mvrx::PolyhedraBuoyancyDrag[0m[1;36m] for entity [[0m[1;36m23[0m[1;36m][0m[1;36m[0m
[1;32m[Msg] [0m[1;32mInput Parameters:[0m[1;32m[0m
[1;32m[Msg] [0m[1;32mmodel:     [0m[1;32mPMS[0m[1;32m[0m
[1;32m[Msg] [0m[1;32mnumber:     [0m[1;32m3[0m[1;32m[0m
[1;32m[Msg] [0m[1;32mscale:      [0m[1;32m1.1[0m[1;32m[0m
[1;32m[Msg] [0m[1;32mangle:      [0m[1;32m0.4[0m[1;32m[0m
[1;32m[Msg] [0m[1;32msteepness:  [0m[1;32m0[0m[1;32m[0m
[1;32m[Msg] [0m[1;32mamplitude:  [0m[1;32m0[0m[1;32m[0m
[1;32m[Msg] [0m[1;32mperiod:     [0m[1;32m5[0m[1;32m[0m
[1;32m[Msg] [0m[1;32mdirection:  [0m[1;32m0[0m[1;32m[0m
[1;32m[Msg] [0m[1;32mtau:  [0m[1;32m2[0m[1;32m[0m
[1;32m[Msg] [0m[1;32mgain:  [0m[1;32m1[0m[1;32m[0m
[1;32m[Msg] [0m[1;32mDerived Parameters:[0m[1;32m[0m
[1;32m[Msg] [0m[1;32mamplitudes:  [0m[1;32m0.121167[0m[1;32m, [0m[1;32m0.130759[0m[1;32m, [0m[1;32m0.128568[0m[1;32m, [0m[1;32m[0m
[1;32m[Msg] [0m[1;32mwavenumbers: [0m[1;32m0.133171[0m[1;32m, [0m[1;32m0.161136[0m[1;32m, [0m[1;32m0.194975[0m[1;32m, [0m[1;32m[0m
[1;32m[Msg] [0m[1;32momegas:      [0m[1;32m1.1424[0m[1;32m, [0m[1;32m1.25664[0m[1;32m, [0m[1;32m1.3823[0m[1;32m, [0m[1;32m[0m
[1;32m[Msg] [0m[1;32mperiods:     [0m[1;32m[Msg] [0m[1;32m5.5[0m[1;32m, [0m[1;32m[Msg] [0m[1;32m5[0m[1;32m, [0m[1;32m[Msg] [0m[1;32m4.54545[0m[1;32m, [0m[1;32m[Msg] [0m[1;32m[0m
[1;32m[Msg] [0m[1;32mphases:      [0m[1;32m0[0m[1;32m, [0m[1;32m0[0m[1;32m, [0m[1;32m0[0m[1;32m, [0m[1;32m[0m
[1;32m[Msg] [0m[1;32msteepnesses: [0m[1;32m0[0m[1;32m, [0m[1;32m0[0m[1;32m, [0m[1;32m0[0m[1;32m, [0m[1;32m[0m
[1;32m[Msg] [0m[1;32mdirections:  [0m[1;32m[Msg] [0m[1;32m0.921061[0m[1;32m [0m[1;32m-0.389418[0m[1;32m; [0m[1;32m[Msg] [0m[1;32m1[0m[1;32m [0m[1;32m0[0m[1;32m; [0m[1;32m[Msg] [0m[1;32m0.921061[0m[1;32m [0m[1;32m0.389418[0m[1;32m; [0m[1;32m[Msg] [0m[1;32m[0m
[1;36m[Dbg] [PolyhedraBuoyancyDrag.cc:236] [0m[1;36mFound buoyancy element(s), looking at each element...[0m[1;36m[0m
[1;36m[Dbg] [PolyhedraBuoyancyDrag.cc:248] [0m[1;36mBuoyancy object:[0m
[1;36m	Link: [0m[1;36mlink[0m[1;36m[[0m[1;36m29[0m[1;36m][0m
[1;36m	Pose: [0m[1;36m0[0m[1;36m [0m[1;36m0[0m[1;36m [0m[1;36m-0.3[0m[1;36m [0m[1;36m0[0m[1;36m [0m[1;36m0[0m[1;36m [0m[1;36m0[0m[1;36m[0m
[1;36m	Geometry: [0m[1;36mCylinder:0.325,0.1[0m[1;36m[0m
[1;36m	Mass: [0m[1;36m20[0m[1;36m[0m
[1;36m	Water height: [0m[1;36m0[0m[1;36m[0m
[1;36m	Water velocity: [0m[1;36m0[0m[1;36m[0m
[1;36m[0m
[1;36m[Dbg] [SystemManager.cc:80] [0m[1;36mLoaded system [[0m[1;36mvrx::PolyhedraBuoyancyDrag[0m[1;36m] for entity [[0m[1;36m28[0m[1;36m][0m[1;36m[0m
[1;32m[Msg] [0m[1;32mInput Parameters:[0m[1;32m[0m
[1;32m[Msg] [0m[1;32mmodel:     [0m[1;32mPMS[0m[1;32m[0m
[1;32m[Msg] [0m[1;32mnumber:     [0m[1;32m3[0m[1;32m[0m
[1;32m[Msg] [0m[1;32mscale:      [0m[1;32m1.1[0m[1;32m[0m
[1;32m[Msg] [0m[1;32mangle:      [0m[1;32m0.4[0m[1;32m[0m
[1;32m[Msg] [0m[1;32msteepness:  [0m[1;32m0[0m[1;32m[0m
[1;32m[Msg] [0m[1;32mamplitude:  [0m[1;32m0[0m[1;32m[0m
[1;32m[Msg] [0m[1;32mperiod:     [0m[1;32m5[0m[1;32m[0m
[1;32m[Msg] [0m[1;32mdirection:  [0m[1;32m0[0m[1;32m[0m
[1;32m[Msg] [0m[1;32mtau:  [0m[1;32m2[0m[1;32m[0m
[1;32m[Msg] [0m[1;32mgain:  [0m[1;32m1[0m[1;32m[0m
[1;32m[Msg] [0m[1;32mDerived Parameters:[0m[1;32m[0m
[1;32m[Msg] [0m[1;32mamplitudes:  [0m[1;32m0.121167[0m[1;32m, [0m[1;32m0.130759[0m[1;32m, [0m[1;32m0.128568[0m[1;32m, [0m[1;32m[0m
[1;32m[Msg] [0m[1;32mwavenumbers: [0m[1;32m0.133171[0m[1;32m, [0m[1;32m0.161136[0m[1;32m, [0m[1;32m0.194975[0m[1;32m, [0m[1;32m[0m
[1;32m[Msg] [0m[1;32momegas:      [0m[1;32m1.1424[0m[1;32m, [0m[1;32m1.25664[0m[1;32m, [0m[1;32m1.3823[0m[1;32m, [0m[1;32m[0m
[1;32m[Msg] [0m[1;32mperiods:     [0m[1;32m[Msg] [0m[1;32m5.5[0m[1;32m, [0m[1;32m[Msg] [0m[1;32m5[0m[1;32m, [0m[1;32m[Msg] [0m[1;32m4.54545[0m[1;32m, [0m[1;32m[Msg] [0m[1;32m[0m
[1;32m[Msg] [0m[1;32mphases:      [0m[1;32m0[0m[1;32m, [0m[1;32m0[0m[1;32m, [0m[1;32m0[0m[1;32m, [0m[1;32m[0m
[1;32m[Msg] [0m[1;32msteepnesses: [0m[1;32m0[0m[1;32m, [0m[1;32m0[0m[1;32m, [0m[1;32m0[0m[1;32m, [0m[1;32m[0m
[1;32m[Msg] [0m[1;32mdirections:  [0m[1;32m[Msg] [0m[1;32m0.921061[0m[1;32m [0m[1;32m-0.389418[0m[1;32m; [0m[1;32m[Msg] [0m[1;32m1[0m[1;32m [0m[1;32m0[0m[1;32m; [0m[1;32m[Msg] [0m[1;32m0.921061[0m[1;32m [0m[1;32m0.389418[0m[1;32m; [0m[1;32m[Msg] [0m[1;32m[0m
[1;36m[Dbg] [PolyhedraBuoyancyDrag.cc:236] [0m[1;36mFound buoyancy element(s), looking at each element...[0m[1;36m[0m
[1;36m[Dbg] [PolyhedraBuoyancyDrag.cc:248] [0m[1;36mBuoyancy object:[0m
[1;36m	Link: [0m[1;36mlink[0m[1;36m[[0m[1;36m34[0m[1;36m][0m
[1;36m	Pose: [0m[1;36m0[0m[1;36m [0m[1;36m0[0m[1;36m [0m[1;36m-0.3[0m[1;36m [0m[1;36m0[0m[1;36m [0m[1;36m0[0m[1;36m [0m[1;36m0[0m[1;36m[0m
[1;36m	Geometry: [0m[1;36mCylinder:0.325,0.1[0m[1;36m[0m
[1;36m	Mass: [0m[1;36m20[0m[1;36m[0m
[1;36m	Water height: [0m[1;36m0[0m[1;36m[0m
[1;36m	Water velocity: [0m[1;36m0[0m[1;36m[0m
[1;36m[0m
[1;36m[Dbg] [SystemManager.cc:80] [0m[1;36mLoaded system [[0m[1;36mvrx::PolyhedraBuoyancyDrag[0m[1;36m] for entity [[0m[1;36m33[0m[1;36m][0m[1;36m[0m
[1;32m[Msg] [0m[1;32mInput Parameters:[0m[1;32m[0m
[1;32m[Msg] [0m[1;32mmodel:     [0m[1;32mPMS[0m[1;32m[0m
[1;32m[Msg] [0m[1;32mnumber:     [0m[1;32m3[0m[1;32m[0m
[1;32m[Msg] [0m[1;32mscale:      [0m[1;32m1.1[0m[1;32m[0m
[1;32m[Msg] [0m[1;32mangle:      [0m[1;32m0.4[0m[1;32m[0m
[1;32m[Msg] [0m[1;32msteepness:  [0m[1;32m0[0m[1;32m[0m
[1;32m[Msg] [0m[1;32mamplitude:  [0m[1;32m0[0m[1;32m[0m
[1;32m[Msg] [0m[1;32mperiod:     [0m[1;32m5[0m[1;32m[0m
[1;32m[Msg] [0m[1;32mdirection:  [0m[1;32m0[0m[1;32m[0m
[1;32m[Msg] [0m[1;32mtau:  [0m[1;32m2[0m[1;32m[0m
[1;32m[Msg] [0m[1;32mgain:  [0m[1;32m1[0m[1;32m[0m
[1;32m[Msg] [0m[1;32mDerived Parameters:[0m[1;32m[0m
[1;32m[Msg] [0m[1;32mamplitudes:  [0m[1;32m0.121167[0m[1;32m, [0m[1;32m0.130759[0m[1;32m, [0m[1;32m0.128568[0m[1;32m, [0m[1;32m[0m
[1;32m[Msg] [0m[1;32mwavenumbers: [0m[1;32m0.133171[0m[1;32m, [0m[1;32m0.161136[0m[1;32m, [0m[1;32m0.194975[0m[1;32m, [0m[1;32m[0m
[1;32m[Msg] [0m[1;32momegas:      [0m[1;32m1.1424[0m[1;32m, [0m[1;32m1.25664[0m[1;32m, [0m[1;32m1.3823[0m[1;32m, [0m[1;32m[0m
[1;32m[Msg] [0m[1;32mperiods:     [0m[1;32m[Msg] [0m[1;32m5.5[0m[1;32m, [0m[1;32m[Msg] [0m[1;32m5[0m[1;32m, [0m[1;32m[Msg] [0m[1;32m4.54545[0m[1;32m, [0m[1;32m[Msg] [0m[1;32m[0m
[1;32m[Msg] [0m[1;32mphases:      [0m[1;32m0[0m[1;32m, [0m[1;32m0[0m[1;32m, [0m[1;32m0[0m[1;32m, [0m[1;32m[0m
[1;32m[Msg] [0m[1;32msteepnesses: [0m[1;32m0[0m[1;32m, [0m[1;32m0[0m[1;32m, [0m[1;32m0[0m[1;32m, [0m[1;32m[0m
[1;32m[Msg] [0m[1;32mdirections:  [0m[1;32m[Msg] [0m[1;32m0.921061[0m[1;32m [0m[1;32m-0.389418[0m[1;32m; [0m[1;32m[Msg] [0m[1;32m1[0m[1;32m [0m[1;32m0[0m[1;32m; [0m[1;32m[Msg] [0m[1;32m0.921061[0m[1;32m [0m[1;32m0.389418[0m[1;32m; [0m[1;32m[Msg] [0m[1;32m[0m
[1;36m[Dbg] [PolyhedraBuoyancyDrag.cc:236] [0m[1;36mFound buoyancy element(s), looking at each element...[0m[1;36m[0m
[1;36m[Dbg] [PolyhedraBuoyancyDrag.cc:248] [0m[1;36mBuoyancy object:[0m
[1;36m	Link: [0m[1;36mlink[0m[1;36m[[0m[1;36m39[0m[1;36m][0m
[1;36m	Pose: [0m[1;36m0[0m[1;36m [0m[1;36m0[0m[1;36m [0m[1;36m0[0m[1;36m [0m[1;36m0[0m[1;36m [0m[1;36m0[0m[1;36m [0m[1;36m0[0m[1;36m[0m
[1;36m	Geometry: [0m[1;36mSphere:0.21[0m[1;36m[0m
[1;36m	Mass: [0m[1;36m3.5[0m[1;36m[0m
[1;36m	Water height: [0m[1;36m0[0m[1;36m[0m
[1;36m	Water velocity: [0m[1;36m0[0m[1;36m[0m
[1;36m[0m
[1;36m[Dbg] [SystemManager.cc:80] [0m[1;36mLoaded system [[0m[1;36mvrx::PolyhedraBuoyancyDrag[0m[1;36m] for entity [[0m[1;36m38[0m[1;36m][0m[1;36m[0m
[1;32m[Msg] [0m[1;32mInput Parameters:[0m[1;32m[0m
[1;32m[Msg] [0m[1;32mmodel:     [0m[1;32mPMS[0m[1;32m[0m
[1;32m[Msg] [0m[1;32mnumber:     [0m[1;32m3[0m[1;32m[0m
[1;32m[Msg] [0m[1;32mscale:      [0m[1;32m1.1[0m[1;32m[0m
[1;32m[Msg] [0m[1;32mangle:      [0m[1;32m0.4[0m[1;32m[0m
[1;32m[Msg] [0m[1;32msteepness:  [0m[1;32m0[0m[1;32m[0m
[1;32m[Msg] [0m[1;32mamplitude:  [0m[1;32m0[0m[1;32m[0m
[1;32m[Msg] [0m[1;32mperiod:     [0m[1;32m5[0m[1;32m[0m
[1;32m[Msg] [0m[1;32mdirection:  [0m[1;32m0[0m[1;32m[0m
[1;32m[Msg] [0m[1;32mtau:  [0m[1;32m2[0m[1;32m[0m
[1;32m[Msg] [0m[1;32mgain:  [0m[1;32m1[0m[1;32m[0m
[1;32m[Msg] [0m[1;32mDerived Parameters:[0m[1;32m[0m
[1;32m[Msg] [0m[1;32mamplitudes:  [0m[1;32m0.121167[0m[1;32m, [0m[1;32m0.130759[0m[1;32m, [0m[1;32m0.128568[0m[1;32m, [0m[1;32m[0m
[1;32m[Msg] [0m[1;32mwavenumbers: [0m[1;32m0.133171[0m[1;32m, [0m[1;32m0.161136[0m[1;32m, [0m[1;32m0.194975[0m[1;32m, [0m[1;32m[0m
[1;32m[Msg] [0m[1;32momegas:      [0m[1;32m1.1424[0m[1;32m, [0m[1;32m1.25664[0m[1;32m, [0m[1;32m1.3823[0m[1;32m, [0m[1;32m[0m
[1;32m[Msg] [0m[1;32mperiods:     [0m[1;32m[Msg] [0m[1;32m5.5[0m[1;32m, [0m[1;32m[Msg] [0m[1;32m5[0m[1;32m, [0m[1;32m[Msg] [0m[1;32m4.54545[0m[1;32m, [0m[1;32m[Msg] [0m[1;32m[0m
[1;32m[Msg] [0m[1;32mphases:      [0m[1;32m0[0m[1;32m, [0m[1;32m0[0m[1;32m, [0m[1;32m0[0m[1;32m, [0m[1;32m[0m
[1;32m[Msg] [0m[1;32msteepnesses: [0m[1;32m0[0m[1;32m, [0m[1;32m0[0m[1;32m, [0m[1;32m0[0m[1;32m, [0m[1;32m[0m
[1;32m[Msg] [0m[1;32mdirections:  [0m[1;32m[Msg] [0m[1;32m0.921061[0m[1;32m [0m[1;32m-0.389418[0m[1;32m; [0m[1;32m[Msg] [0m[1;32m1[0m[1;32m [0m[1;32m0[0m[1;32m; [0m[1;32m[Msg] [0m[1;32m0.921061[0m[1;32m [0m[1;32m0.389418[0m[1;32m; [0m[1;32m[Msg] [0m[1;32m[0m
[1;36m[Dbg] [PolyhedraBuoyancyDrag.cc:236] [0m[1;36mFound buoyancy element(s), looking at each element...[0m[1;36m[0m
[1;36m[Dbg] [PolyhedraBuoyancyDrag.cc:248] [0m[1;36mBuoyancy object:[0m
[1;36m	Link: [0m[1;36mlink[0m[1;36m[[0m[1;36m43[0m[1;36m][0m
[1;36m	Pose: [0m[1;36m0[0m[1;36m [0m[1;36m0[0m[1;36m [0m[1;36m0[0m[1;36m [0m[1;36m0[0m[1;36m [0m[1;36m0[0m[1;36m [0m[1;36m0[0m[1;36m[0m
[1;36m	Geometry: [0m[1;36mSphere:0.21[0m[1;36m[0m
[1;36m	Mass: [0m[1;36m3.5[0m[1;36m[0m
[1;36m	Water height: [0m[1;36m0[0m[1;36m[0m
[1;36m	Water velocity: [0m[1;36m0[0m[1;36m[0m
[1;36m[0m
[1;36m[Dbg] [SystemManager.cc:80] [0m[1;36mLoaded system [[0m[1;36mvrx::PolyhedraBuoyancyDrag[0m[1;36m] for entity [[0m[1;36m42[0m[1;36m][0m[1;36m[0m
[1;32m[Msg] [0m[1;32mInput Parameters:[0m[1;32m[0m
[1;32m[Msg] [0m[1;32mmodel:     [0m[1;32mPMS[0m[1;32m[0m
[1;32m[Msg] [0m[1;32mnumber:     [0m[1;32m3[0m[1;32m[0m
[1;32m[Msg] [0m[1;32mscale:      [0m[1;32m1.1[0m[1;32m[0m
[1;32m[Msg] [0m[1;32mangle:      [0m[1;32m0.4[0m[1;32m[0m
[1;32m[Msg] [0m[1;32msteepness:  [0m[1;32m0[0m[1;32m[0m
[1;32m[Msg] [0m[1;32mamplitude:  [0m[1;32m0[0m[1;32m[0m
[1;32m[Msg] [0m[1;32mperiod:     [0m[1;32m5[0m[1;32m[0m
[1;32m[Msg] [0m[1;32mdirection:  [0m[1;32m0[0m[1;32m[0m
[1;32m[Msg] [0m[1;32mtau:  [0m[1;32m2[0m[1;32m[0m
[1;32m[Msg] [0m[1;32mgain:  [0m[1;32m1[0m[1;32m[0m
[1;32m[Msg] [0m[1;32mDerived Parameters:[0m[1;32m[0m
[1;32m[Msg] [0m[1;32mamplitudes:  [0m[1;32m0.121167[0m[1;32m, [0m[1;32m0.130759[0m[1;32m, [0m[1;32m0.128568[0m[1;32m, [0m[1;32m[0m
[1;32m[Msg] [0m[1;32mwavenumbers: [0m[1;32m0.133171[0m[1;32m, [0m[1;32m0.161136[0m[1;32m, [0m[1;32m0.194975[0m[1;32m, [0m[1;32m[0m
[1;32m[Msg] [0m[1;32momegas:      [0m[1;32m1.1424[0m[1;32m, [0m[1;32m1.25664[0m[1;32m, [0m[1;32m1.3823[0m[1;32m, [0m[1;32m[0m
[1;32m[Msg] [0m[1;32mperiods:     [0m[1;32m[Msg] [0m[1;32m5.5[0m[1;32m, [0m[1;32m[Msg] [0m[1;32m5[0m[1;32m, [0m[1;32m[Msg] [0m[1;32m4.54545[0m[1;32m, [0m[1;32m[Msg] [0m[1;32m[0m
[1;32m[Msg] [0m[1;32mphases:      [0m[1;32m0[0m[1;32m, [0m[1;32m0[0m[1;32m, [0m[1;32m0[0m[1;32m, [0m[1;32m[0m
[1;32m[Msg] [0m[1;32msteepnesses: [0m[1;32m0[0m[1;32m, [0m[1;32m0[0m[1;32m, [0m[1;32m0[0m[1;32m, [0m[1;32m[0m
[1;32m[Msg] [0m[1;32mdirections:  [0m[1;32m[Msg] [0m[1;32m0.921061[0m[1;32m [0m[1;32m-0.389418[0m[1;32m; [0m[1;32m[Msg] [0m[1;32m1[0m[1;32m [0m[1;32m0[0m[1;32m; [0m[1;32m[Msg] [0m[1;32m0.921061[0m[1;32m [0m[1;32m0.389418[0m[1;32m; [0m[1;32m[Msg] [0m[1;32m[0m
[1;36m[Dbg] [PolyhedraBuoyancyDrag.cc:236] [0m[1;36mFound buoyancy element(s), looking at each element...[0m[1;36m[0m
[1;36m[Dbg] [PolyhedraBuoyancyDrag.cc:248] [0m[1;36mBuoyancy object:[0m
[1;36m	Link: [0m[1;36mlink[0m[1;36m[[0m[1;36m138[0m[1;36m][0m
[1;36m	Pose: [0m[1;36m0[0m[1;36m [0m[1;36m0[0m[1;36m [0m[1;36m-0.02[0m[1;36m [0m[1;36m0[0m[1;36m [0m[1;36m0[0m[1;36m [0m[1;36m0[0m[1;36m[0m
[1;36m	Geometry: [0m[1;36mSphere:0.0285[0m[1;36m[0m
[1;36m	Mass: [0m[1;36m0.04[0m[1;36m[0m
[1;36m	Water height: [0m[1;36m0[0m[1;36m[0m
[1;36m	Water velocity: [0m[1;36m0[0m[1;36m[0m
[1;36m[0m
[1;36m[Dbg] [SystemManager.cc:80] [0m[1;36mLoaded system [[0m[1;36mvrx::PolyhedraBuoyancyDrag[0m[1;36m] for entity [[0m[1;36m137[0m[1;36m][0m[1;36m[0m
[1;32m[Msg] [0m[1;32mLoaded level [[0m[1;32mdefault[0m[1;32m][0m[1;32m[0m
[1;32m[Msg] [0m[1;32mServing world controls on [[0m[1;32m/world/sydney_regatta[0m[1;32m/control], [[0m[1;32m/world/sydney_regatta[0m[1;32m/control/state] and [[0m[1;32m/world/sydney_regatta[0m[1;32m/playback/control][0m[1;32m[0m
[1;32m[Msg] [0m[1;32mServing GUI information on [[0m[1;32m/world/sydney_regatta[0m[1;32m/[0m[1;32mgui/info[0m[1;32m][0m[1;32m[0m
[1;32m[Msg] [0m[1;32mWorld [[0m[1;32msydney_regatta[0m[1;32m] initialized with [[0m[1;32m4ms[0m[1;32m] physics profile.[0m[1;32m[0m
[1;32m[Msg] [0m[1;32mServing world SDF generation service on [[0m[1;32m/world/sydney_regatta[0m[1;32m/[0m[1;32mgenerate_world_sdf[0m[1;32m][0m[1;32m[0m
[1;32m[Msg] [0m[1;32mServing world names on [[0m[1;32m/gazebo/worlds[0m[1;32m][0m[1;32m[0m
[1;32m[Msg] [0m[1;32mResource path add service on [[0m[1;32m/gazebo/resource_paths/add[0m[1;32m].[0m[1;32m[0m
[1;32m[Msg] [0m[1;32mResource path get service on [[0m[1;32m/gazebo/resource_paths/get[0m[1;32m].[0m[1;32m[0m
[1;32m[Msg] [0m[1;32mResource path resolve service on [[0m[1;32m/gazebo/resource_paths/resolve[0m[1;32m].[0m[1;32m[0m
[1;32m[Msg] [0m[1;32mResource paths published on [[0m[1;32m/gazebo/resource_paths[0m[1;32m].[0m[1;32m[0m
[1;32m[Msg] [0m[1;32mServer control service on [[0m[1;32m/server_control[0m[1;32m].[0m[1;32m[0m
[1;32m[Msg] [0m[1;32mFound no publishers on /stats, adding root stats topic[0m[1;32m[0m
[1;32m[Msg] [0m[1;32mFound no publishers on /clock, adding root clock topic[0m[1;32m[0m
[1;36m[Dbg] [SimulationRunner.cc:533] [0m[1;36mCreating PostUpdate worker threads: [0m[1;36m8[0m[1;36m[0m
[1;36m[Dbg] [SimulationRunner.cc:544] [0m[1;36mCreating postupdate worker thread ([0m[1;36m0[0m[1;36m)[0m[1;36m[0m
[1;36m[Dbg] [SimulationRunner.cc:544] [0m[1;36mCreating postupdate worker thread ([0m[1;36m1[0m[1;36m)[0m[1;36m[0m
[1;36m[Dbg] [SimulationRunner.cc:544] [0m[1;36mCreating postupdate worker thread ([0m[1;36m2[0m[1;36m)[0m[1;36m[0m
[1;36m[Dbg] [SimulationRunner.cc:544] [0m[1;36mCreating postupdate worker thread ([0m[1;36m3[0m[1;36m)[0m[1;36m[0m
[1;36m[Dbg] [SimulationRunner.cc:544] [0m[1;36mCreating postupdate worker thread ([0m[1;36m4[0m[1;36m)[0m[1;36m[0m
[1;36m[Dbg] [SimulationRunner.cc:544] [0m[1;36mCreating postupdate worker thread ([0m[1;36m5[0m[1;36m)[0m[1;36m[0m
[1;36m[Dbg] [SimulationRunner.cc:544] [0m[1;36mCreating postupdate worker thread ([0m[1;36m6[0m[1;36m)[0m[1;36m[0m
[1;36m[Dbg] [SDFFeatures.cc:332] [0m[1;36mMesh construction from an SDF has not been implemented yet for [0m[1;36mdartsim. Use AttachMeshShapeFeature to use mesh shapes.[0m
[1;36m[Dbg] [SDFFeatures.cc:864] [0m[1;36mThe geometry element of collision [[0m[1;36mcollision[0m[1;36m] [0m[1;36mcouldn't be created[0m
[1;36m[Dbg] [SimulationFeatures.cc:90] [0m[1;36mSimulation timestep set to: [0m[1;36m0.004[0m[1;36m[0m
[1;32m[Msg] [0m[1;32mServing scene information on [[0m[1;32m/world/sydney_regatta[0m[1;32m/[0m[1;32mscene/info[0m[1;32m][0m[1;32m[0m
[1;32m[Msg] [0m[1;32mServing graph information on [[0m[1;32m/world/sydney_regatta[0m[1;32m/[0m[1;32mscene/graph[0m[1;32m][0m[1;32m[0m
[1;32m[Msg] [0m[1;32mServing full state on [[0m[1;32m/world/sydney_regatta[0m[1;32m/[0m[1;32mstate[0m[1;32m][0m[1;32m[0m
[1;32m[Msg] [0m[1;32mServing full state (async) on [[0m[1;32m/world/sydney_regatta[0m[1;32m/[0m[1;32mstate_async[0m[1;32m][0m[1;32m[0m
[1;32m[Msg] [0m[1;32mPublishing scene information on [[0m[1;32m/world/sydney_regatta/scene/info[0m[1;32m][0m[1;32m[0m
[1;32m[Msg] [0m[1;32mPublishing entity deletions on [[0m[1;32m/world/sydney_regatta/scene/deletion[0m[1;32m][0m[1;32m[0m
[1;32m[Msg] [0m[1;32mPublishing state changes on [[0m[1;32m/world/sydney_regatta/state[0m[1;32m][0m[1;32m[0m
[1;32m[Msg] [0m[1;32mPublishing pose messages on [[0m[1;32m/world/sydney_regatta[0m[1;32m/[0m[1;32mpose/info[0m[1;32m][0m[1;32m[0m
[1;32m[Msg] [0m[1;32mPublishing dynamic pose messages on [[0m[1;32m/world/sydney_regatta[0m[1;32m/[0m[1;32mdynamic_pose/info[0m[1;32m][0m[1;32m[0m
[1;36m[Dbg] [SignalHandler.cc:142] [0m[1;36mReceived signal[[0m[1;36m15[0m[1;36m].[0m
[1;36m[Dbg] [ServerPrivate.cc:122] [0m[1;36mServer received signal[[0m[1;36m15[0m[1;36m][0m
[1;36m[Dbg] [Sensors.cc:565] [0m[1;36mSensorsPrivate::Stop[0m[1;36m[0m
[1;36m[Dbg] [Sensors.cc:391] [0m[1;36mRendering Thread initialized[0m[1;36m[0m
[1;36m[Dbg] [Sensors.cc:551] [0m[1;36mSensorsPrivate::RenderThread stopped[0m[1;36m[0m
[1;36m[Dbg] [gz.cc:434] [0m[1;36mShutting down gz-sim-server[0m[1;36m[0m
[1;36m[Dbg] [SimulationRunner.cc:560] [Dbg] [SimulationRunner.cc:560] [0m[1;36mExiting postupdate worker thread ([0m[1;36m5[0m[1;36m)[0m[1;36m[0m
[1;36m[Dbg] [SimulationRunner.cc:560] [0m[1;36mExiting postupdate worker thread ([0m[1;36m3[0m[1;36m)[0m[1;36m[0m
[1;36m[Dbg] [SimulationRunner.cc:560] [0m[1;36mExiting postupdate worker thread ([0m[1;36m6[0m[1;36m)[0m[1;36m[0m
[1;36m[Dbg] [SimulationRunner.cc:560] [0m[1;36mExiting postupdate worker thread ([0m[1;36m0[0m[1;36m)[0m[1;36m[0m
[1;36m[Dbg] [SimulationRunner.cc:560] [0m[1;36mExiting postupdate worker thread ([0m[1;36m1[0m[1;36m)[0m[1;36m[0m
[1;36m[Dbg] [SimulationRunner.cc:560] [0m[1;36mExiting postupdate worker thread ([0m[1;36m4[0m[1;36m)[0m[1;36m[0m
[1;36mExiting postupdate worker thread ([0m[1;36m2[0m[1;36m)[0m[1;36m[0m
[1;36m[Dbg] [Sensors.cc:565] [0m[1;36mSensorsPrivate::Stop[0m[1;36m[0m

[1mWhat's next:[0m
    Debug this container error with Gordon → docker ai "help me fix this container error"
