^D[1A[1B[0G[?25l
[?25h[1A[0G[?25l[+] Building 0.0s (0/1)                                    docker:desktop-linux
[?25h[1A[0G[?25l[+] Building 0.2s (1/2)                                    docker:desktop-linux
 => [internal] load build definition from Dockerfile.vrx                   0.0s
 => => transferring dockerfile: 1.13kB                                     0.0s
 => WARN: FromPlatformFlagConstDisallowed: FROM --platform flag should no  0.0s
 => [internal] load metadata for ghcr.io/osrf/vrx-devel@sha256:6d018ab0c1  0.2s
[?25h[1A[1A[1A[1A[1A[0G[?25l[+] Building 0.3s (1/2)                                    docker:desktop-linux
 => [internal] load build definition from Dockerfile.vrx                   0.0s
 => => transferring dockerfile: 1.13kB                                     0.0s
 => WARN: FromPlatformFlagConstDisallowed: FROM --platform flag should no  0.0s
 => [internal] load metadata for ghcr.io/osrf/vrx-devel@sha256:6d018ab0c1  0.3s
[?25h[1A[1A[1A[1A[1A[0G[?25l[+] Building 0.5s (1/2)                                    docker:desktop-linux
 => [internal] load build definition from Dockerfile.vrx                   0.0s
 => => transferring dockerfile: 1.13kB                                     0.0s
 => WARN: FromPlatformFlagConstDisallowed: FROM --platform flag should no  0.0s
 => [internal] load metadata for ghcr.io/osrf/vrx-devel@sha256:6d018ab0c1  0.5s
[?25h[1A[1A[1A[1A[1A[0G[?25l[+] Building 0.6s (1/2)                                    docker:desktop-linux
 => [internal] load build definition from Dockerfile.vrx                   0.0s
 => => transferring dockerfile: 1.13kB                                     0.0s
 => WARN: FromPlatformFlagConstDisallowed: FROM --platform flag should no  0.0s
 => [internal] load metadata for ghcr.io/osrf/vrx-devel@sha256:6d018ab0c1  0.6s
[?25h[1A[1A[1A[1A[1A[0G[?25l[+] Building 0.8s (1/2)                                    docker:desktop-linux
 => [internal] load build definition from Dockerfile.vrx                   0.0s
 => => transferring dockerfile: 1.13kB                                     0.0s
 => WARN: FromPlatformFlagConstDisallowed: FROM --platform flag should no  0.0s
 => [internal] load metadata for ghcr.io/osrf/vrx-devel@sha256:6d018ab0c1  0.8s
[?25h[1A[1A[1A[1A[1A[0G[?25l[+] Building 0.9s (2/2)                                    docker:desktop-linux
 => [internal] load build definition from Dockerfile.vrx                   0.0s
 => => transferring dockerfile: 1.13kB                                     0.0s
 => WARN: FromPlatformFlagConstDisallowed: FROM --platform flag should no  0.0s
 => [internal] load metadata for ghcr.io/osrf/vrx-devel@sha256:6d018ab0c1  0.9s
[?25h[1A[1A[1A[1A[1A[0G[?25l[+] Building 1.0s (6/7)                                    docker:desktop-linux
 => exporting to image                                                     0.1s
 => => exporting layers                                                    0.0s
 => => exporting manifest sha256:209971d5177c2ea36ac6433f933c1dea648825c3  0.0s
 => => exporting config sha256:3a92c72acc56a467f5ba99f8eb87148d658e6c496c  0.0s
 => => exporting attestation manifest sha256:2dc4b4e6c9db287a142e87f1577c  0.0s
 => => exporting manifest list sha256:ba795828fa794fc6d4cdd8472e8db51aaef  0.0s
 => => naming to moby-dangling@sha256:ba795828fa794fc6d4cdd8472e8db51aaef  0.0s
 => => unpacking to moby-dangling@sha256:ba795828fa794fc6d4cdd8472e8db51a  0.0s
[?25h[1A[1A[1A[1A[1A[1A[1A[1A[1A[0G[?25l[+] Building 1.2s (7/7)                                    docker:desktop-linux
 => WARN: FromPlatformFlagConstDisallowed: FROM --platform flag should no  0.0s
 => => exporting layers                                                    0.0s
 => => exporting manifest sha256:209971d5177c2ea36ac6433f933c1dea648825c3  0.0s
 => => exporting config sha256:3a92c72acc56a467f5ba99f8eb87148d658e6c496c  0.0s
 => => exporting attestation manifest sha256:2dc4b4e6c9db287a142e87f1577c  0.0s
 => => exporting manifest list sha256:ba795828fa794fc6d4cdd8472e8db51aaef  0.0s
 => => naming to moby-dangling@sha256:ba795828fa794fc6d4cdd8472e8db51aaef  0.0s
 => => unpacking to moby-dangling@sha256:ba795828fa794fc6d4cdd8472e8db51a  0.0s
[?25h[1A[1A[1A[1A[1A[1A[1A[1A[1A[0G[?25l[+] Building 1.2s (7/7) FINISHED                           docker:desktop-linux
 => [internal] load build definition from Dockerfile.vrx                   0.0s
 => => transferring dockerfile: 1.13kB                                     0.0s
 => WARN: FromPlatformFlagConstDisallowed: FROM --platform flag should no  0.0s
 => [internal] load metadata for ghcr.io/osrf/vrx-devel@sha256:6d018ab0c1  0.9s
 => [internal] load .dockerignore                                          0.0s
 => => transferring context: 2B                                            0.0s
 => [1/3] FROM ghcr.io/osrf/vrx-devel@sha256:6d018ab0c1cf0d6fe1f3bf266c9f  0.0s
 => => resolve ghcr.io/osrf/vrx-devel@sha256:6d018ab0c1cf0d6fe1f3bf266c9f  0.0s
 => CACHED [2/3] WORKDIR /opt/vrx_ws                                       0.0s
 => CACHED [3/3] RUN mkdir -p src/vrx     && git -C src/vrx init     && g  0.0s
 => exporting to image                                                     0.1s
 => => exporting layers                                                    0.0s
 => => exporting manifest sha256:209971d5177c2ea36ac6433f933c1dea648825c3  0.0s
 => => exporting config sha256:3a92c72acc56a467f5ba99f8eb87148d658e6c496c  0.0s
 => => exporting attestation manifest sha256:2dc4b4e6c9db287a142e87f1577c  0.0s
 => => exporting manifest list sha256:ba795828fa794fc6d4cdd8472e8db51aaef  0.0s
 => => naming to moby-dangling@sha256:ba795828fa794fc6d4cdd8472e8db51aaef  0.0s
 => => unpacking to moby-dangling@sha256:ba795828fa794fc6d4cdd8472e8db51a  0.0s
[?25h
 [33m1 warning found (use docker --debug to expand):
[0m - FromPlatformFlagConstDisallowed: FROM --platform flag should not use constant value "linux/amd64" (line 3)
