^D#0 building with "desktop-linux" instance using docker driver

#1 [internal] load build definition from Dockerfile.vrx
#1 transferring dockerfile: 1.13kB done
#1 WARN: FromPlatformFlagConstDisallowed: FROM --platform flag should not use constant value "linux/amd64" (line 3)
#1 DONE 0.0s

#2 [internal] load metadata for ghcr.io/osrf/vrx-devel@sha256:6d018ab0c1cf0d6fe1f3bf266c9f1efac09cf9f6f40bc13ca437e5bbdaf7d1c4
#2 DONE 0.7s

#3 [internal] load .dockerignore
#3 transferring context: 2B done
#3 DONE 0.0s

#4 [1/3] FROM ghcr.io/osrf/vrx-devel@sha256:6d018ab0c1cf0d6fe1f3bf266c9f1efac09cf9f6f40bc13ca437e5bbdaf7d1c4
#4 resolve ghcr.io/osrf/vrx-devel@sha256:6d018ab0c1cf0d6fe1f3bf266c9f1efac09cf9f6f40bc13ca437e5bbdaf7d1c4 done
#4 DONE 0.3s

#5 [2/3] WORKDIR /opt/vrx_ws
#5 DONE 0.0s

#6 [3/3] RUN mkdir -p src/vrx     && git -C src/vrx init     && git -C src/vrx remote add origin https://github.com/osrf/vrx.git     && git -C src/vrx fetch --depth 1 origin "fda35961463c2ed8c44d6c646fe8ce773a3eaff1"     && git -C src/vrx checkout --detach FETCH_HEAD     && test "$(git -C src/vrx rev-parse HEAD)" = "fda35961463c2ed8c44d6c646fe8ce773a3eaff1"     && bash -lc 'source /opt/ros/jazzy/setup.bash && colcon build --merge-install'
#6 0.218 hint: Using 'master' as the name for the initial branch. This default branch name
#6 0.218 hint: is subject to change. To configure the initial branch name to use in all
#6 0.218 hint: of your new repositories, which will suppress this warning, call:
#6 0.218 hint: 
#6 0.218 hint: 	git config --global init.defaultBranch <name>
#6 0.218 hint: 
#6 0.218 hint: Names commonly chosen instead of 'master' are 'main', 'trunk' and
#6 0.218 hint: 'development'. The just-created branch can be renamed via this command:
#6 0.218 hint: 
#6 0.218 hint: 	git branch -m <name>
#6 0.227 Initialized empty Git repository in /opt/vrx_ws/src/vrx/.git/
#6 32.07 From https://github.com/osrf/vrx
#6 32.07  * branch            fda35961463c2ed8c44d6c646fe8ce773a3eaff1 -> FETCH_HEAD
#6 32.56 HEAD is now at fda3596 Update changelog
#6 34.09 Starting >>> vrx_gazebo
#6 34.10 Starting >>> vrx_ros
#6 109.6 Finished <<< vrx_gazebo [7.40s]
#6 109.6 Starting >>> wamv_description
#6 115.5 Finished <<< wamv_description [5.96s]
#6 115.5 Starting >>> wamv_gazebo
#6 120.3 Finished <<< wamv_gazebo [4.82s]
#6 124.2 Finished <<< vrx_ros [22.1s]
#6 124.2 Starting >>> vrx_gz
#6 170.1 [Processing: vrx_gz]
#6 170.1 Finished <<< vrx_gz [45.9s]
#6 170.2 
#6 170.2 Summary: 5 packages finished [1min 8s]
#6 DONE 170.4s

#7 exporting to image
#7 exporting layers
#7 exporting layers 12.4s done
#7 exporting manifest sha256:bef55cccd9e76ab99c80683399b322a50020e1bc8f10ad7ae6022835f242a2a3 0.0s done
#7 exporting config sha256:a9781c0474fe81dd63804f7caf0f05521b45a82474bb0cbd51c6585995b92648 0.0s done
#7 exporting attestation manifest sha256:b7960923f38212ee8a0543a7b97f95fdf98adcfc23a617b257b6047f2eab6f77 0.0s done
#7 exporting manifest list sha256:e080856c4a58d38f35940f58c89347fe40b65b464ba71b3238fd6df004069fa9 done
#7 naming to docker.io/library/icra27-vrx:v3.0.1 done
#7 DONE 12.5s

 [33m1 warning found (use docker --debug to expand):
[0m - FromPlatformFlagConstDisallowed: FROM --platform flag should not use constant value "linux/amd64" (line 3)
