(2026-08-21T16:02:12.321632386) (2026-08-21T16:02:12.322075427) [Msg] Gazebo Sim Server v8.10.0
(2026-08-21T16:02:12.324443302) (2026-08-21T16:02:12.324557677) [Msg] Setting seed value: 7319
(2026-08-21T16:02:12.480971969) (2026-08-21T16:02:12.481279011) [Msg] Loading SDF world file[/opt/vrx_ws/install/share/vrx_gz/worlds/sydney_regatta.sdf].
(2026-08-21T16:02:13.343652344) (2026-08-21T16:02:13.343895928) [Msg] Serving entity system service on [/entity/system/add]
(2026-08-21T16:02:13.433402303) (2026-08-21T16:02:13.433581261) [Dbg] [Physics.cc:899] Loaded [gz::physics::dartsim::Plugin] from library [/opt/ros/jazzy/opt/gz_physics_vendor/lib/gz-physics-7/engine-plugins/libgz-physics-dartsim-plugin.so]
(2026-08-21T16:02:13.434504678) (2026-08-21T16:02:13.434620469) [Dbg] [SystemManager.cc:80] Loaded system [gz::sim::systems::Physics] for entity [1]
(2026-08-21T16:02:13.442402011) (2026-08-21T16:02:13.442559719) [Msg] Create service on [/world/sydney_regatta/create_multiple] (async)
(2026-08-21T16:02:13.442914844) (2026-08-21T16:02:13.443007511) [Msg] Create service on [/world/sydney_regatta/create_multiple/blocking] (blocking)
(2026-08-21T16:02:13.443820886) (2026-08-21T16:02:13.443937553) [Msg] Remove service on [/world/sydney_regatta/remove] (async)
(2026-08-21T16:02:13.444266969) (2026-08-21T16:02:13.444358303) [Msg] Remove service on [/world/sydney_regatta/remove/blocking] (blocking)
(2026-08-21T16:02:13.445081053) (2026-08-21T16:02:13.445192511) [Msg] Pose service on [/world/sydney_regatta/set_pose] (async)
(2026-08-21T16:02:13.445749969) (2026-08-21T16:02:13.445845594) [Msg] Pose service on [/world/sydney_regatta/set_pose/blocking] (blocking)
(2026-08-21T16:02:13.446618011) (2026-08-21T16:02:13.446734053) [Msg] Pose service on [/world/sydney_regatta/set_pose_vector] (async)
(2026-08-21T16:02:13.447090053) (2026-08-21T16:02:13.447216511) [Msg] Pose service on [/world/sydney_regatta/set_pose_vector/blocking] (blocking)
(2026-08-21T16:02:13.448195011) (2026-08-21T16:02:13.448336219) [Msg] Light configuration service on [/world/sydney_regatta/light_config] (async)
(2026-08-21T16:02:13.448676844) (2026-08-21T16:02:13.448775053) [Msg] Light configuration service on [/world/sydney_regatta/light_config/blocking] (blocking)
(2026-08-21T16:02:13.451790178) (2026-08-21T16:02:13.451929136) [Msg] Physics service on [/world/sydney_regatta/set_physics] (async)
(2026-08-21T16:02:13.452336428) (2026-08-21T16:02:13.452461469) [Msg] Physics service on [/world/sydney_regatta/set_physics/blocking] (blocking)
(2026-08-21T16:02:13.453291303) (2026-08-21T16:02:13.453384553) [Msg] SphericalCoordinates service on [/world/sydney_regatta/set_spherical_coordinates] (async)
(2026-08-21T16:02:13.453667303) (2026-08-21T16:02:13.453757553) [Msg] SphericalCoordinates service on [/world/sydney_regatta/set_spherical_coordinates/blocking] (blocking)
(2026-08-21T16:02:13.454102553) (2026-08-21T16:02:13.454190803) [Msg] Enable collision service on [/world/sydney_regatta/enable_collision] (async)
(2026-08-21T16:02:13.454467303) (2026-08-21T16:02:13.454554511) [Msg] Enable collision service on [/world/sydney_regatta/enable_collision/blocking] (blocking)
(2026-08-21T16:02:13.454898678) (2026-08-21T16:02:13.455000136) [Msg] Disable collision service on [/world/sydney_regatta/disable_collision] (async)
(2026-08-21T16:02:13.455495386) (2026-08-21T16:02:13.455585011) [Msg] Disable collision service on [/world/sydney_regatta/disable_collision/blocking] (blocking)
(2026-08-21T16:02:13.456353886) (2026-08-21T16:02:13.456454594) [Msg] Material service on [/world/sydney_regatta/visual_config] (async)
(2026-08-21T16:02:13.456748928) (2026-08-21T16:02:13.456838636) [Msg] Material service on [/world/sydney_regatta/visual_config/blocking] (blocking)
(2026-08-21T16:02:13.457546553) (2026-08-21T16:02:13.457641844) [Msg] Material service on [/world/sydney_regatta/wheel_slip] (async)
(2026-08-21T16:02:13.457998678) (2026-08-21T16:02:13.458101136) [Msg] Material service on [/world/sydney_regatta/wheel_slip/blocking] (blocking)
(2026-08-21T16:02:13.458712178) (2026-08-21T16:02:13.458838886) [Dbg] [SystemManager.cc:80] Loaded system [gz::sim::systems::UserCommands] for entity [1]
(2026-08-21T16:02:13.474395386) (2026-08-21T16:02:13.474554261) [Dbg] [Sensors.cc:697] Configuring Sensors system
(2026-08-21T16:02:13.476637844) (2026-08-21T16:02:13.476771344) [Dbg] [Sensors.cc:557] SensorsPrivate::Run
(2026-08-21T16:02:13.477175178) (2026-08-21T16:02:13.477276469) [Dbg] [SystemManager.cc:80] Loaded system [gz::sim::systems::Sensors] for entity [1]
(2026-08-21T16:02:13.479093844) (2026-08-21T16:02:13.481111553) [Dbg] [Sensors.cc:532] SensorsPrivate::RenderThread started
(2026-08-21T16:02:13.481605636) (2026-08-21T16:02:13.481717386) [Dbg] [Sensors.cc:337] Waiting for init
(2026-08-21T16:02:13.482468011) (2026-08-21T16:02:13.482654678) [Dbg] [SystemManager.cc:80] Loaded system [gz::sim::systems::Imu] for entity [1]
(2026-08-21T16:02:13.486326553) (2026-08-21T16:02:13.486459344) [Dbg] [Magnetometer.cc:261] Magnetometer: using param [use_units_gauss: 1].
(2026-08-21T16:02:13.486976428) (2026-08-21T16:02:13.487083511) [Dbg] [Magnetometer.cc:269] Magnetometer: using param [use_earth_frame_ned: 1].
(2026-08-21T16:02:13.487428053) (2026-08-21T16:02:13.487549469) [Dbg] [SystemManager.cc:80] Loaded system [gz::sim::systems::Magnetometer] for entity [1]
(2026-08-21T16:02:13.491523969) (2026-08-21T16:02:13.491653178) [Dbg] [SystemManager.cc:80] Loaded system [gz::sim::systems::ForceTorque] for entity [1]
(2026-08-21T16:02:13.496493261) (2026-08-21T16:02:13.496664636) [Msg] Serving particle emitter information on [/world/sydney_regatta/particle_emitters]
(2026-08-21T16:02:13.497300719) (2026-08-21T16:02:13.497476219) [Dbg] [SystemManager.cc:80] Loaded system [gz::sim::systems::ParticleEmitter] for entity [1]
(2026-08-21T16:02:13.503468344) (2026-08-21T16:02:13.503723261) [Dbg] [SystemManager.cc:80] Loaded system [gz::sim::systems::SceneBroadcaster] for entity [1]
(2026-08-21T16:02:13.507381969) (2026-08-21T16:02:13.507484636) [Dbg] [SystemManager.cc:80] Loaded system [gz::sim::systems::Contact] for entity [1]
(2026-08-21T16:02:13.510865969) (2026-08-21T16:02:13.511129553) [Dbg] [SystemManager.cc:80] Loaded system [gz::sim::systems::NavSat] for entity [1]
(2026-08-21T16:02:13.529276553) (2026-08-21T16:02:13.529416594) [Dbg] [USVWind.cc:160] wamv loaded
(2026-08-21T16:02:13.531017011) (2026-08-21T16:02:13.531144594) [Msg] Wind direction unit vector = -0.5 -0.866025 0
(2026-08-21T16:02:13.531768969) (2026-08-21T16:02:13.531860219) [Msg] Wind mean velocity = 0
(2026-08-21T16:02:13.532148886) (2026-08-21T16:02:13.532248094) [Msg] var wind gain constants = 0
(2026-08-21T16:02:13.532482344) (2026-08-21T16:02:13.532571469) [Msg] var wind time constants = 2
(2026-08-21T16:02:13.532797886) (2026-08-21T16:02:13.532885636) [Msg] update rate  = 10
(2026-08-21T16:02:13.533224594) (2026-08-21T16:02:13.533331928) [Msg] topic wind speed  = /vrx/debug/wind/speed
(2026-08-21T16:02:13.533596469) (2026-08-21T16:02:13.533691469) [Msg] topic wind direction = /vrx/debug/wind/direction
(2026-08-21T16:02:13.534541053) (2026-08-21T16:02:13.534646261) [Msg] Random seed value = 10
(2026-08-21T16:02:13.535247053) (2026-08-21T16:02:13.535372719) [Msg] Var wind filter gain = 0
(2026-08-21T16:02:13.538090428) (2026-08-21T16:02:13.538223386) [Dbg] [SystemManager.cc:80] Loaded system [vrx::USVWind] for entity [1]
(2026-08-21T16:02:13.558787886) (2026-08-21T16:02:13.559015219) [Dbg] [SystemManager.cc:80] Loaded system [vrx::PublisherPlugin] for entity [1]
(2026-08-21T16:02:13.586289386) (2026-08-21T16:02:13.586456261) [Msg] Input Parameters:
(2026-08-21T16:02:13.586775844) (2026-08-21T16:02:13.586902344) [Msg] model:     PMS
(2026-08-21T16:02:13.587239636) (2026-08-21T16:02:13.587364594) [Msg] number:     3
(2026-08-21T16:02:13.587671928) (2026-08-21T16:02:13.587795219) [Msg] scale:      1.1
(2026-08-21T16:02:13.588130761) (2026-08-21T16:02:13.588251136) [Msg] angle:      0.4
(2026-08-21T16:02:13.588554386) (2026-08-21T16:02:13.588673719) [Msg] steepness:  0
(2026-08-21T16:02:13.588971178) (2026-08-21T16:02:13.589113261) [Msg] amplitude:  0
(2026-08-21T16:02:13.589441428) (2026-08-21T16:02:13.589595428) [Msg] period:     5
(2026-08-21T16:02:13.589872553) (2026-08-21T16:02:13.589974053) [Msg] direction:  0
(2026-08-21T16:02:13.590259636) (2026-08-21T16:02:13.590350719) [Msg] tau:  2
(2026-08-21T16:02:13.590573969) (2026-08-21T16:02:13.590664886) [Msg] gain:  1
(2026-08-21T16:02:13.590893803) (2026-08-21T16:02:13.590988053) [Msg] Derived Parameters:
(2026-08-21T16:02:13.591207428) (2026-08-21T16:02:13.591299386) [Msg] amplitudes:  0.121167, 0.130759, 0.128568, 
(2026-08-21T16:02:13.592744053) (2026-08-21T16:02:13.593018719) [Msg] wavenumbers: 0.133171, 0.161136, 0.194975, 
(2026-08-21T16:02:13.594084219) (2026-08-21T16:02:13.594198469) [Msg] omegas:      1.1424, 1.25664, 1.3823, 
(2026-08-21T16:02:13.594615011) (2026-08-21T16:02:13.594706344) [Msg] periods:     (2026-08-21T16:02:13.595070844) (2026-08-21T16:02:13.595158136) [Msg] 5.5, (2026-08-21T16:02:13.595416469) (2026-08-21T16:02:13.595502761) [Msg] 5, (2026-08-21T16:02:13.595854094) (2026-08-21T16:02:13.596033386) [Msg] 4.54545, (2026-08-21T16:02:13.596263219) (2026-08-21T16:02:13.596363136) [Msg] 
(2026-08-21T16:02:13.596605969) (2026-08-21T16:02:13.596723719) [Msg] phases:      0, 0, 0, 
(2026-08-21T16:02:13.597378761) (2026-08-21T16:02:13.597540219) [Msg] steepnesses: 0, 0, 0, 
(2026-08-21T16:02:13.598037011) (2026-08-21T16:02:13.598171886) [Msg] directions:  (2026-08-21T16:02:13.598494594) (2026-08-21T16:02:13.598596053) [Msg] 0.921061 -0.389418; (2026-08-21T16:02:13.599199428) (2026-08-21T16:02:13.599292553) [Msg] 1 0; (2026-08-21T16:02:13.599589344) (2026-08-21T16:02:13.599691136) [Msg] 0.921061 0.389418; (2026-08-21T16:02:13.600008303) (2026-08-21T16:02:13.600096011) [Msg] 
(2026-08-21T16:02:13.617203344) (2026-08-21T16:02:13.617324344) [Dbg] [SystemManager.cc:80] Loaded system [vrx::WaveVisual] for entity [17]
(2026-08-21T16:02:13.631747386) (2026-08-21T16:02:13.631910219) [Msg] Input Parameters:
(2026-08-21T16:02:13.632279386) (2026-08-21T16:02:13.632409136) [Msg] model:     PMS
(2026-08-21T16:02:13.632656719) (2026-08-21T16:02:13.632746178) [Msg] number:     3
(2026-08-21T16:02:13.632961761) (2026-08-21T16:02:13.633117761) [Msg] scale:      1.1
(2026-08-21T16:02:13.633393094) (2026-08-21T16:02:13.633532803) [Msg] angle:      0.4
(2026-08-21T16:02:13.633756511) (2026-08-21T16:02:13.633845886) [Msg] steepness:  0
(2026-08-21T16:02:13.634075761) (2026-08-21T16:02:13.634165428) [Msg] amplitude:  0
(2026-08-21T16:02:13.634389219) (2026-08-21T16:02:13.634475636) [Msg] period:     5
(2026-08-21T16:02:13.634679803) (2026-08-21T16:02:13.634767386) [Msg] direction:  0
(2026-08-21T16:02:13.634983261) (2026-08-21T16:02:13.635138928) [Msg] tau:  2
(2026-08-21T16:02:13.635406844) (2026-08-21T16:02:13.635495261) [Msg] gain:  1
(2026-08-21T16:02:13.635709761) (2026-08-21T16:02:13.635796678) [Msg] Derived Parameters:
(2026-08-21T16:02:13.635978553) (2026-08-21T16:02:13.636065011) [Msg] amplitudes:  0.121167, 0.130759, 0.128568, 
(2026-08-21T16:02:13.636556136) (2026-08-21T16:02:13.636672678) [Msg] wavenumbers: 0.133171, 0.161136, 0.194975, 
(2026-08-21T16:02:13.637201053) (2026-08-21T16:02:13.637293428) [Msg] omegas:      1.1424, 1.25664, 1.3823, 
(2026-08-21T16:02:13.637666678) (2026-08-21T16:02:13.637752553) [Msg] periods:     (2026-08-21T16:02:13.637909511) (2026-08-21T16:02:13.637994136) [Msg] 5.5, (2026-08-21T16:02:13.638172053) (2026-08-21T16:02:13.638256761) [Msg] 5, (2026-08-21T16:02:13.638590011) (2026-08-21T16:02:13.638706594) [Msg] 4.54545, (2026-08-21T16:02:13.638937053) (2026-08-21T16:02:13.639066844) [Msg] 
(2026-08-21T16:02:13.639241886) (2026-08-21T16:02:13.639370219) [Msg] phases:      0, 0, 0, 
(2026-08-21T16:02:13.639748261) (2026-08-21T16:02:13.639871136) [Msg] steepnesses: 0, 0, 0, 
(2026-08-21T16:02:13.640334261) (2026-08-21T16:02:13.640432928) [Msg] directions:  (2026-08-21T16:02:13.640750219) (2026-08-21T16:02:13.640940886) [Msg] 0.921061 -0.389418; (2026-08-21T16:02:13.641279969) (2026-08-21T16:02:13.641379803) [Msg] 1 0; (2026-08-21T16:02:13.641809053) (2026-08-21T16:02:13.641981386) [Msg] 0.921061 0.389418; (2026-08-21T16:02:13.642996761) (2026-08-21T16:02:13.643104594) [Msg] 
(2026-08-21T16:02:13.646438178) (2026-08-21T16:02:13.646595595) [Dbg] [PolyhedraBuoyancyDrag.cc:236] Found buoyancy element(s), looking at each element...
(2026-08-21T16:02:13.655141553) (2026-08-21T16:02:13.655267261) [Dbg] [PolyhedraBuoyancyDrag.cc:248] Buoyancy object:
	Link: link[19]
	Pose: 0 0 -0.3 0 0 0
	Geometry: Cylinder:0.325,0.1
	Mass: 20
	Water height: 0
	Water velocity: 0

(2026-08-21T16:02:13.664206345) (2026-08-21T16:02:13.664435678) [Dbg] [SystemManager.cc:80] Loaded system [vrx::PolyhedraBuoyancyDrag] for entity [18]
(2026-08-21T16:02:13.668140803) (2026-08-21T16:02:13.668283178) [Msg] Input Parameters:
(2026-08-21T16:02:13.668506428) (2026-08-21T16:02:13.668615595) [Msg] model:     PMS
(2026-08-21T16:02:13.668908511) (2026-08-21T16:02:13.669023136) [Msg] number:     3
(2026-08-21T16:02:13.669268928) (2026-08-21T16:02:13.669390886) [Msg] scale:      1.1
(2026-08-21T16:02:13.669697803) (2026-08-21T16:02:13.669830220) [Msg] angle:      0.4
(2026-08-21T16:02:13.670160261) (2026-08-21T16:02:13.670284053) [Msg] steepness:  0
(2026-08-21T16:02:13.670579761) (2026-08-21T16:02:13.670692470) [Msg] amplitude:  0
(2026-08-21T16:02:13.670975678) (2026-08-21T16:02:13.671095386) [Msg] period:     5
(2026-08-21T16:02:13.671381428) (2026-08-21T16:02:13.671475136) [Msg] direction:  0
(2026-08-21T16:02:13.671688595) (2026-08-21T16:02:13.671775095) [Msg] tau:  2
(2026-08-21T16:02:13.671986470) (2026-08-21T16:02:13.672110678) [Msg] gain:  1
(2026-08-21T16:02:13.672353345) (2026-08-21T16:02:13.672442178) [Msg] Derived Parameters:
(2026-08-21T16:02:13.672636011) (2026-08-21T16:02:13.672726386) [Msg] amplitudes:  0.121167, 0.130759, 0.128568, 
(2026-08-21T16:02:13.673238678) (2026-08-21T16:02:13.673353886) [Msg] wavenumbers: 0.133171, 0.161136, 0.194975, 
(2026-08-21T16:02:13.673861428) (2026-08-21T16:02:13.673986553) [Msg] omegas:      1.1424, 1.25664, 1.3823, 
(2026-08-21T16:02:13.674509845) (2026-08-21T16:02:13.674629928) [Msg] periods:     (2026-08-21T16:02:13.674797720) (2026-08-21T16:02:13.674883386) [Msg] 5.5, (2026-08-21T16:02:13.675062553) (2026-08-21T16:02:13.675147720) [Msg] 5, (2026-08-21T16:02:13.675325636) (2026-08-21T16:02:13.675415470) [Msg] 4.54545, (2026-08-21T16:02:13.675594136) (2026-08-21T16:02:13.675813011) [Msg] 
(2026-08-21T16:02:13.676041511) (2026-08-21T16:02:13.676143761) [Msg] phases:      0, 0, 0, 
(2026-08-21T16:02:13.676672428) (2026-08-21T16:02:13.676781261) [Msg] steepnesses: 0, 0, 0, 
(2026-08-21T16:02:13.677312095) (2026-08-21T16:02:13.677436095) [Msg] directions:  (2026-08-21T16:02:13.677630803) (2026-08-21T16:02:13.677719261) [Msg] 0.921061 -0.389418; (2026-08-21T16:02:13.678013428) (2026-08-21T16:02:13.678133928) [Msg] 1 0; (2026-08-21T16:02:13.678469136) (2026-08-21T16:02:13.678575803) [Msg] 0.921061 0.389418; (2026-08-21T16:02:13.678852720) (2026-08-21T16:02:13.678940470) [Msg] 
(2026-08-21T16:02:13.679195636) (2026-08-21T16:02:13.679282220) [Dbg] [PolyhedraBuoyancyDrag.cc:236] Found buoyancy element(s), looking at each element...
(2026-08-21T16:02:13.679791386) (2026-08-21T16:02:13.679946886) [Dbg] [PolyhedraBuoyancyDrag.cc:248] Buoyancy object:
	Link: link[24]
	Pose: 0 0 -0.3 0 0 0
	Geometry: Cylinder:0.325,0.1
	Mass: 20
	Water height: 0
	Water velocity: 0

(2026-08-21T16:02:13.682050428) (2026-08-21T16:02:13.682152053) [Dbg] [SystemManager.cc:80] Loaded system [vrx::PolyhedraBuoyancyDrag] for entity [23]
(2026-08-21T16:02:13.684048595) (2026-08-21T16:02:13.684161011) [Msg] Input Parameters:
(2026-08-21T16:02:13.684359636) (2026-08-21T16:02:13.684447720) [Msg] model:     PMS
(2026-08-21T16:02:13.684660386) (2026-08-21T16:02:13.684746803) [Msg] number:     3
(2026-08-21T16:02:13.684962136) (2026-08-21T16:02:13.685079178) [Msg] scale:      1.1
(2026-08-21T16:02:13.685314636) (2026-08-21T16:02:13.685407636) [Msg] angle:      0.4
(2026-08-21T16:02:13.685618095) (2026-08-21T16:02:13.685702261) [Msg] steepness:  0
(2026-08-21T16:02:13.685904970) (2026-08-21T16:02:13.685988511) [Msg] amplitude:  0
(2026-08-21T16:02:13.686209928) (2026-08-21T16:02:13.686367886) [Msg] period:     5
(2026-08-21T16:02:13.686609928) (2026-08-21T16:02:13.686699136) [Msg] direction:  0
(2026-08-21T16:02:13.686910720) (2026-08-21T16:02:13.686999178) [Msg] tau:  2
(2026-08-21T16:02:13.687208345) (2026-08-21T16:02:13.687305803) [Msg] gain:  1
(2026-08-21T16:02:13.687534636) (2026-08-21T16:02:13.687619886) [Msg] Derived Parameters:
(2026-08-21T16:02:13.687794970) (2026-08-21T16:02:13.687879886) [Msg] amplitudes:  0.121167, 0.130759, 0.128568, 
(2026-08-21T16:02:13.688241553) (2026-08-21T16:02:13.688325178) [Msg] wavenumbers: 0.133171, 0.161136, 0.194975, 
(2026-08-21T16:02:13.688722303) (2026-08-21T16:02:13.688809636) [Msg] omegas:      1.1424, 1.25664, 1.3823, 
(2026-08-21T16:02:13.689176803) (2026-08-21T16:02:13.689260136) [Msg] periods:     (2026-08-21T16:02:13.689407845) (2026-08-21T16:02:13.689492470) [Msg] 5.5, (2026-08-21T16:02:13.689701511) (2026-08-21T16:02:13.689785761) [Msg] 5, (2026-08-21T16:02:13.689971595) (2026-08-21T16:02:13.690093136) [Msg] 4.54545, (2026-08-21T16:02:13.690316720) (2026-08-21T16:02:13.690408470) [Msg] 
(2026-08-21T16:02:13.690933303) (2026-08-21T16:02:13.691216720) [Msg] phases:      0, 0, 0, 
(2026-08-21T16:02:13.692391845) (2026-08-21T16:02:13.692648345) [Msg] steepnesses: 0, 0, 0, 
(2026-08-21T16:02:13.693223928) (2026-08-21T16:02:13.693334386) [Msg] directions:  (2026-08-21T16:02:13.693515553) (2026-08-21T16:02:13.693634678) [Msg] 0.921061 -0.389418; (2026-08-21T16:02:13.693967053) (2026-08-21T16:02:13.694065220) [Msg] 1 0; (2026-08-21T16:02:13.694308220) (2026-08-21T16:02:13.694396261) [Msg] 0.921061 0.389418; (2026-08-21T16:02:13.694637803) (2026-08-21T16:02:13.694722511) [Msg] 
(2026-08-21T16:02:13.694980470) (2026-08-21T16:02:13.695103511) [Dbg] [PolyhedraBuoyancyDrag.cc:236] Found buoyancy element(s), looking at each element...
(2026-08-21T16:02:13.695727053) (2026-08-21T16:02:13.695845803) [Dbg] [PolyhedraBuoyancyDrag.cc:248] Buoyancy object:
	Link: link[29]
	Pose: 0 0 -0.3 0 0 0
	Geometry: Cylinder:0.325,0.1
	Mass: 20
	Water height: 0
	Water velocity: 0

(2026-08-21T16:02:13.698033553) (2026-08-21T16:02:13.698170095) [Dbg] [SystemManager.cc:80] Loaded system [vrx::PolyhedraBuoyancyDrag] for entity [28]
(2026-08-21T16:02:13.699737886) (2026-08-21T16:02:13.699850845) [Msg] Input Parameters:
(2026-08-21T16:02:13.700111595) (2026-08-21T16:02:13.700197970) [Msg] model:     PMS
(2026-08-21T16:02:13.700434595) (2026-08-21T16:02:13.700523511) [Msg] number:     3
(2026-08-21T16:02:13.700736886) (2026-08-21T16:02:13.700827470) [Msg] scale:      1.1
(2026-08-21T16:02:13.701186428) (2026-08-21T16:02:13.701289053) [Msg] angle:      0.4
(2026-08-21T16:02:13.701552761) (2026-08-21T16:02:13.701719470) [Msg] steepness:  0
(2026-08-21T16:02:13.702108095) (2026-08-21T16:02:13.702208761) [Msg] amplitude:  0
(2026-08-21T16:02:13.702455511) (2026-08-21T16:02:13.702583345) [Msg] period:     5
(2026-08-21T16:02:13.702823428) (2026-08-21T16:02:13.702912511) [Msg] direction:  0
(2026-08-21T16:02:13.703135345) (2026-08-21T16:02:13.703220636) [Msg] tau:  2
(2026-08-21T16:02:13.703428595) (2026-08-21T16:02:13.703514553) [Msg] gain:  1
(2026-08-21T16:02:13.703726761) (2026-08-21T16:02:13.703812720) [Msg] Derived Parameters:
(2026-08-21T16:02:13.704007803) (2026-08-21T16:02:13.704114345) [Msg] amplitudes:  0.121167, 0.130759, 0.128568, 
(2026-08-21T16:02:13.704487511) (2026-08-21T16:02:13.704570220) [Msg] wavenumbers: 0.133171, 0.161136, 0.194975, 
(2026-08-21T16:02:13.704920803) (2026-08-21T16:02:13.705036011) [Msg] omegas:      1.1424, 1.25664, 1.3823, 
(2026-08-21T16:02:13.705559803) (2026-08-21T16:02:13.705667261) [Msg] periods:     (2026-08-21T16:02:13.705836220) (2026-08-21T16:02:13.705924720) [Msg] 5.5, (2026-08-21T16:02:13.706110345) (2026-08-21T16:02:13.706209761) [Msg] 5, (2026-08-21T16:02:13.706431928) (2026-08-21T16:02:13.706534678) [Msg] 4.54545, (2026-08-21T16:02:13.706722053) (2026-08-21T16:02:13.706809428) [Msg] 
(2026-08-21T16:02:13.706965845) (2026-08-21T16:02:13.707055178) [Msg] phases:      0, 0, 0, 
(2026-08-21T16:02:13.707476095) (2026-08-21T16:02:13.707710136) [Msg] steepnesses: 0, 0, 0, 
(2026-08-21T16:02:13.708127678) (2026-08-21T16:02:13.708216053) [Msg] directions:  (2026-08-21T16:02:13.708364720) (2026-08-21T16:02:13.708480636) [Msg] 0.921061 -0.389418; (2026-08-21T16:02:13.708796220) (2026-08-21T16:02:13.708885053) [Msg] 1 0; (2026-08-21T16:02:13.709223720) (2026-08-21T16:02:13.709316761) [Msg] 0.921061 0.389418; (2026-08-21T16:02:13.709590678) (2026-08-21T16:02:13.709678261) [Msg] 
(2026-08-21T16:02:13.709921261) (2026-08-21T16:02:13.710010136) [Dbg] [PolyhedraBuoyancyDrag.cc:236] Found buoyancy element(s), looking at each element...
(2026-08-21T16:02:13.710521345) (2026-08-21T16:02:13.710638678) [Dbg] [PolyhedraBuoyancyDrag.cc:248] Buoyancy object:
	Link: link[34]
	Pose: 0 0 -0.3 0 0 0
	Geometry: Cylinder:0.325,0.1
	Mass: 20
	Water height: 0
	Water velocity: 0

(2026-08-21T16:02:13.712201011) (2026-08-21T16:02:13.712307136) [Dbg] [SystemManager.cc:80] Loaded system [vrx::PolyhedraBuoyancyDrag] for entity [33]
(2026-08-21T16:02:13.714862970) (2026-08-21T16:02:13.715046928) [Msg] Input Parameters:
(2026-08-21T16:02:13.715245678) (2026-08-21T16:02:13.715333553) [Msg] model:     PMS
(2026-08-21T16:02:13.715538136) (2026-08-21T16:02:13.715620261) [Msg] number:     3
(2026-08-21T16:02:13.715836386) (2026-08-21T16:02:13.715941470) [Msg] scale:      1.1
(2026-08-21T16:02:13.716209053) (2026-08-21T16:02:13.716297803) [Msg] angle:      0.4
(2026-08-21T16:02:13.716511928) (2026-08-21T16:02:13.716647303) [Msg] steepness:  0
(2026-08-21T16:02:13.716966345) (2026-08-21T16:02:13.717081470) [Msg] amplitude:  0
(2026-08-21T16:02:13.717417220) (2026-08-21T16:02:13.717553845) [Msg] period:     5
(2026-08-21T16:02:13.717856720) (2026-08-21T16:02:13.718015761) [Msg] direction:  0
(2026-08-21T16:02:13.718343386) (2026-08-21T16:02:13.718437178) [Msg] tau:  2
(2026-08-21T16:02:13.718746053) (2026-08-21T16:02:13.719014261) [Msg] gain:  1
(2026-08-21T16:02:13.719351511) (2026-08-21T16:02:13.719470845) [Msg] Derived Parameters:
(2026-08-21T16:02:13.719687928) (2026-08-21T16:02:13.719782303) [Msg] amplitudes:  0.121167, 0.130759, 0.128568, 
(2026-08-21T16:02:13.720213720) (2026-08-21T16:02:13.720301303) [Msg] wavenumbers: 0.133171, 0.161136, 0.194975, 
(2026-08-21T16:02:13.720668261) (2026-08-21T16:02:13.720761761) [Msg] omegas:      1.1424, 1.25664, 1.3823, 
(2026-08-21T16:02:13.721131553) (2026-08-21T16:02:13.721218553) [Msg] periods:     (2026-08-21T16:02:13.721368886) (2026-08-21T16:02:13.721459345) [Msg] 5.5, (2026-08-21T16:02:13.721639428) (2026-08-21T16:02:13.721729261) [Msg] 5, (2026-08-21T16:02:13.721913970) (2026-08-21T16:02:13.722006220) [Msg] 4.54545, (2026-08-21T16:02:13.722367345) (2026-08-21T16:02:13.722466261) [Msg] 
(2026-08-21T16:02:13.722630720) (2026-08-21T16:02:13.722723220) [Msg] phases:      0, 0, 0, 
(2026-08-21T16:02:13.723225845) (2026-08-21T16:02:13.723330386) [Msg] steepnesses: 0, 0, 0, 
(2026-08-21T16:02:13.723686345) (2026-08-21T16:02:13.723769720) [Msg] directions:  (2026-08-21T16:02:13.723914720) (2026-08-21T16:02:13.723998261) [Msg] 0.921061 -0.389418; (2026-08-21T16:02:13.724242345) (2026-08-21T16:02:13.724331761) [Msg] 1 0; (2026-08-21T16:02:13.724571928) (2026-08-21T16:02:13.724657511) [Msg] 0.921061 0.389418; (2026-08-21T16:02:13.724925136) (2026-08-21T16:02:13.725011386) [Msg] 
(2026-08-21T16:02:13.725297761) (2026-08-21T16:02:13.725421720) [Dbg] [PolyhedraBuoyancyDrag.cc:236] Found buoyancy element(s), looking at each element...
(2026-08-21T16:02:13.725927845) (2026-08-21T16:02:13.726048928) [Dbg] [PolyhedraBuoyancyDrag.cc:248] Buoyancy object:
	Link: link[39]
	Pose: 0 0 0 0 0 0
	Geometry: Sphere:0.21
	Mass: 3.5
	Water height: 0
	Water velocity: 0

(2026-08-21T16:02:13.727753886) (2026-08-21T16:02:13.727886928) [Dbg] [SystemManager.cc:80] Loaded system [vrx::PolyhedraBuoyancyDrag] for entity [38]
(2026-08-21T16:02:13.729615428) (2026-08-21T16:02:13.729753595) [Msg] Input Parameters:
(2026-08-21T16:02:13.730047220) (2026-08-21T16:02:13.730167220) [Msg] model:     PMS
(2026-08-21T16:02:13.730494886) (2026-08-21T16:02:13.730609136) [Msg] number:     3
(2026-08-21T16:02:13.730923345) (2026-08-21T16:02:13.731120386) [Msg] scale:      1.1
(2026-08-21T16:02:13.731538595) (2026-08-21T16:02:13.731668803) [Msg] angle:      0.4
(2026-08-21T16:02:13.732035678) (2026-08-21T16:02:13.732168678) [Msg] steepness:  0
(2026-08-21T16:02:13.732444553) (2026-08-21T16:02:13.732553178) [Msg] amplitude:  0
(2026-08-21T16:02:13.732877303) (2026-08-21T16:02:13.733014220) [Msg] period:     5
(2026-08-21T16:02:13.733257928) (2026-08-21T16:02:13.733432386) [Msg] direction:  0
(2026-08-21T16:02:13.733863720) (2026-08-21T16:02:13.734034595) [Msg] tau:  2
(2026-08-21T16:02:13.734400720) (2026-08-21T16:02:13.734502553) [Msg] gain:  1
(2026-08-21T16:02:13.734945261) (2026-08-21T16:02:13.735117970) [Msg] Derived Parameters:
(2026-08-21T16:02:13.735401053) (2026-08-21T16:02:13.735527470) [Msg] amplitudes:  0.121167, 0.130759, 0.128568, 
(2026-08-21T16:02:13.736150178) (2026-08-21T16:02:13.736240720) [Msg] wavenumbers: 0.133171, 0.161136, 0.194975, 
(2026-08-21T16:02:13.736606053) (2026-08-21T16:02:13.736694303) [Msg] omegas:      1.1424, 1.25664, 1.3823, 
(2026-08-21T16:02:13.737059053) (2026-08-21T16:02:13.737143720) [Msg] periods:     (2026-08-21T16:02:13.737307678) (2026-08-21T16:02:13.737393886) [Msg] 5.5, (2026-08-21T16:02:13.737570261) (2026-08-21T16:02:13.737654845) [Msg] 5, (2026-08-21T16:02:13.738008011) (2026-08-21T16:02:13.738392511) [Msg] 4.54545, (2026-08-21T16:02:13.738863345) (2026-08-21T16:02:13.739166220) [Msg] 
(2026-08-21T16:02:13.739460636) (2026-08-21T16:02:13.739559803) [Msg] phases:      0, 0, 0, 
(2026-08-21T16:02:13.739942220) (2026-08-21T16:02:13.740028303) [Msg] steepnesses: 0, 0, 0, 
(2026-08-21T16:02:13.740385345) (2026-08-21T16:02:13.740470303) [Msg] directions:  (2026-08-21T16:02:13.740617095) (2026-08-21T16:02:13.740703928) [Msg] 0.921061 -0.389418; (2026-08-21T16:02:13.741039178) (2026-08-21T16:02:13.741129678) [Msg] 1 0; (2026-08-21T16:02:13.741370636) (2026-08-21T16:02:13.741455511) [Msg] 0.921061 0.389418; (2026-08-21T16:02:13.741692095) (2026-08-21T16:02:13.741776803) [Msg] 
(2026-08-21T16:02:13.741999470) (2026-08-21T16:02:13.742082136) [Dbg] [PolyhedraBuoyancyDrag.cc:236] Found buoyancy element(s), looking at each element...
(2026-08-21T16:02:13.742411011) (2026-08-21T16:02:13.742493386) [Dbg] [PolyhedraBuoyancyDrag.cc:248] Buoyancy object:
	Link: link[43]
	Pose: 0 0 0 0 0 0
	Geometry: Sphere:0.21
	Mass: 3.5
	Water height: 0
	Water velocity: 0

(2026-08-21T16:02:13.744049345) (2026-08-21T16:02:13.744167136) [Dbg] [SystemManager.cc:80] Loaded system [vrx::PolyhedraBuoyancyDrag] for entity [42]
(2026-08-21T16:02:13.747185511) (2026-08-21T16:02:13.747299720) [Msg] Input Parameters:
(2026-08-21T16:02:13.747503345) (2026-08-21T16:02:13.747595178) [Msg] model:     PMS
(2026-08-21T16:02:13.747823761) (2026-08-21T16:02:13.747960553) [Msg] number:     3
(2026-08-21T16:02:13.748269220) (2026-08-21T16:02:13.748363178) [Msg] scale:      1.1
(2026-08-21T16:02:13.748634511) (2026-08-21T16:02:13.748739095) [Msg] angle:      0.4
(2026-08-21T16:02:13.748954928) (2026-08-21T16:02:13.749041636) [Msg] steepness:  0
(2026-08-21T16:02:13.749286970) (2026-08-21T16:02:13.749386636) [Msg] amplitude:  0
(2026-08-21T16:02:13.749635220) (2026-08-21T16:02:13.749756803) [Msg] period:     5
(2026-08-21T16:02:13.750057345) (2026-08-21T16:02:13.750179470) [Msg] direction:  0
(2026-08-21T16:02:13.750479095) (2026-08-21T16:02:13.750593720) [Msg] tau:  2
(2026-08-21T16:02:13.750864011) (2026-08-21T16:02:13.750955720) [Msg] gain:  1
(2026-08-21T16:02:13.751188886) (2026-08-21T16:02:13.751276595) [Msg] Derived Parameters:
(2026-08-21T16:02:13.751453511) (2026-08-21T16:02:13.751538136) [Msg] amplitudes:  0.121167, 0.130759, 0.128568, 
(2026-08-21T16:02:13.751953178) (2026-08-21T16:02:13.752050345) [Msg] wavenumbers: 0.133171, 0.161136, 0.194975, 
(2026-08-21T16:02:13.752448095) (2026-08-21T16:02:13.752536511) [Msg] omegas:      1.1424, 1.25664, 1.3823, 
(2026-08-21T16:02:13.753026761) (2026-08-21T16:02:13.753154303) [Msg] periods:     (2026-08-21T16:02:13.753370970) (2026-08-21T16:02:13.753531220) [Msg] 5.5, (2026-08-21T16:02:13.753736595) (2026-08-21T16:02:13.753850595) [Msg] 5, (2026-08-21T16:02:13.754034053) (2026-08-21T16:02:13.754119303) [Msg] 4.54545, (2026-08-21T16:02:13.754293553) (2026-08-21T16:02:13.754378136) [Msg] 
(2026-08-21T16:02:13.754524636) (2026-08-21T16:02:13.754636178) [Msg] phases:      0, 0, 0, 
(2026-08-21T16:02:13.754994511) (2026-08-21T16:02:13.755080553) [Msg] steepnesses: 0, 0, 0, 
(2026-08-21T16:02:13.755617553) (2026-08-21T16:02:13.755718303) [Msg] directions:  (2026-08-21T16:02:13.755883511) (2026-08-21T16:02:13.755974720) [Msg] 0.921061 -0.389418; (2026-08-21T16:02:13.756330011) (2026-08-21T16:02:13.756420636) [Msg] 1 0; (2026-08-21T16:02:13.756711345) (2026-08-21T16:02:13.756796303) [Msg] 0.921061 0.389418; (2026-08-21T16:02:13.757142345) (2026-08-21T16:02:13.757256178) [Msg] 
(2026-08-21T16:02:13.757502428) (2026-08-21T16:02:13.757604136) [Dbg] [PolyhedraBuoyancyDrag.cc:236] Found buoyancy element(s), looking at each element...
(2026-08-21T16:02:13.757973095) (2026-08-21T16:02:13.758075511) [Dbg] [PolyhedraBuoyancyDrag.cc:248] Buoyancy object:
	Link: link[138]
	Pose: 0 0 -0.02 0 0 0
	Geometry: Sphere:0.0285
	Mass: 0.04
	Water height: 0
	Water velocity: 0

(2026-08-21T16:02:13.759670053) (2026-08-21T16:02:13.759863386) [Dbg] [SystemManager.cc:80] Loaded system [vrx::PolyhedraBuoyancyDrag] for entity [137]
(2026-08-21T16:02:13.766385386) (2026-08-21T16:02:13.766523928) [Msg] Loaded level [default]
(2026-08-21T16:02:13.767700220) (2026-08-21T16:02:13.767815928) [Dbg] [ServerConfig.cc:657] Generating LogRecord SDF:
(2026-08-21T16:02:13.768715095) (2026-08-21T16:02:13.768810178) [Dbg] [ServerConfig.cc:713] <plugin name='gz::sim::systems::LogRecord' filename='gz-sim-log-system'>
  <record_path>/evidence/seed-7319-b</record_path>
  <record_resources>false</record_resources>
  <record_topic>/world/sydney_regatta/dynamic_pose/info</record_topic>
</plugin>

(2026-08-21T16:02:13.778704011) (2026-08-21T16:02:13.778837053) [Msg] Recording to log file [/evidence/seed-7319-b/state.tlog]
(2026-08-21T16:02:13.779380095) (2026-08-21T16:02:13.779487636) [Dbg] [LogRecord.cc:333] Recording default topic[/seed-7319-b/sdf].
(2026-08-21T16:02:13.779778386) (2026-08-21T16:02:13.779974803) [Dbg] [LogRecord.cc:334] Recording default topic[/world/sydney_regatta/changed_state].
(2026-08-21T16:02:13.784173470) (2026-08-21T16:02:13.784295303) [Dbg] [LogRecord.cc:356] Recording topic[/world/sydney_regatta/dynamic_pose/info] as plain topic.
(2026-08-21T16:02:13.834753470) (2026-08-21T16:02:13.834897595) [Dbg] [SystemManager.cc:80] Loaded system [gz::sim::systems::LogRecord] for entity [1]
(2026-08-21T16:02:13.844170636) (2026-08-21T16:02:13.844282345) [Msg] Serving world controls on [/world/sydney_regatta/control], [/world/sydney_regatta/control/state] and [/world/sydney_regatta/playback/control]
(2026-08-21T16:02:13.845214095) (2026-08-21T16:02:13.845373261) [Msg] Serving GUI information on [/world/sydney_regatta/gui/info]
(2026-08-21T16:02:13.845627261) (2026-08-21T16:02:13.845698886) [Msg] World [sydney_regatta] initialized with [4ms] physics profile.
(2026-08-21T16:02:13.846689511) (2026-08-21T16:02:13.846793178) [Msg] Serving world SDF generation service on [/world/sydney_regatta/generate_world_sdf]
(2026-08-21T16:02:13.847869178) (2026-08-21T16:02:13.848022886) [Msg] Serving world names on [/gazebo/worlds]
(2026-08-21T16:02:13.848647553) (2026-08-21T16:02:13.848878095) [Msg] Resource path add service on [/gazebo/resource_paths/add].
(2026-08-21T16:02:13.849433970) (2026-08-21T16:02:13.849579470) [Msg] Resource path get service on [/gazebo/resource_paths/get].
(2026-08-21T16:02:13.850556845) (2026-08-21T16:02:13.850688970) [Msg] Resource path resolve service on [/gazebo/resource_paths/resolve].
(2026-08-21T16:02:13.956493761) (2026-08-21T16:02:13.956732136) [Msg] Resource paths published on [/gazebo/resource_paths].
(2026-08-21T16:02:13.957557011) (2026-08-21T16:02:13.957694178) [Msg] Server control service on [/server_control].
(2026-08-21T16:02:14.374027345) (2026-08-21T16:02:14.374240887) [Msg] Found no publishers on /stats, adding root stats topic
(2026-08-21T16:02:14.375330845) (2026-08-21T16:02:14.375490178) [Msg] Found no publishers on /clock, adding root clock topic
(2026-08-21T16:02:14.379757678) (2026-08-21T16:02:14.380236970) [Dbg] [SimulationRunner.cc:533] Creating PostUpdate worker threads: 9
(2026-08-21T16:02:14.380780803) (2026-08-21T16:02:14.380895720) [Dbg] [SimulationRunner.cc:544] Creating postupdate worker thread (0)
(2026-08-21T16:02:14.381786928) (2026-08-21T16:02:14.382311887) [Dbg] [SimulationRunner.cc:544] Creating postupdate worker thread (1)
(2026-08-21T16:02:14.383470387) (2026-08-21T16:02:14.383731595) [Dbg] [SimulationRunner.cc:544] Creating postupdate worker thread (2)
(2026-08-21T16:02:14.385070595) (2026-08-21T16:02:14.385318762) [Dbg] [SimulationRunner.cc:544] Creating postupdate worker thread (3)
(2026-08-21T16:02:14.386037637) (2026-08-21T16:02:14.386260762) [Dbg] [SimulationRunner.cc:544] Creating postupdate worker thread (4)
(2026-08-21T16:02:14.386881387) (2026-08-21T16:02:14.387103012) [Dbg] [SimulationRunner.cc:544] Creating postupdate worker thread (5)
(2026-08-21T16:02:14.387807095) (2026-08-21T16:02:14.387999178) [Dbg] [SimulationRunner.cc:544] Creating postupdate worker thread (6)
(2026-08-21T16:02:14.389836095) (2026-08-21T16:02:14.390085387) [Dbg] [SimulationRunner.cc:544] Creating postupdate worker thread (7)
(2026-08-21T16:02:14.505811345) (2026-08-21T16:02:14.506258345) [Msg] Thruster listening to commands on [wamv/thrusters/left/thrust]
(2026-08-21T16:02:14.508543095) (2026-08-21T16:02:14.509286428) [Msg] Thruster listening to enable_deadband on [wamv/thrusters/left/thrust/enable_deadband]
(2026-08-21T16:02:14.511915762) (2026-08-21T16:02:14.512336137) [Dbg] [Thruster.cc:496] Using velocity control for propeller joint.
(2026-08-21T16:02:14.513228345) (2026-08-21T16:02:14.513593637) [Dbg] [SystemManager.cc:80] Loaded system [gz::sim::systems::Thruster] for entity [143]
(2026-08-21T16:02:14.520969345) (2026-08-21T16:02:14.521847928) [Msg] JointPositionController subscribing to Double messages on [wamv/thrusters/left/pos]
(2026-08-21T16:02:14.522800345) (2026-08-21T16:02:14.522912553) [Dbg] [JointPositionController.cc:302] [JointPositionController] system parameters:
(2026-08-21T16:02:14.523340553) (2026-08-21T16:02:14.523526012) [Dbg] [JointPositionController.cc:303] p_gain: [1]
(2026-08-21T16:02:14.525074512) (2026-08-21T16:02:14.525423178) [Dbg] [JointPositionController.cc:304] i_gain: [0.1]
(2026-08-21T16:02:14.526084553) (2026-08-21T16:02:14.526505720) [Dbg] [JointPositionController.cc:305] d_gain: [0.01]
(2026-08-21T16:02:14.529470678) (2026-08-21T16:02:14.529697762) [Dbg] [JointPositionController.cc:306] i_max: [1]
(2026-08-21T16:02:14.530425053) (2026-08-21T16:02:14.531154012) [Dbg] [JointPositionController.cc:307] i_min: [-1]
(2026-08-21T16:02:14.533244803) (2026-08-21T16:02:14.533550637) [Dbg] [JointPositionController.cc:308] cmd_max: [1000]
(2026-08-21T16:02:14.534448345) (2026-08-21T16:02:14.534663720) [Dbg] [JointPositionController.cc:309] cmd_min: [-1000]
(2026-08-21T16:02:14.541720887) (2026-08-21T16:02:14.542077762) [Dbg] [JointPositionController.cc:310] cmd_offset: [0]
(2026-08-21T16:02:14.544553678) (2026-08-21T16:02:14.544954970) [Dbg] [JointPositionController.cc:311] Topic: [wamv/thrusters/left/pos]
(2026-08-21T16:02:14.546519970) (2026-08-21T16:02:14.547560012) [Dbg] [JointPositionController.cc:312] initial_position: [0]
(2026-08-21T16:02:14.549587803) (2026-08-21T16:02:14.550618470) [Dbg] [SystemManager.cc:80] Loaded system [gz::sim::systems::JointPositionController] for entity [143]
(2026-08-21T16:02:14.554756928) (2026-08-21T16:02:14.555546553) [Msg] Thruster listening to commands on [wamv/thrusters/right/thrust]
(2026-08-21T16:02:14.557552137) (2026-08-21T16:02:14.558640512) [Msg] Thruster listening to enable_deadband on [wamv/thrusters/right/thrust/enable_deadband]
(2026-08-21T16:02:14.563461470) (2026-08-21T16:02:14.563680428) [Dbg] [Thruster.cc:496] Using velocity control for propeller joint.
(2026-08-21T16:02:14.565024678) (2026-08-21T16:02:14.565546012) [Dbg] [SystemManager.cc:80] Loaded system [gz::sim::systems::Thruster] for entity [143]
(2026-08-21T16:02:14.572016137) (2026-08-21T16:02:14.572634178) [Msg] JointPositionController subscribing to Double messages on [wamv/thrusters/right/pos]
(2026-08-21T16:02:14.576609762) (2026-08-21T16:02:14.577540595) [Dbg] [JointPositionController.cc:302] [JointPositionController] system parameters:
(2026-08-21T16:02:14.578345720) (2026-08-21T16:02:14.578612720) [Dbg] [JointPositionController.cc:303] p_gain: [1]
(2026-08-21T16:02:14.581501387) (2026-08-21T16:02:14.581891262) [Dbg] [JointPositionController.cc:304] i_gain: [0.1]
(2026-08-21T16:02:14.583175762) (2026-08-21T16:02:14.583649178) [Dbg] [JointPositionController.cc:305] d_gain: [0.01]
(2026-08-21T16:02:14.585517970) (2026-08-21T16:02:14.585841970) [Dbg] [JointPositionController.cc:306] i_max: [1]
(2026-08-21T16:02:14.587454928) (2026-08-21T16:02:14.587795595) [Dbg] [JointPositionController.cc:307] i_min: [-1]
(2026-08-21T16:02:14.589709928) (2026-08-21T16:02:14.590023678) [Dbg] [JointPositionController.cc:308] cmd_max: [1000]
(2026-08-21T16:02:14.591151803) (2026-08-21T16:02:14.591323678) [Dbg] [JointPositionController.cc:309] cmd_min: [-1000]
(2026-08-21T16:02:14.593656762) (2026-08-21T16:02:14.593890637) [Dbg] [JointPositionController.cc:310] cmd_offset: [0]
(2026-08-21T16:02:14.594363720) (2026-08-21T16:02:14.594671887) [Dbg] [JointPositionController.cc:311] Topic: [wamv/thrusters/right/pos]
(2026-08-21T16:02:14.596321928) (2026-08-21T16:02:14.597383053) [Dbg] [JointPositionController.cc:312] initial_position: [0]
(2026-08-21T16:02:14.608198512) (2026-08-21T16:02:14.608566970) [Dbg] [SystemManager.cc:80] Loaded system [gz::sim::systems::JointPositionController] for entity [143]
(2026-08-21T16:02:14.632874803) (2026-08-21T16:02:14.633445012) [Msg] Input Parameters:
(2026-08-21T16:02:14.634254928) (2026-08-21T16:02:14.634449428) [Msg] model:     PMS
(2026-08-21T16:02:14.635626262) (2026-08-21T16:02:14.636461553) [Msg] number:     3
(2026-08-21T16:02:14.636897303) (2026-08-21T16:02:14.637594178) [Msg] scale:      1.1
(2026-08-21T16:02:14.638553762) (2026-08-21T16:02:14.639099095) [Msg] angle:      0.4
(2026-08-21T16:02:14.642658887) (2026-08-21T16:02:14.644132387) [Msg] steepness:  0
(2026-08-21T16:02:14.645759178) (2026-08-21T16:02:14.646121595) [Msg] amplitude:  0
(2026-08-21T16:02:14.648410595) (2026-08-21T16:02:14.648972553) [Msg] period:     5
(2026-08-21T16:02:14.650253220) (2026-08-21T16:02:14.651175012) [Msg] direction:  0
(2026-08-21T16:02:14.653900637) (2026-08-21T16:02:14.654458262) [Msg] tau:  2
(2026-08-21T16:02:14.657040012) (2026-08-21T16:02:14.657648553) [Msg] gain:  1
(2026-08-21T16:02:14.661442095) (2026-08-21T16:02:14.662967303) [Msg] Derived Parameters:
(2026-08-21T16:02:14.666501553) (2026-08-21T16:02:14.666981220) [Msg] amplitudes:  0.121167, 0.130759, 0.128568, 
(2026-08-21T16:02:14.673060137) (2026-08-21T16:02:14.673447887) [Msg] wavenumbers: 0.133171, 0.161136, 0.194975, 
(2026-08-21T16:02:14.674386095) (2026-08-21T16:02:14.674766345) [Msg] omegas:      1.1424, 1.25664, 1.3823, 
(2026-08-21T16:02:14.677802720) (2026-08-21T16:02:14.678422678) [Msg] periods:     (2026-08-21T16:02:14.680338970) (2026-08-21T16:02:14.680642178) [Msg] 5.5, (2026-08-21T16:02:14.681101220) (2026-08-21T16:02:14.681275762) [Msg] 5, (2026-08-21T16:02:14.681824137) (2026-08-21T16:02:14.682120970) [Msg] 4.54545, (2026-08-21T16:02:14.682687178) (2026-08-21T16:02:14.683248970) [Msg] 
(2026-08-21T16:02:14.683568345) (2026-08-21T16:02:14.683681053) [Msg] phases:      0, 0, 0, 
(2026-08-21T16:02:14.686522095) (2026-08-21T16:02:14.687584887) [Msg] steepnesses: 0, 0, 0, 
(2026-08-21T16:02:14.690206137) (2026-08-21T16:02:14.690329512) [Msg] directions:  (2026-08-21T16:02:14.690538553) (2026-08-21T16:02:14.690651887) [Msg] 0.921061 -0.389418; (2026-08-21T16:02:14.691071803) (2026-08-21T16:02:14.691207637) [Msg] 1 0; (2026-08-21T16:02:14.691589720) (2026-08-21T16:02:14.693041345) [Msg] 0.921061 0.389418; (2026-08-21T16:02:14.694928428) (2026-08-21T16:02:14.696394220) [Msg] 
(2026-08-21T16:02:14.697714678) (2026-08-21T16:02:14.698338303) [Dbg] [Surface.cc:188] Surface plugin successfully configured with the following parameters:
(2026-08-21T16:02:14.700896095) (2026-08-21T16:02:14.701452345) [Dbg] [Surface.cc:190]   <link_name>: wamv/base_link
(2026-08-21T16:02:14.702803345) (2026-08-21T16:02:14.703421303) [Dbg] [Surface.cc:191]   <vehicle_length>: 4.9
(2026-08-21T16:02:14.706014512) (2026-08-21T16:02:14.706221887) [Dbg] [Surface.cc:192]   <hull_radius>: 0.213
(2026-08-21T16:02:14.706562678) (2026-08-21T16:02:14.706697553) [Dbg] [Surface.cc:193]   <fluid_level>: 0
(2026-08-21T16:02:14.707008678) (2026-08-21T16:02:14.707138845) [Dbg] [Surface.cc:194]   <fluid_density>: 997.774
(2026-08-21T16:02:14.707445387) (2026-08-21T16:02:14.707678762) [Dbg] [Surface.cc:195]   <points>:
(2026-08-21T16:02:14.708060845) (2026-08-21T16:02:14.708263512) [Dbg] [Surface.cc:197]     [0.6 1.03 0]
(2026-08-21T16:02:14.710010845) (2026-08-21T16:02:14.710182887) [Dbg] [Surface.cc:197]     [-1.4 1.03 0]
(2026-08-21T16:02:14.716196345) (2026-08-21T16:02:14.716318137) [Dbg] [SystemManager.cc:80] Loaded system [vrx::Surface] for entity [143]
(2026-08-21T16:02:14.717618428) (2026-08-21T16:02:14.717757428) [Msg] Input Parameters:
(2026-08-21T16:02:14.717948678) (2026-08-21T16:02:14.718043803) [Msg] model:     PMS
(2026-08-21T16:02:14.718292678) (2026-08-21T16:02:14.718498928) [Msg] number:     3
(2026-08-21T16:02:14.718924637) (2026-08-21T16:02:14.719122512) [Msg] scale:      1.1
(2026-08-21T16:02:14.719433637) (2026-08-21T16:02:14.719556637) [Msg] angle:      0.4
(2026-08-21T16:02:14.719817762) (2026-08-21T16:02:14.719961720) [Msg] steepness:  0
(2026-08-21T16:02:14.720268137) (2026-08-21T16:02:14.720369887) [Msg] amplitude:  0
(2026-08-21T16:02:14.720685262) (2026-08-21T16:02:14.720806262) [Msg] period:     5
(2026-08-21T16:02:14.721121762) (2026-08-21T16:02:14.721216095) [Msg] direction:  0
(2026-08-21T16:02:14.721648220) (2026-08-21T16:02:14.722301262) [Msg] tau:  2
(2026-08-21T16:02:14.722977262) (2026-08-21T16:02:14.723118678) [Msg] gain:  1
(2026-08-21T16:02:14.723416803) (2026-08-21T16:02:14.723538262) [Msg] Derived Parameters:
(2026-08-21T16:02:14.723793137) (2026-08-21T16:02:14.723901678) [Msg] amplitudes:  0.121167, 0.130759, 0.128568, 
(2026-08-21T16:02:14.724339053) (2026-08-21T16:02:14.724433970) [Msg] wavenumbers: 0.133171, 0.161136, 0.194975, 
(2026-08-21T16:02:14.725240220) (2026-08-21T16:02:14.725448428) [Msg] omegas:      1.1424, 1.25664, 1.3823, 
(2026-08-21T16:02:14.727572803) (2026-08-21T16:02:14.727685262) [Msg] periods:     (2026-08-21T16:02:14.727894803) (2026-08-21T16:02:14.727989303) [Msg] 5.5, (2026-08-21T16:02:14.728205720) (2026-08-21T16:02:14.728295053) [Msg] 5, (2026-08-21T16:02:14.728475303) (2026-08-21T16:02:14.728567220) [Msg] 4.54545, (2026-08-21T16:02:14.728976387) (2026-08-21T16:02:14.729133928) [Msg] 
(2026-08-21T16:02:14.729669637) (2026-08-21T16:02:14.729950220) [Msg] phases:      0, 0, 0, 
(2026-08-21T16:02:14.730772970) (2026-08-21T16:02:14.731559303) [Msg] steepnesses: 0, 0, 0, 
(2026-08-21T16:02:14.732425512) (2026-08-21T16:02:14.732534845) [Msg] directions:  (2026-08-21T16:02:14.732699095) (2026-08-21T16:02:14.732795303) [Msg] 0.921061 -0.389418; (2026-08-21T16:02:14.733068012) (2026-08-21T16:02:14.733156553) [Msg] 1 0; (2026-08-21T16:02:14.733541262) (2026-08-21T16:02:14.734105303) [Msg] 0.921061 0.389418; (2026-08-21T16:02:14.734711178) (2026-08-21T16:02:14.734831887) [Msg] 
(2026-08-21T16:02:14.735079720) (2026-08-21T16:02:14.735230095) [Dbg] [Surface.cc:188] Surface plugin successfully configured with the following parameters:
(2026-08-21T16:02:14.735474512) (2026-08-21T16:02:14.736024053) [Dbg] [Surface.cc:190]   <link_name>: wamv/base_link
(2026-08-21T16:02:14.736810303) (2026-08-21T16:02:14.736923553) [Dbg] [Surface.cc:191]   <vehicle_length>: 4.9
(2026-08-21T16:02:14.737213928) (2026-08-21T16:02:14.737309303) [Dbg] [Surface.cc:192]   <hull_radius>: 0.213
(2026-08-21T16:02:14.737597970) (2026-08-21T16:02:14.737694553) [Dbg] [Surface.cc:193]   <fluid_level>: 0
(2026-08-21T16:02:14.737975137) (2026-08-21T16:02:14.738126803) [Dbg] [Surface.cc:194]   <fluid_density>: 997.774
(2026-08-21T16:02:14.738404053) (2026-08-21T16:02:14.738541470) [Dbg] [Surface.cc:195]   <points>:
(2026-08-21T16:02:14.738897887) (2026-08-21T16:02:14.739061470) [Dbg] [Surface.cc:197]     [0.6 -1.03 0]
(2026-08-21T16:02:14.739978762) (2026-08-21T16:02:14.740085720) [Dbg] [Surface.cc:197]     [-1.4 -1.03 0]
(2026-08-21T16:02:14.741127970) (2026-08-21T16:02:14.741320845) [Dbg] [SystemManager.cc:80] Loaded system [vrx::Surface] for entity [143]
(2026-08-21T16:02:14.759660012) (2026-08-21T16:02:14.759986220) [Dbg] [SimpleHydrodynamics.cc:164] SimpleHydrodynamics plugin successfully configured with the following parameters:
(2026-08-21T16:02:14.760449803) (2026-08-21T16:02:14.760550178) [Dbg] [SimpleHydrodynamics.cc:166]   <link_name>: wamv/base_link
(2026-08-21T16:02:14.760784762) (2026-08-21T16:02:14.760871428) [Dbg] [SimpleHydrodynamics.cc:167]   <xDotU>: 0
(2026-08-21T16:02:14.761185178) (2026-08-21T16:02:14.761315387) [Dbg] [SimpleHydrodynamics.cc:168]   <yDotV>: 0
(2026-08-21T16:02:14.761890262) (2026-08-21T16:02:14.762097678) [Dbg] [SimpleHydrodynamics.cc:169]   <zDotW>: 0.1
(2026-08-21T16:02:14.762444803) (2026-08-21T16:02:14.762648470) [Dbg] [SimpleHydrodynamics.cc:170]   <kDotP>: 0.1
(2026-08-21T16:02:14.762974595) (2026-08-21T16:02:14.763152262) [Dbg] [SimpleHydrodynamics.cc:171]   <mDotQ>: 0.1
(2026-08-21T16:02:14.763514887) (2026-08-21T16:02:14.763640345) [Dbg] [SimpleHydrodynamics.cc:172]   <nDotR>: 0
(2026-08-21T16:02:14.764216928) (2026-08-21T16:02:14.764381470) [Dbg] [SimpleHydrodynamics.cc:173]   <xU>: 100
(2026-08-21T16:02:14.764691095) (2026-08-21T16:02:14.765143470) [Dbg] [SimpleHydrodynamics.cc:174]   <xUU>: 150
(2026-08-21T16:02:14.765597137) (2026-08-21T16:02:14.765744720) [Dbg] [SimpleHydrodynamics.cc:175]   <yV>: 100
(2026-08-21T16:02:14.766160553) (2026-08-21T16:02:14.766265803) [Dbg] [SimpleHydrodynamics.cc:176]   <yVV>: 100
(2026-08-21T16:02:14.766755428) (2026-08-21T16:02:14.767176762) [Dbg] [SimpleHydrodynamics.cc:177]   <zW>: 500
(2026-08-21T16:02:14.767606095) (2026-08-21T16:02:14.767708970) [Dbg] [SimpleHydrodynamics.cc:178]   <zWW>: 0
(2026-08-21T16:02:14.767952803) (2026-08-21T16:02:14.768166553) [Dbg] [SimpleHydrodynamics.cc:179]   <kP>: 300
(2026-08-21T16:02:14.768515803) (2026-08-21T16:02:14.768933553) [Dbg] [SimpleHydrodynamics.cc:180]   <kPP>: 600
(2026-08-21T16:02:14.770183262) (2026-08-21T16:02:14.770592387) [Dbg] [SimpleHydrodynamics.cc:181]   <mQ>: 900
(2026-08-21T16:02:14.771515595) (2026-08-21T16:02:14.771696178) [Dbg] [SimpleHydrodynamics.cc:182]   <mQQ>: 900
(2026-08-21T16:02:14.773007595) (2026-08-21T16:02:14.773184262) [Dbg] [SimpleHydrodynamics.cc:183]   <nR>: 800
(2026-08-21T16:02:14.773511095) (2026-08-21T16:02:14.773606803) [Dbg] [SimpleHydrodynamics.cc:184]   <nRR>: 800
(2026-08-21T16:02:14.773926845) (2026-08-21T16:02:14.774243970) [Dbg] [SystemManager.cc:80] Loaded system [vrx::SimpleHydrodynamics] for entity [143]
(2026-08-21T16:02:14.779981845) (2026-08-21T16:02:14.780114012) [Dbg] [DetachableJoint.cc:137] Detach topic is: /vrx/release
(2026-08-21T16:02:14.782435887) (2026-08-21T16:02:14.782556428) [Dbg] [DetachableJoint.cc:143] DetachableJoint subscribing to messages on [/vrx/release]
(2026-08-21T16:02:14.782904678) (2026-08-21T16:02:14.783002387) [Dbg] [DetachableJoint.cc:160] Attach topic is: /model/wamv/detachable_joint/attach
(2026-08-21T16:02:14.784023262) (2026-08-21T16:02:14.784157887) [Dbg] [DetachableJoint.cc:195] Output topic is: /model/platform/detachable_joint/state
(2026-08-21T16:02:14.785773137) (2026-08-21T16:02:14.785882178) [Dbg] [SystemManager.cc:80] Loaded system [gz::sim::systems::DetachableJoint] for entity [143]
(2026-08-21T16:02:14.791437803) (2026-08-21T16:02:14.791553970) [Dbg] [SystemManager.cc:80] Loaded system [gz::sim::systems::PosePublisher] for entity [143]
(2026-08-21T16:02:14.797095845) (2026-08-21T16:02:14.797305678) [Dbg] [SystemManager.cc:80] Loaded system [gz::sim::systems::JointStatePublisher] for entity [143]
(2026-08-21T16:02:14.823521762) (2026-08-21T16:02:14.823676637) [Dbg] [SystemManager.cc:80] Loaded system [vrx::AcousticPingerPlugin] for entity [143]
(2026-08-21T16:02:14.863914887) (2026-08-21T16:02:14.864120637) [Dbg] [BallShooterPlugin.cc:212] <projectile><model_name>: blue_projectile
(2026-08-21T16:02:14.864470095) (2026-08-21T16:02:14.864598095) [Dbg] [BallShooterPlugin.cc:213] <projectile><link_name>: link
(2026-08-21T16:02:14.865218887) (2026-08-21T16:02:14.865399012) [Dbg] [BallShooterPlugin.cc:214] <frame>: wamv/ball_shooter_launcher_link
(2026-08-21T16:02:14.865948803) (2026-08-21T16:02:14.866128470) [Dbg] [BallShooterPlugin.cc:215] <num_shots>: 4
(2026-08-21T16:02:14.866565595) (2026-08-21T16:02:14.866671262) [Dbg] [BallShooterPlugin.cc:216] <pose>: 0.14 0 0 0 0 0
(2026-08-21T16:02:14.868448637) (2026-08-21T16:02:14.868558970) [Dbg] [BallShooterPlugin.cc:218] <shot_force>: 65
(2026-08-21T16:02:14.868852720) (2026-08-21T16:02:14.868962970) [Dbg] [BallShooterPlugin.cc:219] <topic>: wamv/shooters/ball_shooter/fire
(2026-08-21T16:02:14.869635012) (2026-08-21T16:02:14.869747720) [Dbg] [SystemManager.cc:80] Loaded system [vrx::BallShooterPlugin] for entity [143]
(2026-08-21T16:02:14.871624720) (2026-08-21T16:02:14.871772262) [Dbg] [UserCommands.cc:1094] Created entity [143] named [wamv]
(2026-08-21T16:02:14.880815553) (2026-08-21T16:02:14.880989137) [Msg] Contact system publishing on /vrx/contacts
(2026-08-21T16:02:14.882783178) (2026-08-21T16:02:14.882899512) [Dbg] [USVWind.cc:282] wamv initialized
(2026-08-21T16:02:14.939715970) (2026-08-21T16:02:14.939862428) [Dbg] [SDFFeatures.cc:332] Mesh construction from an SDF has not been implemented yet for dartsim. Use AttachMeshShapeFeature to use mesh shapes.
(2026-08-21T16:02:14.940265178) (2026-08-21T16:02:14.940379928) [Dbg] [SDFFeatures.cc:864] The geometry element of collision [collision] couldn't be created
(2026-08-21T16:02:15.124316137) (2026-08-21T16:02:15.124559220) [Dbg] [SimulationFeatures.cc:90] Simulation timestep set to: 0.004
(2026-08-21T16:02:15.165326595) (2026-08-21T16:02:15.165510387) [Dbg] [Sensors.cc:953] Initialization needed
(2026-08-21T16:02:15.167339054) (2026-08-21T16:02:15.167679179) [Dbg] [Sensors.cc:349] Initializing render context
(2026-08-21T16:02:15.191432970) (2026-08-21T16:02:15.191648345) [Msg] Loading plugin [gz-rendering-ogre2]
(2026-08-21T16:02:15.226859179) (2026-08-21T16:02:15.227121845) [Dbg] [ImuSensor.cc:150] IMU data for [wamv::wamv/imu_wamv_link::imu_wamv_sensor] advertised on [world/sydney_regatta/model/wamv/link/wamv/imu_wamv_link/sensor/imu_wamv_sensor/imu]
(2026-08-21T16:02:15.283802595) (2026-08-21T16:02:15.283965970) [Wrn] [Ogre2RenderEngine.cc:551] Unable to open display: . Trying to run in headless mode.
(2026-08-21T16:02:15.285526387) (2026-08-21T16:02:15.287295970) [Msg] Serving scene information on [/world/sydney_regatta/scene/info]
(2026-08-21T16:02:15.290346345) (2026-08-21T16:02:15.290691720) [Msg] Serving graph information on [/world/sydney_regatta/scene/graph]
(2026-08-21T16:02:15.293503429) (2026-08-21T16:02:15.293715387) [Msg] Serving full state on [/world/sydney_regatta/state]
(2026-08-21T16:02:15.294554845) (2026-08-21T16:02:15.296138054) [Wrn] [Component.hh:127] (2026-08-21T16:02:15.296474512) (2026-08-21T16:02:15.296709845) [Msg] Trying to serialize component with data type [Serving full state (async) on [/world/sydney_regatta/state_async]
St10shared_ptrIN3sdf3v147ElementEE], which doesn't have `operator<<`. Component will not be serialized.
(2026-08-21T16:02:15.298718262) (2026-08-21T16:02:15.299096470) [Msg] Publishing scene information on [/world/sydney_regatta/scene/info]
(2026-08-21T16:02:15.304143887) (2026-08-21T16:02:15.304428512) [Msg] Publishing entity deletions on [/world/sydney_regatta/scene/deletion]
(2026-08-21T16:02:15.305287345) (2026-08-21T16:02:15.305494762) [Msg] Publishing state changes on [/world/sydney_regatta/state]
(2026-08-21T16:02:15.307254179) (2026-08-21T16:02:15.307440179) [Msg] Publishing pose messages on [/world/sydney_regatta/pose/info]
(2026-08-21T16:02:15.308254054) (2026-08-21T16:02:15.308554845) [Msg] Publishing dynamic pose messages on [/world/sydney_regatta/dynamic_pose/info]
((2026-08-21T16:02:15.346605012) (2026-08-21T16:02:15.346890679) [Dbg] [SimulationRunner.cc:560] Exiting postupdate worker thread (6)
(2026-08-21T16:02:15.347594095) (2026-08-21T16:02:15.347837304) [Dbg] [SimulationRunner.cc:560] Exiting postupdate worker thread (7)
(2026-08-21T16:02:15.348520512) (2026-08-21T16:02:15.348702137) [Dbg] [SimulationRunner.cc:560] Exiting postupdate worker thread (5)
2026-08-21T16:02:15.346463429) (2026-08-21T16:02:15.349381762) [Dbg] [SimulationRunner.cc:560] Exiting postupdate worker thread (0)
(2026-08-21T16:02:15.349804054) (2026-08-21T16:02:15.349942970) [Dbg] [SimulationRunner.cc:560] Exiting postupdate worker thread (3)
(2026-08-21T16:02:15.350403095) (2026-08-21T16:02:15.350553887) [Dbg] [SimulationRunner.cc:560] Exiting postupdate worker thread (2)
(2026-08-21T16:02:15.350977929) (2026-08-21T16:02:15.351181220) [Dbg] [SimulationRunner.cc:560] Exiting postupdate worker thread (4)
(2026-08-21T16:02:15.351572387) (2026-08-21T16:02:15.351687512) [Dbg] [SimulationRunner.cc:560] Exiting postupdate worker thread (1)
(2026-08-21T16:02:15.352424345) (2026-08-21T16:02:15.352517345) [Dbg] [SimulationRunner.cc:533] Creating PostUpdate worker threads: 13
(2026-08-21T16:02:15.352875845) (2026-08-21T16:02:15.352999512) [Dbg] [SimulationRunner.cc:544] Creating postupdate worker thread (0)
(2026-08-21T16:02:15.371677804) (2026-08-21T16:02:15.371867970) [Dbg] [SimulationRunner.cc:544] Creating postupdate worker thread (1)
(2026-08-21T16:02:15.372314179) (2026-08-21T16:02:15.372430929) [Dbg] [SimulationRunner.cc:544] Creating postupdate worker thread (2)
(2026-08-21T16:02:15.372782179) (2026-08-21T16:02:15.372917095) [Dbg] [SimulationRunner.cc:544] Creating postupdate worker thread (3)
(2026-08-21T16:02:15.373441762) (2026-08-21T16:02:15.373621804) [Dbg] [SimulationRunner.cc:544] Creating postupdate worker thread (4)
(2026-08-21T16:02:15.374143054) (2026-08-21T16:02:15.374297429) [Dbg] [SimulationRunner.cc:544] Creating postupdate worker thread (5)
(2026-08-21T16:02:15.374704845) (2026-08-21T16:02:15.374798387) [Dbg] [SimulationRunner.cc:544] Creating postupdate worker thread (6)
(2026-08-21T16:02:15.375142470) (2026-08-21T16:02:15.375264095) [Dbg] [SimulationRunner.cc:544] Creating postupdate worker thread (7)
(2026-08-21T16:02:15.375695345) (2026-08-21T16:02:15.375843429) [Dbg] [SimulationRunner.cc:544] Creating postupdate worker thread (8)
(2026-08-21T16:02:15.376233095) (2026-08-21T16:02:15.376376679) [Dbg] [SimulationRunner.cc:544] Creating postupdate worker thread (9)
(2026-08-21T16:02:15.376785554) (2026-08-21T16:02:15.376917595) [Dbg] [SimulationRunner.cc:544] Creating postupdate worker thread (10)
(2026-08-21T16:02:15.377371512) (2026-08-21T16:02:15.377500720) [Dbg] [SimulationRunner.cc:544] Creating postupdate worker thread (11)
(2026-08-21T16:02:15.385406095) (2026-08-21T16:02:15.385541012) [Dbg] [JointPositionController.cc:376] Identified joint [wamv/left_chassis_engine_joint] as Entity [244]
(2026-08-21T16:02:15.387048637) (2026-08-21T16:02:15.387191179) [Dbg] [JointPositionController.cc:376] Identified joint [wamv/right_chassis_engine_joint] as Entity [247]
(2026-08-21T16:02:15.426109345) (2026-08-21T16:02:15.426251762) [Wrn] [DetachableJoint.cc:348] Child Link dummy_upper could not be found.
(2026-08-21T16:02:16.112278762) (2026-08-21T16:02:16.112476221) [Dbg] [RenderUtil.cc:2646] Create scene [scene]
(2026-08-21T16:02:16.850326721) (2026-08-21T16:02:16.850543138) [Dbg] [Sensors.cc:391] Rendering Thread initialized
(2026-08-21T16:02:16.850920471) (2026-08-21T16:02:16.851113179) [Dbg] [Sensors.cc:953] Initialization needed
(2026-08-21T16:02:16.867015679) (2026-08-21T16:02:16.867226304) [Wrn] [DetachableJoint.cc:348] Child Link dummy_upper could not be found.
(2026-08-21T16:02:28.43274795) (2026-08-21T16:02:28.43584670) [Dbg] [CameraSensor.cc:405] Camera images for [wamv::wamv/base_link::front_left_camera_sensor] advertised on [world/sydney_regatta/model/wamv/link/wamv/base_link/sensor/front_left_camera_sensor/image]
(2026-08-21T16:02:28.45256712) (2026-08-21T16:02:28.45494254) [Dbg] [CameraSensor.cc:695] Camera info for [wamv::wamv/base_link::front_left_camera_sensor] advertised on [/world/sydney_regatta/model/wamv/link/wamv/base_link/sensor/front_left_camera_sensor/camera_info]
(2026-08-21T16:02:28.50294879) (2026-08-21T16:02:28.50448795) [Wrn] [Ogre2Camera.cc:421] Ogre2Camera::SetVisibilityMask: Mask bits c0000000 are set but will be ignored as they conflict with the reserved bits used internally by the ogre2 backend.
(2026-08-21T16:02:28.56978462) (2026-08-21T16:02:28.57169212) [Dbg] [CameraSensor.cc:405] Camera images for [wamv::wamv/base_link::front_right_camera_sensor] advertised on [world/sydney_regatta/model/wamv/link/wamv/base_link/sensor/front_right_camera_sensor/image]
(2026-08-21T16:02:28.57927670) (2026-08-21T16:02:28.58063170) [Dbg] [CameraSensor.cc:695] Camera info for [wamv::wamv/base_link::front_right_camera_sensor] advertised on [/world/sydney_regatta/model/wamv/link/wamv/base_link/sensor/front_right_camera_sensor/camera_info]
(2026-08-21T16:02:28.58683587) (2026-08-21T16:02:28.58776420) [Wrn] [Ogre2Camera.cc:421] Ogre2Camera::SetVisibilityMask: Mask bits c0000000 are set but will be ignored as they conflict with the reserved bits used internally by the ogre2 backend.
(2026-08-21T16:02:28.60072837) (2026-08-21T16:02:28.60301712) [Dbg] [CameraSensor.cc:405] Camera images for [wamv::wamv/base_link::middle_right_camera_sensor] advertised on [world/sydney_regatta/model/wamv/link/wamv/base_link/sensor/middle_right_camera_sensor/image]
(2026-08-21T16:02:28.60988129) (2026-08-21T16:02:28.61476962) [Dbg] [CameraSensor.cc:695] Camera info for [wamv::wamv/base_link::middle_right_camera_sensor] advertised on [/world/sydney_regatta/model/wamv/link/wamv/base_link/sensor/middle_right_camera_sensor/camera_info]
(2026-08-21T16:02:28.62115295) (2026-08-21T16:02:28.62261587) [Wrn] [Ogre2Camera.cc:421] Ogre2Camera::SetVisibilityMask: Mask bits c0000000 are set but will be ignored as they conflict with the reserved bits used internally by the ogre2 backend.
(2026-08-21T16:02:28.64638754) (2026-08-21T16:02:28.64865545) [Dbg] [Lidar.cc:139] Laser scans for [wamv::wamv/base_link::lidar_wamv_sensor] advertised on [world/sydney_regatta/model/wamv/link/wamv/base_link/sensor/lidar_wamv_sensor/scan]
(2026-08-21T16:02:28.66763045) (2026-08-21T16:02:28.66944920) [Dbg] [GpuLidarSensor.cc:164] Lidar points for [wamv::wamv/base_link::lidar_wamv_sensor] advertised on [world/sydney_regatta/model/wamv/link/wamv/base_link/sensor/lidar_wamv_sensor/scan/points]
(2026-08-21T16:02:28.172571045) (2026-08-21T16:02:28.172747045) [Dbg] [CameraSensor.cc:504] Enabling camera sensor: 'wamv::wamv/base_link::front_left_camera_sensor' data generation.
(2026-08-21T16:02:32.947051173) (2026-08-21T16:02:32.947390589) [Dbg] [CameraSensor.cc:504] Enabling camera sensor: 'wamv::wamv/base_link::front_right_camera_sensor' data generation.
(2026-08-21T16:02:33.117470714) (2026-08-21T16:02:33.118231589) [Dbg] [CameraSensor.cc:504] Enabling camera sensor: 'wamv::wamv/base_link::middle_right_camera_sensor' data generation.
(2026-08-21T16:02:34.250618507) (2026-08-21T16:02:34.251026715) [Wrn] [DetachableJoint.cc:348] Child Link dummy_upper could not be found.
(2026-08-21T16:02:34.254748632) (2026-08-21T16:02:34.254981090) [Wrn] [DetachableJoint.cc:348] Child Link dummy_upper could not be found.
(2026-08-21T16:02:34.259103257) (2026-08-21T16:02:34.259275340) [Wrn] [DetachableJoint.cc:348] Child Link dummy_upper could not be found.
(2026-08-21T16:02:34.263595173) (2026-08-21T16:02:34.263748007) [Wrn] [DetachableJoint.cc:348] Child Link dummy_upper could not be found.
(2026-08-21T16:02:34.267817215) (2026-08-21T16:02:34.268030548) [Wrn] [DetachableJoint.cc:348] Child Link dummy_upper could not be found.
(2026-08-21T16:02:34.272028840) (2026-08-21T16:02:34.272195590) [Wrn] [DetachableJoint.cc:348] Child Link dummy_upper could not be found.
(2026-08-21T16:02:34.275931090) (2026-08-21T16:02:34.276149340) [Wrn] [DetachableJoint.cc:348] Child Link dummy_upper could not be found.
(2026-08-21T16:02:34.280281298) (2026-08-21T16:02:34.280422173) [Wrn] [DetachableJoint.cc:348] Child Link dummy_upper could not be found.
(2026-08-21T16:02:34.286010048) (2026-08-21T16:02:34.287449090) [Wrn] [DetachableJoint.cc:348] Child Link dummy_upper could not be found.
(2026-08-21T16:02:34.290618882) (2026-08-21T16:02:34.290784840) [Wrn] [DetachableJoint.cc:348] Child Link dummy_upper could not be found.
(2026-08-21T16:02:34.294739090) (2026-08-21T16:02:34.294909007) [Wrn] [DetachableJoint.cc:348] Child Link dummy_upper could not be found.
(2026-08-21T16:02:34.304448298) (2026-08-21T16:02:34.322190673) [Wrn] [DetachableJoint.cc:348] Child Link dummy_upper could not be found.
(2026-08-21T16:02:34.337541757) (2026-08-21T16:02:34.337809215) [Wrn] [DetachableJoint.cc:348] Child Link dummy_upper could not be found.
(2026-08-21T16:02:34.362290007) (2026-08-21T16:02:34.362470715) [Wrn] [DetachableJoint.cc:348] Child Link dummy_upper could not be found.
(2026-08-21T16:02:34.836726632) (2026-08-21T16:02:34.836997090) [Wrn] [DetachableJoint.cc:348] Child Link dummy_upper could not be found.
(2026-08-21T16:02:34.840867424) (2026-08-21T16:02:34.841155590) [Wrn] [DetachableJoint.cc:348] Child Link dummy_upper could not be found.
(2026-08-21T16:02:34.845042757) (2026-08-21T16:02:34.845518382) [Wrn] [DetachableJoint.cc:348] Child Link dummy_upper could not be found.
(2026-08-21T16:02:34.851267507) (2026-08-21T16:02:34.851488049) [Wrn] [DetachableJoint.cc:348] Child Link dummy_upper could not be found.
(2026-08-21T16:02:34.855402424) (2026-08-21T16:02:34.855704882) [Wrn] [DetachableJoint.cc:348] Child Link dummy_upper could not be found.
(2026-08-21T16:02:34.871728174) (2026-08-21T16:02:34.889505299) [Wrn] [DetachableJoint.cc:348] Child Link dummy_upper could not be found.
(2026-08-21T16:02:34.903200090) (2026-08-21T16:02:34.913661257) [Wrn] [DetachableJoint.cc:348] Child Link dummy_upper could not be found.
(2026-08-21T16:02:34.921185007) (2026-08-21T16:02:34.921503007) [Wrn] [DetachableJoint.cc:348] Child Link dummy_upper could not be found.
(2026-08-21T16:02:35.482729632) (2026-08-21T16:02:35.482951757) [Wrn] [DetachableJoint.cc:348] Child Link dummy_upper could not be found.
(2026-08-21T16:02:35.487449549) (2026-08-21T16:02:35.487876841) [Wrn] [DetachableJoint.cc:348] Child Link dummy_upper could not be found.
(2026-08-21T16:02:35.491196591) (2026-08-21T16:02:35.491348049) [Wrn] [DetachableJoint.cc:348] Child Link dummy_upper could not be found.
(2026-08-21T16:02:35.496806341) (2026-08-21T16:02:35.497431382) [Wrn] [DetachableJoint.cc:348] Child Link dummy_upper could not be found.
(2026-08-21T16:02:35.501460591) (2026-08-21T16:02:35.501855757) [Wrn] [DetachableJoint.cc:348] Child Link dummy_upper could not be found.
(2026-08-21T16:02:35.505507799) (2026-08-21T16:02:35.506369007) [Wrn] [DetachableJoint.cc:348] Child Link dummy_upper could not be found.
(2026-08-21T16:02:35.512536841) (2026-08-21T16:02:35.515248299) [Wrn] [DetachableJoint.cc:348] Child Link dummy_upper could not be found.
(2026-08-21T16:02:35.537665132) (2026-08-21T16:02:35.537825507) [Wrn] [DetachableJoint.cc:348] Child Link dummy_upper could not be found.
(2026-08-21T16:02:35.541923466) (2026-08-21T16:02:35.542131799) [Wrn] [DetachableJoint.cc:348] Child Link dummy_upper could not be found.
(2026-08-21T16:02:36.237659799) (2026-08-21T16:02:36.238015633) [Wrn] [DetachableJoint.cc:348] Child Link dummy_upper could not be found.
(2026-08-21T16:02:36.241543383) (2026-08-21T16:02:36.241723174) [Wrn] [DetachableJoint.cc:348] Child Link dummy_upper could not be found.
(2026-08-21T16:02:36.245826383) (2026-08-21T16:02:36.245986133) [Wrn] [DetachableJoint.cc:348] Child Link dummy_upper could not be found.
(2026-08-21T16:02:36.254837841) (2026-08-21T16:02:36.255009008) [Wrn] [DetachableJoint.cc:348] Child Link dummy_upper could not be found.
(2026-08-21T16:02:36.258499799) (2026-08-21T16:02:36.258726466) [Wrn] [DetachableJoint.cc:348] Child Link dummy_upper could not be found.
(2026-08-21T16:02:36.273133633) (2026-08-21T16:02:36.279371549) [Wrn] [DetachableJoint.cc:348] Child Link dummy_upper could not be found.
(2026-08-21T16:02:36.296662549) (2026-08-21T16:02:36.296943883) [Wrn] [DetachableJoint.cc:348] Child Link dummy_upper could not be found.
(2026-08-21T16:02:36.307091341) (2026-08-21T16:02:36.307918341) [Wrn] [DetachableJoint.cc:348] Child Link dummy_upper could not be found.
(2026-08-21T16:02:36.898505008) (2026-08-21T16:02:36.898802966) [Wrn] [DetachableJoint.cc:348] Child Link dummy_upper could not be found.
(2026-08-21T16:02:36.903238758) (2026-08-21T16:02:36.903377633) [Wrn] [DetachableJoint.cc:348] Child Link dummy_upper could not be found.
(2026-08-21T16:02:36.907311841) (2026-08-21T16:02:36.907492466) [Wrn] [DetachableJoint.cc:348] Child Link dummy_upper could not be found.
(2026-08-21T16:02:36.912304466) (2026-08-21T16:02:36.912848966) [Wrn] [DetachableJoint.cc:348] Child Link dummy_upper could not be found.
(2026-08-21T16:02:36.916197216) (2026-08-21T16:02:36.916293966) [Wrn] [DetachableJoint.cc:348] Child Link dummy_upper could not be found.
(2026-08-21T16:02:36.920637133) (2026-08-21T16:02:36.920745466) [Wrn] [DetachableJoint.cc:348] Child Link dummy_upper could not be found.
(2026-08-21T16:02:36.933246550) (2026-08-21T16:02:36.933650675) [Wrn] [DetachableJoint.cc:348] Child Link dummy_upper could not be found.
(2026-08-21T16:02:36.946228675) (2026-08-21T16:02:36.946467925) [Wrn] [DetachableJoint.cc:348] Child Link dummy_upper could not be found.
(2026-08-21T16:02:37.418933717) (2026-08-21T16:02:37.419200800) [Dbg] [gz.cc:434] Shutting down gz-sim-server
(2026-08-21T16:02:37.420210425) (2026-08-21T16:02:37.420499258) [Dbg] [Sensors.cc:565] SensorsPrivate::Stop
(2026-08-21T16:02:38.103778800) (2026-08-21T16:02:38.104016259) [Dbg] [Sensors.cc:551] SensorsPrivate::RenderThread stopped
((2026-08-21T16:02:38.1082028842026-08-21T16:02:38.108202884) (2026-08-21T16:02:38.108483925) [Dbg] [SimulationRunner.cc:560] Exiting postupdate worker thread (7)
(2026-08-21T16:02:38.109091842) (2026-08-21T16:02:38.109337800) (2026-08-21T16:02:38.109598217) (2026-08-21T16:02:38.109791967) (2026-08-21T16:02:38.110034050) (2026-08-21T16:02:38.110254634) (2026-08-21T16:02:38.110521884) (2026-08-21T16:02:38.110764342) (2026-08-21T16:02:38.110966717) (2026-08-21T16:02:38.111179342) (2026-08-21T16:02:38.111429884) (2026-08-21T16:02:38.111595050) 2026-08-21T16:02:38.111736425) (2026-08-21T16:02:38.111944259) (2026-08-21T16:02:38.112179884) (2026-08-21T16:02:38.112378759) (2026-08-21T16:02:38.112607217) (2026-08-21T16:02:38.112799050) [Dbg] [SimulationRunner.cc:560] Exiting postupdate worker thread (8)
(2026-08-21T16:02:38.113499675) (2026-08-21T16:02:38.113768467) [Dbg] [SimulationRunner.cc:560] Exiting postupdate worker thread (2)
([Dbg] [SimulationRunner.cc:560] 2026-08-21T16:02:38.114346217) (2026-08-21T16:02:38.114552134) [Dbg] [SimulationRunner.cc:560] Exiting postupdate worker thread (9)
Exiting postupdate worker thread (3)
[Dbg] [SimulationRunner.cc:560] Exiting postupdate worker thread (1)
[Dbg] [SimulationRunner.cc:560] Exiting postupdate worker thread (4)
[Dbg] [SimulationRunner.cc:560] Exiting postupdate worker thread (0)
[Dbg] [SimulationRunner.cc:560] Exiting postupdate worker thread (6)
[Dbg] [SimulationRunner.cc:560] Exiting postupdate worker thread (11)
[Dbg] [SimulationRunner.cc:560] Exiting postupdate worker thread (5)
[Dbg] [SimulationRunner.cc:560] Exiting postupdate worker thread (10)
(2026-08-21T16:02:38.202471092) (2026-08-21T16:02:38.202617259) [Dbg] [Sensors.cc:565] SensorsPrivate::Stop
(2026-08-21T16:02:38.221308342) (2026-08-21T16:02:38.221465884) [Msg] Stopping recording
