(2026-08-21T16:02:43.853946386) (2026-08-21T16:02:43.854729053) [Msg] Gazebo Sim Server v8.10.0
(2026-08-21T16:02:43.859257428) (2026-08-21T16:02:43.861414470) [Msg] Setting seed value: 7320
(2026-08-21T16:02:44.15999970) (2026-08-21T16:02:44.16124928) [Msg] Loading SDF world file[/opt/vrx_ws/install/share/vrx_gz/worlds/sydney_regatta.sdf].
(2026-08-21T16:02:44.910643845) (2026-08-21T16:02:44.910774012) [Msg] Serving entity system service on [/entity/system/add]
(2026-08-21T16:02:44.998514512) (2026-08-21T16:02:44.998698345) [Dbg] [Physics.cc:899] Loaded [gz::physics::dartsim::Plugin] from library [/opt/ros/jazzy/opt/gz_physics_vendor/lib/gz-physics-7/engine-plugins/libgz-physics-dartsim-plugin.so]
(2026-08-21T16:02:44.999618970) (2026-08-21T16:02:44.999739845) [Dbg] [SystemManager.cc:80] Loaded system [gz::sim::systems::Physics] for entity [1]
(2026-08-21T16:02:45.7548220) (2026-08-21T16:02:45.7704387) [Msg] Create service on [/world/sydney_regatta/create_multiple] (async)
(2026-08-21T16:02:45.8146345) (2026-08-21T16:02:45.8269637) [Msg] Create service on [/world/sydney_regatta/create_multiple/blocking] (blocking)
(2026-08-21T16:02:45.9278512) (2026-08-21T16:02:45.9420262) [Msg] Remove service on [/world/sydney_regatta/remove] (async)
(2026-08-21T16:02:45.9809512) (2026-08-21T16:02:45.9937970) [Msg] Remove service on [/world/sydney_regatta/remove/blocking] (blocking)
(2026-08-21T16:02:45.10793053) (2026-08-21T16:02:45.11017095) [Msg] Pose service on [/world/sydney_regatta/set_pose] (async)
(2026-08-21T16:02:45.11641387) (2026-08-21T16:02:45.11758387) [Msg] Pose service on [/world/sydney_regatta/set_pose/blocking] (blocking)
(2026-08-21T16:02:45.12709137) (2026-08-21T16:02:45.12949345) [Msg] Pose service on [/world/sydney_regatta/set_pose_vector] (async)
(2026-08-21T16:02:45.13446220) (2026-08-21T16:02:45.13590553) [Msg] Pose service on [/world/sydney_regatta/set_pose_vector/blocking] (blocking)
(2026-08-21T16:02:45.14590678) (2026-08-21T16:02:45.14722720) [Msg] Light configuration service on [/world/sydney_regatta/light_config] (async)
(2026-08-21T16:02:45.15093720) (2026-08-21T16:02:45.15273928) [Msg] Light configuration service on [/world/sydney_regatta/light_config/blocking] (blocking)
(2026-08-21T16:02:45.18078887) (2026-08-21T16:02:45.18209762) [Msg] Physics service on [/world/sydney_regatta/set_physics] (async)
(2026-08-21T16:02:45.18634678) (2026-08-21T16:02:45.18748762) [Msg] Physics service on [/world/sydney_regatta/set_physics/blocking] (blocking)
(2026-08-21T16:02:45.19618512) (2026-08-21T16:02:45.19733012) [Msg] SphericalCoordinates service on [/world/sydney_regatta/set_spherical_coordinates] (async)
(2026-08-21T16:02:45.20111095) (2026-08-21T16:02:45.20226137) [Msg] SphericalCoordinates service on [/world/sydney_regatta/set_spherical_coordinates/blocking] (blocking)
(2026-08-21T16:02:45.20710845) (2026-08-21T16:02:45.20835387) [Msg] Enable collision service on [/world/sydney_regatta/enable_collision] (async)
(2026-08-21T16:02:45.21227012) (2026-08-21T16:02:45.21340387) [Msg] Enable collision service on [/world/sydney_regatta/enable_collision/blocking] (blocking)
(2026-08-21T16:02:45.21835637) (2026-08-21T16:02:45.21967512) [Msg] Disable collision service on [/world/sydney_regatta/disable_collision] (async)
(2026-08-21T16:02:45.22786137) (2026-08-21T16:02:45.22897553) [Msg] Disable collision service on [/world/sydney_regatta/disable_collision/blocking] (blocking)
(2026-08-21T16:02:45.23793053) (2026-08-21T16:02:45.23898095) [Msg] Material service on [/world/sydney_regatta/visual_config] (async)
(2026-08-21T16:02:45.24192262) (2026-08-21T16:02:45.24280845) [Msg] Material service on [/world/sydney_regatta/visual_config/blocking] (blocking)
(2026-08-21T16:02:45.25059095) (2026-08-21T16:02:45.25182095) [Msg] Material service on [/world/sydney_regatta/wheel_slip] (async)
(2026-08-21T16:02:45.25600803) (2026-08-21T16:02:45.25700595) [Msg] Material service on [/world/sydney_regatta/wheel_slip/blocking] (blocking)
(2026-08-21T16:02:45.26053553) (2026-08-21T16:02:45.26164845) [Dbg] [SystemManager.cc:80] Loaded system [gz::sim::systems::UserCommands] for entity [1]
(2026-08-21T16:02:45.41689012) (2026-08-21T16:02:45.41818012) [Dbg] [Sensors.cc:697] Configuring Sensors system
(2026-08-21T16:02:45.43736512) (2026-08-21T16:02:45.43845762) [Dbg] [Sensors.cc:557] SensorsPrivate::Run
(2026-08-21T16:02:45.44230845) (2026-08-21T16:02:45.44438137) [Dbg] [SystemManager.cc:80] Loaded system [gz::sim::systems::Sensors] for entity [1]
(2026-08-21T16:02:45.48234470) (2026-08-21T16:02:45.48410679) [Dbg] [Sensors.cc:532] SensorsPrivate::RenderThread started
(2026-08-21T16:02:45.48889304) (((2026-08-21T16:02:45.491647202026-08-21T16:02:45.49273012) ) ([Dbg] [Sensors.cc:337] 2026-08-21T16:02:45.49503387Waiting for init) 

[Dbg] [SystemManager.cc:80] Loaded system [gz::sim::systems::Imu] for entity [1]
(2026-08-21T16:02:45.53516845) (2026-08-21T16:02:45.53620304) [Dbg] [Magnetometer.cc:261] Magnetometer: using param [use_units_gauss: 1].
(2026-08-21T16:02:45.54077054) (2026-08-21T16:02:45.54167054) [Dbg] [Magnetometer.cc:269] Magnetometer: using param [use_earth_frame_ned: 1].
(2026-08-21T16:02:45.54470970) (2026-08-21T16:02:45.54578804) [Dbg] [SystemManager.cc:80] Loaded system [gz::sim::systems::Magnetometer] for entity [1]
(2026-08-21T16:02:45.58324595) (2026-08-21T16:02:45.58426512) [Dbg] [SystemManager.cc:80] Loaded system [gz::sim::systems::ForceTorque] for entity [1]
(2026-08-21T16:02:45.62958220) (2026-08-21T16:02:45.63125637) [Msg] Serving particle emitter information on [/world/sydney_regatta/particle_emitters]
(2026-08-21T16:02:45.63458512) (2026-08-21T16:02:45.63552554) [Dbg] [SystemManager.cc:80] Loaded system [gz::sim::systems::ParticleEmitter] for entity [1]
(2026-08-21T16:02:45.69741554) (2026-08-21T16:02:45.69924720) [Dbg] [SystemManager.cc:80] Loaded system [gz::sim::systems::SceneBroadcaster] for entity [1]
(2026-08-21T16:02:45.73467054) (2026-08-21T16:02:45.73578929) [Dbg] [SystemManager.cc:80] Loaded system [gz::sim::systems::Contact] for entity [1]
(2026-08-21T16:02:45.77190054) (2026-08-21T16:02:45.77335012) [Dbg] [SystemManager.cc:80] Loaded system [gz::sim::systems::NavSat] for entity [1]
(2026-08-21T16:02:45.93889345) (2026-08-21T16:02:45.94040345) [Dbg] [USVWind.cc:160] wamv loaded
(2026-08-21T16:02:45.95815970) (2026-08-21T16:02:45.95935470) [Msg] Wind direction unit vector = -0.5 -0.866025 0
(2026-08-21T16:02:45.96809470) (2026-08-21T16:02:45.96940304) [Msg] Wind mean velocity = 0
(2026-08-21T16:02:45.97286470) (2026-08-21T16:02:45.97388720) [Msg] var wind gain constants = 0
(2026-08-21T16:02:45.97627179) (2026-08-21T16:02:45.97714804) [Msg] var wind time constants = 2
(2026-08-21T16:02:45.97936387) (2026-08-21T16:02:45.98021970) [Msg] update rate  = 10
(2026-08-21T16:02:45.98266720) (2026-08-21T16:02:45.98353429) [Msg] topic wind speed  = /vrx/debug/wind/speed
(2026-08-21T16:02:45.98570137) (2026-08-21T16:02:45.98656220) [Msg] topic wind direction = /vrx/debug/wind/direction
(2026-08-21T16:02:45.99788804) (2026-08-21T16:02:45.99912679) [Msg] Random seed value = 10
(2026-08-21T16:02:45.100621887) (2026-08-21T16:02:45.100730637) [Msg] Var wind filter gain = 0
(2026-08-21T16:02:45.103543512) (2026-08-21T16:02:45.103659345) [Dbg] [SystemManager.cc:80] Loaded system [vrx::USVWind] for entity [1]
(2026-08-21T16:02:45.123964220) (2026-08-21T16:02:45.124108387) [Dbg] [SystemManager.cc:80] Loaded system [vrx::PublisherPlugin] for entity [1]
(2026-08-21T16:02:45.152360179) (2026-08-21T16:02:45.152506637) [Msg] Input Parameters:
(2026-08-21T16:02:45.152889720) (2026-08-21T16:02:45.153038845) [Msg] model:     PMS
(2026-08-21T16:02:45.153400054) (2026-08-21T16:02:45.153513637) [Msg] number:     3
(2026-08-21T16:02:45.153872387) (2026-08-21T16:02:45.153999387) [Msg] scale:      1.1
(2026-08-21T16:02:45.154357387) (2026-08-21T16:02:45.154485512) [Msg] angle:      0.4
(2026-08-21T16:02:45.154805304) (2026-08-21T16:02:45.154931137) [Msg] steepness:  0
(2026-08-21T16:02:45.155274762) (2026-08-21T16:02:45.155377887) [Msg] amplitude:  0
(2026-08-21T16:02:45.155703012) (2026-08-21T16:02:45.155832137) [Msg] period:     5
(2026-08-21T16:02:45.156069595) (2026-08-21T16:02:45.156230387) [Msg] direction:  0
(2026-08-21T16:02:45.156453304) (2026-08-21T16:02:45.156544595) [Msg] tau:  2
(2026-08-21T16:02:45.156762887) (2026-08-21T16:02:45.156850470) [Msg] gain:  1
(2026-08-21T16:02:45.157064637) (2026-08-21T16:02:45.157152429) [Msg] Derived Parameters:
(2026-08-21T16:02:45.157339054) (2026-08-21T16:02:45.157447054) [Msg] amplitudes:  0.121167, 0.130759, 0.128568, 
(2026-08-21T16:02:45.158852554) (2026-08-21T16:02:45.159305220) [Msg] wavenumbers: 0.133171, 0.161136, 0.194975, 
(2026-08-21T16:02:45.160269970) (2026-08-21T16:02:45.160387720) [Msg] omegas:      1.1424, 1.25664, 1.3823, 
(2026-08-21T16:02:45.160906262) (2026-08-21T16:02:45.161009220) [Msg] periods:     (2026-08-21T16:02:45.161398429) (2026-08-21T16:02:45.161504637) [Msg] 5.5, (2026-08-21T16:02:45.161765220) (2026-08-21T16:02:45.161852054) [Msg] 5, (2026-08-21T16:02:45.162131179) (2026-08-21T16:02:45.162229595) [Msg] 4.54545, (2026-08-21T16:02:45.162467262) (2026-08-21T16:02:45.162588845) [Msg] 
(2026-08-21T16:02:45.162834262) (2026-08-21T16:02:45.162946345) [Msg] phases:      0, 0, 0, 
(2026-08-21T16:02:45.163447804) (2026-08-21T16:02:45.163573595) [Msg] steepnesses: 0, 0, 0, 
(2026-08-21T16:02:45.164007929) (2026-08-21T16:02:45.164134554) [Msg] directions:  (2026-08-21T16:02:45.164452720) (2026-08-21T16:02:45.164684262) [Msg] 0.921061 -0.389418; (2026-08-21T16:02:45.165553554) (2026-08-21T16:02:45.165665387) [Msg] 1 0; (2026-08-21T16:02:45.166255012) (2026-08-21T16:02:45.166420095) [Msg] 0.921061 0.389418; (2026-08-21T16:02:45.166733179) (2026-08-21T16:02:45.166826637) [Msg] 
(2026-08-21T16:02:45.185170512) (2026-08-21T16:02:45.185365387) [Dbg] [SystemManager.cc:80] Loaded system [vrx::WaveVisual] for entity [17]
(2026-08-21T16:02:45.199367512) (2026-08-21T16:02:45.199527929) [Msg] Input Parameters:
(2026-08-21T16:02:45.199819220) (2026-08-21T16:02:45.199955762) [Msg] model:     PMS
(2026-08-21T16:02:45.200273637) (2026-08-21T16:02:45.200398720) [Msg] number:     3
(2026-08-21T16:02:45.200701345) (2026-08-21T16:02:45.200826679) [Msg] scale:      1.1
(2026-08-21T16:02:45.201149595) (2026-08-21T16:02:45.201278137) [Msg] angle:      0.4
(2026-08-21T16:02:45.201568804) (2026-08-21T16:02:45.201693845) [Msg] steepness:  0
(2026-08-21T16:02:45.201980929) (2026-08-21T16:02:45.202103929) [Msg] amplitude:  0
(2026-08-21T16:02:45.202398637) (2026-08-21T16:02:45.202520345) [Msg] period:     5
(2026-08-21T16:02:45.202821137) (2026-08-21T16:02:45.202944220) [Msg] direction:  0
(2026-08-21T16:02:45.203244387) (2026-08-21T16:02:45.203354720) [Msg] tau:  2
(2026-08-21T16:02:45.203680095) (2026-08-21T16:02:45.203782387) [Msg] gain:  1
(2026-08-21T16:02:45.204103595) (2026-08-21T16:02:45.204249387) [Msg] Derived Parameters:
(2026-08-21T16:02:45.204515804) (2026-08-21T16:02:45.204637429) [Msg] amplitudes:  0.121167, 0.130759, 0.128568, 
(2026-08-21T16:02:45.205163095) (2026-08-21T16:02:45.205287054) [Msg] wavenumbers: 0.133171, 0.161136, 0.194975, 
(2026-08-21T16:02:45.205794804) (2026-08-21T16:02:45.205891970) [Msg] omegas:      1.1424, 1.25664, 1.3823, 
(2026-08-21T16:02:45.206491720) (2026-08-21T16:02:45.206616512) [Msg] periods:     (2026-08-21T16:02:45.206835054) (2026-08-21T16:02:45.206959929) [Msg] 5.5, (2026-08-21T16:02:45.207228887) (2026-08-21T16:02:45.207330595) [Msg] 5, (2026-08-21T16:02:45.207534929) (2026-08-21T16:02:45.207626429) [Msg] 4.54545, (2026-08-21T16:02:45.207912304) (2026-08-21T16:02:45.208049137) [Msg] 
(2026-08-21T16:02:45.208230345) (2026-08-21T16:02:45.208355054) [Msg] phases:      0, 0, 0, 
(2026-08-21T16:02:45.208854262) (2026-08-21T16:02:45.208943595) [Msg] steepnesses: 0, 0, 0, 
(2026-08-21T16:02:45.209322762) (2026-08-21T16:02:45.209445679) [Msg] directions:  (2026-08-21T16:02:45.209656387) (2026-08-21T16:02:45.209778720) [Msg] 0.921061 -0.389418; (2026-08-21T16:02:45.210030054) (2026-08-21T16:02:45.210119929) [Msg] 1 0; (2026-08-21T16:02:45.210356304) (2026-08-21T16:02:45.210440220) [Msg] 0.921061 0.389418; (2026-08-21T16:02:45.210727679) (2026-08-21T16:02:45.210840179) [Msg] 
(2026-08-21T16:02:45.214381095) (2026-08-21T16:02:45.214549970) [Dbg] [PolyhedraBuoyancyDrag.cc:236] Found buoyancy element(s), looking at each element...
(2026-08-21T16:02:45.221890637) (2026-08-21T16:02:45.222024970) [Dbg] [PolyhedraBuoyancyDrag.cc:248] Buoyancy object:
	Link: link[19]
	Pose: 0 0 -0.3 0 0 0
	Geometry: Cylinder:0.325,0.1
	Mass: 20
	Water height: 0
	Water velocity: 0

(2026-08-21T16:02:45.230597512) (2026-08-21T16:02:45.230716637) [Dbg] [SystemManager.cc:80] Loaded system [vrx::PolyhedraBuoyancyDrag] for entity [18]
(2026-08-21T16:02:45.234286637) (2026-08-21T16:02:45.234425595) [Msg] Input Parameters:
(2026-08-21T16:02:45.234667637) (2026-08-21T16:02:45.234791970) [Msg] model:     PMS
(2026-08-21T16:02:45.235089470) (2026-08-21T16:02:45.235184220) [Msg] number:     3
(2026-08-21T16:02:45.235435762) (2026-08-21T16:02:45.235524304) [Msg] scale:      1.1
(2026-08-21T16:02:45.235785929) (2026-08-21T16:02:45.235897887) [Msg] angle:      0.4
(2026-08-21T16:02:45.236200012) (2026-08-21T16:02:45.236327679) [Msg] steepness:  0
(2026-08-21T16:02:45.236598137) (2026-08-21T16:02:45.236705012) [Msg] amplitude:  0
(2026-08-21T16:02:45.237011012) (2026-08-21T16:02:45.237108220) [Msg] period:     5
(2026-08-21T16:02:45.237408387) (2026-08-21T16:02:45.237514720) [Msg] direction:  0
(2026-08-21T16:02:45.237736220) (2026-08-21T16:02:45.237821262) [Msg] tau:  2
(2026-08-21T16:02:45.238055720) (2026-08-21T16:02:45.238139220) [Msg] gain:  1
(2026-08-21T16:02:45.238470512) (2026-08-21T16:02:45.238602804) [Msg] Derived Parameters:
(2026-08-21T16:02:45.238814262) (2026-08-21T16:02:45.238908845) [Msg] amplitudes:  0.121167, 0.130759, 0.128568, 
(2026-08-21T16:02:45.239380262) (2026-08-21T16:02:45.239488220) [Msg] wavenumbers: 0.133171, 0.161136, 0.194975, 
(2026-08-21T16:02:45.239941054) (2026-08-21T16:02:45.240027012) [Msg] omegas:      1.1424, 1.25664, 1.3823, 
(2026-08-21T16:02:45.240442137) (2026-08-21T16:02:45.240531304) [Msg] periods:     (2026-08-21T16:02:45.240783095) (2026-08-21T16:02:45.240912929) [Msg] 5.5, (2026-08-21T16:02:45.241171262) (2026-08-21T16:02:45.241314887) [Msg] 5, (2026-08-21T16:02:45.241546762) (2026-08-21T16:02:45.241669762) [Msg] 4.54545, (2026-08-21T16:02:45.241920970) (2026-08-21T16:02:45.242045179) [Msg] 
(2026-08-21T16:02:45.242263845) (2026-08-21T16:02:45.242377429) [Msg] phases:      0, 0, 0, 
(2026-08-21T16:02:45.242751345) (2026-08-21T16:02:45.242835929) [Msg] steepnesses: 0, 0, 0, 
(2026-08-21T16:02:45.243188220) (2026-08-21T16:02:45.243301470) [Msg] directions:  (2026-08-21T16:02:45.243453012) (2026-08-21T16:02:45.243537887) [Msg] 0.921061 -0.389418; (2026-08-21T16:02:45.243788470) (2026-08-21T16:02:45.243873345) [Msg] 1 0; (2026-08-21T16:02:45.244117012) (2026-08-21T16:02:45.244206054) [Msg] 0.921061 0.389418; (2026-08-21T16:02:45.244452304) (2026-08-21T16:02:45.244541679) [Msg] 
(2026-08-21T16:02:45.244843637) (2026-08-21T16:02:45.244943804) [Dbg] [PolyhedraBuoyancyDrag.cc:236] Found buoyancy element(s), looking at each element...
(2026-08-21T16:02:45.245373054) (2026-08-21T16:02:45.245498970) [Dbg] [PolyhedraBuoyancyDrag.cc:248] Buoyancy object:
	Link: link[24]
	Pose: 0 0 -0.3 0 0 0
	Geometry: Cylinder:0.325,0.1
	Mass: 20
	Water height: 0
	Water velocity: 0

(2026-08-21T16:02:45.247181595) (2026-08-21T16:02:45.247313345) [Dbg] [SystemManager.cc:80] Loaded system [vrx::PolyhedraBuoyancyDrag] for entity [23]
(2026-08-21T16:02:45.249292304) (2026-08-21T16:02:45.249453054) [Msg] Input Parameters:
(2026-08-21T16:02:45.249668220) (2026-08-21T16:02:45.249756637) [Msg] model:     PMS
(2026-08-21T16:02:45.249969054) (2026-08-21T16:02:45.250053637) [Msg] number:     3
(2026-08-21T16:02:45.250326179) (2026-08-21T16:02:45.250426095) [Msg] scale:      1.1
(2026-08-21T16:02:45.250698470) (2026-08-21T16:02:45.250839012) [Msg] angle:      0.4
(2026-08-21T16:02:45.251099220) (2026-08-21T16:02:45.251221470) [Msg] steepness:  0
(2026-08-21T16:02:45.251511595) (2026-08-21T16:02:45.251612887) [Msg] amplitude:  0
(2026-08-21T16:02:45.251844304) (2026-08-21T16:02:45.251943929) [Msg] period:     5
(2026-08-21T16:02:45.252231012) (2026-08-21T16:02:45.252369095) [Msg] direction:  0
(2026-08-21T16:02:45.252592429) (2026-08-21T16:02:45.252683345) [Msg] tau:  2
(2026-08-21T16:02:45.252903137) (2026-08-21T16:02:45.252993679) [Msg] gain:  1
(2026-08-21T16:02:45.253228012) (2026-08-21T16:02:45.253443929) [Msg] Derived Parameters:
(2026-08-21T16:02:45.253669679) (2026-08-21T16:02:45.253753345) [Msg] amplitudes:  0.121167, 0.130759, 0.128568, 
(2026-08-21T16:02:45.254190012) (2026-08-21T16:02:45.254401220) [Msg] wavenumbers: 0.133171, 0.161136, 0.194975, 
(2026-08-21T16:02:45.254897262) (2026-08-21T16:02:45.254989262) [Msg] omegas:      1.1424, 1.25664, 1.3823, 
(2026-08-21T16:02:45.255439679) (2026-08-21T16:02:45.255528054) [Msg] periods:     (2026-08-21T16:02:45.255678345) (2026-08-21T16:02:45.255763387) [Msg] 5.5, (2026-08-21T16:02:45.255939387) (2026-08-21T16:02:45.256023845) [Msg] 5, (2026-08-21T16:02:45.256226179) (2026-08-21T16:02:45.256311012) [Msg] 4.54545, (2026-08-21T16:02:45.256485720) (2026-08-21T16:02:45.256569679) [Msg] 
(2026-08-21T16:02:45.256840970) (2026-08-21T16:02:45.257136345) [Msg] phases:      0, 0, 0, 
(2026-08-21T16:02:45.258443470) (2026-08-21T16:02:45.258600304) [Msg] steepnesses: 0, 0, 0, 
(2026-08-21T16:02:45.258987262) (2026-08-21T16:02:45.259073262) [Msg] directions:  (2026-08-21T16:02:45.259225679) (2026-08-21T16:02:45.259316679) [Msg] 0.921061 -0.389418; (2026-08-21T16:02:45.259558554) (2026-08-21T16:02:45.259643095) [Msg] 1 0; (2026-08-21T16:02:45.259878762) (2026-08-21T16:02:45.259966929) [Msg] 0.921061 0.389418; (2026-08-21T16:02:45.260233304) (2026-08-21T16:02:45.260327137) [Msg] 
(2026-08-21T16:02:45.260546637) (2026-08-21T16:02:45.260632887) [Dbg] [PolyhedraBuoyancyDrag.cc:236] Found buoyancy element(s), looking at each element...
(2026-08-21T16:02:45.260962429) (2026-08-21T16:02:45.261047554) [Dbg] [PolyhedraBuoyancyDrag.cc:248] Buoyancy object:
	Link: link[29]
	Pose: 0 0 -0.3 0 0 0
	Geometry: Cylinder:0.325,0.1
	Mass: 20
	Water height: 0
	Water velocity: 0

(2026-08-21T16:02:45.262437137) (2026-08-21T16:02:45.262546095) [Dbg] [SystemManager.cc:80] Loaded system [vrx::PolyhedraBuoyancyDrag] for entity [28]
(2026-08-21T16:02:45.263876512) (2026-08-21T16:02:45.263968179) [Msg] Input Parameters:
(2026-08-21T16:02:45.264145845) (2026-08-21T16:02:45.264230304) [Msg] model:     PMS
(2026-08-21T16:02:45.264433429) (2026-08-21T16:02:45.264517054) [Msg] number:     3
(2026-08-21T16:02:45.264719470) (2026-08-21T16:02:45.264802637) [Msg] scale:      1.1
(2026-08-21T16:02:45.265007512) (2026-08-21T16:02:45.265091012) [Msg] angle:      0.4
(2026-08-21T16:02:45.265294387) (2026-08-21T16:02:45.265374804) [Msg] steepness:  0
(2026-08-21T16:02:45.265570554) (2026-08-21T16:02:45.265649887) [Msg] amplitude:  0
(2026-08-21T16:02:45.265848554) (2026-08-21T16:02:45.265928387) [Msg] period:     5
(2026-08-21T16:02:45.266122679) (2026-08-21T16:02:45.266202345) [Msg] direction:  0
(2026-08-21T16:02:45.266416512) (2026-08-21T16:02:45.266499179) [Msg] tau:  2
(2026-08-21T16:02:45.266700637) (2026-08-21T16:02:45.266794095) [Msg] gain:  1
(2026-08-21T16:02:45.267058554) (2026-08-21T16:02:45.267153762) [Msg] Derived Parameters:
(2026-08-21T16:02:45.267380804) (2026-08-21T16:02:45.267479012) [Msg] amplitudes:  0.121167, 0.130759, 0.128568, 
(2026-08-21T16:02:45.267841512) (2026-08-21T16:02:45.267928137) [Msg] wavenumbers: 0.133171, 0.161136, 0.194975, 
(2026-08-21T16:02:45.268278304) (2026-08-21T16:02:45.268360720) [Msg] omegas:      1.1424, 1.25664, 1.3823, 
(2026-08-21T16:02:45.268809804) (2026-08-21T16:02:45.268894345) [Msg] periods:     (2026-08-21T16:02:45.269044387) (2026-08-21T16:02:45.269127054) [Msg] 5.5, (2026-08-21T16:02:45.269304095) (2026-08-21T16:02:45.269384512) [Msg] 5, (2026-08-21T16:02:45.269553595) (2026-08-21T16:02:45.269633762) [Msg] 4.54545, (2026-08-21T16:02:45.269817304) (2026-08-21T16:02:45.269945095) [Msg] 
(2026-08-21T16:02:45.270113637) (2026-08-21T16:02:45.270196887) [Msg] phases:      0, 0, 0, 
(2026-08-21T16:02:45.270606429) (2026-08-21T16:02:45.270691970) [Msg] steepnesses: 0, 0, 0, 
(2026-08-21T16:02:45.271076054) (2026-08-21T16:02:45.271222679) [Msg] directions:  (2026-08-21T16:02:45.271470929) (2026-08-21T16:02:45.271601387) [Msg] 0.921061 -0.389418; (2026-08-21T16:02:45.271969095) (2026-08-21T16:02:45.272094470) [Msg] 1 0; (2026-08-21T16:02:45.272361179) (2026-08-21T16:02:45.272464679) [Msg] 0.921061 0.389418; (2026-08-21T16:02:45.272749720) (2026-08-21T16:02:45.272848679) [Msg] 
(2026-08-21T16:02:45.273057345) (2026-08-21T16:02:45.273141595) [Dbg] [PolyhedraBuoyancyDrag.cc:236] Found buoyancy element(s), looking at each element...
(2026-08-21T16:02:45.273460762) (2026-08-21T16:02:45.273554137) [Dbg] [PolyhedraBuoyancyDrag.cc:248] Buoyancy object:
	Link: link[34]
	Pose: 0 0 -0.3 0 0 0
	Geometry: Cylinder:0.325,0.1
	Mass: 20
	Water height: 0
	Water velocity: 0

(2026-08-21T16:02:45.275263804) (2026-08-21T16:02:45.275363137) [Dbg] [SystemManager.cc:80] Loaded system [vrx::PolyhedraBuoyancyDrag] for entity [33]
(2026-08-21T16:02:45.277844720) (2026-08-21T16:02:45.277950720) [Msg] Input Parameters:
(2026-08-21T16:02:45.278146845) (2026-08-21T16:02:45.278238679) [Msg] model:     PMS
(2026-08-21T16:02:45.278444137) (2026-08-21T16:02:45.278555304) [Msg] number:     3
(2026-08-21T16:02:45.278763179) (2026-08-21T16:02:45.278846220) [Msg] scale:      1.1
(2026-08-21T16:02:45.279084679) (2026-08-21T16:02:45.279166345) [Msg] angle:      0.4
(2026-08-21T16:02:45.279470054) (2026-08-21T16:02:45.279574595) [Msg] steepness:  0
(2026-08-21T16:02:45.279815095) (2026-08-21T16:02:45.279899970) [Msg] amplitude:  0
(2026-08-21T16:02:45.280120179) (2026-08-21T16:02:45.280227804) [Msg] period:     5
(2026-08-21T16:02:45.280513262) (2026-08-21T16:02:45.280642012) [Msg] direction:  0
(2026-08-21T16:02:45.280976470) (2026-08-21T16:02:45.281105804) [Msg] tau:  2
(2026-08-21T16:02:45.281413095) (2026-08-21T16:02:45.281516887) [Msg] gain:  1
(2026-08-21T16:02:45.281813304) (2026-08-21T16:02:45.281926429) [Msg] Derived Parameters:
(2026-08-21T16:02:45.282107554) (2026-08-21T16:02:45.282191804) [Msg] amplitudes:  0.121167, 0.130759, 0.128568, 
(2026-08-21T16:02:45.282546220) (2026-08-21T16:02:45.282627137) [Msg] wavenumbers: 0.133171, 0.161136, 0.194975, 
(2026-08-21T16:02:45.282968470) (2026-08-21T16:02:45.283049054) [Msg] omegas:      1.1424, 1.25664, 1.3823, 
(2026-08-21T16:02:45.283518387) (2026-08-21T16:02:45.283641304) [Msg] periods:     (2026-08-21T16:02:45.283869220) (2026-08-21T16:02:45.283999720) [Msg] 5.5, (2026-08-21T16:02:45.284212637) (2026-08-21T16:02:45.284333054) [Msg] 5, (2026-08-21T16:02:45.284517095) (2026-08-21T16:02:45.284603304) [Msg] 4.54545, (2026-08-21T16:02:45.284778970) (2026-08-21T16:02:45.284863179) [Msg] 
(2026-08-21T16:02:45.285011762) (2026-08-21T16:02:45.285095012) [Msg] phases:      0, 0, 0, 
(2026-08-21T16:02:45.285544679) (2026-08-21T16:02:45.285647137) [Msg] steepnesses: 0, 0, 0, 
(2026-08-21T16:02:45.286053470) (2026-08-21T16:02:45.286139054) [Msg] directions:  (2026-08-21T16:02:45.286297220) (2026-08-21T16:02:45.286388762) [Msg] 0.921061 -0.389418; (2026-08-21T16:02:45.286695762) (2026-08-21T16:02:45.286827845) [Msg] 1 0; (2026-08-21T16:02:45.287083804) (2026-08-21T16:02:45.287169054) [Msg] 0.921061 0.389418; (2026-08-21T16:02:45.287477095) (2026-08-21T16:02:45.287561804) [Msg] 
(2026-08-21T16:02:45.287781304) (2026-08-21T16:02:45.287865012) [Dbg] [PolyhedraBuoyancyDrag.cc:236] Found buoyancy element(s), looking at each element...
(2026-08-21T16:02:45.288311970) (2026-08-21T16:02:45.288435929) [Dbg] [PolyhedraBuoyancyDrag.cc:248] Buoyancy object:
	Link: link[39]
	Pose: 0 0 0 0 0 0
	Geometry: Sphere:0.21
	Mass: 3.5
	Water height: 0
	Water velocity: 0

(2026-08-21T16:02:45.290228304) (2026-08-21T16:02:45.290443845) [Dbg] [SystemManager.cc:80] Loaded system [vrx::PolyhedraBuoyancyDrag] for entity [38]
(2026-08-21T16:02:45.292160762) (2026-08-21T16:02:45.292305345) [Msg] Input Parameters:
(2026-08-21T16:02:45.292563804) (2026-08-21T16:02:45.292702054) [Msg] model:     PMS
(2026-08-21T16:02:45.293028970) (2026-08-21T16:02:45.293144637) [Msg] number:     3
(2026-08-21T16:02:45.293446512) (2026-08-21T16:02:45.293581345) [Msg] scale:      1.1
(2026-08-21T16:02:45.293874220) (2026-08-21T16:02:45.293960595) [Msg] angle:      0.4
(2026-08-21T16:02:45.294183179) (2026-08-21T16:02:45.294289054) [Msg] steepness:  0
(2026-08-21T16:02:45.294499095) (2026-08-21T16:02:45.294583012) [Msg] amplitude:  0
(2026-08-21T16:02:45.294786929) (2026-08-21T16:02:45.294870595) [Msg] period:     5
(2026-08-21T16:02:45.295075470) (2026-08-21T16:02:45.295159720) [Msg] direction:  0
(2026-08-21T16:02:45.295504095) (2026-08-21T16:02:45.295712679) [Msg] tau:  2
(2026-08-21T16:02:45.296063304) (2026-08-21T16:02:45.296162095) [Msg] gain:  1
(2026-08-21T16:02:45.296398595) (2026-08-21T16:02:45.296495137) [Msg] Derived Parameters:
(2026-08-21T16:02:45.296793054) (2026-08-21T16:02:45.296915512) [Msg] amplitudes:  0.121167, 0.130759, 0.128568, 
(2026-08-21T16:02:45.297322429) (2026-08-21T16:02:45.297435137) [Msg] wavenumbers: 0.133171, 0.161136, 0.194975, 
(2026-08-21T16:02:45.297858762) (2026-08-21T16:02:45.297944137) [Msg] omegas:      1.1424, 1.25664, 1.3823, 
(2026-08-21T16:02:45.298331304) (2026-08-21T16:02:45.298416179) [Msg] periods:     (2026-08-21T16:02:45.298625595) (2026-08-21T16:02:45.298728679) [Msg] 5.5, (2026-08-21T16:02:45.298952804) (2026-08-21T16:02:45.299051637) [Msg] 5, (2026-08-21T16:02:45.299348595) (2026-08-21T16:02:45.299911595) [Msg] 4.54545, (2026-08-21T16:02:45.300614595) (2026-08-21T16:02:45.300879887) [Msg] 
(2026-08-21T16:02:45.301077595) (2026-08-21T16:02:45.301169220) [Msg] phases:      0, 0, 0, 
(2026-08-21T16:02:45.301537554) (2026-08-21T16:02:45.301626137) [Msg] steepnesses: 0, 0, 0, 
(2026-08-21T16:02:45.301981262) (2026-08-21T16:02:45.302064804) [Msg] directions:  (2026-08-21T16:02:45.302210137) (2026-08-21T16:02:45.302309179) [Msg] 0.921061 -0.389418; (2026-08-21T16:02:45.302549512) (2026-08-21T16:02:45.302632345) [Msg] 1 0; (2026-08-21T16:02:45.302862887) (2026-08-21T16:02:45.302945804) [Msg] 0.921061 0.389418; (2026-08-21T16:02:45.303180720) (2026-08-21T16:02:45.303289887) [Msg] 
(2026-08-21T16:02:45.303596512) (2026-08-21T16:02:45.303686762) [Dbg] [PolyhedraBuoyancyDrag.cc:236] Found buoyancy element(s), looking at each element...
(2026-08-21T16:02:45.304016554) (2026-08-21T16:02:45.304120845) [Dbg] [PolyhedraBuoyancyDrag.cc:248] Buoyancy object:
	Link: link[43]
	Pose: 0 0 0 0 0 0
	Geometry: Sphere:0.21
	Mass: 3.5
	Water height: 0
	Water velocity: 0

(2026-08-21T16:02:45.305529970) (2026-08-21T16:02:45.305642554) [Dbg] [SystemManager.cc:80] Loaded system [vrx::PolyhedraBuoyancyDrag] for entity [42]
(2026-08-21T16:02:45.308544220) (2026-08-21T16:02:45.308636345) [Msg] Input Parameters:
(2026-08-21T16:02:45.308809970) (2026-08-21T16:02:45.308890845) [Msg] model:     PMS
(2026-08-21T16:02:45.309093137) (2026-08-21T16:02:45.309173512) [Msg] number:     3
(2026-08-21T16:02:45.309447929) (2026-08-21T16:02:45.309546679) [Msg] scale:      1.1
(2026-08-21T16:02:45.309774220) (2026-08-21T16:02:45.309859804) [Msg] angle:      0.4
(2026-08-21T16:02:45.310070387) (2026-08-21T16:02:45.310151554) [Msg] steepness:  0
(2026-08-21T16:02:45.310367179) (2026-08-21T16:02:45.310451345) [Msg] amplitude:  0
(2026-08-21T16:02:45.310713345) (2026-08-21T16:02:45.310851012) [Msg] period:     5
(2026-08-21T16:02:45.311173345) (2026-08-21T16:02:45.311264637) [Msg] direction:  0
(2026-08-21T16:02:45.311471262) (2026-08-21T16:02:45.311555804) [Msg] tau:  2
(2026-08-21T16:02:45.311764262) (2026-08-21T16:02:45.311845054) [Msg] gain:  1
(2026-08-21T16:02:45.312046845) (2026-08-21T16:02:45.312127679) [Msg] Derived Parameters:
(2026-08-21T16:02:45.312333387) (2026-08-21T16:02:45.312420845) [Msg] amplitudes:  0.121167, 0.130759, 0.128568, 
(2026-08-21T16:02:45.312783179) (2026-08-21T16:02:45.312873012) [Msg] wavenumbers: 0.133171, 0.161136, 0.194975, 
(2026-08-21T16:02:45.313322929) (2026-08-21T16:02:45.313446137) [Msg] omegas:      1.1424, 1.25664, 1.3823, 
(2026-08-21T16:02:45.313966179) (2026-08-21T16:02:45.314099512) [Msg] periods:     (2026-08-21T16:02:45.314324054) (2026-08-21T16:02:45.314426220) [Msg] 5.5, (2026-08-21T16:02:45.314610887) (2026-08-21T16:02:45.314695429) [Msg] 5, (2026-08-21T16:02:45.314964762) (2026-08-21T16:02:45.315058595) [Msg] 4.54545, (2026-08-21T16:02:45.315304054) (2026-08-21T16:02:45.315391887) [Msg] 
(2026-08-21T16:02:45.315541262) (2026-08-21T16:02:45.315624929) [Msg] phases:      0, 0, 0, 
(2026-08-21T16:02:45.315980012) (2026-08-21T16:02:45.316063720) [Msg] steepnesses: 0, 0, 0, 
(2026-08-21T16:02:45.316457095) (2026-08-21T16:02:45.316583304) [Msg] directions:  (2026-08-21T16:02:45.316792429) (2026-08-21T16:02:45.316888429) [Msg] 0.921061 -0.389418; (2026-08-21T16:02:45.317242345) (2026-08-21T16:02:45.317366012) [Msg] 1 0; (2026-08-21T16:02:45.317649887) (2026-08-21T16:02:45.317747345) [Msg] 0.921061 0.389418; (2026-08-21T16:02:45.318061595) (2026-08-21T16:02:45.318181720) [Msg] 
(2026-08-21T16:02:45.318402179) (2026-08-21T16:02:45.318489887) [Dbg] [PolyhedraBuoyancyDrag.cc:236] Found buoyancy element(s), looking at each element...
(2026-08-21T16:02:45.318817095) (2026-08-21T16:02:45.318902512) [Dbg] [PolyhedraBuoyancyDrag.cc:248] Buoyancy object:
	Link: link[138]
	Pose: 0 0 -0.02 0 0 0
	Geometry: Sphere:0.0285
	Mass: 0.04
	Water height: 0
	Water velocity: 0

(2026-08-21T16:02:45.320682304) (2026-08-21T16:02:45.320888512) [Dbg] [SystemManager.cc:80] Loaded system [vrx::PolyhedraBuoyancyDrag] for entity [137]
(2026-08-21T16:02:45.327015054) (2026-08-21T16:02:45.327127137) [Msg] Loaded level [default]
(2026-08-21T16:02:45.328124637) (2026-08-21T16:02:45.328233137) [Dbg] [ServerConfig.cc:657] Generating LogRecord SDF:
(2026-08-21T16:02:45.329474345) (2026-08-21T16:02:45.329670262) [Dbg] [ServerConfig.cc:713] <plugin name='gz::sim::systems::LogRecord' filename='gz-sim-log-system'>
  <record_path>/evidence/seed-7320-negative</record_path>
  <record_resources>false</record_resources>
  <record_topic>/world/sydney_regatta/dynamic_pose/info</record_topic>
</plugin>

(2026-08-21T16:02:45.340162179) (2026-08-21T16:02:45.340336804) [Msg] Recording to log file [/evidence/seed-7320-negative/state.tlog]
(2026-08-21T16:02:45.340827929) (2026-08-21T16:02:45.340939095) [Dbg] [LogRecord.cc:333] Recording default topic[/seed-7320-negative/sdf].
(2026-08-21T16:02:45.341232970) (2026-08-21T16:02:45.341349387) [Dbg] [LogRecord.cc:334] Recording default topic[/world/sydney_regatta/changed_state].
(2026-08-21T16:02:45.345469512) (2026-08-21T16:02:45.345606845) [Dbg] [LogRecord.cc:356] Recording topic[/world/sydney_regatta/dynamic_pose/info] as plain topic.
(2026-08-21T16:02:45.392550804) (2026-08-21T16:02:45.392838179) [Dbg] [SystemManager.cc:80] Loaded system [gz::sim::systems::LogRecord] for entity [1]
(2026-08-21T16:02:45.402119804) (2026-08-21T16:02:45.402206429) [Msg] Serving world controls on [/world/sydney_regatta/control], [/world/sydney_regatta/control/state] and [/world/sydney_regatta/playback/control]
(2026-08-21T16:02:45.403131887) (2026-08-21T16:02:45.403308054) [Msg] Serving GUI information on [/world/sydney_regatta/gui/info]
(2026-08-21T16:02:45.403708179) (2026-08-21T16:02:45.403830262) [Msg] World [sydney_regatta] initialized with [4ms] physics profile.
(2026-08-21T16:02:45.404956429) (2026-08-21T16:02:45.405159762) [Msg] Serving world SDF generation service on [/world/sydney_regatta/generate_world_sdf]
(2026-08-21T16:02:45.406352345) (2026-08-21T16:02:45.406455012) [Msg] Serving world names on [/gazebo/worlds]
(2026-08-21T16:02:45.406997804) (2026-08-21T16:02:45.407144179) [Msg] Resource path add service on [/gazebo/resource_paths/add].
(2026-08-21T16:02:45.407517262) (2026-08-21T16:02:45.407665054) [Msg] Resource path get service on [/gazebo/resource_paths/get].
(2026-08-21T16:02:45.408306845) (2026-08-21T16:02:45.408423262) [Msg] Resource path resolve service on [/gazebo/resource_paths/resolve].
(2026-08-21T16:02:45.410302179) (2026-08-21T16:02:45.410449179) [Msg] Resource paths published on [/gazebo/resource_paths].
(2026-08-21T16:02:45.516748637) (2026-08-21T16:02:45.516992137) [Msg] Server control service on [/server_control].
(2026-08-21T16:02:45.904301554) (2026-08-21T16:02:45.905362012) [Msg] Found no publishers on /stats, adding root stats topic
(2026-08-21T16:02:45.907266179) (2026-08-21T16:02:45.909368262) [Msg] Found no publishers on /clock, adding root clock topic
(2026-08-21T16:02:45.913321887) (2026-08-21T16:02:45.916399721) [Dbg] [SimulationRunner.cc:533] Creating PostUpdate worker threads: 9
(2026-08-21T16:02:45.916883221) (2026-08-21T16:02:45.917005887) [Dbg] [SimulationRunner.cc:544] Creating postupdate worker thread (0)
(2026-08-21T16:02:45.917694262) (2026-08-21T16:02:45.917851971) [Dbg] [SimulationRunner.cc:544] Creating postupdate worker thread (1)
(2026-08-21T16:02:45.918667137) (2026-08-21T16:02:45.918934637) [Dbg] [SimulationRunner.cc:544] Creating postupdate worker thread (2)
(2026-08-21T16:02:45.919455179) (2026-08-21T16:02:45.919702387) [Dbg] [SimulationRunner.cc:544] Creating postupdate worker thread (3)
(2026-08-21T16:02:45.920251762) (2026-08-21T16:02:45.920449887) [Dbg] [SimulationRunner.cc:544] Creating postupdate worker thread (4)
(2026-08-21T16:02:45.920893429) (2026-08-21T16:02:45.921058762) [Dbg] [SimulationRunner.cc:544] Creating postupdate worker thread (5)
(2026-08-21T16:02:45.921504637) (2026-08-21T16:02:45.921670054) [Dbg] [SimulationRunner.cc:544] Creating postupdate worker thread (6)
(2026-08-21T16:02:45.924242304) (2026-08-21T16:02:45.924499221) [Dbg] [SimulationRunner.cc:544] Creating postupdate worker thread (7)
(2026-08-21T16:02:46.41793762) (2026-08-21T16:02:46.42250679) [Msg] Thruster listening to commands on [wamv/thrusters/left/thrust]
(2026-08-21T16:02:46.43840637) (2026-08-21T16:02:46.44260137) [Msg] Thruster listening to enable_deadband on [wamv/thrusters/left/thrust/enable_deadband]
(2026-08-21T16:02:46.45881221) (2026-08-21T16:02:46.46151096) [Dbg] [Thruster.cc:496] Using velocity control for propeller joint.
(2026-08-21T16:02:46.47067387) (2026-08-21T16:02:46.47211096) [Dbg] [SystemManager.cc:80] Loaded system [gz::sim::systems::Thruster] for entity [143]
(2026-08-21T16:02:46.60321304) (2026-08-21T16:02:46.62642554) [Msg] JointPositionController subscribing to Double messages on [wamv/thrusters/left/pos]
(2026-08-21T16:02:46.65699637) (2026-08-21T16:02:46.66063179) [Dbg] [JointPositionController.cc:302] [JointPositionController] system parameters:
(2026-08-21T16:02:46.66670929) (2026-08-21T16:02:46.66929262) [Dbg] [JointPositionController.cc:303] p_gain: [1]
(2026-08-21T16:02:46.67596262) (2026-08-21T16:02:46.67697887) [Dbg] [JointPositionController.cc:304] i_gain: [0.1]
(2026-08-21T16:02:46.67981679) (2026-08-21T16:02:46.68116596) [Dbg] [JointPositionController.cc:305] d_gain: [0.01]
(2026-08-21T16:02:46.69351846) (2026-08-21T16:02:46.69566846) [Dbg] [JointPositionController.cc:306] i_max: [1]
(2026-08-21T16:02:46.70273846) (2026-08-21T16:02:46.70622929) [Dbg] [JointPositionController.cc:307] i_min: [-1]
(2026-08-21T16:02:46.71597429) (2026-08-21T16:02:46.72002887) [Dbg] [JointPositionController.cc:308] cmd_max: [1000]
(2026-08-21T16:02:46.72975429) (2026-08-21T16:02:46.73232554) [Dbg] [JointPositionController.cc:309] cmd_min: [-1000]
(2026-08-21T16:02:46.74150679) (2026-08-21T16:02:46.75428804) [Dbg] [JointPositionController.cc:310] cmd_offset: [0]
(2026-08-21T16:02:46.77255971) (2026-08-21T16:02:46.77522762) [Dbg] [JointPositionController.cc:311] Topic: [wamv/thrusters/left/pos]
(2026-08-21T16:02:46.78520471) (2026-08-21T16:02:46.78833346) [Dbg] [JointPositionController.cc:312] initial_position: [0]
(2026-08-21T16:02:46.79611971) (2026-08-21T16:02:46.79763596) [Dbg] [SystemManager.cc:80] Loaded system [gz::sim::systems::JointPositionController] for entity [143]
(2026-08-21T16:02:46.81192637) (2026-08-21T16:02:46.81374804) [Msg] Thruster listening to commands on [wamv/thrusters/right/thrust]
(2026-08-21T16:02:46.82629846) (2026-08-21T16:02:46.83005762) [Msg] Thruster listening to enable_deadband on [wamv/thrusters/right/thrust/enable_deadband]
(2026-08-21T16:02:46.86708012) (2026-08-21T16:02:46.86974846) [Dbg] [Thruster.cc:496] Using velocity control for propeller joint.
(2026-08-21T16:02:46.89635012) (2026-08-21T16:02:46.90431971) [Dbg] [SystemManager.cc:80] Loaded system [gz::sim::systems::Thruster] for entity [143]
(2026-08-21T16:02:46.94079762) (2026-08-21T16:02:46.94556887) [Msg] JointPositionController subscribing to Double messages on [wamv/thrusters/right/pos]
(2026-08-21T16:02:46.95296929) (2026-08-21T16:02:46.95542721) [Dbg] [JointPositionController.cc:302] [JointPositionController] system parameters:
(2026-08-21T16:02:46.95987554) (2026-08-21T16:02:46.96169221) [Dbg] [JointPositionController.cc:303] p_gain: [1]
(2026-08-21T16:02:46.96907804) (2026-08-21T16:02:46.97239679) [Dbg] [JointPositionController.cc:304] i_gain: [0.1]
(2026-08-21T16:02:46.98312971) (2026-08-21T16:02:46.98967304) [Dbg] [JointPositionController.cc:305] d_gain: [0.01]
(2026-08-21T16:02:46.100638262) (2026-08-21T16:02:46.101307471) [Dbg] [JointPositionController.cc:306] i_max: [1]
(2026-08-21T16:02:46.102094304) (2026-08-21T16:02:46.102364762) [Dbg] [JointPositionController.cc:307] i_min: [-1]
(2026-08-21T16:02:46.103261387) (2026-08-21T16:02:46.104268637) [Dbg] [JointPositionController.cc:308] cmd_max: [1000]
(2026-08-21T16:02:46.104875179) (2026-08-21T16:02:46.105156221) [Dbg] [JointPositionController.cc:309] cmd_min: [-1000]
(2026-08-21T16:02:46.105870387) (2026-08-21T16:02:46.106039179) [Dbg] [JointPositionController.cc:310] cmd_offset: [0]
(2026-08-21T16:02:46.106564137) (2026-08-21T16:02:46.106687679) [Dbg] [JointPositionController.cc:311] Topic: [wamv/thrusters/right/pos]
(2026-08-21T16:02:46.108184471) (2026-08-21T16:02:46.108440804) [Dbg] [JointPositionController.cc:312] initial_position: [0]
(2026-08-21T16:02:46.109258846) (2026-08-21T16:02:46.109395887) [Dbg] [SystemManager.cc:80] Loaded system [gz::sim::systems::JointPositionController] for entity [143]
(2026-08-21T16:02:46.128836887) (2026-08-21T16:02:46.129015554) [Msg] Input Parameters:
(2026-08-21T16:02:46.129697429) (2026-08-21T16:02:46.130108096) [Msg] model:     PMS
(2026-08-21T16:02:46.130728346) (2026-08-21T16:02:46.130833137) [Msg] number:     3
(2026-08-21T16:02:46.131118929) (2026-08-21T16:02:46.131314804) [Msg] scale:      1.1
(2026-08-21T16:02:46.132524637) (2026-08-21T16:02:46.132856262) [Msg] angle:      0.4
(2026-08-21T16:02:46.133591346) (2026-08-21T16:02:46.133861887) [Msg] steepness:  0
(2026-08-21T16:02:46.136683304) (2026-08-21T16:02:46.137388054) [Msg] amplitude:  0
(2026-08-21T16:02:46.138193054) (2026-08-21T16:02:46.138429346) [Msg] period:     5
(2026-08-21T16:02:46.139229512) (2026-08-21T16:02:46.139589221) [Msg] direction:  0
(2026-08-21T16:02:46.140103179) (2026-08-21T16:02:46.140389596) [Msg] tau:  2
(2026-08-21T16:02:46.140969637) (2026-08-21T16:02:46.141168429) [Msg] gain:  1
(2026-08-21T16:02:46.142070596) (2026-08-21T16:02:46.142625596) [Msg] Derived Parameters:
(2026-08-21T16:02:46.143848596) (2026-08-21T16:02:46.144116387) [Msg] amplitudes:  0.121167, 0.130759, 0.128568, 
(2026-08-21T16:02:46.148370429) (2026-08-21T16:02:46.148684804) [Msg] wavenumbers: 0.133171, 0.161136, 0.194975, 
(2026-08-21T16:02:46.150929887) (2026-08-21T16:02:46.151258012) [Msg] omegas:      1.1424, 1.25664, 1.3823, 
(2026-08-21T16:02:46.153929262) (2026-08-21T16:02:46.157276721) [Msg] periods:     (2026-08-21T16:02:46.161247846) (2026-08-21T16:02:46.161516679) [Msg] 5.5, (2026-08-21T16:02:46.162002304) (2026-08-21T16:02:46.162300346) [Msg] 5, (2026-08-21T16:02:46.162770679) (2026-08-21T16:02:46.162931846) [Msg] 4.54545, (2026-08-21T16:02:46.164021887) (2026-08-21T16:02:46.164155971) [Msg] 
(2026-08-21T16:02:46.164358887) (2026-08-21T16:02:46.164462512) [Msg] phases:      0, 0, 0, 
(2026-08-21T16:02:46.167737929) (2026-08-21T16:02:46.167873762) [Msg] steepnesses: 0, 0, 0, 
(2026-08-21T16:02:46.168471929) (2026-08-21T16:02:46.168715262) [Msg] directions:  (2026-08-21T16:02:46.169277429) (2026-08-21T16:02:46.169380262) [Msg] 0.921061 -0.389418; (2026-08-21T16:02:46.169706179) (2026-08-21T16:02:46.169834262) [Msg] 1 0; (2026-08-21T16:02:46.170180137) (2026-08-21T16:02:46.170312179) [Msg] 0.921061 0.389418; (2026-08-21T16:02:46.170769012) (2026-08-21T16:02:46.170885262) [Msg] 
(2026-08-21T16:02:46.171146221) (2026-08-21T16:02:46.171323762) [Dbg] [Surface.cc:188] Surface plugin successfully configured with the following parameters:
(2026-08-21T16:02:46.171971887) (2026-08-21T16:02:46.172184846) [Dbg] [Surface.cc:190]   <link_name>: wamv/base_link
(2026-08-21T16:02:46.174794596) (2026-08-21T16:02:46.174944846) [Dbg] [Surface.cc:191]   <vehicle_length>: 4.9
(2026-08-21T16:02:46.175287554) (2026-08-21T16:02:46.176039596) [Dbg] [Surface.cc:192]   <hull_radius>: 0.213
(2026-08-21T16:02:46.177615721) (2026-08-21T16:02:46.178618637) [Dbg] [Surface.cc:193]   <fluid_level>: 0
(2026-08-21T16:02:46.181048137) (2026-08-21T16:02:46.181530554) [Dbg] [Surface.cc:194]   <fluid_density>: 997.774
(2026-08-21T16:02:46.184180804) (2026-08-21T16:02:46.184605596) [Dbg] [Surface.cc:195]   <points>:
(2026-08-21T16:02:46.187306179) (2026-08-21T16:02:46.188359471) [Dbg] [Surface.cc:197]     [0.6 1.03 0]
(2026-08-21T16:02:46.189312471) (2026-08-21T16:02:46.192299471) [Dbg] [Surface.cc:197]     [-1.4 1.03 0]
(2026-08-21T16:02:46.198015512) (2026-08-21T16:02:46.198520262) [Dbg] [SystemManager.cc:80] Loaded system [vrx::Surface] for entity [143]
(2026-08-21T16:02:46.200571846) (2026-08-21T16:02:46.200748387) [Msg] Input Parameters:
(2026-08-21T16:02:46.201251346) (2026-08-21T16:02:46.201701596) [Msg] model:     PMS
(2026-08-21T16:02:46.202129262) (2026-08-21T16:02:46.202357012) [Msg] number:     3
(2026-08-21T16:02:46.202659554) (2026-08-21T16:02:46.202924846) [Msg] scale:      1.1
(2026-08-21T16:02:46.203479262) (2026-08-21T16:02:46.203632304) [Msg] angle:      0.4
(2026-08-21T16:02:46.205821262) (2026-08-21T16:02:46.207420721) [Msg] steepness:  0
(2026-08-21T16:02:46.208112346) (2026-08-21T16:02:46.208364304) [Msg] amplitude:  0
(2026-08-21T16:02:46.208979554) (2026-08-21T16:02:46.209186971) [Msg] period:     5
(2026-08-21T16:02:46.211762096) (2026-08-21T16:02:46.211889762) [Msg] direction:  0
(2026-08-21T16:02:46.212185054) (2026-08-21T16:02:46.212323137) [Msg] tau:  2
(2026-08-21T16:02:46.212630762) (2026-08-21T16:02:46.212791221) [Msg] gain:  1
(2026-08-21T16:02:46.213242304) (2026-08-21T16:02:46.213382679) [Msg] Derived Parameters:
(2026-08-21T16:02:46.213685054) (2026-08-21T16:02:46.213844971) [Msg] amplitudes:  0.121167, 0.130759, 0.128568, 
(2026-08-21T16:02:46.217371304) (2026-08-21T16:02:46.217971262) [Msg] wavenumbers: 0.133171, 0.161136, 0.194975, 
(2026-08-21T16:02:46.221658804) (2026-08-21T16:02:46.222297137) [Msg] omegas:      1.1424, 1.25664, 1.3823, 
(2026-08-21T16:02:46.225354054) (2026-08-21T16:02:46.225973137) [Msg] periods:     (2026-08-21T16:02:46.226982804) (2026-08-21T16:02:46.227147929) [Msg] 5.5, (2026-08-21T16:02:46.227416679) (2026-08-21T16:02:46.227520554) [Msg] 5, (2026-08-21T16:02:46.227845637) (2026-08-21T16:02:46.229437637) [Msg] 4.54545, (2026-08-21T16:02:46.230415554) (2026-08-21T16:02:46.231328637) [Msg] 
(2026-08-21T16:02:46.232474721) (2026-08-21T16:02:46.233179137) [Msg] phases:      0, 0, 0, 
(2026-08-21T16:02:46.235744596) (2026-08-21T16:02:46.236285971) [Msg] steepnesses: 0, 0, 0, 
(2026-08-21T16:02:46.236816721) (2026-08-21T16:02:46.236937304) [Msg] directions:  (2026-08-21T16:02:46.237151637) (2026-08-21T16:02:46.237275637) [Msg] 0.921061 -0.389418; (2026-08-21T16:02:46.239127221) (2026-08-21T16:02:46.240318846) [Msg] 1 0; (2026-08-21T16:02:46.240748262) (2026-08-21T16:02:46.240873346) [Msg] 0.921061 0.389418; (2026-08-21T16:02:46.241208429) (2026-08-21T16:02:46.241329637) [Msg] 
(2026-08-21T16:02:46.241546971) (2026-08-21T16:02:46.241671512) [Dbg] [Surface.cc:188] Surface plugin successfully configured with the following parameters:
(2026-08-21T16:02:46.241949262) (2026-08-21T16:02:46.242045637) [Dbg] [Surface.cc:190]   <link_name>: wamv/base_link
(2026-08-21T16:02:46.242281637) (2026-08-21T16:02:46.242476971) [Dbg] [Surface.cc:191]   <vehicle_length>: 4.9
(2026-08-21T16:02:46.242756596) (2026-08-21T16:02:46.242953721) [Dbg] [Surface.cc:192]   <hull_radius>: 0.213
(2026-08-21T16:02:46.243270054) (2026-08-21T16:02:46.243388471) [Dbg] [Surface.cc:193]   <fluid_level>: 0
(2026-08-21T16:02:46.243623387) (2026-08-21T16:02:46.243739179) [Dbg] [Surface.cc:194]   <fluid_density>: 997.774
(2026-08-21T16:02:46.244054971) (2026-08-21T16:02:46.244175471) [Dbg] [Surface.cc:195]   <points>:
(2026-08-21T16:02:46.244458637) (2026-08-21T16:02:46.244581596) [Dbg] [Surface.cc:197]     [0.6 -1.03 0]
(2026-08-21T16:02:46.245081846) (2026-08-21T16:02:46.245239221) [Dbg] [Surface.cc:197]     [-1.4 -1.03 0]
(2026-08-21T16:02:46.247861512) (2026-08-21T16:02:46.248001137) [Dbg] [SystemManager.cc:80] Loaded system [vrx::Surface] for entity [143]
(2026-08-21T16:02:46.266434762) (2026-08-21T16:02:46.267450346) [Dbg] [SimpleHydrodynamics.cc:164] SimpleHydrodynamics plugin successfully configured with the following parameters:
(2026-08-21T16:02:46.269474596) (2026-08-21T16:02:46.271184887) [Dbg] [SimpleHydrodynamics.cc:166]   <link_name>: wamv/base_link
(2026-08-21T16:02:46.273529721) (2026-08-21T16:02:46.273898596) [Dbg] [SimpleHydrodynamics.cc:167]   <xDotU>: 0
(2026-08-21T16:02:46.276297887) (2026-08-21T16:02:46.277771387) [Dbg] [SimpleHydrodynamics.cc:168]   <yDotV>: 0
(2026-08-21T16:02:46.280939471) (2026-08-21T16:02:46.281441679) [Dbg] [SimpleHydrodynamics.cc:169]   <zDotW>: 0.1
(2026-08-21T16:02:46.282327721) (2026-08-21T16:02:46.282439387) [Dbg] [SimpleHydrodynamics.cc:170]   <kDotP>: 0.1
(2026-08-21T16:02:46.282700221) (2026-08-21T16:02:46.282876971) [Dbg] [SimpleHydrodynamics.cc:171]   <mDotQ>: 0.1
(2026-08-21T16:02:46.283190804) (2026-08-21T16:02:46.283402346) [Dbg] [SimpleHydrodynamics.cc:172]   <nDotR>: 0
(2026-08-21T16:02:46.284163554) (2026-08-21T16:02:46.284285471) [Dbg] [SimpleHydrodynamics.cc:173]   <xU>: 100
(2026-08-21T16:02:46.284579512) (2026-08-21T16:02:46.284743887) [Dbg] [SimpleHydrodynamics.cc:174]   <xUU>: 150
(2026-08-21T16:02:46.285054012) (2026-08-21T16:02:46.285168929) [Dbg] [SimpleHydrodynamics.cc:175]   <yV>: 100
(2026-08-21T16:02:46.285677637) (2026-08-21T16:02:46.285819179) [Dbg] [SimpleHydrodynamics.cc:176]   <yVV>: 100
(2026-08-21T16:02:46.286243596) (2026-08-21T16:02:46.286342054) [Dbg] [SimpleHydrodynamics.cc:177]   <zW>: 500
(2026-08-21T16:02:46.286742929) (2026-08-21T16:02:46.286853179) [Dbg] [SimpleHydrodynamics.cc:178]   <zWW>: 0
(2026-08-21T16:02:46.287108762) (2026-08-21T16:02:46.287199762) [Dbg] [SimpleHydrodynamics.cc:179]   <kP>: 300
(2026-08-21T16:02:46.287759512) (2026-08-21T16:02:46.287967304) [Dbg] [SimpleHydrodynamics.cc:180]   <kPP>: 600
(2026-08-21T16:02:46.289750054) (2026-08-21T16:02:46.289867346) [Dbg] [SimpleHydrodynamics.cc:181]   <mQ>: 900
(2026-08-21T16:02:46.290177304) (2026-08-21T16:02:46.290410512) [Dbg] [SimpleHydrodynamics.cc:182]   <mQQ>: 900
(2026-08-21T16:02:46.290704471) (2026-08-21T16:02:46.291136846) [Dbg] [SimpleHydrodynamics.cc:183]   <nR>: 800
(2026-08-21T16:02:46.291622221) (2026-08-21T16:02:46.291733137) [Dbg] [SimpleHydrodynamics.cc:184]   <nRR>: 800
(2026-08-21T16:02:46.292134387) (2026-08-21T16:02:46.292341929) [Dbg] [SystemManager.cc:80] Loaded system [vrx::SimpleHydrodynamics] for entity [143]
(2026-08-21T16:02:46.299318054) (2026-08-21T16:02:46.299520346) [Dbg] [DetachableJoint.cc:137] Detach topic is: /vrx/release
(2026-08-21T16:02:46.302473596) (2026-08-21T16:02:46.302947596) [Dbg] [DetachableJoint.cc:143] DetachableJoint subscribing to messages on [/vrx/release]
(2026-08-21T16:02:46.304561471) (2026-08-21T16:02:46.304787054) [Dbg] [DetachableJoint.cc:160] Attach topic is: /model/wamv/detachable_joint/attach
(2026-08-21T16:02:46.306369596) (2026-08-21T16:02:46.306490387) [Dbg] [DetachableJoint.cc:195] Output topic is: /model/platform/detachable_joint/state
(2026-08-21T16:02:46.308111304) (2026-08-21T16:02:46.308240429) [Dbg] [SystemManager.cc:80] Loaded system [gz::sim::systems::DetachableJoint] for entity [143]
(2026-08-21T16:02:46.314398554) (2026-08-21T16:02:46.314691721) [Dbg] [SystemManager.cc:80] Loaded system [gz::sim::systems::PosePublisher] for entity [143]
(2026-08-21T16:02:46.320402971) (2026-08-21T16:02:46.320554304) [Dbg] [SystemManager.cc:80] Loaded system [gz::sim::systems::JointStatePublisher] for entity [143]
(2026-08-21T16:02:46.348460512) (2026-08-21T16:02:46.348618304) [Dbg] [SystemManager.cc:80] Loaded system [vrx::AcousticPingerPlugin] for entity [143]
(2026-08-21T16:02:46.388516262) (2026-08-21T16:02:46.388731887) [Dbg] [BallShooterPlugin.cc:212] <projectile><model_name>: blue_projectile
(2026-08-21T16:02:46.389227012) (2026-08-21T16:02:46.389363054) [Dbg] [BallShooterPlugin.cc:213] <projectile><link_name>: link
(2026-08-21T16:02:46.389692596) (2026-08-21T16:02:46.389803679) [Dbg] [BallShooterPlugin.cc:214] <frame>: wamv/ball_shooter_launcher_link
(2026-08-21T16:02:46.390101637) (2026-08-21T16:02:46.390198262) [Dbg] [BallShooterPlugin.cc:215] <num_shots>: 4
(2026-08-21T16:02:46.390523846) (2026-08-21T16:02:46.390615429) [Dbg] [BallShooterPlugin.cc:216] <pose>: 0.14 0 0 0 0 0
(2026-08-21T16:02:46.392204929) (2026-08-21T16:02:46.392349554) [Dbg] [BallShooterPlugin.cc:218] <shot_force>: 65
(2026-08-21T16:02:46.392770221) (2026-08-21T16:02:46.392871471) [Dbg] [BallShooterPlugin.cc:219] <topic>: wamv/shooters/ball_shooter/fire
(2026-08-21T16:02:46.393338721) (2026-08-21T16:02:46.393432096) [Dbg] [SystemManager.cc:80] Loaded system [vrx::BallShooterPlugin] for entity [143]
(2026-08-21T16:02:46.395085637) (2026-08-21T16:02:46.395255512) [Dbg] [UserCommands.cc:1094] Created entity [143] named [wamv]
(2026-08-21T16:02:46.404315971) (2026-08-21T16:02:46.404457554) [Msg] Contact system publishing on /vrx/contacts
(2026-08-21T16:02:46.406326471) (2026-08-21T16:02:46.406438554) [Dbg] [USVWind.cc:282] wamv initialized
(2026-08-21T16:02:46.459675888) (2026-08-21T16:02:46.459836638) [Dbg] [SDFFeatures.cc:332] Mesh construction from an SDF has not been implemented yet for dartsim. Use AttachMeshShapeFeature to use mesh shapes.
(2026-08-21T16:02:46.460193513) (2026-08-21T16:02:46.460473763) [Dbg] [SDFFeatures.cc:864] The geometry element of collision [collision] couldn't be created
(2026-08-21T16:02:46.646654638) (2026-08-21T16:02:46.647425263) [Dbg] [SimulationFeatures.cc:90] Simulation timestep set to: 0.004
(2026-08-21T16:02:46.688958554) (2026-08-21T16:02:46.689129888) [Dbg] [Sensors.cc:953] Initialization needed
(2026-08-21T16:02:46.691105429) (2026-08-21T16:02:46.691301138) [Dbg] [Sensors.cc:349] Initializing render context
(2026-08-21T16:02:46.712812804) (2026-08-21T16:02:46.713122054) [Msg] Loading plugin [gz-rendering-ogre2]
(2026-08-21T16:02:46.752521388) (2026-08-21T16:02:46.752902388) [Dbg] [ImuSensor.cc:150] IMU data for [wamv::wamv/imu_wamv_link::imu_wamv_sensor] advertised on [world/sydney_regatta/model/wamv/link/wamv/imu_wamv_link/sensor/imu_wamv_sensor/imu]
(2026-08-21T16:02:46.814295888) (2026-08-21T16:02:46.814505388) [Wrn] [Ogre2RenderEngine.cc:551] Unable to open display: . Trying to run in headless mode.
(2026-08-21T16:02:46.815961013) (2026-08-21T16:02:46.816258596) [Msg] Serving scene information on [/world/sydney_regatta/scene/info]
(2026-08-21T16:02:46.819647804) (2026-08-21T16:02:46.819916763) [Msg] Serving graph information on [/world/sydney_regatta/scene/graph]
(2026-08-21T16:02:46.824132679) (2026-08-21T16:02:46.825539138) [Msg] (2026-08-21T16:02:46.825989513) (2026-08-21T16:02:46.827179554) Serving full state on [/world/sydney_regatta/state]
[Wrn] [Component.hh:127] Trying to serialize component with data type [St10shared_ptrIN3sdf3v147ElementEE], which doesn't have `operator<<`. Component will not be serialized.
(2026-08-21T16:02:46.828964138) (2026-08-21T16:02:46.829150763) [Msg] Serving full state (async) on [/world/sydney_regatta/state_async]
(2026-08-21T16:02:46.832481013) (2026-08-21T16:02:46.832708054) [Msg] Publishing scene information on [/world/sydney_regatta/scene/info]
(2026-08-21T16:02:46.835461096) (2026-08-21T16:02:46.835809179) [Msg] Publishing entity deletions on [/world/sydney_regatta/scene/deletion]
(2026-08-21T16:02:46.837138138) (2026-08-21T16:02:46.837457221) [Msg] Publishing state changes on [/world/sydney_regatta/state]
(2026-08-21T16:02:46.838918929) (2026-08-21T16:02:46.839094054) [Msg] Publishing pose messages on [/world/sydney_regatta/pose/info]
(2026-08-21T16:02:46.839897763) (2026-08-21T16:02:46.840130096) [Msg] Publishing dynamic pose messages on [/world/sydney_regatta/dynamic_pose/info]
((2026-08-21T16:02:46.882350846) (2026-08-21T16:02:46.882757804) [Dbg] [SimulationRunner.cc:560] Exiting postupdate worker thread (0)
(2026-08-21T16:02:46.883453721) (2026-08-21T16:02:46.883764221) [Dbg] [SimulationRunner.cc:560] Exiting postupdate worker thread ((3)
(2026-08-21T16:02:46.884646513) (2026-08-21T16:02:46.884895929) [Dbg] [SimulationRunner.cc:560] Exiting postupdate worker thread (6)
(2026-08-21T16:02:46.885653846) (2026-08-21T16:02:46.885872513) [Dbg] [SimulationRunner.cc:560] Exiting postupdate worker thread (4)
2026-08-21T16:02:46.886313388) (2026-08-21T16:02:46.886537096) [Dbg] [SimulationRunner.cc:560] Exiting postupdate worker thread (7)
(2026-08-21T16:02:46.887080679) (2026-08-21T16:02:46.887270721) [Dbg] [SimulationRunner.cc:560] Exiting postupdate worker thread (5)
(2026-08-21T16:02:46.887755013) (2026-08-21T16:02:46.887924971) [Dbg] [SimulationRunner.cc:560] Exiting postupdate worker thread (1)
2026-08-21T16:02:46.888379596) (2026-08-21T16:02:46.888562138) [Dbg] [SimulationRunner.cc:560] Exiting postupdate worker thread (2)
(2026-08-21T16:02:46.889479846) (2026-08-21T16:02:46.889619596) [Dbg] [SimulationRunner.cc:533] Creating PostUpdate worker threads: 13
(2026-08-21T16:02:46.890381554) (2026-08-21T16:02:46.890573054) [Dbg] [SimulationRunner.cc:544] Creating postupdate worker thread (0)
(2026-08-21T16:02:46.911569763) (2026-08-21T16:02:46.911712138) [Dbg] [SimulationRunner.cc:544] Creating postupdate worker thread (1)
(2026-08-21T16:02:46.912110888) (2026-08-21T16:02:46.912218638) [Dbg] [SimulationRunner.cc:544] Creating postupdate worker thread (2)
(2026-08-21T16:02:46.912551596) (2026-08-21T16:02:46.912658179) [Dbg] [SimulationRunner.cc:544] Creating postupdate worker thread (3)
(2026-08-21T16:02:46.913052304) (2026-08-21T16:02:46.913268263) [Dbg] [SimulationRunner.cc:544] Creating postupdate worker thread (4)
(2026-08-21T16:02:46.913768096) (2026-08-21T16:02:46.913971304) [Dbg] [SimulationRunner.cc:544] Creating postupdate worker thread (5)
(2026-08-21T16:02:46.914375346) (2026-08-21T16:02:46.914561929) [Dbg] [SimulationRunner.cc:544] Creating postupdate worker thread (6)
(2026-08-21T16:02:46.914962346) (2026-08-21T16:02:46.915107388) [Dbg] [SimulationRunner.cc:544] Creating postupdate worker thread (7)
(2026-08-21T16:02:46.915508888) (2026-08-21T16:02:46.915628763) [Dbg] [SimulationRunner.cc:544] Creating postupdate worker thread (8)
(2026-08-21T16:02:46.915964596) (2026-08-21T16:02:46.916119596) [Dbg] [SimulationRunner.cc:544] Creating postupdate worker thread (9)
(2026-08-21T16:02:46.916506804) (2026-08-21T16:02:46.916671638) [Dbg] [SimulationRunner.cc:544] Creating postupdate worker thread (10)
(2026-08-21T16:02:46.917104263) (2026-08-21T16:02:46.917238429) [Dbg] [SimulationRunner.cc:544] Creating postupdate worker thread (11)
(2026-08-21T16:02:46.925826263) (2026-08-21T16:02:46.925974513) [Dbg] [JointPositionController.cc:376] Identified joint [wamv/left_chassis_engine_joint] as Entity [244]
(2026-08-21T16:02:46.927424513) (2026-08-21T16:02:46.927527763) [Dbg] [JointPositionController.cc:376] Identified joint [wamv/right_chassis_engine_joint] as Entity [247]
(2026-08-21T16:02:46.976240263) (2026-08-21T16:02:46.976364804) [Wrn] [DetachableJoint.cc:348] Child Link dummy_upper could not be found.
(2026-08-21T16:02:47.690162346) (2026-08-21T16:02:47.690329138) [Dbg] [RenderUtil.cc:2646] Create scene [scene]
(2026-08-21T16:02:48.450006513) (2026-08-21T16:02:48.450195847) [Dbg] [Sensors.cc:391] Rendering Thread initialized
(2026-08-21T16:02:48.450532097) (2026-08-21T16:02:48.450744472) [Dbg] [Sensors.cc:953] Initialization needed
(2026-08-21T16:02:48.466646347) (2026-08-21T16:02:48.468005180) [Wrn] [DetachableJoint.cc:348] Child Link dummy_upper could not be found.
(2026-08-21T16:02:59.465520296) (2026-08-21T16:02:59.465714838) [Dbg] [CameraSensor.cc:405] Camera images for [wamv::wamv/base_link::front_left_camera_sensor] advertised on [world/sydney_regatta/model/wamv/link/wamv/base_link/sensor/front_left_camera_sensor/image]
(2026-08-21T16:02:59.467233629) (2026-08-21T16:02:59.467712921) [Dbg] [CameraSensor.cc:695] Camera info for [wamv::wamv/base_link::front_left_camera_sensor] advertised on [/world/sydney_regatta/model/wamv/link/wamv/base_link/sensor/front_left_camera_sensor/camera_info]
(2026-08-21T16:02:59.472038588) (2026-08-21T16:02:59.472193213) [Wrn] [Ogre2Camera.cc:421] Ogre2Camera::SetVisibilityMask: Mask bits c0000000 are set but will be ignored as they conflict with the reserved bits used internally by the ogre2 backend.
(2026-08-21T16:02:59.479104213) (2026-08-21T16:02:59.479313838) [Dbg] [CameraSensor.cc:405] Camera images for [wamv::wamv/base_link::front_right_camera_sensor] advertised on [world/sydney_regatta/model/wamv/link/wamv/base_link/sensor/front_right_camera_sensor/image]
(2026-08-21T16:02:59.479992796) (2026-08-21T16:02:59.480102588) [Dbg] [CameraSensor.cc:695] Camera info for [wamv::wamv/base_link::front_right_camera_sensor] advertised on [/world/sydney_regatta/model/wamv/link/wamv/base_link/sensor/front_right_camera_sensor/camera_info]
(2026-08-21T16:02:59.480731129) (2026-08-21T16:02:59.480829046) [Wrn] [Ogre2Camera.cc:421] Ogre2Camera::SetVisibilityMask: Mask bits c0000000 are set but will be ignored as they conflict with the reserved bits used internally by the ogre2 backend.
(2026-08-21T16:02:59.481921963) (2026-08-21T16:02:59.482100296) [Dbg] [CameraSensor.cc:405] Camera images for [wamv::wamv/base_link::middle_right_camera_sensor] advertised on [world/sydney_regatta/model/wamv/link/wamv/base_link/sensor/middle_right_camera_sensor/image]
(2026-08-21T16:02:59.482683588) (2026-08-21T16:02:59.482822754) [Dbg] [CameraSensor.cc:695] Camera info for [wamv::wamv/base_link::middle_right_camera_sensor] advertised on [/world/sydney_regatta/model/wamv/link/wamv/base_link/sensor/middle_right_camera_sensor/camera_info]
(2026-08-21T16:02:59.483279921) (2026-08-21T16:02:59.483375421) [Wrn] [Ogre2Camera.cc:421] Ogre2Camera::SetVisibilityMask: Mask bits c0000000 are set but will be ignored as they conflict with the reserved bits used internally by the ogre2 backend.
(2026-08-21T16:02:59.485828296) (2026-08-21T16:02:59.485972879) [Dbg] [Lidar.cc:139] Laser scans for [wamv::wamv/base_link::lidar_wamv_sensor] advertised on [world/sydney_regatta/model/wamv/link/wamv/base_link/sensor/lidar_wamv_sensor/scan]
(2026-08-21T16:02:59.488008754) (2026-08-21T16:02:59.488137046) [Dbg] [GpuLidarSensor.cc:164] Lidar points for [wamv::wamv/base_link::lidar_wamv_sensor] advertised on [world/sydney_regatta/model/wamv/link/wamv/base_link/sensor/lidar_wamv_sensor/scan/points]
(2026-08-21T16:02:59.590860588) (2026-08-21T16:02:59.591088504) [Dbg] [CameraSensor.cc:504] Enabling camera sensor: 'wamv::wamv/base_link::front_left_camera_sensor' data generation.
(2026-08-21T16:03:03.993397632) (2026-08-21T16:03:03.993773423) [Dbg] [CameraSensor.cc:504] Enabling camera sensor: 'wamv::wamv/base_link::front_right_camera_sensor' data generation.
(2026-08-21T16:03:04.163248048) (2026-08-21T16:03:04.163536382) [Dbg] [CameraSensor.cc:504] Enabling camera sensor: 'wamv::wamv/base_link::middle_right_camera_sensor' data generation.
(2026-08-21T16:03:05.223494840) (2026-08-21T16:03:05.223914424) [Wrn] [DetachableJoint.cc:348] Child Link dummy_upper could not be found.
(2026-08-21T16:03:05.227374549) (2026-08-21T16:03:05.227653340) [Wrn] [DetachableJoint.cc:348] Child Link dummy_upper could not be found.
(2026-08-21T16:03:05.231582424) (2026-08-21T16:03:05.231722715) [Wrn] [DetachableJoint.cc:348] Child Link dummy_upper could not be found.
(2026-08-21T16:03:05.235910632) (2026-08-21T16:03:05.236046965) [Wrn] [DetachableJoint.cc:348] Child Link dummy_upper could not be found.
(2026-08-21T16:03:05.240132132) (2026-08-21T16:03:05.240339549) [Wrn] [DetachableJoint.cc:348] Child Link dummy_upper could not be found.
(2026-08-21T16:03:05.244337674) (2026-08-21T16:03:05.244481674) [Wrn] [DetachableJoint.cc:348] Child Link dummy_upper could not be found.
(2026-08-21T16:03:05.248476840) (2026-08-21T16:03:05.248661257) [Wrn] [DetachableJoint.cc:348] Child Link dummy_upper could not be found.
(2026-08-21T16:03:05.252750632) (2026-08-21T16:03:05.252863465) [Wrn] [DetachableJoint.cc:348] Child Link dummy_upper could not be found.
(2026-08-21T16:03:05.259038590) (2026-08-21T16:03:05.261184091) [Wrn] [DetachableJoint.cc:348] Child Link dummy_upper could not be found.
(2026-08-21T16:03:05.264640382) (2026-08-21T16:03:05.264810049) [Wrn] [DetachableJoint.cc:348] Child Link dummy_upper could not be found.
(2026-08-21T16:03:05.271150216) (2026-08-21T16:03:05.284145716) [Wrn] [DetachableJoint.cc:348] Child Link dummy_upper could not be found.
(2026-08-21T16:03:05.303280799) (2026-08-21T16:03:05.311399257) [Wrn] [DetachableJoint.cc:348] Child Link dummy_upper could not be found.
(2026-08-21T16:03:05.324813382) (2026-08-21T16:03:05.324983841) [Wrn] [DetachableJoint.cc:348] Child Link dummy_upper could not be found.
(2026-08-21T16:03:05.330486632) (2026-08-21T16:03:05.332302382) [Wrn] [DetachableJoint.cc:348] Child Link dummy_upper could not be found.
(2026-08-21T16:03:05.788947507) (2026-08-21T16:03:05.789328841) [Wrn] [DetachableJoint.cc:348] Child Link dummy_upper could not be found.
(2026-08-21T16:03:05.792998341) (2026-08-21T16:03:05.793179716) [Wrn] [DetachableJoint.cc:348] Child Link dummy_upper could not be found.
(2026-08-21T16:03:05.796912299) (2026-08-21T16:03:05.799064341) [Wrn] [DetachableJoint.cc:348] Child Link dummy_upper could not be found.
(2026-08-21T16:03:05.804049674) (2026-08-21T16:03:05.804232424) [Wrn] [DetachableJoint.cc:348] Child Link dummy_upper could not be found.
(2026-08-21T16:03:05.808000007) (2026-08-21T16:03:05.808212049) [Wrn] [DetachableJoint.cc:348] Child Link dummy_upper could not be found.
(2026-08-21T16:03:05.816166341) (2026-08-21T16:03:05.816707174) [Wrn] [DetachableJoint.cc:348] Child Link dummy_upper could not be found.
(2026-08-21T16:03:05.831684091) (2026-08-21T16:03:05.831816424) [Wrn] [DetachableJoint.cc:348] Child Link dummy_upper could not be found.
(2026-08-21T16:03:05.840879257) (2026-08-21T16:03:05.841109966) [Wrn] [DetachableJoint.cc:348] Child Link dummy_upper could not be found.
(2026-08-21T16:03:06.311537383) (2026-08-21T16:03:06.311764466) [Wrn] [DetachableJoint.cc:348] Child Link dummy_upper could not be found.
(2026-08-21T16:03:06.315886674) (2026-08-21T16:03:06.316046633) [Wrn] [DetachableJoint.cc:348] Child Link dummy_upper could not be found.
(2026-08-21T16:03:06.319506758) (2026-08-21T16:03:06.319626591) [Wrn] [DetachableJoint.cc:348] Child Link dummy_upper could not be found.
(2026-08-21T16:03:06.324968299) (2026-08-21T16:03:06.326516133) [Wrn] [DetachableJoint.cc:348] Child Link dummy_upper could not be found.
(2026-08-21T16:03:06.330068091) (2026-08-21T16:03:06.330300174) [Wrn] [DetachableJoint.cc:348] Child Link dummy_upper could not be found.
(2026-08-21T16:03:06.333907883) (2026-08-21T16:03:06.334057424) [Wrn] [DetachableJoint.cc:348] Child Link dummy_upper could not be found.
(2026-08-21T16:03:06.342208424) (2026-08-21T16:03:06.342922716) [Wrn] [DetachableJoint.cc:348] Child Link dummy_upper could not be found.
(2026-08-21T16:03:06.352459383) (2026-08-21T16:03:06.363879883) [Wrn] [DetachableJoint.cc:348] Child Link dummy_upper could not be found.
(2026-08-21T16:03:06.372196258) (2026-08-21T16:03:06.372470966) [Wrn] [DetachableJoint.cc:348] Child Link dummy_upper could not be found.
(2026-08-21T16:03:06.920305258) (2026-08-21T16:03:06.920623966) [Wrn] [DetachableJoint.cc:348] Child Link dummy_upper could not be found.
(2026-08-21T16:03:06.924374341) (2026-08-21T16:03:06.924630966) [Wrn] [DetachableJoint.cc:348] Child Link dummy_upper could not be found.
(2026-08-21T16:03:06.928513258) (2026-08-21T16:03:06.928639800) [Wrn] [DetachableJoint.cc:348] Child Link dummy_upper could not be found.
(2026-08-21T16:03:06.933226758) (2026-08-21T16:03:06.933421550) [Wrn] [DetachableJoint.cc:348] Child Link dummy_upper could not be found.
(2026-08-21T16:03:06.936707341) (2026-08-21T16:03:06.936801841) [Wrn] [DetachableJoint.cc:348] Child Link dummy_upper could not be found.
(2026-08-21T16:03:06.945118675) (2026-08-21T16:03:06.962395716) [Wrn] [DetachableJoint.cc:348] Child Link dummy_upper could not be found.
(2026-08-21T16:03:06.980001050) (2026-08-21T16:03:06.983360800) [Wrn] [DetachableJoint.cc:348] Child Link dummy_upper could not be found.
(2026-08-21T16:03:07.8237008) (2026-08-21T16:03:07.8395258) [Wrn] [DetachableJoint.cc:348] Child Link dummy_upper could not be found.
(2026-08-21T16:03:07.456415425) (2026-08-21T16:03:07.456731467) [Wrn] [DetachableJoint.cc:348] Child Link dummy_upper could not be found.
(2026-08-21T16:03:07.460544883) (2026-08-21T16:03:07.460796883) [Wrn] [DetachableJoint.cc:348] Child Link dummy_upper could not be found.
(2026-08-21T16:03:07.465942717) (2026-08-21T16:03:07.466602050) [Wrn] [DetachableJoint.cc:348] Child Link dummy_upper could not be found.
(2026-08-21T16:03:07.471557383) (2026-08-21T16:03:07.471697925) [Wrn] [DetachableJoint.cc:348] Child Link dummy_upper could not be found.
(2026-08-21T16:03:07.475136675) (2026-08-21T16:03:07.475563217) [Wrn] [DetachableJoint.cc:348] Child Link dummy_upper could not be found.
(2026-08-21T16:03:07.484510883) (2026-08-21T16:03:07.488939800) [Wrn] [DetachableJoint.cc:348] Child Link dummy_upper could not be found.
(2026-08-21T16:03:07.510777342) (2026-08-21T16:03:07.511146133) [Wrn] [DetachableJoint.cc:348] Child Link dummy_upper could not be found.
(2026-08-21T16:03:07.523496467) (2026-08-21T16:03:07.523826758) [Wrn] [DetachableJoint.cc:348] Child Link dummy_upper could not be found.
(2026-08-21T16:03:07.992799425) (2026-08-21T16:03:07.993108050) [Dbg] [gz.cc:434] Shutting down gz-sim-server
(2026-08-21T16:03:07.994056842) (2026-08-21T16:03:07.994340092) [Dbg] [Sensors.cc:565] SensorsPrivate::Stop
(2026-08-21T16:03:08.671759592) (2026-08-21T16:03:08.672131592) [Dbg] [Sensors.cc:551] SensorsPrivate::RenderThread stopped
((((((2026-08-21T16:03:08.676600092) (2026-08-21T16:03:08.676873634) [Dbg] [SimulationRunner.cc:560] Exiting postupdate worker thread (10()(
2026-08-21T16:03:08.678902134(2026-08-21T16:03:08.678902134(2026-08-21T16:03:08.679237800) (2026-08-21T16:03:08.679665800) [Dbg] [SimulationRunner.cc:560] Exiting postupdate worker thread (9)
(2026-08-21T16:03:08.680499509) (2026-08-21T16:03:08.680772425) [Dbg] [SimulationRunner.cc:560] Exiting postupdate worker thread (5)
((2026-08-21T16:03:08.681613300) (2026-08-21T16:03:08.681849050) [Dbg] [SimulationRunner.cc:560] Exiting postupdate worker thread (6)
) (2026-08-21T16:03:08.682546175) [Dbg] [SimulationRunner.cc:560] Exiting postupdate worker thread (7)
2026-08-21T16:03:08.683046342) (2026-08-21T16:03:08.683273175) [Dbg] [SimulationRunner.cc:560] Exiting postupdate worker thread (2)
(2026-08-21T16:03:08.683815384) (2026-08-21T16:03:08.683995800) [Dbg] [SimulationRunner.cc:560] Exiting postupdate worker thread (3)
2026-08-21T16:03:08.684512009) (2026-08-21T16:03:08.684739717) [Dbg] [SimulationRunner.cc:560] Exiting postupdate worker thread (1)
(2026-08-21T16:03:08.685416050) (2026-08-21T16:03:08.685620509) [Dbg] [SimulationRunner.cc:560] Exiting postupdate worker thread (4)
2026-08-21T16:03:08.686131634) (2026-08-21T16:03:08.686375634) [Dbg] [SimulationRunner.cc:560] Exiting postupdate worker thread (0)
(2026-08-21T16:03:08.687121384) (2026-08-21T16:03:08.687361925) [Dbg] [SimulationRunner.cc:560] Exiting postupdate worker thread (8)
2026-08-21T16:03:08.688540050) (2026-08-21T16:03:08.688858425) [Dbg] [SimulationRunner.cc:560] Exiting postupdate worker thread (11)
(2026-08-21T16:03:08.779600342) (2026-08-21T16:03:08.779819717) [Dbg] [Sensors.cc:565] SensorsPrivate::Stop
(2026-08-21T16:03:08.801873009) (2026-08-21T16:03:08.802018009) [Msg] Stopping recording
