(2026-08-22T17:17:56.303702592) (2026-08-22T17:17:56.305144342) [Msg] Gazebo Sim Server v8.10.0
(2026-08-22T17:17:56.308667134) (2026-08-22T17:17:56.308775550) [Msg] Setting seed value: 7319
(2026-08-22T17:17:56.445918842) (2026-08-22T17:17:56.446134675) [Msg] Loading SDF world file[/opt/vrx_ws/install/share/vrx_gz/worlds/sydney_regatta.sdf].
(2026-08-22T17:17:57.186207967) (2026-08-22T17:17:57.186388301) [Msg] Serving entity system service on [/entity/system/add]
(2026-08-22T17:17:57.265093884) (2026-08-22T17:17:57.265206009) [Dbg] [Physics.cc:899] Loaded [gz::physics::dartsim::Plugin] from library [/opt/ros/jazzy/opt/gz_physics_vendor/lib/gz-physics-7/engine-plugins/libgz-physics-dartsim-plugin.so]
(2026-08-22T17:17:57.266053676) (2026-08-22T17:17:57.266122384) [Dbg] [SystemManager.cc:80] Loaded system [gz::sim::systems::Physics] for entity [1]
(2026-08-22T17:17:57.272845717) (2026-08-22T17:17:57.273030342) [Msg] Create service on [/world/sydney_regatta/create_multiple] (async)
(2026-08-22T17:17:57.273404884) (2026-08-22T17:17:57.273489676) [Msg] Create service on [/world/sydney_regatta/create_multiple/blocking] (blocking)
(2026-08-22T17:17:57.274257009) (2026-08-22T17:17:57.274371384) [Msg] Remove service on [/world/sydney_regatta/remove] (async)
(2026-08-22T17:17:57.274711801) (2026-08-22T17:17:57.274798176) [Msg] Remove service on [/world/sydney_regatta/remove/blocking] (blocking)
(2026-08-22T17:17:57.275408009) (2026-08-22T17:17:57.275497009) [Msg] Pose service on [/world/sydney_regatta/set_pose] (async)
(2026-08-22T17:17:57.276020717) (2026-08-22T17:17:57.276120717) [Msg] Pose service on [/world/sydney_regatta/set_pose/blocking] (blocking)
(2026-08-22T17:17:57.276880884) (2026-08-22T17:17:57.276979926) [Msg] Pose service on [/world/sydney_regatta/set_pose_vector] (async)
(2026-08-22T17:17:57.277335176) (2026-08-22T17:17:57.277418217) [Msg] Pose service on [/world/sydney_regatta/set_pose_vector/blocking] (blocking)
(2026-08-22T17:17:57.278196842) (2026-08-22T17:17:57.278302217) [Msg] Light configuration service on [/world/sydney_regatta/light_config] (async)
(2026-08-22T17:17:57.278645301) (2026-08-22T17:17:57.278733342) [Msg] Light configuration service on [/world/sydney_regatta/light_config/blocking] (blocking)
(2026-08-22T17:17:57.281221842) (2026-08-22T17:17:57.281363176) [Msg] Physics service on [/world/sydney_regatta/set_physics] (async)
(2026-08-22T17:17:57.281717426) (2026-08-22T17:17:57.281814176) [Msg] Physics service on [/world/sydney_regatta/set_physics/blocking] (blocking)
(2026-08-22T17:17:57.282640134) (2026-08-22T17:17:57.282724676) [Msg] SphericalCoordinates service on [/world/sydney_regatta/set_spherical_coordinates] (async)
(2026-08-22T17:17:57.283012509) (2026-08-22T17:17:57.283106009) [Msg] SphericalCoordinates service on [/world/sydney_regatta/set_spherical_coordinates/blocking] (blocking)
(2026-08-22T17:17:57.283454176) (2026-08-22T17:17:57.283558009) [Msg] Enable collision service on [/world/sydney_regatta/enable_collision] (async)
(2026-08-22T17:17:57.283861009) (2026-08-22T17:17:57.283965884) [Msg] Enable collision service on [/world/sydney_regatta/enable_collision/blocking] (blocking)
(2026-08-22T17:17:57.284454592) (2026-08-22T17:17:57.284554009) [Msg] Disable collision service on [/world/sydney_regatta/disable_collision] (async)
(2026-08-22T17:17:57.285095259) (2026-08-22T17:17:57.285205467) [Msg] Disable collision service on [/world/sydney_regatta/disable_collision/blocking] (blocking)
(2026-08-22T17:17:57.286081967) (2026-08-22T17:17:57.286198884) [Msg] Material service on [/world/sydney_regatta/visual_config] (async)
(2026-08-22T17:17:57.286465301) (2026-08-22T17:17:57.286544676) [Msg] Material service on [/world/sydney_regatta/visual_config/blocking] (blocking)
(2026-08-22T17:17:57.287222759) (2026-08-22T17:17:57.287336467) [Msg] Material service on [/world/sydney_regatta/wheel_slip] (async)
(2026-08-22T17:17:57.287701967) (2026-08-22T17:17:57.287797467) [Msg] Material service on [/world/sydney_regatta/wheel_slip/blocking] (blocking)
(2026-08-22T17:17:57.288062717) (2026-08-22T17:17:57.288127301) [Dbg] [SystemManager.cc:80] Loaded system [gz::sim::systems::UserCommands] for entity [1]
(2026-08-22T17:17:57.301065384) (2026-08-22T17:17:57.301140467) [Dbg] [Sensors.cc:697] Configuring Sensors system
(2026-08-22T17:17:57.302757842) (2026-08-22T17:17:57.302853592) [Dbg] [Sensors.cc:557] SensorsPrivate::Run
(2026-08-22T17:17:57.303230009) (2026-08-22T17:17:57.303398134) [Dbg] [SystemManager.cc:80] Loaded system [gz::sim::systems::Sensors] for entity [1]
(2026-08-22T17:17:57.304172009) (2026-08-22T17:17:57.307029384) [Dbg] [Sensors.cc:532] SensorsPrivate::RenderThread started
(2026-08-22T17:17:57.307466426) (2026-08-22T17:17:57.307561801) [Dbg] [Sensors.cc:337] Waiting for init
(2026-08-22T17:17:57.309032884) (2026-08-22T17:17:57.309147717) [Dbg] [SystemManager.cc:80] Loaded system [gz::sim::systems::Imu] for entity [1]
(2026-08-22T17:17:57.312378301) (2026-08-22T17:17:57.312458926) [Dbg] [Magnetometer.cc:261] Magnetometer: using param [use_units_gauss: 1].
(2026-08-22T17:17:57.312825551) (2026-08-22T17:17:57.312915426) [Dbg] [Magnetometer.cc:269] Magnetometer: using param [use_earth_frame_ned: 1].
(2026-08-22T17:17:57.313122801) (2026-08-22T17:17:57.313186676) [Dbg] [SystemManager.cc:80] Loaded system [gz::sim::systems::Magnetometer] for entity [1]
(2026-08-22T17:17:57.316026759) (2026-08-22T17:17:57.316179801) [Dbg] [SystemManager.cc:80] Loaded system [gz::sim::systems::ForceTorque] for entity [1]
(2026-08-22T17:17:57.320514176) (2026-08-22T17:17:57.320592259) [Msg] Serving particle emitter information on [/world/sydney_regatta/particle_emitters]
(2026-08-22T17:17:57.320822967) (2026-08-22T17:17:57.320888717) [Dbg] [SystemManager.cc:80] Loaded system [gz::sim::systems::ParticleEmitter] for entity [1]
(2026-08-22T17:17:57.326038634) (2026-08-22T17:17:57.326193092) [Dbg] [SystemManager.cc:80] Loaded system [gz::sim::systems::SceneBroadcaster] for entity [1]
(2026-08-22T17:17:57.328894801) (2026-08-22T17:17:57.329014551) [Dbg] [SystemManager.cc:80] Loaded system [gz::sim::systems::Contact] for entity [1]
(2026-08-22T17:17:57.331970134) (2026-08-22T17:17:57.332235009) [Dbg] [SystemManager.cc:80] Loaded system [gz::sim::systems::NavSat] for entity [1]
(2026-08-22T17:17:57.347292509) (2026-08-22T17:17:57.347488467) [Dbg] [USVWind.cc:160] wamv loaded
(2026-08-22T17:17:57.349168384) (2026-08-22T17:17:57.349256801) [Msg] Wind direction unit vector = -0.5 -0.866025 0
(2026-08-22T17:17:57.349885342) (2026-08-22T17:17:57.349950759) [Msg] Wind mean velocity = 0
(2026-08-22T17:17:57.350142092) (2026-08-22T17:17:57.350228134) [Msg] var wind gain constants = 0
(2026-08-22T17:17:57.350436217) (2026-08-22T17:17:57.350551176) [Msg] var wind time constants = 2
(2026-08-22T17:17:57.350808342) (2026-08-22T17:17:57.350907634) [Msg] update rate  = 10
(2026-08-22T17:17:57.351117259) (2026-08-22T17:17:57.351212092) [Msg] topic wind speed  = /vrx/debug/wind/speed
(2026-08-22T17:17:57.351414926) (2026-08-22T17:17:57.351489551) [Msg] topic wind direction = /vrx/debug/wind/direction
(2026-08-22T17:17:57.352398217) (2026-08-22T17:17:57.352497134) [Msg] Random seed value = 10
(2026-08-22T17:17:57.353092051) (2026-08-22T17:17:57.353177259) [Msg] Var wind filter gain = 0
(2026-08-22T17:17:57.355668176) (2026-08-22T17:17:57.355737551) [Dbg] [SystemManager.cc:80] Loaded system [vrx::USVWind] for entity [1]
(2026-08-22T17:17:57.374933926) (2026-08-22T17:17:57.375229009) [Dbg] [SystemManager.cc:80] Loaded system [vrx::PublisherPlugin] for entity [1]
(2026-08-22T17:17:57.398423259) (2026-08-22T17:17:57.398522843) [Msg] Input Parameters:
(2026-08-22T17:17:57.398954051) (2026-08-22T17:17:57.399102509) [Msg] model:     PMS
(2026-08-22T17:17:57.399350009) (2026-08-22T17:17:57.399423093) [Msg] number:     3
(2026-08-22T17:17:57.399617551) (2026-08-22T17:17:57.399677718) [Msg] scale:      1.1
(2026-08-22T17:17:57.399855676) (2026-08-22T17:17:57.399915051) [Msg] angle:      0.4
(2026-08-22T17:17:57.400119343) (2026-08-22T17:17:57.400178718) [Msg] steepness:  0
(2026-08-22T17:17:57.400326509) (2026-08-22T17:17:57.400385426) [Msg] amplitude:  0
(2026-08-22T17:17:57.400531218) (2026-08-22T17:17:57.400639301) [Msg] period:     5
(2026-08-22T17:17:57.400791093) (2026-08-22T17:17:57.400850134) [Msg] direction:  0
(2026-08-22T17:17:57.401001009) (2026-08-22T17:17:57.401060509) [Msg] tau:  2
(2026-08-22T17:17:57.401206676) (2026-08-22T17:17:57.401265176) [Msg] gain:  1
(2026-08-22T17:17:57.401415759) (2026-08-22T17:17:57.401477468) [Msg] Derived Parameters:
(2026-08-22T17:17:57.401601593) (2026-08-22T17:17:57.401660426) [Msg] amplitudes:  0.121167, 0.130759, 0.128568, 
(2026-08-22T17:17:57.402378759) (2026-08-22T17:17:57.402538468) [Msg] wavenumbers: 0.133171, 0.161136, 0.194975, 
(2026-08-22T17:17:57.403954259) (2026-08-22T17:17:57.404032259) [Msg] omegas:      1.1424, 1.25664, 1.3823, 
(2026-08-22T17:17:57.404324134) (2026-08-22T17:17:57.404422134) [Msg] periods:     (2026-08-22T17:17:57.404713301) (2026-08-22T17:17:57.404774718) [Msg] 5.5, (2026-08-22T17:17:57.404989884) (2026-08-22T17:17:57.405049259) [Msg] 5, (2026-08-22T17:17:57.405181176) (2026-08-22T17:17:57.405243676) [Msg] 4.54545, (2026-08-22T17:17:57.405379051) (2026-08-22T17:17:57.405460176) [Msg] 
(2026-08-22T17:17:57.405593093) (2026-08-22T17:17:57.405668134) [Msg] phases:      0, 0, 0, 
(2026-08-22T17:17:57.406214218) (2026-08-22T17:17:57.406414301) [Msg] steepnesses: 0, 0, 0, 
(2026-08-22T17:17:57.407072509) (2026-08-22T17:17:57.407154009) [Msg] directions:  (2026-08-22T17:17:57.407387009) (2026-08-22T17:17:57.407479551) [Msg] 0.921061 -0.389418; (2026-08-22T17:17:57.407993843) (2026-08-22T17:17:57.408082718) [Msg] 1 0; (2026-08-22T17:17:57.408332968) (2026-08-22T17:17:57.408423301) [Msg] 0.921061 0.389418; (2026-08-22T17:17:57.408657009) (2026-08-22T17:17:57.408743676) [Msg] 
(2026-08-22T17:17:57.422806634) (2026-08-22T17:17:57.422911926) [Dbg] [SystemManager.cc:80] Loaded system [vrx::WaveVisual] for entity [17]
(2026-08-22T17:17:57.434829176) (2026-08-22T17:17:57.434946551) [Msg] Input Parameters:
(2026-08-22T17:17:57.435163843) (2026-08-22T17:17:57.435246884) [Msg] model:     PMS
(2026-08-22T17:17:57.435517884) (2026-08-22T17:17:57.435598593) [Msg] number:     3
(2026-08-22T17:17:57.435835884) (2026-08-22T17:17:57.435915468) [Msg] scale:      1.1
(2026-08-22T17:17:57.436234968) (2026-08-22T17:17:57.436316968) [Msg] angle:      0.4
(2026-08-22T17:17:57.436538259) (2026-08-22T17:17:57.436612176) [Msg] steepness:  0
(2026-08-22T17:17:57.436793843) (2026-08-22T17:17:57.436866551) [Msg] amplitude:  0
(2026-08-22T17:17:57.437174843) (2026-08-22T17:17:57.437242801) [Msg] period:     5
(2026-08-22T17:17:57.437398134) (2026-08-22T17:17:57.437463051) [Msg] direction:  0
(2026-08-22T17:17:57.437645968) (2026-08-22T17:17:57.437706634) [Msg] tau:  2
(2026-08-22T17:17:57.437856718) (2026-08-22T17:17:57.437916468) [Msg] gain:  1
(2026-08-22T17:17:57.438066843) (2026-08-22T17:17:57.438128009) [Msg] Derived Parameters:
(2026-08-22T17:17:57.438258301) (2026-08-22T17:17:57.438320051) [Msg] amplitudes:  0.121167, 0.130759, 0.128568, 
(2026-08-22T17:17:57.438581634) (2026-08-22T17:17:57.438644051) [Msg] wavenumbers: 0.133171, 0.161136, 0.194975, 
(2026-08-22T17:17:57.439027343) (2026-08-22T17:17:57.439096509) [Msg] omegas:      1.1424, 1.25664, 1.3823, 
(2026-08-22T17:17:57.439408926) (2026-08-22T17:17:57.439471968) [Msg] periods:     (2026-08-22T17:17:57.439639384) (2026-08-22T17:17:57.439719593) [Msg] 5.5, (2026-08-22T17:17:57.439873801) (2026-08-22T17:17:57.439946343) [Msg] 5, (2026-08-22T17:17:57.440089093) (2026-08-22T17:17:57.440150509) [Msg] 4.54545, (2026-08-22T17:17:57.440377134) (2026-08-22T17:17:57.440492343) [Msg] 
(2026-08-22T17:17:57.440697009) (2026-08-22T17:17:57.440817634) [Msg] phases:      0, 0, 0, 
(2026-08-22T17:17:57.441124718) (2026-08-22T17:17:57.441184134) [Msg] steepnesses: 0, 0, 0, 
(2026-08-22T17:17:57.441456843) (2026-08-22T17:17:57.441520176) [Msg] directions:  (2026-08-22T17:17:57.441626218) (2026-08-22T17:17:57.441685509) [Msg] 0.921061 -0.389418; (2026-08-22T17:17:57.441871843) (2026-08-22T17:17:57.441955843) [Msg] 1 0; (2026-08-22T17:17:57.442159051) (2026-08-22T17:17:57.442219218) [Msg] 0.921061 0.389418; (2026-08-22T17:17:57.442412884) (2026-08-22T17:17:57.442472259) [Msg] 
(2026-08-22T17:17:57.445555551) (2026-08-22T17:17:57.445644051) [Dbg] [PolyhedraBuoyancyDrag.cc:236] Found buoyancy element(s), looking at each element...
(2026-08-22T17:17:57.452156218) (2026-08-22T17:17:57.452253384) [Dbg] [PolyhedraBuoyancyDrag.cc:248] Buoyancy object:
	Link: link[19]
	Pose: 0 0 -0.3 0 0 0
	Geometry: Cylinder:0.325,0.1
	Mass: 20
	Water height: 0
	Water velocity: 0

(2026-08-22T17:17:57.460427718) (2026-08-22T17:17:57.460578468) [Dbg] [SystemManager.cc:80] Loaded system [vrx::PolyhedraBuoyancyDrag] for entity [18]
(2026-08-22T17:17:57.463859176) (2026-08-22T17:17:57.464009134) [Msg] Input Parameters:
(2026-08-22T17:17:57.464241926) (2026-08-22T17:17:57.464388093) [Msg] model:     PMS
(2026-08-22T17:17:57.464664259) (2026-08-22T17:17:57.464831593) [Msg] number:     3
(2026-08-22T17:17:57.465134551) (2026-08-22T17:17:57.465303051) [Msg] scale:      1.1
(2026-08-22T17:17:57.465666884) (2026-08-22T17:17:57.465840968) [Msg] angle:      0.4
(2026-08-22T17:17:57.466132593) (2026-08-22T17:17:57.466233343) [Msg] steepness:  0
(2026-08-22T17:17:57.466471968) (2026-08-22T17:17:57.466557468) [Msg] amplitude:  0
(2026-08-22T17:17:57.466775176) (2026-08-22T17:17:57.466880218) [Msg] period:     5
(2026-08-22T17:17:57.467131551) (2026-08-22T17:17:57.467234176) [Msg] direction:  0
(2026-08-22T17:17:57.467437718) (2026-08-22T17:17:57.467518051) [Msg] tau:  2
(2026-08-22T17:17:57.467730884) (2026-08-22T17:17:57.467837551) [Msg] gain:  1
(2026-08-22T17:17:57.468064593) (2026-08-22T17:17:57.468142134) [Msg] Derived Parameters:
(2026-08-22T17:17:57.468345593) (2026-08-22T17:17:57.468465718) [Msg] amplitudes:  0.121167, 0.130759, 0.128568, 
(2026-08-22T17:17:57.468877134) (2026-08-22T17:17:57.468954926) [Msg] wavenumbers: 0.133171, 0.161136, 0.194975, 
(2026-08-22T17:17:57.469391551) (2026-08-22T17:17:57.469472009) [Msg] omegas:      1.1424, 1.25664, 1.3823, 
(2026-08-22T17:17:57.469815884) (2026-08-22T17:17:57.469894759) [Msg] periods:     (2026-08-22T17:17:57.470029176) (2026-08-22T17:17:57.470106134) [Msg] 5.5, (2026-08-22T17:17:57.470271759) (2026-08-22T17:17:57.470346218) [Msg] 5, (2026-08-22T17:17:57.470501218) (2026-08-22T17:17:57.470575593) [Msg] 4.54545, (2026-08-22T17:17:57.470736759) (2026-08-22T17:17:57.470811551) [Msg] 
(2026-08-22T17:17:57.471028801) (2026-08-22T17:17:57.471181759) [Msg] phases:      0, 0, 0, 
(2026-08-22T17:17:57.471998759) (2026-08-22T17:17:57.472367301) [Msg] steepnesses: 0, 0, 0, 
(2026-08-22T17:17:57.473181218) (2026-08-22T17:17:57.473302093) [Msg] directions:  (2026-08-22T17:17:57.473479259) (2026-08-22T17:17:57.473547843) [Msg] 0.921061 -0.389418; (2026-08-22T17:17:57.473726301) (2026-08-22T17:17:57.473785301) [Msg] 1 0; (2026-08-22T17:17:57.473955634) (2026-08-22T17:17:57.474017593) [Msg] 0.921061 0.389418; (2026-08-22T17:17:57.474184551) (2026-08-22T17:17:57.474243468) [Msg] 
(2026-08-22T17:17:57.474415509) (2026-08-22T17:17:57.474476134) [Dbg] [PolyhedraBuoyancyDrag.cc:236] Found buoyancy element(s), looking at each element...
(2026-08-22T17:17:57.474812509) (2026-08-22T17:17:57.474875009) [Dbg] [PolyhedraBuoyancyDrag.cc:248] Buoyancy object:
	Link: link[24]
	Pose: 0 0 -0.3 0 0 0
	Geometry: Cylinder:0.325,0.1
	Mass: 20
	Water height: 0
	Water velocity: 0

(2026-08-22T17:17:57.476074551) (2026-08-22T17:17:57.476153551) [Dbg] [SystemManager.cc:80] Loaded system [vrx::PolyhedraBuoyancyDrag] for entity [23]
(2026-08-22T17:17:57.477478009) (2026-08-22T17:17:57.477586218) [Msg] Input Parameters:
(2026-08-22T17:17:57.477765176) (2026-08-22T17:17:57.477874218) [Msg] model:     PMS
(2026-08-22T17:17:57.478104134) (2026-08-22T17:17:57.478194218) [Msg] number:     3
(2026-08-22T17:17:57.478406384) (2026-08-22T17:17:57.478487176) [Msg] scale:      1.1
(2026-08-22T17:17:57.478703176) (2026-08-22T17:17:57.478789426) [Msg] angle:      0.4
(2026-08-22T17:17:57.479012801) (2026-08-22T17:17:57.479100884) [Msg] steepness:  0
(2026-08-22T17:17:57.479292009) (2026-08-22T17:17:57.479377093) [Msg] amplitude:  0
(2026-08-22T17:17:57.479603718) (2026-08-22T17:17:57.479753634) [Msg] period:     5
(2026-08-22T17:17:57.479984968) (2026-08-22T17:17:57.480099009) [Msg] direction:  0
(2026-08-22T17:17:57.480320718) (2026-08-22T17:17:57.480426009) [Msg] tau:  2
(2026-08-22T17:17:57.480623093) (2026-08-22T17:17:57.480782384) [Msg] gain:  1
(2026-08-22T17:17:57.481108468) (2026-08-22T17:17:57.481170676) [Msg] Derived Parameters:
(2026-08-22T17:17:57.481317718) (2026-08-22T17:17:57.481379593) [Msg] amplitudes:  0.121167, 0.130759, 0.128568, 
(2026-08-22T17:17:57.481758968) (2026-08-22T17:17:57.481819384) [Msg] wavenumbers: 0.133171, 0.161136, 0.194975, 
(2026-08-22T17:17:57.482322551) (2026-08-22T17:17:57.482421801) [Msg] omegas:      1.1424, 1.25664, 1.3823, 
(2026-08-22T17:17:57.482760926) (2026-08-22T17:17:57.482823884) [Msg] periods:     (2026-08-22T17:17:57.482938634) (2026-08-22T17:17:57.482999551) [Msg] 5.5, (2026-08-22T17:17:57.483120843) (2026-08-22T17:17:57.483176593) [Msg] 5, (2026-08-22T17:17:57.483326218) (2026-08-22T17:17:57.483392634) [Msg] 4.54545, (2026-08-22T17:17:57.483518634) (2026-08-22T17:17:57.483578051) [Msg] 
(2026-08-22T17:17:57.483687426) (2026-08-22T17:17:57.483768843) [Msg] phases:      0, 0, 0, 
(2026-08-22T17:17:57.484812926) (2026-08-22T17:17:57.485020343) [Msg] steepnesses: 0, 0, 0, 
(2026-08-22T17:17:57.486259759) (2026-08-22T17:17:57.486426259) [Msg] directions:  (2026-08-22T17:17:57.486762343) (2026-08-22T17:17:57.486869593) [Msg] 0.921061 -0.389418; (2026-08-22T17:17:57.487178759) (2026-08-22T17:17:57.487308884) [Msg] 1 0; (2026-08-22T17:17:57.487575093) (2026-08-22T17:17:57.487655343) [Msg] 0.921061 0.389418; (2026-08-22T17:17:57.487932926) (2026-08-22T17:17:57.488081051) [Msg] 
(2026-08-22T17:17:57.488294051) (2026-08-22T17:17:57.488371676) [Dbg] [PolyhedraBuoyancyDrag.cc:236] Found buoyancy element(s), looking at each element...
(2026-08-22T17:17:57.488708176) (2026-08-22T17:17:57.488773259) [Dbg] [PolyhedraBuoyancyDrag.cc:248] Buoyancy object:
	Link: link[29]
	Pose: 0 0 -0.3 0 0 0
	Geometry: Cylinder:0.325,0.1
	Mass: 20
	Water height: 0
	Water velocity: 0

(2026-08-22T17:17:57.490115009) (2026-08-22T17:17:57.490188218) [Dbg] [SystemManager.cc:80] Loaded system [vrx::PolyhedraBuoyancyDrag] for entity [28]
(2026-08-22T17:17:57.492005801) (2026-08-22T17:17:57.492088926) [Msg] Input Parameters:
(2026-08-22T17:17:57.492224343) (2026-08-22T17:17:57.492286301) [Msg] model:     PMS
(2026-08-22T17:17:57.492444509) (2026-08-22T17:17:57.492506134) [Msg] number:     3
(2026-08-22T17:17:57.492683093) (2026-08-22T17:17:57.492745634) [Msg] scale:      1.1
(2026-08-22T17:17:57.492908801) (2026-08-22T17:17:57.492971676) [Msg] angle:      0.4
(2026-08-22T17:17:57.493123676) (2026-08-22T17:17:57.493182301) [Msg] steepness:  0
(2026-08-22T17:17:57.493412718) (2026-08-22T17:17:57.493491593) [Msg] amplitude:  0
(2026-08-22T17:17:57.493777384) (2026-08-22T17:17:57.493838051) [Msg] period:     5
(2026-08-22T17:17:57.494088884) (2026-08-22T17:17:57.494153426) [Msg] direction:  0
(2026-08-22T17:17:57.494362134) (2026-08-22T17:17:57.494425051) [Msg] tau:  2
(2026-08-22T17:17:57.494654218) (2026-08-22T17:17:57.494714384) [Msg] gain:  1
(2026-08-22T17:17:57.494879801) (2026-08-22T17:17:57.494986343) [Msg] Derived Parameters:
(2026-08-22T17:17:57.495247843) (2026-08-22T17:17:57.495336676) [Msg] amplitudes:  0.121167, 0.130759, 0.128568, 
(2026-08-22T17:17:57.495612468) (2026-08-22T17:17:57.495672884) [Msg] wavenumbers: 0.133171, 0.161136, 0.194975, 
(2026-08-22T17:17:57.495951009) (2026-08-22T17:17:57.496070301) [Msg] omegas:      1.1424, 1.25664, 1.3823, 
(2026-08-22T17:17:57.496344593) (2026-08-22T17:17:57.496426176) [Msg] periods:     (2026-08-22T17:17:57.496571551) (2026-08-22T17:17:57.496671426) [Msg] 5.5, (2026-08-22T17:17:57.496833384) (2026-08-22T17:17:57.496908093) [Msg] 5, (2026-08-22T17:17:57.497137759) (2026-08-22T17:17:57.497211884) [Msg] 4.54545, (2026-08-22T17:17:57.497365426) (2026-08-22T17:17:57.497437051) [Msg] 
(2026-08-22T17:17:57.497561384) (2026-08-22T17:17:57.497670384) [Msg] phases:      0, 0, 0, 
(2026-08-22T17:17:57.498278051) (2026-08-22T17:17:57.498502176) [Msg] steepnesses: 0, 0, 0, 
(2026-08-22T17:17:57.499072551) (2026-08-22T17:17:57.499195718) [Msg] directions:  (2026-08-22T17:17:57.499383468) (2026-08-22T17:17:57.499487634) [Msg] 0.921061 -0.389418; (2026-08-22T17:17:57.499763134) (2026-08-22T17:17:57.499843634) [Msg] 1 0; (2026-08-22T17:17:57.500101218) (2026-08-22T17:17:57.500202093) [Msg] 0.921061 0.389418; (2026-08-22T17:17:57.500491051) (2026-08-22T17:17:57.500570593) [Msg] 
(2026-08-22T17:17:57.500795968) (2026-08-22T17:17:57.500887884) [Dbg] [PolyhedraBuoyancyDrag.cc:236] Found buoyancy element(s), looking at each element...
(2026-08-22T17:17:57.501266468) (2026-08-22T17:17:57.501345259) [Dbg] [PolyhedraBuoyancyDrag.cc:248] Buoyancy object:
	Link: link[34]
	Pose: 0 0 -0.3 0 0 0
	Geometry: Cylinder:0.325,0.1
	Mass: 20
	Water height: 0
	Water velocity: 0

(2026-08-22T17:17:57.502995843) (2026-08-22T17:17:57.503077551) [Dbg] [SystemManager.cc:80] Loaded system [vrx::PolyhedraBuoyancyDrag] for entity [33]
(2026-08-22T17:17:57.504999093) (2026-08-22T17:17:57.505087468) [Msg] Input Parameters:
(2026-08-22T17:17:57.505224884) (2026-08-22T17:17:57.505294801) [Msg] model:     PMS
(2026-08-22T17:17:57.505454968) (2026-08-22T17:17:57.505514259) [Msg] number:     3
(2026-08-22T17:17:57.505664468) (2026-08-22T17:17:57.505725551) [Msg] scale:      1.1
(2026-08-22T17:17:57.505878634) (2026-08-22T17:17:57.506026926) [Msg] angle:      0.4
(2026-08-22T17:17:57.506268301) (2026-08-22T17:17:57.506331718) [Msg] steepness:  0
(2026-08-22T17:17:57.506518843) (2026-08-22T17:17:57.506583009) [Msg] amplitude:  0
(2026-08-22T17:17:57.506781134) (2026-08-22T17:17:57.506880468) [Msg] period:     5
(2026-08-22T17:17:57.507151051) (2026-08-22T17:17:57.507260801) [Msg] direction:  0
(2026-08-22T17:17:57.507580968) (2026-08-22T17:17:57.507696551) [Msg] tau:  2
(2026-08-22T17:17:57.507848093) (2026-08-22T17:17:57.507918051) [Msg] gain:  1
(2026-08-22T17:17:57.508218259) (2026-08-22T17:17:57.508340843) [Msg] Derived Parameters:
(2026-08-22T17:17:57.508472759) (2026-08-22T17:17:57.508532634) [Msg] amplitudes:  0.121167, 0.130759, 0.128568, 
(2026-08-22T17:17:57.508796551) (2026-08-22T17:17:57.508861676) [Msg] wavenumbers: 0.133171, 0.161136, 0.194975, 
(2026-08-22T17:17:57.509224301) (2026-08-22T17:17:57.509284884) [Msg] omegas:      1.1424, 1.25664, 1.3823, 
(2026-08-22T17:17:57.509539051) (2026-08-22T17:17:57.509599884) [Msg] periods:     (2026-08-22T17:17:57.509762634) (2026-08-22T17:17:57.509828926) [Msg] 5.5, (2026-08-22T17:17:57.510029093) (2026-08-22T17:17:57.510104134) [Msg] 5, (2026-08-22T17:17:57.510262009) (2026-08-22T17:17:57.510361051) [Msg] 4.54545, (2026-08-22T17:17:57.510518134) (2026-08-22T17:17:57.510580051) [Msg] 
(2026-08-22T17:17:57.510755884) (2026-08-22T17:17:57.510850426) [Msg] phases:      0, 0, 0, 
(2026-08-22T17:17:57.511299676) (2026-08-22T17:17:57.511399718) [Msg] steepnesses: 0, 0, 0, 
(2026-08-22T17:17:57.511792051) (2026-08-22T17:17:57.511886634) [Msg] directions:  (2026-08-22T17:17:57.512050468) (2026-08-22T17:17:57.512132926) [Msg] 0.921061 -0.389418; (2026-08-22T17:17:57.512509009) (2026-08-22T17:17:57.513036218) [Msg] 1 0; (2026-08-22T17:17:57.513807259) (2026-08-22T17:17:57.513950551) [Msg] 0.921061 0.389418; (2026-08-22T17:17:57.514417301) (2026-08-22T17:17:57.514897468) [Msg] 
(2026-08-22T17:17:57.515416176) (2026-08-22T17:17:57.515534593) [Dbg] [PolyhedraBuoyancyDrag.cc:236] Found buoyancy element(s), looking at each element...
(2026-08-22T17:17:57.516114259) (2026-08-22T17:17:57.516324301) [Dbg] [PolyhedraBuoyancyDrag.cc:248] Buoyancy object:
	Link: link[39]
	Pose: 0 0 0 0 0 0
	Geometry: Sphere:0.21
	Mass: 3.5
	Water height: 0
	Water velocity: 0

(2026-08-22T17:17:57.518481051) (2026-08-22T17:17:57.518664884) [Dbg] [SystemManager.cc:80] Loaded system [vrx::PolyhedraBuoyancyDrag] for entity [38]
(2026-08-22T17:17:57.520915843) (2026-08-22T17:17:57.521107926) [Msg] Input Parameters:
(2026-08-22T17:17:57.521346509) (2026-08-22T17:17:57.521446301) [Msg] model:     PMS
(2026-08-22T17:17:57.521734759) (2026-08-22T17:17:57.521841801) [Msg] number:     3
(2026-08-22T17:17:57.522183009) (2026-08-22T17:17:57.522287176) [Msg] scale:      1.1
(2026-08-22T17:17:57.522595426) (2026-08-22T17:17:57.522737509) [Msg] angle:      0.4
(2026-08-22T17:17:57.523163759) (2026-08-22T17:17:57.523345176) [Msg] steepness:  0
(2026-08-22T17:17:57.523809009) (2026-08-22T17:17:57.523991718) [Msg] amplitude:  0
(2026-08-22T17:17:57.524205176) (2026-08-22T17:17:57.524269343) [Msg] period:     5
(2026-08-22T17:17:57.524420426) (2026-08-22T17:17:57.524484301) [Msg] direction:  0
(2026-08-22T17:17:57.524631926) (2026-08-22T17:17:57.524692468) [Msg] tau:  2
(2026-08-22T17:17:57.524839218) (2026-08-22T17:17:57.524899093) [Msg] gain:  1
(2026-08-22T17:17:57.525083968) (2026-08-22T17:17:57.525147218) [Msg] Derived Parameters:
(2026-08-22T17:17:57.525274551) (2026-08-22T17:17:57.525336301) [Msg] amplitudes:  0.121167, 0.130759, 0.128568, 
(2026-08-22T17:17:57.525618759) (2026-08-22T17:17:57.525688301) [Msg] wavenumbers: 0.133171, 0.161136, 0.194975, 
(2026-08-22T17:17:57.525987468) (2026-08-22T17:17:57.526049134) [Msg] omegas:      1.1424, 1.25664, 1.3823, 
(2026-08-22T17:17:57.526300634) (2026-08-22T17:17:57.526359551) [Msg] periods:     (2026-08-22T17:17:57.526493301) (2026-08-22T17:17:57.526556343) [Msg] 5.5, (2026-08-22T17:17:57.526684468) (2026-08-22T17:17:57.526745051) [Msg] 5, (2026-08-22T17:17:57.527073301) (2026-08-22T17:17:57.527221593) [Msg] 4.54545, (2026-08-22T17:17:57.527712551) (2026-08-22T17:17:57.528185718) [Msg] 
(2026-08-22T17:17:57.528478593) (2026-08-22T17:17:57.528593468) [Msg] phases:      0, 0, 0, 
(2026-08-22T17:17:57.528980551) (2026-08-22T17:17:57.529064259) [Msg] steepnesses: 0, 0, 0, 
(2026-08-22T17:17:57.529423384) (2026-08-22T17:17:57.529519009) [Msg] directions:  (2026-08-22T17:17:57.529665884) (2026-08-22T17:17:57.529747218) [Msg] 0.921061 -0.389418; (2026-08-22T17:17:57.529972968) (2026-08-22T17:17:57.530045634) [Msg] 1 0; (2026-08-22T17:17:57.530252509) (2026-08-22T17:17:57.530328676) [Msg] 0.921061 0.389418; (2026-08-22T17:17:57.530562551) (2026-08-22T17:17:57.530643384) [Msg] 
(2026-08-22T17:17:57.530950676) (2026-08-22T17:17:57.531084093) [Dbg] [PolyhedraBuoyancyDrag.cc:236] Found buoyancy element(s), looking at each element...
(2026-08-22T17:17:57.531542551) (2026-08-22T17:17:57.531661426) [Dbg] [PolyhedraBuoyancyDrag.cc:248] Buoyancy object:
	Link: link[43]
	Pose: 0 0 0 0 0 0
	Geometry: Sphere:0.21
	Mass: 3.5
	Water height: 0
	Water velocity: 0

(2026-08-22T17:17:57.533357801) (2026-08-22T17:17:57.533479343) [Dbg] [SystemManager.cc:80] Loaded system [vrx::PolyhedraBuoyancyDrag] for entity [42]
(2026-08-22T17:17:57.536190843) (2026-08-22T17:17:57.536347259) [Msg] Input Parameters:
(2026-08-22T17:17:57.536616634) (2026-08-22T17:17:57.536729426) [Msg] model:     PMS
(2026-08-22T17:17:57.537050093) (2026-08-22T17:17:57.537144468) [Msg] number:     3
(2026-08-22T17:17:57.537401468) (2026-08-22T17:17:57.537509801) [Msg] scale:      1.1
(2026-08-22T17:17:57.537761509) (2026-08-22T17:17:57.537851176) [Msg] angle:      0.4
(2026-08-22T17:17:57.538122468) (2026-08-22T17:17:57.538215426) [Msg] steepness:  0
(2026-08-22T17:17:57.538460759) (2026-08-22T17:17:57.538541051) [Msg] amplitude:  0
(2026-08-22T17:17:57.538770051) (2026-08-22T17:17:57.538854759) [Msg] period:     5
(2026-08-22T17:17:57.539257259) (2026-08-22T17:17:57.539388426) [Msg] direction:  0
(2026-08-22T17:17:57.539738176) (2026-08-22T17:17:57.539876426) [Msg] tau:  2
(2026-08-22T17:17:57.540365218) (2026-08-22T17:17:57.540548593) [Msg] gain:  1
(2026-08-22T17:17:57.540920551) (2026-08-22T17:17:57.541054343) [Msg] Derived Parameters:
(2026-08-22T17:17:57.541353134) (2026-08-22T17:17:57.541470718) [Msg] amplitudes:  0.121167, 0.130759, 0.128568, 
(2026-08-22T17:17:57.542153134) (2026-08-22T17:17:57.542265134) [Msg] wavenumbers: 0.133171, 0.161136, 0.194975, 
(2026-08-22T17:17:57.543150801) (2026-08-22T17:17:57.543349718) [Msg] omegas:      1.1424, 1.25664, 1.3823, 
(2026-08-22T17:17:57.543856259) (2026-08-22T17:17:57.543942259) [Msg] periods:     (2026-08-22T17:17:57.544158801) (2026-08-22T17:17:57.544283301) [Msg] 5.5, (2026-08-22T17:17:57.544417551) (2026-08-22T17:17:57.544478634) [Msg] 5, (2026-08-22T17:17:57.544609259) (2026-08-22T17:17:57.544670884) [Msg] 4.54545, (2026-08-22T17:17:57.544799759) (2026-08-22T17:17:57.544861218) [Msg] 
(2026-08-22T17:17:57.544996634) (2026-08-22T17:17:57.545118801) [Msg] phases:      0, 0, 0, 
(2026-08-22T17:17:57.546828259) (2026-08-22T17:17:57.547025676) [Msg] steepnesses: 0, 0, 0, 
(2026-08-22T17:17:57.547692843) (2026-08-22T17:17:57.547844426) [Msg] directions:  (2026-08-22T17:17:57.548017759) (2026-08-22T17:17:57.548107968) [Msg] 0.921061 -0.389418; (2026-08-22T17:17:57.548344134) (2026-08-22T17:17:57.548488634) [Msg] 1 0; (2026-08-22T17:17:57.548834718) (2026-08-22T17:17:57.548963259) [Msg] 0.921061 0.389418; (2026-08-22T17:17:57.549330634) (2026-08-22T17:17:57.549426301) [Msg] 
(2026-08-22T17:17:57.549640718) (2026-08-22T17:17:57.549733051) [Dbg] [PolyhedraBuoyancyDrag.cc:236] Found buoyancy element(s), looking at each element...
(2026-08-22T17:17:57.550090509) (2026-08-22T17:17:57.550187343) [Dbg] [PolyhedraBuoyancyDrag.cc:248] Buoyancy object:
	Link: link[138]
	Pose: 0 0 -0.02 0 0 0
	Geometry: Sphere:0.0285
	Mass: 0.04
	Water height: 0
	Water velocity: 0

(2026-08-22T17:17:57.551647843) (2026-08-22T17:17:57.551802426) [Dbg] [SystemManager.cc:80] Loaded system [vrx::PolyhedraBuoyancyDrag] for entity [137]
(2026-08-22T17:17:57.558362593) (2026-08-22T17:17:57.558489843) [Msg] Loaded level [default]
(2026-08-22T17:17:57.559470593) (2026-08-22T17:17:57.559544218) [Dbg] [ServerConfig.cc:657] Generating LogRecord SDF:
(2026-08-22T17:17:57.560204676) (2026-08-22T17:17:57.560268718) [Dbg] [ServerConfig.cc:713] <plugin name='gz::sim::systems::LogRecord' filename='gz-sim-log-system'>
  <record_path>/evidence/imu-7319-b</record_path>
  <record_resources>false</record_resources>
  <record_topic>/world/sydney_regatta/model/wamv/link/wamv/imu_wamv_link/sensor/imu_wamv_sensor/imu</record_topic>
</plugin>

(2026-08-22T17:17:57.570859759) (2026-08-22T17:17:57.570990176) [Msg] Recording to log file [/evidence/imu-7319-b/state.tlog]
(2026-08-22T17:17:57.571399426) (2026-08-22T17:17:57.571502968) [Dbg] [LogRecord.cc:333] Recording default topic[/imu-7319-b/sdf].
(2026-08-22T17:17:57.571728676) (2026-08-22T17:17:57.571819551) [Dbg] [LogRecord.cc:334] Recording default topic[/world/sydney_regatta/changed_state].
(2026-08-22T17:17:57.575534551) (2026-08-22T17:17:57.575653259) [Dbg] [LogRecord.cc:356] Recording topic[/world/sydney_regatta/model/wamv/link/wamv/imu_wamv_link/sensor/imu_wamv_sensor/imu] as plain topic.
(2026-08-22T17:17:57.620483259) (2026-08-22T17:17:57.620668718) [Dbg] [SystemManager.cc:80] Loaded system [gz::sim::systems::LogRecord] for entity [1]
(2026-08-22T17:17:57.628771718) (2026-08-22T17:17:57.628862259) [Msg] Serving world controls on [/world/sydney_regatta/control], [/world/sydney_regatta/control/state] and [/world/sydney_regatta/playback/control]
(2026-08-22T17:17:57.629820593) (2026-08-22T17:17:57.629884759) [Msg] Serving GUI information on [/world/sydney_regatta/gui/info]
(2026-08-22T17:17:57.630104843) (2026-08-22T17:17:57.630165009) [Msg] World [sydney_regatta] initialized with [4ms] physics profile.
(2026-08-22T17:17:57.630913343) (2026-08-22T17:17:57.631049468) [Msg] Serving world SDF generation service on [/world/sydney_regatta/generate_world_sdf]
(2026-08-22T17:17:57.631971218) (2026-08-22T17:17:57.632124509) [Msg] Serving world names on [/gazebo/worlds]
(2026-08-22T17:17:57.632757759) (2026-08-22T17:17:57.632859093) [Msg] Resource path add service on [/gazebo/resource_paths/add].
(2026-08-22T17:17:57.633283551) (2026-08-22T17:17:57.633364551) [Msg] Resource path get service on [/gazebo/resource_paths/get].
(2026-08-22T17:17:57.633818551) (2026-08-22T17:17:57.633915593) [Msg] Resource path resolve service on [/gazebo/resource_paths/resolve].
(2026-08-22T17:17:57.635157509) (2026-08-22T17:17:57.635222718) [Msg] Resource paths published on [/gazebo/resource_paths].
(2026-08-22T17:17:57.741541384) (2026-08-22T17:17:57.741681801) [Msg] Server control service on [/server_control].
(2026-08-22T17:17:58.355885426) (2026-08-22T17:17:58.356139010) [Msg] Found no publishers on /stats, adding root stats topic
(2026-08-22T17:17:58.356718343) (2026-08-22T17:17:58.356852801) [Msg] Found no publishers on /clock, adding root clock topic
(2026-08-22T17:17:58.359830760) (2026-08-22T17:17:58.360002176) [Dbg] [SimulationRunner.cc:533] Creating PostUpdate worker threads: 9
(2026-08-22T17:17:58.360382760) (2026-08-22T17:17:58.360475718) [Dbg] [SimulationRunner.cc:544] Creating postupdate worker thread (0)
(2026-08-22T17:17:58.360988760) (2026-08-22T17:17:58.361073135) [Dbg] [SimulationRunner.cc:544] Creating postupdate worker thread (1)
(2026-08-22T17:17:58.361417051) (2026-08-22T17:17:58.361510093) [Dbg] [SimulationRunner.cc:544] Creating postupdate worker thread (2)
(2026-08-22T17:17:58.361855968) (2026-08-22T17:17:58.361980801) [Dbg] [SimulationRunner.cc:544] Creating postupdate worker thread (3)
(2026-08-22T17:17:58.362246968) (2026-08-22T17:17:58.362316176) [Dbg] [SimulationRunner.cc:544] Creating postupdate worker thread (4)
(2026-08-22T17:17:58.362575260) (2026-08-22T17:17:58.362648926) [Dbg] [SimulationRunner.cc:544] Creating postupdate worker thread (5)
(2026-08-22T17:17:58.363313176) (2026-08-22T17:17:58.363379260) [Dbg] [SimulationRunner.cc:544] Creating postupdate worker thread (6)
(2026-08-22T17:17:58.363645676) (2026-08-22T17:17:58.363714593) [Dbg] [SimulationRunner.cc:544] Creating postupdate worker thread (7)
(2026-08-22T17:17:58.459872468) (2026-08-22T17:17:58.459995968) [Msg] Thruster listening to commands on [wamv/thrusters/left/thrust]
(2026-08-22T17:17:58.460530135) (2026-08-22T17:17:58.460599635) [Msg] Thruster listening to enable_deadband on [wamv/thrusters/left/thrust/enable_deadband]
(2026-08-22T17:17:58.461495843) (2026-08-22T17:17:58.461563635) [Dbg] [Thruster.cc:496] Using velocity control for propeller joint.
(2026-08-22T17:17:58.461724926) (2026-08-22T17:17:58.461786301) [Dbg] [SystemManager.cc:80] Loaded system [gz::sim::systems::Thruster] for entity [143]
(2026-08-22T17:17:58.467065218) (2026-08-22T17:17:58.467181301) [Msg] JointPositionController subscribing to Double messages on [wamv/thrusters/left/pos]
(2026-08-22T17:17:58.467486510) (2026-08-22T17:17:58.467551135) [Dbg] [JointPositionController.cc:302] [JointPositionController] system parameters:
(2026-08-22T17:17:58.467690843) (2026-08-22T17:17:58.467750218) [Dbg] [JointPositionController.cc:303] p_gain: [1]
(2026-08-22T17:17:58.467969801) (2026-08-22T17:17:58.468030676) [Dbg] [JointPositionController.cc:304] i_gain: [0.1]
(2026-08-22T17:17:58.468218343) (2026-08-22T17:17:58.468283218) [Dbg] [JointPositionController.cc:305] d_gain: [0.01]
(2026-08-22T17:17:58.468523801) (2026-08-22T17:17:58.468581260) [Dbg] [JointPositionController.cc:306] i_max: [1]
(2026-08-22T17:17:58.468799926) (2026-08-22T17:17:58.468858343) [Dbg] [JointPositionController.cc:307] i_min: [-1]
(2026-08-22T17:17:58.469066676) (2026-08-22T17:17:58.469131760) [Dbg] [JointPositionController.cc:308] cmd_max: [1000]
(2026-08-22T17:17:58.469340135) (2026-08-22T17:17:58.469404176) [Dbg] [JointPositionController.cc:309] cmd_min: [-1000]
(2026-08-22T17:17:58.469582926) (2026-08-22T17:17:58.469643218) [Dbg] [JointPositionController.cc:310] cmd_offset: [0]
(2026-08-22T17:17:58.469818468) (2026-08-22T17:17:58.469878635) [Dbg] [JointPositionController.cc:311] Topic: [wamv/thrusters/left/pos]
(2026-08-22T17:17:58.470047343) (2026-08-22T17:17:58.470109801) [Dbg] [JointPositionController.cc:312] initial_position: [0]
(2026-08-22T17:17:58.470320968) (2026-08-22T17:17:58.470379468) [Dbg] [SystemManager.cc:80] Loaded system [gz::sim::systems::JointPositionController] for entity [143]
(2026-08-22T17:17:58.471280468) (2026-08-22T17:17:58.471348510) [Msg] Thruster listening to commands on [wamv/thrusters/right/thrust]
(2026-08-22T17:17:58.471601468) (2026-08-22T17:17:58.471701343) [Msg] Thruster listening to enable_deadband on [wamv/thrusters/right/thrust/enable_deadband]
(2026-08-22T17:17:58.471994843) (2026-08-22T17:17:58.472091260) [Dbg] [Thruster.cc:496] Using velocity control for propeller joint.
(2026-08-22T17:17:58.472354676) (2026-08-22T17:17:58.472419593) [Dbg] [SystemManager.cc:80] Loaded system [gz::sim::systems::Thruster] for entity [143]
(2026-08-22T17:17:58.473139093) (2026-08-22T17:17:58.473202051) [Msg] JointPositionController subscribing to Double messages on [wamv/thrusters/right/pos]
(2026-08-22T17:17:58.473407260) (2026-08-22T17:17:58.473483718) [Dbg] [JointPositionController.cc:302] [JointPositionController] system parameters:
(2026-08-22T17:17:58.473665968) (2026-08-22T17:17:58.473729093) [Dbg] [JointPositionController.cc:303] p_gain: [1]
(2026-08-22T17:17:58.473906635) (2026-08-22T17:17:58.473967968) [Dbg] [JointPositionController.cc:304] i_gain: [0.1]
(2026-08-22T17:17:58.474152885) (2026-08-22T17:17:58.474212301) [Dbg] [JointPositionController.cc:305] d_gain: [0.01]
(2026-08-22T17:17:58.474381843) (2026-08-22T17:17:58.474440176) [Dbg] [JointPositionController.cc:306] i_max: [1]
(2026-08-22T17:17:58.474635676) (2026-08-22T17:17:58.474694885) [Dbg] [JointPositionController.cc:307] i_min: [-1]
(2026-08-22T17:17:58.474864135) (2026-08-22T17:17:58.474924510) [Dbg] [JointPositionController.cc:308] cmd_max: [1000]
(2026-08-22T17:17:58.475198218) (2026-08-22T17:17:58.475257385) [Dbg] [JointPositionController.cc:309] cmd_min: [-1000]
(2026-08-22T17:17:58.475447343) (2026-08-22T17:17:58.475528760) [Dbg] [JointPositionController.cc:310] cmd_offset: [0]
(2026-08-22T17:17:58.475775176) (2026-08-22T17:17:58.475866093) [Dbg] [JointPositionController.cc:311] Topic: [wamv/thrusters/right/pos]
(2026-08-22T17:17:58.476100135) (2026-08-22T17:17:58.476185010) [Dbg] [JointPositionController.cc:312] initial_position: [0]
(2026-08-22T17:17:58.476434343) (2026-08-22T17:17:58.476519010) [Dbg] [SystemManager.cc:80] Loaded system [gz::sim::systems::JointPositionController] for entity [143]
(2026-08-22T17:17:58.490077010) (2026-08-22T17:17:58.490165426) [Msg] Input Parameters:
(2026-08-22T17:17:58.490355176) (2026-08-22T17:17:58.490420010) [Msg] model:     PMS
(2026-08-22T17:17:58.490574176) (2026-08-22T17:17:58.490635926) [Msg] number:     3
(2026-08-22T17:17:58.490792968) (2026-08-22T17:17:58.490851260) [Msg] scale:      1.1
(2026-08-22T17:17:58.491044260) (2026-08-22T17:17:58.491136718) [Msg] angle:      0.4
(2026-08-22T17:17:58.491383718) (2026-08-22T17:17:58.491465343) [Msg] steepness:  0
(2026-08-22T17:17:58.491669510) (2026-08-22T17:17:58.491760135) [Msg] amplitude:  0
(2026-08-22T17:17:58.492001051) (2026-08-22T17:17:58.492079676) [Msg] period:     5
(2026-08-22T17:17:58.492351760) (2026-08-22T17:17:58.492442926) [Msg] direction:  0
(2026-08-22T17:17:58.492666010) (2026-08-22T17:17:58.492755343) [Msg] tau:  2
(2026-08-22T17:17:58.492976926) (2026-08-22T17:17:58.493074968) [Msg] gain:  1
(2026-08-22T17:17:58.493287510) (2026-08-22T17:17:58.493378176) [Msg] Derived Parameters:
(2026-08-22T17:17:58.493584051) (2026-08-22T17:17:58.493695968) [Msg] amplitudes:  0.121167, 0.130759, 0.128568, 
(2026-08-22T17:17:58.494093968) (2026-08-22T17:17:58.494171801) [Msg] wavenumbers: 0.133171, 0.161136, 0.194975, 
(2026-08-22T17:17:58.494495718) (2026-08-22T17:17:58.494568260) [Msg] omegas:      1.1424, 1.25664, 1.3823, 
(2026-08-22T17:17:58.494875551) (2026-08-22T17:17:58.494968218) [Msg] periods:     (2026-08-22T17:17:58.495176551) (2026-08-22T17:17:58.495310468) [Msg] 5.5, (2026-08-22T17:17:58.495504301) (2026-08-22T17:17:58.495586468) [Msg] 5, (2026-08-22T17:17:58.495790926) (2026-08-22T17:17:58.495879218) [Msg] 4.54545, (2026-08-22T17:17:58.496073926) (2026-08-22T17:17:58.496151593) [Msg] 
(2026-08-22T17:17:58.496280593) (2026-08-22T17:17:58.496354801) [Msg] phases:      0, 0, 0, 
(2026-08-22T17:17:58.496675635) (2026-08-22T17:17:58.496749676) [Msg] steepnesses: 0, 0, 0, 
(2026-08-22T17:17:58.497149176) (2026-08-22T17:17:58.497261551) [Msg] directions:  (2026-08-22T17:17:58.497400176) (2026-08-22T17:17:58.497490260) [Msg] 0.921061 -0.389418; (2026-08-22T17:17:58.497775968) (2026-08-22T17:17:58.497895801) [Msg] 1 0; (2026-08-22T17:17:58.498132051) (2026-08-22T17:17:58.498226510) [Msg] 0.921061 0.389418; (2026-08-22T17:17:58.498496676) (2026-08-22T17:17:58.498618635) [Msg] 
(2026-08-22T17:17:58.498817135) (2026-08-22T17:17:58.498896843) [Dbg] [Surface.cc:188] Surface plugin successfully configured with the following parameters:
(2026-08-22T17:17:58.499209426) (2026-08-22T17:17:58.499304301) [Dbg] [Surface.cc:190]   <link_name>: wamv/base_link
(2026-08-22T17:17:58.499537260) (2026-08-22T17:17:58.499614343) [Dbg] [Surface.cc:191]   <vehicle_length>: 4.9
(2026-08-22T17:17:58.499842260) (2026-08-22T17:17:58.499943301) [Dbg] [Surface.cc:192]   <hull_radius>: 0.213
(2026-08-22T17:17:58.500229676) (2026-08-22T17:17:58.500321426) [Dbg] [Surface.cc:193]   <fluid_level>: 0
(2026-08-22T17:17:58.500573343) (2026-08-22T17:17:58.500651260) [Dbg] [Surface.cc:194]   <fluid_density>: 997.774
(2026-08-22T17:17:58.500884510) (2026-08-22T17:17:58.500976760) [Dbg] [Surface.cc:195]   <points>:
(2026-08-22T17:17:58.501264468) (2026-08-22T17:17:58.501352385) [Dbg] [Surface.cc:197]     [0.6 1.03 0]
(2026-08-22T17:17:58.502007426) (2026-08-22T17:17:58.502116760) [Dbg] [Surface.cc:197]     [-1.4 1.03 0]
(2026-08-22T17:17:58.507213468) (2026-08-22T17:17:58.507424343) [Dbg] [SystemManager.cc:80] Loaded system [vrx::Surface] for entity [143]
(2026-08-22T17:17:58.508615551) (2026-08-22T17:17:58.508708718) [Msg] Input Parameters:
(2026-08-22T17:17:58.508913051) (2026-08-22T17:17:58.509015093) [Msg] model:     PMS
(2026-08-22T17:17:58.509234510) (2026-08-22T17:17:58.509364593) [Msg] number:     3
(2026-08-22T17:17:58.509619510) (2026-08-22T17:17:58.509697385) [Msg] scale:      1.1
(2026-08-22T17:17:58.509920468) (2026-08-22T17:17:58.510010635) [Msg] angle:      0.4
(2026-08-22T17:17:58.510252676) (2026-08-22T17:17:58.510349885) [Msg] steepness:  0
(2026-08-22T17:17:58.510554010) (2026-08-22T17:17:58.510631968) [Msg] amplitude:  0
(2026-08-22T17:17:58.510809760) (2026-08-22T17:17:58.510870135) [Msg] period:     5
(2026-08-22T17:17:58.511068426) (2026-08-22T17:17:58.511138176) [Msg] direction:  0
(2026-08-22T17:17:58.511291343) (2026-08-22T17:17:58.511355593) [Msg] tau:  2
(2026-08-22T17:17:58.511501551) (2026-08-22T17:17:58.511562468) [Msg] gain:  1
(2026-08-22T17:17:58.511708176) (2026-08-22T17:17:58.511770426) [Msg] Derived Parameters:
(2026-08-22T17:17:58.511898218) (2026-08-22T17:17:58.511958176) [Msg] amplitudes:  0.121167, 0.130759, 0.128568, 
(2026-08-22T17:17:58.512219635) (2026-08-22T17:17:58.512300385) [Msg] wavenumbers: 0.133171, 0.161136, 0.194975, 
(2026-08-22T17:17:58.512745885) (2026-08-22T17:17:58.512880093) [Msg] omegas:      1.1424, 1.25664, 1.3823, 
(2026-08-22T17:17:58.514014426) (2026-08-22T17:17:58.514278968) [Msg] periods:     (2026-08-22T17:17:58.514635635) (2026-08-22T17:17:58.514724301) [Msg] 5.5, (2026-08-22T17:17:58.514913260) (2026-08-22T17:17:58.515007760) [Msg] 5, (2026-08-22T17:17:58.515334385) (2026-08-22T17:17:58.515432635) [Msg] 4.54545, (2026-08-22T17:17:58.515580635) (2026-08-22T17:17:58.515644926) [Msg] 
(2026-08-22T17:17:58.515750635) (2026-08-22T17:17:58.515815176) [Msg] phases:      0, 0, 0, 
(2026-08-22T17:17:58.516089718) (2026-08-22T17:17:58.516174343) [Msg] steepnesses: 0, 0, 0, 
(2026-08-22T17:17:58.516449926) (2026-08-22T17:17:58.516510468) [Msg] directions:  (2026-08-22T17:17:58.516618926) (2026-08-22T17:17:58.516678010) [Msg] 0.921061 -0.389418; (2026-08-22T17:17:58.516851385) (2026-08-22T17:17:58.516910135) [Msg] 1 0; (2026-08-22T17:17:58.517070718) (2026-08-22T17:17:58.517128260) [Msg] 0.921061 0.389418; (2026-08-22T17:17:58.517299635) (2026-08-22T17:17:58.517357218) [Msg] 
(2026-08-22T17:17:58.517466510) (2026-08-22T17:17:58.517523551) [Dbg] [Surface.cc:188] Surface plugin successfully configured with the following parameters:
(2026-08-22T17:17:58.517672260) (2026-08-22T17:17:58.517729468) [Dbg] [Surface.cc:190]   <link_name>: wamv/base_link
(2026-08-22T17:17:58.517875010) (2026-08-22T17:17:58.517958260) [Dbg] [Surface.cc:191]   <vehicle_length>: 4.9
(2026-08-22T17:17:58.518117010) (2026-08-22T17:17:58.518175885) [Dbg] [Surface.cc:192]   <hull_radius>: 0.213
(2026-08-22T17:17:58.518322968) (2026-08-22T17:17:58.518413551) [Dbg] [Surface.cc:193]   <fluid_level>: 0
(2026-08-22T17:17:58.518625551) (2026-08-22T17:17:58.518735010) [Dbg] [Surface.cc:194]   <fluid_density>: 997.774
(2026-08-22T17:17:58.518959010) (2026-08-22T17:17:58.519053301) [Dbg] [Surface.cc:195]   <points>:
(2026-08-22T17:17:58.519211343) (2026-08-22T17:17:58.519287385) [Dbg] [Surface.cc:197]     [0.6 -1.03 0]
(2026-08-22T17:17:58.519608551) (2026-08-22T17:17:58.519681260) [Dbg] [Surface.cc:197]     [-1.4 -1.03 0]
(2026-08-22T17:17:58.520274301) (2026-08-22T17:17:58.520356635) [Dbg] [SystemManager.cc:80] Loaded system [vrx::Surface] for entity [143]
(2026-08-22T17:17:58.534122968) (2026-08-22T17:17:58.534315885) [Dbg] [SimpleHydrodynamics.cc:164] SimpleHydrodynamics plugin successfully configured with the following parameters:
(2026-08-22T17:17:58.534608385) (2026-08-22T17:17:58.534670051) [Dbg] [SimpleHydrodynamics.cc:166]   <link_name>: wamv/base_link
(2026-08-22T17:17:58.534834885) (2026-08-22T17:17:58.534897468) [Dbg] [SimpleHydrodynamics.cc:167]   <xDotU>: 0
(2026-08-22T17:17:58.535083051) (2026-08-22T17:17:58.535170385) [Dbg] [SimpleHydrodynamics.cc:168]   <yDotV>: 0
(2026-08-22T17:17:58.535359343) (2026-08-22T17:17:58.535466385) [Dbg] [SimpleHydrodynamics.cc:169]   <zDotW>: 0.1
(2026-08-22T17:17:58.535621176) (2026-08-22T17:17:58.535709093) [Dbg] [SimpleHydrodynamics.cc:170]   <kDotP>: 0.1
(2026-08-22T17:17:58.535880885) (2026-08-22T17:17:58.535962218) [Dbg] [SimpleHydrodynamics.cc:171]   <mDotQ>: 0.1
(2026-08-22T17:17:58.536169426) (2026-08-22T17:17:58.536234676) [Dbg] [SimpleHydrodynamics.cc:172]   <nDotR>: 0
(2026-08-22T17:17:58.536402635) (2026-08-22T17:17:58.536496510) [Dbg] [SimpleHydrodynamics.cc:173]   <xU>: 100
(2026-08-22T17:17:58.536677093) (2026-08-22T17:17:58.536741426) [Dbg] [SimpleHydrodynamics.cc:174]   <xUU>: 150
(2026-08-22T17:17:58.536897926) (2026-08-22T17:17:58.536958593) [Dbg] [SimpleHydrodynamics.cc:175]   <yV>: 100
(2026-08-22T17:17:58.537108343) (2026-08-22T17:17:58.537168218) [Dbg] [SimpleHydrodynamics.cc:176]   <yVV>: 100
(2026-08-22T17:17:58.537317635) (2026-08-22T17:17:58.537376968) [Dbg] [SimpleHydrodynamics.cc:177]   <zW>: 500
(2026-08-22T17:17:58.537551843) (2026-08-22T17:17:58.537612885) [Dbg] [SimpleHydrodynamics.cc:178]   <zWW>: 0
(2026-08-22T17:17:58.537767885) (2026-08-22T17:17:58.537837051) [Dbg] [SimpleHydrodynamics.cc:179]   <kP>: 300
(2026-08-22T17:17:58.538017135) (2026-08-22T17:17:58.538076926) [Dbg] [SimpleHydrodynamics.cc:180]   <kPP>: 600
(2026-08-22T17:17:58.538231926) (2026-08-22T17:17:58.538292468) [Dbg] [SimpleHydrodynamics.cc:181]   <mQ>: 900
(2026-08-22T17:17:58.538446010) (2026-08-22T17:17:58.538505510) [Dbg] [SimpleHydrodynamics.cc:182]   <mQQ>: 900
(2026-08-22T17:17:58.538654385) (2026-08-22T17:17:58.538713510) [Dbg] [SimpleHydrodynamics.cc:183]   <nR>: 800
(2026-08-22T17:17:58.538977551) (2026-08-22T17:17:58.539049426) [Dbg] [SimpleHydrodynamics.cc:184]   <nRR>: 800
(2026-08-22T17:17:58.539268010) (2026-08-22T17:17:58.539341135) [Dbg] [SystemManager.cc:80] Loaded system [vrx::SimpleHydrodynamics] for entity [143]
(2026-08-22T17:17:58.543704301) (2026-08-22T17:17:58.543805801) [Dbg] [DetachableJoint.cc:137] Detach topic is: /vrx/release
(2026-08-22T17:17:58.545627218) (2026-08-22T17:17:58.545758635) [Dbg] [DetachableJoint.cc:143] DetachableJoint subscribing to messages on [/vrx/release]
(2026-08-22T17:17:58.546102593) (2026-08-22T17:17:58.546197093) [Dbg] [DetachableJoint.cc:160] Attach topic is: /model/wamv/detachable_joint/attach
(2026-08-22T17:17:58.546816551) (2026-08-22T17:17:58.546898760) [Dbg] [DetachableJoint.cc:195] Output topic is: /model/platform/detachable_joint/state
(2026-08-22T17:17:58.548343135) (2026-08-22T17:17:58.548483010) [Dbg] [SystemManager.cc:80] Loaded system [gz::sim::systems::DetachableJoint] for entity [143]
(2026-08-22T17:17:58.553252885) (2026-08-22T17:17:58.553327885) [Dbg] [SystemManager.cc:80] Loaded system [gz::sim::systems::PosePublisher] for entity [143]
(2026-08-22T17:17:58.557592926) (2026-08-22T17:17:58.557683260) [Dbg] [SystemManager.cc:80] Loaded system [gz::sim::systems::JointStatePublisher] for entity [143]
(2026-08-22T17:17:58.579108260) (2026-08-22T17:17:58.579210968) [Dbg] [SystemManager.cc:80] Loaded system [vrx::AcousticPingerPlugin] for entity [143]
(2026-08-22T17:17:58.610394968) (2026-08-22T17:17:58.610798801) [Dbg] [BallShooterPlugin.cc:212] <projectile><model_name>: blue_projectile
(2026-08-22T17:17:58.612793010) (2026-08-22T17:17:58.613166551) [Dbg] [BallShooterPlugin.cc:213] <projectile><link_name>: link
(2026-08-22T17:17:58.613993926) (2026-08-22T17:17:58.614379010) [Dbg] [BallShooterPlugin.cc:214] <frame>: wamv/ball_shooter_launcher_link
(2026-08-22T17:17:58.614872926) (2026-08-22T17:17:58.615674593) [Dbg] [BallShooterPlugin.cc:215] <num_shots>: 4
(2026-08-22T17:17:58.617039218) (2026-08-22T17:17:58.617503968) [Dbg] [BallShooterPlugin.cc:216] <pose>: 0.14 0 0 0 0 0
(2026-08-22T17:17:58.622114968) (2026-08-22T17:17:58.622704343) [Dbg] [BallShooterPlugin.cc:218] <shot_force>: 65
(2026-08-22T17:17:58.624273343) (2026-08-22T17:17:58.624597551) [Dbg] [BallShooterPlugin.cc:219] <topic>: wamv/shooters/ball_shooter/fire
(2026-08-22T17:17:58.626448551) (2026-08-22T17:17:58.626789968) [Dbg] [SystemManager.cc:80] Loaded system [vrx::BallShooterPlugin] for entity [143]
(2026-08-22T17:17:58.629606301) (2026-08-22T17:17:58.629903426) [Dbg] [UserCommands.cc:1094] Created entity [143] named [wamv]
(2026-08-22T17:17:58.641010051) (2026-08-22T17:17:58.641955510) [Msg] Contact system publishing on /vrx/contacts
(2026-08-22T17:17:58.643672301) (2026-08-22T17:17:58.643843051) [Dbg] [USVWind.cc:282] wamv initialized
(2026-08-22T17:17:58.701839551) (2026-08-22T17:17:58.702891468) [Dbg] [SDFFeatures.cc:332] Mesh construction from an SDF has not been implemented yet for dartsim. Use AttachMeshShapeFeature to use mesh shapes.
(2026-08-22T17:17:58.706972718) (2026-08-22T17:17:58.707336635) [Dbg] [SDFFeatures.cc:864] The geometry element of collision [collision] couldn't be created
(2026-08-22T17:17:58.872899010) (2026-08-22T17:17:58.873129968) [Dbg] [SimulationFeatures.cc:90] Simulation timestep set to: 0.004
(2026-08-22T17:17:58.908166677) (2026-08-22T17:17:58.908314885) [Dbg] [Sensors.cc:953] Initialization needed
(2026-08-22T17:17:58.909491260) (2026-08-22T17:17:58.909628885) [Dbg] [Sensors.cc:349] Initializing render context
(2026-08-22T17:17:58.928707927) (2026-08-22T17:17:58.929019635) [Msg] Loading plugin [gz-rendering-ogre2]
(2026-08-22T17:17:58.960153343) (2026-08-22T17:17:58.960346885) [Dbg] [ImuSensor.cc:150] IMU data for [wamv::wamv/imu_wamv_link::imu_wamv_sensor] advertised on [world/sydney_regatta/model/wamv/link/wamv/imu_wamv_link/sensor/imu_wamv_sensor/imu]
(2026-08-22T17:17:59.19726927) (2026-08-22T17:17:59.19895468) [Wrn] [Ogre2RenderEngine.cc:551] (2026-08-22T17:17:59.20186593) (2026-08-22T17:17:59.20367635) [Msg] Unable to open display: Serving scene information on [/world/sydney_regatta/scene/info]. Trying to run in headless mode.

(2026-08-22T17:17:59.21506927) (2026-08-22T17:17:59.21673552) [Wrn] [Component.hh:127] (2026-08-22T17:17:59.22139510) (2026-08-22T17:17:59.22442885) [Msg] Serving graph information on [/world/sydney_regatta/scene/graph]
Trying to serialize component with data type [St10shared_ptrIN3sdf3v147ElementEE], which doesn't have `operator<<`. Component will not be serialized.
(2026-08-22T17:17:59.24482177) (2026-08-22T17:17:59.24696718) [Msg] Serving full state on [/world/sydney_regatta/state]
(2026-08-22T17:17:59.26204802) (2026-08-22T17:17:59.26406802) [Msg] Serving full state (async) on [/world/sydney_regatta/state_async]
(2026-08-22T17:17:59.28917802) (2026-08-22T17:17:59.29025552) [Msg] Publishing scene information on [/world/sydney_regatta/scene/info]
(2026-08-22T17:17:59.30084093) (2026-08-22T17:17:59.30190760) [Msg] Publishing entity deletions on [/world/sydney_regatta/scene/deletion]
(2026-08-22T17:17:59.30593468) (2026-08-22T17:17:59.30704968) [Msg] Publishing state changes on [/world/sydney_regatta/state]
(2026-08-22T17:17:59.32002343) (2026-08-22T17:17:59.32228218) [Msg] Publishing pose messages on [/world/sydney_regatta/pose/info]
(2026-08-22T17:17:59.32828218) (2026-08-22T17:17:59.33003218) [Msg] Publishing dynamic pose messages on [/world/sydney_regatta/dynamic_pose/info]
(2026-08-22T17:17:59.65161177) (2026-08-22T17:17:59.65453218) [Dbg] [SimulationRunner.cc:560] Exiting postupdate worker thread (6)
(2026-08-22T17:17:59.66432052) (2026-08-22T17:17:59.66624802) [Dbg] [SimulationRunner.cc:560] Exiting postupdate worker thread (1)
(2026-08-22T17:17:59.67144885) (2026-08-22T17:17:59.67273093) ([Dbg] [SimulationRunner.cc:560] Exiting postupdate worker thread (3)
(2026-08-22T17:17:59.67599468) (2026-08-22T17:17:59.67680968) [Dbg] [SimulationRunner.cc:560] Exiting postupdate worker thread (0)
2026-08-22T17:17:59.67875177) (2026-08-22T17:17:59.68086093) [Dbg] [SimulationRunner.cc:560] Exiting postupdate worker thread (7)
(2026-08-22T17:17:59.68351760) (2026-08-22T17:17:59.68458135) [Dbg] [SimulationRunner.cc:560] Exiting postupdate worker thread (4)
(2026-08-22T17:17:59.68770218) (2026-08-22T17:17:59.68868218) [Dbg] [SimulationRunner.cc:560] Exiting postupdate worker thread (2)
(2026-08-22T17:17:59.69201677) (2026-08-22T17:17:59.69324635) [Dbg] [SimulationRunner.cc:560] Exiting postupdate worker thread (5)
(2026-08-22T17:17:59.69850052) (2026-08-22T17:17:59.69911718) [Dbg] [SimulationRunner.cc:533] Creating PostUpdate worker threads: 13
(2026-08-22T17:17:59.70198385) (2026-08-22T17:17:59.70262427) [Dbg] [SimulationRunner.cc:544] Creating postupdate worker thread (0)
(2026-08-22T17:17:59.91620927) (2026-08-22T17:17:59.91767135) [Dbg] [SimulationRunner.cc:544] Creating postupdate worker thread (1)
(2026-08-22T17:17:59.92153177) (2026-08-22T17:17:59.92278843) [Dbg] [SimulationRunner.cc:544] Creating postupdate worker thread (2)
(2026-08-22T17:17:59.92575593) (2026-08-22T17:17:59.92660427) [Dbg] [SimulationRunner.cc:544] Creating postupdate worker thread (3)
(2026-08-22T17:17:59.92994927) (2026-08-22T17:17:59.93122052) [Dbg] [SimulationRunner.cc:544] Creating postupdate worker thread (4)
(2026-08-22T17:17:59.93480552) (2026-08-22T17:17:59.93584177) [Dbg] [SimulationRunner.cc:544] Creating postupdate worker thread (5)
(2026-08-22T17:17:59.93952093) (2026-08-22T17:17:59.94083843) [Dbg] [SimulationRunner.cc:544] Creating postupdate worker thread (6)
(2026-08-22T17:17:59.94409468) (2026-08-22T17:17:59.94536218) [Dbg] [SimulationRunner.cc:544] Creating postupdate worker thread (7)
(2026-08-22T17:17:59.94831677) (2026-08-22T17:17:59.94932302) [Dbg] [SimulationRunner.cc:544] Creating postupdate worker thread (8)
(2026-08-22T17:17:59.95225885) (2026-08-22T17:17:59.95322927) [Dbg] [SimulationRunner.cc:544] Creating postupdate worker thread (9)
(2026-08-22T17:17:59.95567427) (2026-08-22T17:17:59.95635677) [Dbg] [SimulationRunner.cc:544] Creating postupdate worker thread (10)
(2026-08-22T17:17:59.95903468) (2026-08-22T17:17:59.96003135) [Dbg] [SimulationRunner.cc:544] Creating postupdate worker thread (11)
(2026-08-22T17:17:59.101443468) (2026-08-22T17:17:59.101543968) [Dbg] [JointPositionController.cc:376] Identified joint [wamv/left_chassis_engine_joint] as Entity [244]
(2026-08-22T17:17:59.102559968) (2026-08-22T17:17:59.102698510) [Dbg] [JointPositionController.cc:376] Identified joint [wamv/right_chassis_engine_joint] as Entity [247]
(2026-08-22T17:17:59.133610468) (2026-08-22T17:17:59.133854218) [Wrn] [DetachableJoint.cc:348] Child Link dummy_upper could not be found.
(2026-08-22T17:17:59.733758385) (2026-08-22T17:17:59.733899927) [Dbg] [RenderUtil.cc:2646] Create scene [scene]
((2026-08-22T17:18:00.3624400522026-08-22T17:18:00.362529844) (2026-08-22T17:18:00.362684427) ) (2026-08-22T17:18:00.362868677) [Dbg] [Sensors.cc:953] Initialization needed
Rendering Thread initialized
(2026-08-22T17:18:00.375153469) (2026-08-22T17:18:00.376045636) [Wrn] [DetachableJoint.cc:348] Child Link dummy_upper could not be found.
(2026-08-22T17:18:10.145462668) (2026-08-22T17:18:10.145587793) [Dbg] [CameraSensor.cc:405] Camera images for [wamv::wamv/base_link::front_left_camera_sensor] advertised on [world/sydney_regatta/model/wamv/link/wamv/base_link/sensor/front_left_camera_sensor/image]
(2026-08-22T17:18:10.147050001) (2026-08-22T17:18:10.147310751) [Dbg] [CameraSensor.cc:695] Camera info for [wamv::wamv/base_link::front_left_camera_sensor] advertised on [/world/sydney_regatta/model/wamv/link/wamv/base_link/sensor/front_left_camera_sensor/camera_info]
(2026-08-22T17:18:10.150590793) (2026-08-22T17:18:10.150738251) [Wrn] [Ogre2Camera.cc:421] Ogre2Camera::SetVisibilityMask: Mask bits c0000000 are set but will be ignored as they conflict with the reserved bits used internally by the ogre2 backend.
(2026-08-22T17:18:10.156900626) (2026-08-22T17:18:10.157166501) [Dbg] [CameraSensor.cc:405] Camera images for [wamv::wamv/base_link::front_right_camera_sensor] advertised on [world/sydney_regatta/model/wamv/link/wamv/base_link/sensor/front_right_camera_sensor/image]
(2026-08-22T17:18:10.157646584) (2026-08-22T17:18:10.157822334) [Dbg] [CameraSensor.cc:695] Camera info for [wamv::wamv/base_link::front_right_camera_sensor] advertised on [/world/sydney_regatta/model/wamv/link/wamv/base_link/sensor/front_right_camera_sensor/camera_info]
(2026-08-22T17:18:10.158395626) (2026-08-22T17:18:10.158493251) [Wrn] [Ogre2Camera.cc:421] Ogre2Camera::SetVisibilityMask: Mask bits c0000000 are set but will be ignored as they conflict with the reserved bits used internally by the ogre2 backend.
(2026-08-22T17:18:10.159310668) (2026-08-22T17:18:10.159556751) [Dbg] [CameraSensor.cc:405] Camera images for [wamv::wamv/base_link::middle_right_camera_sensor] advertised on [world/sydney_regatta/model/wamv/link/wamv/base_link/sensor/middle_right_camera_sensor/image]
(2026-08-22T17:18:10.160126876) (2026-08-22T17:18:10.160337209) [Dbg] [CameraSensor.cc:695] Camera info for [wamv::wamv/base_link::middle_right_camera_sensor] advertised on [/world/sydney_regatta/model/wamv/link/wamv/base_link/sensor/middle_right_camera_sensor/camera_info]
(2026-08-22T17:18:10.160650751) (2026-08-22T17:18:10.160713959) [Wrn] [Ogre2Camera.cc:421] Ogre2Camera::SetVisibilityMask: Mask bits c0000000 are set but will be ignored as they conflict with the reserved bits used internally by the ogre2 backend.
(2026-08-22T17:18:10.162570584) (2026-08-22T17:18:10.162650334) [Dbg] [Lidar.cc:139] Laser scans for [wamv::wamv/base_link::lidar_wamv_sensor] advertised on [world/sydney_regatta/model/wamv/link/wamv/base_link/sensor/lidar_wamv_sensor/scan]
(2026-08-22T17:18:10.164170376) (2026-08-22T17:18:10.164362376) [Dbg] [GpuLidarSensor.cc:164] Lidar points for [wamv::wamv/base_link::lidar_wamv_sensor] advertised on [world/sydney_regatta/model/wamv/link/wamv/base_link/sensor/lidar_wamv_sensor/scan/points]
(2026-08-22T17:18:10.263401293) (2026-08-22T17:18:10.263519168) [Dbg] [CameraSensor.cc:504] Enabling camera sensor: 'wamv::wamv/base_link::front_left_camera_sensor' data generation.
(2026-08-22T17:18:14.132608503) (2026-08-22T17:18:14.132827253) [Dbg] [CameraSensor.cc:504] Enabling camera sensor: 'wamv::wamv/base_link::front_right_camera_sensor' data generation.
(2026-08-22T17:18:14.284464670) (2026-08-22T17:18:14.284633586) [Dbg] [CameraSensor.cc:504] Enabling camera sensor: 'wamv::wamv/base_link::middle_right_camera_sensor' data generation.
(2026-08-22T17:18:15.240348378) (2026-08-22T17:18:15.240719795) [Wrn] [DetachableJoint.cc:348] Child Link dummy_upper could not be found.
(2026-08-22T17:18:15.244411753) (2026-08-22T17:18:15.244629045) [Wrn] [DetachableJoint.cc:348] Child Link dummy_upper could not be found.
(2026-08-22T17:18:15.248641920) (2026-08-22T17:18:15.248723503) [Wrn] [DetachableJoint.cc:348] Child Link dummy_upper could not be found.
(2026-08-22T17:18:15.253195712) (2026-08-22T17:18:15.253322212) [Wrn] [DetachableJoint.cc:348] Child Link dummy_upper could not be found.
(2026-08-22T17:18:15.257376128) (2026-08-22T17:18:15.257579378) [Wrn] [DetachableJoint.cc:348] Child Link dummy_upper could not be found.
(2026-08-22T17:18:15.261489545) (2026-08-22T17:18:15.261634295) [Wrn] [DetachableJoint.cc:348] Child Link dummy_upper could not be found.
(2026-08-22T17:18:15.265731795) (2026-08-22T17:18:15.265854795) [Wrn] [DetachableJoint.cc:348] Child Link dummy_upper could not be found.
(2026-08-22T17:18:15.270070337) (2026-08-22T17:18:15.270174212) [Wrn] [DetachableJoint.cc:348] Child Link dummy_upper could not be found.
(2026-08-22T17:18:15.275382795) (2026-08-22T17:18:15.275488003) [Wrn] [DetachableJoint.cc:348] Child Link dummy_upper could not be found.
(2026-08-22T17:18:15.278659337) (2026-08-22T17:18:15.278757503) [Wrn] [DetachableJoint.cc:348] Child Link dummy_upper could not be found.
(2026-08-22T17:18:15.283632253) (2026-08-22T17:18:15.284315712) [Wrn] [DetachableJoint.cc:348] Child Link dummy_upper could not be found.
(2026-08-22T17:18:15.312053878) (2026-08-22T17:18:15.312380878) [Wrn] [DetachableJoint.cc:348] Child Link dummy_upper could not be found.
(2026-08-22T17:18:15.319273253) (2026-08-22T17:18:15.320821128) [Wrn] [DetachableJoint.cc:348] Child Link dummy_upper could not be found.
(2026-08-22T17:18:15.337205295) (2026-08-22T17:18:15.342067337) [Wrn] [DetachableJoint.cc:348] Child Link dummy_upper could not be found.
(2026-08-22T17:18:15.761883004) (2026-08-22T17:18:15.762223129) [Wrn] [DetachableJoint.cc:348] Child Link dummy_upper could not be found.
(2026-08-22T17:18:15.765908670) (2026-08-22T17:18:15.766072462) [Wrn] [DetachableJoint.cc:348] Child Link dummy_upper could not be found.
(2026-08-22T17:18:15.769819087) (2026-08-22T17:18:15.769916879) [Wrn] [DetachableJoint.cc:348] Child Link dummy_upper could not be found.
(2026-08-22T17:18:15.775390837) (2026-08-22T17:18:15.775579379) [Wrn] [DetachableJoint.cc:348] Child Link dummy_upper could not be found.
(2026-08-22T17:18:15.779547087) (2026-08-22T17:18:15.779815712) [Wrn] [DetachableJoint.cc:348] Child Link dummy_upper could not be found.
(2026-08-22T17:18:15.795857920) (2026-08-22T17:18:15.799555087) [Wrn] [DetachableJoint.cc:348] Child Link dummy_upper could not be found.
(2026-08-22T17:18:15.811631254) (2026-08-22T17:18:15.811791212) [Wrn] [DetachableJoint.cc:348] Child Link dummy_upper could not be found.
(2026-08-22T17:18:15.818748420) (2026-08-22T17:18:15.819839004) [Wrn] [DetachableJoint.cc:348] Child Link dummy_upper could not be found.
(2026-08-22T17:18:16.258804296) (2026-08-22T17:18:16.259115212) [Wrn] [DetachableJoint.cc:348] Child Link dummy_upper could not be found.
(2026-08-22T17:18:16.262703337) (2026-08-22T17:18:16.262851296) [Wrn] [DetachableJoint.cc:348] Child Link dummy_upper could not be found.
(2026-08-22T17:18:16.267906004) (2026-08-22T17:18:16.269404671) [Wrn] [DetachableJoint.cc:348] Child Link dummy_upper could not be found.
(2026-08-22T17:18:16.272493004) (2026-08-22T17:18:16.272761004) [Wrn] [DetachableJoint.cc:348] Child Link dummy_upper could not be found.
(2026-08-22T17:18:16.279637421) (2026-08-22T17:18:16.289258337) [Wrn] [DetachableJoint.cc:348] Child Link dummy_upper could not be found.
(2026-08-22T17:18:16.307423296) (2026-08-22T17:18:16.307688504) [Wrn] [DetachableJoint.cc:348] Child Link dummy_upper could not be found.
(2026-08-22T17:18:16.320732296) (2026-08-22T17:18:16.322960379) [Wrn] [DetachableJoint.cc:348] Child Link dummy_upper could not be found.
(2026-08-22T17:18:16.342484546) (2026-08-22T17:18:16.342854337) [Wrn] [DetachableJoint.cc:348] Child Link dummy_upper could not be found.
(2026-08-22T17:18:16.346886046) (2026-08-22T17:18:16.347065671) [Wrn] [DetachableJoint.cc:348] Child Link dummy_upper could not be found.
(2026-08-22T17:18:16.855390337) (2026-08-22T17:18:16.855749629) [Wrn] [DetachableJoint.cc:348] Child Link dummy_upper could not be found.
(2026-08-22T17:18:16.859188754) (2026-08-22T17:18:16.859329754) [Wrn] [DetachableJoint.cc:348] Child Link dummy_upper could not be found.
(2026-08-22T17:18:16.865494462) (2026-08-22T17:18:16.867124379) [Wrn] [DetachableJoint.cc:348] Child Link dummy_upper could not be found.
(2026-08-22T17:18:16.870115421) (2026-08-22T17:18:16.870185921) [Wrn] [DetachableJoint.cc:348] Child Link dummy_upper could not be found.
(2026-08-22T17:18:16.874609296) (2026-08-22T17:18:16.879796129) [Wrn] [DetachableJoint.cc:348] Child Link dummy_upper could not be found.
(2026-08-22T17:18:16.895852962) (2026-08-22T17:18:16.901786379) [Wrn] [DetachableJoint.cc:348] Child Link dummy_upper could not be found.
(2026-08-22T17:18:16.915340546) (2026-08-22T17:18:16.917901379) [Wrn] [DetachableJoint.cc:348] Child Link dummy_upper could not be found.
(2026-08-22T17:18:16.934614421) (2026-08-22T17:18:16.934830713) [Wrn] [DetachableJoint.cc:348] Child Link dummy_upper could not be found.
(2026-08-22T17:18:17.836453921) (2026-08-22T17:18:17.836687838) [Wrn] [DetachableJoint.cc:348] Child Link dummy_upper could not be found.
(2026-08-22T17:18:17.840924005) (2026-08-22T17:18:17.841069880) [Wrn] [DetachableJoint.cc:348] Child Link dummy_upper could not be found.
(2026-08-22T17:18:17.846349880) (2026-08-22T17:18:17.847818171) [Wrn] [DetachableJoint.cc:348] Child Link dummy_upper could not be found.
(2026-08-22T17:18:17.853053630) (2026-08-22T17:18:17.854447963) [Wrn] [DetachableJoint.cc:348] Child Link dummy_upper could not be found.
(2026-08-22T17:18:17.864013921) (2026-08-22T17:18:17.866658338) [Wrn] [DetachableJoint.cc:348] Child Link dummy_upper could not be found.
(2026-08-22T17:18:17.886769505) (2026-08-22T17:18:17.887406171) [Wrn] [DetachableJoint.cc:348] Child Link dummy_upper could not be found.
(2026-08-22T17:18:17.907438796) (2026-08-22T17:18:17.918946255) [Wrn] [DetachableJoint.cc:348] Child Link dummy_upper could not be found.
(2026-08-22T17:18:17.921913338) (2026-08-22T17:18:17.922145880) [Wrn] [DetachableJoint.cc:348] Child Link dummy_upper could not be found.
(2026-08-22T17:18:18.375567338) (2026-08-22T17:18:18.375879088) [Wrn] [DetachableJoint.cc:348] Child Link dummy_upper could not be found.
(2026-08-22T17:18:18.379248213) (2026-08-22T17:18:18.379454047) [Wrn] [DetachableJoint.cc:348] Child Link dummy_upper could not be found.
(2026-08-22T17:18:18.384388755) (2026-08-22T17:18:18.384515297) [Wrn] [DetachableJoint.cc:348] Child Link dummy_upper could not be found.
(2026-08-22T17:18:18.388659672) (2026-08-22T17:18:18.388878713) [Wrn] [DetachableJoint.cc:348] Child Link dummy_upper could not be found.
(2026-08-22T17:18:18.395913505) (2026-08-22T17:18:18.402030130) [Wrn] [DetachableJoint.cc:348] Child Link dummy_upper could not be found.
(2026-08-22T17:18:18.422915963) (2026-08-22T17:18:18.423214130) [Wrn] [DetachableJoint.cc:348] Child Link dummy_upper could not be found.
(2026-08-22T17:18:18.434318297) (2026-08-22T17:18:18.434600047) [Wrn] [DetachableJoint.cc:348] Child Link dummy_upper could not be found.
(2026-08-22T17:18:18.447006422) (2026-08-22T17:18:18.453867630) [Wrn] [DetachableJoint.cc:348] Child Link dummy_upper could not be found.
(2026-08-22T17:18:18.915636130) (2026-08-22T17:18:18.915893588) [Wrn] [DetachableJoint.cc:348] Child Link dummy_upper could not be found.
(2026-08-22T17:18:18.919242755) (2026-08-22T17:18:18.919438547) [Wrn] [DetachableJoint.cc:348] Child Link dummy_upper could not be found.
(2026-08-22T17:18:18.925987880) (2026-08-22T17:18:18.926095380) [Wrn] [DetachableJoint.cc:348] Child Link dummy_upper could not be found.
(2026-08-22T17:18:18.928918588) (2026-08-22T17:18:18.929196922) [Wrn] [DetachableJoint.cc:348] Child Link dummy_upper could not be found.
(2026-08-22T17:18:18.933672255) (2026-08-22T17:18:18.933856297) [Wrn] [DetachableJoint.cc:348] Child Link dummy_upper could not be found.
(2026-08-22T17:18:18.952048922) (2026-08-22T17:18:18.959818130) [Wrn] [DetachableJoint.cc:348] Child Link dummy_upper could not be found.
(2026-08-22T17:18:18.971071713) (2026-08-22T17:18:18.972407213) [Wrn] [DetachableJoint.cc:348] Child Link dummy_upper could not be found.
(2026-08-22T17:18:18.977504797) (2026-08-22T17:18:18.984396463) [Wrn] [DetachableJoint.cc:348] Child Link dummy_upper could not be found.
(2026-08-22T17:18:18.997950797) (2026-08-22T17:18:18.998044588) [Wrn] [DetachableJoint.cc:348] Child Link dummy_upper could not be found.
(2026-08-22T17:18:19.398947380) (2026-08-22T17:18:19.399164755) [Wrn] [DetachableJoint.cc:348] Child Link dummy_upper could not be found.
(2026-08-22T17:18:19.402898672) (2026-08-22T17:18:19.403082964) [Wrn] [DetachableJoint.cc:348] Child Link dummy_upper could not be found.
(2026-08-22T17:18:19.407275172) (2026-08-22T17:18:19.407520047) [Wrn] [DetachableJoint.cc:348] Child Link dummy_upper could not be found.
(2026-08-22T17:18:19.414129172) (2026-08-22T17:18:19.415328880) [Wrn] [DetachableJoint.cc:348] Child Link dummy_upper could not be found.
(2026-08-22T17:18:19.417962047) (2026-08-22T17:18:19.418058464) [Wrn] [DetachableJoint.cc:348] Child Link dummy_upper could not be found.
(2026-08-22T17:18:19.432994589) (2026-08-22T17:18:19.433358380) [Wrn] [DetachableJoint.cc:348] Child Link dummy_upper could not be found.
(2026-08-22T17:18:19.451882839) (2026-08-22T17:18:19.452216464) [Wrn] [DetachableJoint.cc:348] Child Link dummy_upper could not be found.
(2026-08-22T17:18:19.464383880) (2026-08-22T17:18:19.464609922) [Wrn] [DetachableJoint.cc:348] Child Link dummy_upper could not be found.
(2026-08-22T17:18:19.927082297) (2026-08-22T17:18:19.927360256) [Wrn] [DetachableJoint.cc:348] Child Link dummy_upper could not be found.
(2026-08-22T17:18:19.930419422) (2026-08-22T17:18:19.930520256) [Wrn] [DetachableJoint.cc:348] Child Link dummy_upper could not be found.
(2026-08-22T17:18:19.935811631) (2026-08-22T17:18:19.936969214) [Wrn] [DetachableJoint.cc:348] Child Link dummy_upper could not be found.
(2026-08-22T17:18:19.942070672) (2026-08-22T17:18:19.942169047) [Wrn] [DetachableJoint.cc:348] Child Link dummy_upper could not be found.
(2026-08-22T17:18:19.951863089) (2026-08-22T17:18:19.955872714) [Wrn] [DetachableJoint.cc:348] Child Link dummy_upper could not be found.
(2026-08-22T17:18:19.970963172) (2026-08-22T17:18:19.973266922) [Wrn] [DetachableJoint.cc:348] Child Link dummy_upper could not be found.
(2026-08-22T17:18:19.979158172) (2026-08-22T17:18:19.980827214) [Wrn] [DetachableJoint.cc:348] Child Link dummy_upper could not be found.
(2026-08-22T17:18:19.991511047) (2026-08-22T17:18:19.991832422) [Wrn] [DetachableJoint.cc:348] Child Link dummy_upper could not be found.
(2026-08-22T17:18:20.460530006) (2026-08-22T17:18:20.461026548) [Wrn] [DetachableJoint.cc:348] Child Link dummy_upper could not be found.
(2026-08-22T17:18:20.464502048) (2026-08-22T17:18:20.464627298) [Wrn] [DetachableJoint.cc:348] Child Link dummy_upper could not be found.
(2026-08-22T17:18:20.468857714) (2026-08-22T17:18:20.470364756) [Wrn] [DetachableJoint.cc:348] Child Link dummy_upper could not be found.
(2026-08-22T17:18:20.474336006) (2026-08-22T17:18:20.474460089) [Wrn] [DetachableJoint.cc:348] Child Link dummy_upper could not be found.
(2026-08-22T17:18:20.482700381) (2026-08-22T17:18:20.493697464) [Wrn] [DetachableJoint.cc:348] Child Link dummy_upper could not be found.
(2026-08-22T17:18:20.511529673) (2026-08-22T17:18:20.511927339) [Wrn] [DetachableJoint.cc:348] Child Link dummy_upper could not be found.
(2026-08-22T17:18:20.532052048) (2026-08-22T17:18:20.539294214) [Wrn] [DetachableJoint.cc:348] Child Link dummy_upper could not be found.
(2026-08-22T17:18:20.547470089) (2026-08-22T17:18:20.547620839) [Wrn] [DetachableJoint.cc:348] Child Link dummy_upper could not be found.
(2026-08-22T17:18:20.983665798) (2026-08-22T17:18:20.983925714) [Wrn] [DetachableJoint.cc:348] Child Link dummy_upper could not be found.
(2026-08-22T17:18:20.987452464) (2026-08-22T17:18:20.987616964) [Wrn] [DetachableJoint.cc:348] Child Link dummy_upper could not be found.
(2026-08-22T17:18:20.991666381) (2026-08-22T17:18:20.991768881) [Wrn] [DetachableJoint.cc:348] Child Link dummy_upper could not be found.
(2026-08-22T17:18:20.997783256) (2026-08-22T17:18:20.998973048) [Wrn] [DetachableJoint.cc:348] Child Link dummy_upper could not be found.
(2026-08-22T17:18:21.1614131) (2026-08-22T17:18:21.1691464) [Wrn] [DetachableJoint.cc:348] Child Link dummy_upper could not be found.
(2026-08-22T17:18:21.18752839) (2026-08-22T17:18:21.26966256) [Wrn] [DetachableJoint.cc:348] Child Link dummy_upper could not be found.
(2026-08-22T17:18:21.35446923) (2026-08-22T17:18:21.37302839) [Wrn] [DetachableJoint.cc:348] Child Link dummy_upper could not be found.
(2026-08-22T17:18:21.56205256) (2026-08-22T17:18:21.68822798) [Wrn] [DetachableJoint.cc:348] Child Link dummy_upper could not be found.
(2026-08-22T17:18:21.75394089) (2026-08-22T17:18:21.75658548) [Wrn] [DetachableJoint.cc:348] Child Link dummy_upper could not be found.
(2026-08-22T17:18:21.475512298) (2026-08-22T17:18:21.475621048) [Dbg] [gz.cc:434] Shutting down gz-sim-server
(2026-08-22T17:18:21.476448215) (2026-08-22T17:18:21.476591756) [Dbg] [Sensors.cc:565] SensorsPrivate::Stop
(2026-08-22T17:18:22.138459298) (2026-08-22T17:18:22.138801048) [Dbg] [Sensors.cc:551] SensorsPrivate::RenderThread stopped
(2026-08-22T17:18:22.142799882) (2026-08-22T17:18:22.142963965) [Dbg] [SimulationRunner.cc:560] (Exiting postupdate worker thread (4)
(2026-08-22T17:18:22.143381257) (2026-08-22T17:18:22.143553840) [Dbg] [SimulationRunner.cc:560] Exiting postupdate worker thread (0(2026-08-22T17:18:22.143919882) (2026-08-22T17:18:22.144059548) (2026-08-22T17:18:22.144247132) (2026-08-22T17:18:22.144393173) (2026-08-22T17:18:22.144552215) (2026-08-22T17:18:22.144726298) ((2026-08-22T17:18:22.144922673) (2026-08-22T17:18:22.145109548) 2026-08-22T17:18:22.145254923) (2026-08-22T17:18:22.145448215) (2026-08-22T17:18:22.145671007) (2026-08-22T17:18:22.145904340) (2026-08-22T17:18:22.146097298) (2026-08-22T17:18:22.146276382) )
(2026-08-22T17:18:22.146621090) (2026-08-22T17:18:22.146836423) [Dbg] [SimulationRunner.cc:560] Exiting postupdate worker thread (1)
2026-08-22T17:18:22.147358340) (2026-08-22T17:18:22.147619007) (([Dbg] [SimulationRunner.cc:560] Exiting postupdate worker thread (11)
2026-08-22T17:18:22.148319590) (2026-08-22T17:18:22.148507048) [Dbg] [SimulationRunner.cc:560] Exiting postupdate worker thread (9)
[Dbg] [SimulationRunner.cc:560] Exiting postupdate worker thread (3)
[Dbg] [SimulationRunner.cc:560] Exiting postupdate worker thread (5)
[Dbg] [SimulationRunner.cc:560] Exiting postupdate worker thread (2)
[Dbg] [SimulationRunner.cc:560] Exiting postupdate worker thread (8)
[Dbg] [SimulationRunner.cc:560] Exiting postupdate worker thread (6)
[Dbg] [SimulationRunner.cc:560] Exiting postupdate worker thread (10)
[Dbg] [SimulationRunner.cc:560] Exiting postupdate worker thread (7)
(2026-08-22T17:18:22.230225007) (2026-08-22T17:18:22.230379840) [Dbg] [Sensors.cc:565] SensorsPrivate::Stop
(2026-08-22T17:18:22.246617632) (2026-08-22T17:18:22.246768298) [Msg] Stopping recording
